0 [135910840526720] INFO perfrun.launcher <> - Launcher main begin
0 [135910840526720] INFO perfrun.launcher <> - MessageCatalogInit finished
0 [135910840526720] INFO perfrun.launcher <> - Launcher instance created
0 [135910840526720] INFO perfrun.launcher <> - argc = 7; cmdline = /opt/intel/oneapi/vtune/2025.4/bin64/amplxe-runss --ui-output-format xml --ui-output-fd 5 --option-file /home/ubuntu/yggdrasil-oblique-forests/benchmarks/results/vtune/ps/config/runss.options 
28 [135910840526720] INFO perfrun.perfcollector <> - SEP tool path: /opt/intel/oneapi/vtune/2025.4/bin64/sep
32 [135910840526720] INFO perfrun.launcher <> - create msngr2::ICliToolContext
32 [135910840526720] INFO perfrun.launcher <> - create file finder object
32 [135910840526720] INFO perfrun.launcher <> - create a result directory: pattern = /home/ubuntu/yggdrasil-oblique-forests/benchmarks/results/vtune/ps pid = 4294967295
33 [135910840526720] INFO perfrun.sdk <> - checked that the directory /home/ubuntu/yggdrasil-oblique-forests/benchmarks/results/vtune/ps is a local directory
33 [135910840526720] INFO perfrun.sdk <> - the directory /home/ubuntu/yggdrasil-oblique-forests/benchmarks/results/vtune/ps is a local directory with FS type ID 61267
33 [135910840526720] INFO perfrun.launcher <> - create data directory = /home/ubuntu/yggdrasil-oblique-forests/benchmarks/results/vtune/ps/data.0
33 [135910840526720] INFO perfrun.launcher <> - Creating the master collection flag
35 [135910840526720] INFO perfrun.launcher <> - Done creating the master collection flag
38 [135910683305664] INFO perfrun.launcher <> - plugin [remoteplug] was disabled because it doesn't support the given collection type.
38 [135910683305664] INFO perfrun.sdk <> - Allocating TMU :/home/ubuntu/yggdrasil-oblique-forests/benchmarks/results/vtune/ps/data.0/systemcollector-11395-ip-172-31-87-24.sc
38 [135910683305664] INFO perfrun.system <> - Tpss based collection
38 [135910683305664] INFO perfrun.launcher <> - plugin [ptracecollector] was disabled because it doesn't support the given collection type.
38 [135910683305664] INFO perfrun.launcher <> - plugin [gpu] was disabled because it doesn't support the given collection type.
38 [135910683305664] INFO perfrun.launcher <> - plugin [] was disabled because it doesn't support the given collection type.
38 [135910683305664] INFO perfrun.launcher <> - plugin [] was disabled because it doesn't support the given collection type.
38 [135910683305664] INFO perfrun.launcher <> - plugin [] was disabled because it doesn't support the given collection type.
38 [135910683305664] INFO perfrun.mrte <> - system-wide mode is 0
38 [135910683305664] INFO perfrun.mrte <> - Getting  mrte profiling environment ...
60 [135910683305664] INFO perfrun.mrte <> - INTEL_MRTE_DATA_DIR=/home/ubuntu/yggdrasil-oblique-forests/benchmarks/results/vtune/ps/data.0
60 [135910683305664] INFO perfrun.mrte <> - INTEL_MRTE_HOST_NAME=ip-172-31-87-24
60 [135910683305664] INFO perfrun.mrte <> - JAVA_TOOL_OPTIONS=-agentlib:amplxe_samplingmrte_javaprof_1.0 -Dsun.boot.library.path=/opt/intel/oneapi/vtune/2025.4/lib32/runtime:/opt/intel/oneapi/vtune/2025.4/lib64/runtime
60 [135910683305664] INFO perfrun.mrte <> - LD_LIBRARY_PATH=/opt/intel/oneapi/vtune/2025.4/lib32/runtime:/opt/intel/oneapi/vtune/2025.4/lib64/runtime:/opt/intel/oneapi/tcm/1.4/lib:/opt/intel/oneapi/umf/0.11/lib:/opt/intel/oneapi/tbb/2022.2/env/../lib/intel64/gcc4.8:/opt/intel/oneapi/pti/0.13/lib:/opt/intel/oneapi/mpi/2021.16/opt/mpi/libfabric/lib:/opt/intel/oneapi/mpi/2021.16/lib:/opt/intel/oneapi/mkl/2025.2/lib:/opt/intel/oneapi/ippcp/2025.2/lib/:/opt/intel/oneapi/ipp/2022.2/lib:/opt/intel/oneapi/dnnl/2025.2/lib:/opt/intel/oneapi/debugger/2025.2/opt/debugger/lib:/opt/intel/oneapi/dal/2025.8/lib:/opt/intel/oneapi/compiler/2025.2/opt/compiler/lib:/opt/intel/oneapi/compiler/2025.2/lib:/opt/intel/oneapi/ccl/2021.16/lib/
60 [135910683305664] INFO perfrun.mrte <> - CORECLR_ENABLE_PROFILING=1
60 [135910683305664] INFO perfrun.mrte <> - CORECLR_PROFILER={AA5E4821-E3B1-479c-B7FF-5AD047D22CED}
60 [135910683305664] INFO perfrun.mrte <> - CORECLR_PROFILER_PATH=/opt/intel/oneapi/vtune/2025.4/lib64/libamplxe_samplingmrte_clrprof_1.0.so
60 [135910683305664] INFO perfrun.mrte <> - INTEL_MRTE_PROFILER_MODE=mixed
60 [135910683305664] INFO perfrun.mrte <> - Data directory: /home/ubuntu/yggdrasil-oblique-forests/benchmarks/results/vtune/ps/data.0
60 [135910683305664] INFO perfrun.mrte <> - Mrte plugin is initialized
60 [135910683305664] INFO perfrun.launcher <> - plugin [emon] was disabled because it doesn't support the given collection type.
60 [135910683305664] INFO perfrun.launcher <> - plugin [cuscol] was disabled because it doesn't support the given collection type.
60 [135910683305664] INFO perfrun.launcher <> - plugin [stdsrc] was disabled because it doesn't support the given collection type.
60 [135910683305664] INFO perfrun.launcher <> - plugin [sep] was disabled because it doesn't support the given collection type.
60 [135910683305664] INFO perfrun.launcher <> - plugin [vtsspp] was disabled because it doesn't support the given collection type.
60 [135910683305664] INFO perfrun.launcher <> - plugin [perf] was disabled because it doesn't support the given collection type.
60 [135910683305664] INFO perfrun.launcher <> - plugin [aoclprofile] was disabled because it doesn't support the given collection type.
60 [135910683305664] INFO perfrun.tpss <> - initialize tpss controller
60 [135910683305664] INFO perfrun.tpss <> - configure collection mode: value = cpu:counters:nostack
60 [135910683305664] INFO perfrun.tpss <> - configure collection mode: value = cpu:nostack
60 [135910683305664] INFO perfrun.tpss <> - default obj-size-min=1024
60 [135910683305664] INFO perfrun.tpss <> - default hash-table-size=0
60 [135910683305664] INFO perfrun.launcher <> - plugin [media] was disabled because it doesn't support the given collection type.
60 [135910683305664] INFO perfrun.launcher <> - plugin [] was disabled because it doesn't support the given collection type.
60 [135910683305664] INFO perfrun.launcher <> - plugin [] was disabled because it doesn't support the given collection type.
60 [135910683305664] INFO perfrun.launcher <> - plugin [parallelfs] was disabled because it doesn't support the given collection type.
60 [135910683305664] INFO perfrun.launcher <> - plugin [power] was disabled because it doesn't support the given collection type.
60 [135910683305664] INFO perfrun.launcher <> - plugin [] was disabled because it doesn't support the given collection type.
60 [135910683305664] INFO perfrun.launcher <> - plugin [] was disabled because it doesn't support the given collection type.
60 [135910683305664] INFO perfrun.launcher <> - plugin [] was disabled because it doesn't support the given collection type.
60 [135910683305664] INFO perfrun.launcher <> - plugin [l0_metrics] was disabled because it doesn't support the given collection type.
60 [135910683305664] INFO perfrun.launcher <> - plugin [stall_reasons] was disabled because it doesn't support the given collection type.
60 [135910840526720] INFO perfrun.launcher <> - set environment variable: LD_LIBRARY_PATH = /opt/intel/oneapi/vtune/2025.4/lib32/runtime:/opt/intel/oneapi/vtune/2025.4/lib64/runtime:/opt/intel/oneapi/tcm/1.4/lib:/opt/intel/oneapi/umf/0.11/lib:/opt/intel/oneapi/tbb/2022.2/env/../lib/intel64/gcc4.8:/opt/intel/oneapi/pti/0.13/lib:/opt/intel/oneapi/mpi/2021.16/opt/mpi/libfabric/lib:/opt/intel/oneapi/mpi/2021.16/lib:/opt/intel/oneapi/mkl/2025.2/lib:/opt/intel/oneapi/ippcp/2025.2/lib/:/opt/intel/oneapi/ipp/2022.2/lib:/opt/intel/oneapi/dnnl/2025.2/lib:/opt/intel/oneapi/debugger/2025.2/opt/debugger/lib:/opt/intel/oneapi/dal/2025.8/lib:/opt/intel/oneapi/compiler/2025.2/opt/compiler/lib:/opt/intel/oneapi/compiler/2025.2/lib:/opt/intel/oneapi/ccl/2021.16/lib/
60 [135910840526720] INFO perfrun.launcher <> - set environment variable: INTEL_LIBITTNOTIFY32 = /opt/intel/oneapi/vtune/2025.4/lib32/runtime/libittnotify_collector.so
60 [135910840526720] INFO perfrun.launcher <> - set environment variable: INTEL_LIBITTNOTIFY64 = /opt/intel/oneapi/vtune/2025.4/lib64/runtime/libittnotify_collector.so
60 [135910840526720] INFO perfrun.launcher <> - set environment variable: INTEL_ITTNOTIFY_GROUPS = 
60 [135910840526720] INFO perfrun.launcher <> - set environment variable: INTEL_JIT_PROFILER32 = /opt/intel/oneapi/vtune/2025.4/lib32/runtime/libittnotify_collector.so
60 [135910840526720] INFO perfrun.launcher <> - set environment variable: INTEL_JIT_PROFILER64 = /opt/intel/oneapi/vtune/2025.4/lib64/runtime/libittnotify_collector.so
60 [135910840526720] INFO perfrun.launcher <> - set environment variable: CCL_ITT_LEVEL = 1
60 [135910840526720] INFO perfrun.launcher <> - set environment variable: ENABLE_JITPROFILING = 1
60 [135910840526720] INFO perfrun.launcher <> - set environment variable: CL_CONFIG_USE_VTUNE = True
60 [135910840526720] INFO perfrun.launcher <> - set environment variable: KMP_FORKJOIN_FRAMES = 0
60 [135910840526720] INFO perfrun.launcher <> - set environment variable: KMP_FORKJOIN_FRAMES_MODE = 0
60 [135910840526720] INFO perfrun.launcher <> - set environment variable: INTEL_MRTE_DATA_DIR = /home/ubuntu/yggdrasil-oblique-forests/benchmarks/results/vtune/ps/data.0
60 [135910840526720] INFO perfrun.launcher <> - set environment variable: INTEL_MRTE_HOST_NAME = ip-172-31-87-24
60 [135910840526720] INFO perfrun.launcher <> - set environment variable: JAVA_TOOL_OPTIONS = -agentlib:amplxe_samplingmrte_javaprof_1.0 -Dsun.boot.library.path=/opt/intel/oneapi/vtune/2025.4/lib32/runtime:/opt/intel/oneapi/vtune/2025.4/lib64/runtime
60 [135910840526720] INFO perfrun.launcher <> - set environment variable: LD_LIBRARY_PATH = /opt/intel/oneapi/vtune/2025.4/lib32/runtime:/opt/intel/oneapi/vtune/2025.4/lib64/runtime:/opt/intel/oneapi/tcm/1.4/lib:/opt/intel/oneapi/umf/0.11/lib:/opt/intel/oneapi/tbb/2022.2/env/../lib/intel64/gcc4.8:/opt/intel/oneapi/pti/0.13/lib:/opt/intel/oneapi/mpi/2021.16/opt/mpi/libfabric/lib:/opt/intel/oneapi/mpi/2021.16/lib:/opt/intel/oneapi/mkl/2025.2/lib:/opt/intel/oneapi/ippcp/2025.2/lib/:/opt/intel/oneapi/ipp/2022.2/lib:/opt/intel/oneapi/dnnl/2025.2/lib:/opt/intel/oneapi/debugger/2025.2/opt/debugger/lib:/opt/intel/oneapi/dal/2025.8/lib:/opt/intel/oneapi/compiler/2025.2/opt/compiler/lib:/opt/intel/oneapi/compiler/2025.2/lib:/opt/intel/oneapi/ccl/2021.16/lib/
60 [135910840526720] INFO perfrun.launcher <> - set environment variable: CORECLR_ENABLE_PROFILING = 1
60 [135910840526720] INFO perfrun.launcher <> - set environment variable: CORECLR_PROFILER = {AA5E4821-E3B1-479c-B7FF-5AD047D22CED}
60 [135910840526720] INFO perfrun.launcher <> - set environment variable: CORECLR_PROFILER_PATH = /opt/intel/oneapi/vtune/2025.4/lib64/libamplxe_samplingmrte_clrprof_1.0.so
61 [135910840526720] INFO perfrun.launcher <> - set environment variable: INTEL_MRTE_PROFILER_MODE = mixed
61 [135910840526720] INFO perfrun.launcher <> - RpcServer: run RPC server to handle requests
61 [135910840526720] INFO perfrun.launcher <> - Launcher: command line to start before modification = ./bazel-bin/examples/train_oblique_forest --input_mode csv --train_csv benchmarks/data/HIGGS_with_header.csv --label_col class --num_trees=1 --num_threads=1
61 [135910840526720] INFO perfrun.launcher <> - Launcher: command line to start after modification = /opt/intel/oneapi/vtune/2025.4/bin64/pin -error_file /home/ubuntu/yggdrasil-oblique-forests/benchmarks/results/vtune/ps/data.0/pinerr.tpsslog -detach_reattach -follow_execv -tool_load_option deepbind -t64 /opt/intel/oneapi/vtune/2025.4/lib64/libtpsstool.so -t /opt/intel/oneapi/vtune/2025.4/lib32/libtpsstool.so -server_name tpss_ipc.11395 -prd_dir /opt/intel/oneapi/vtune/2025.4 -- ./bazel-bin/examples/train_oblique_forest --input_mode csv --train_csv benchmarks/data/HIGGS_with_header.csv --label_col class --num_trees=1 --num_threads=1
62 [135910840526720] INFO perfrun.launcher <> - ProcessCreator object was created
62 [135910840526720] INFO perfrun.launcher <> - Launcher: the process was started in suspend mode
67 [135910683305664] WARN perfrun.system <> - Could not do anything with /sys/kernel/debug/kvm: boost::filesystem::status: Permission denied [system:13]: "/sys/kernel/debug/kvm", at file: vcs/perfrun1/plugins/system/src/trace_writer.cpp:787
67 [135910683305664] WARN perfrun.system <> - Folder "/var/run/libvirt/qemu/"doesn't exist, at file: vcs/perfrun1/plugins/system/src/trace_writer.cpp:800
69 [135910683305664] INFO perfrun.sdk <> - runCmd: /opt/intel/oneapi/vtune/2025.4/bin64/sep -platform-info
70 [135910683305664] INFO perfrun.sdk <> - runCmd started PID 11401
74 [135910683305664] WARN perfrun.sdk <> - SEP driver is not available, at file: vcs/perfrun1/plugins/pluginsdk/src/device_mapper.cpp:1083
74 [135910683305664] INFO perfrun.sdk <> - runCmd: /opt/intel/oneapi/vtune/2025.4/bin64/amplxe-perf stat --iostat=list
74 [135910683305664] INFO perfrun.sdk <> - runCmd started PID 11402
76 [135910683305664] WARN perfrun.sdk <> - Device mapping through perf is not available on current kernel, at file: vcs/perfrun1/plugins/pluginsdk/src/device_mapper.cpp:1314
77 [135910683305664] INFO perfrun.sdk <> - runCmd: /opt/intel/oneapi/vtune/2025.4/bin64/sep -platform-info
77 [135910683305664] INFO perfrun.sdk <> - runCmd started PID 11403
81 [135910683305664] WARN perfrun.sdk <> - SEP driver is not available, at file: vcs/perfrun1/plugins/pluginsdk/src/device_mapper.cpp:1083
81 [135910683305664] INFO perfrun.sdk <> - runCmd: /opt/intel/oneapi/vtune/2025.4/bin64/sep -platform-info
82 [135910683305664] INFO perfrun.sdk <> - runCmd started PID 11404
85 [135910683305664] WARN perfrun.sdk <> - SEP driver is not available, at file: vcs/perfrun1/plugins/pluginsdk/src/device_mapper.cpp:1083
85 [135910683305664] INFO perfrun.sdk <> - runCmd: /opt/intel/oneapi/vtune/2025.4/bin64/amplxe-perf stat --iostat=list
86 [135910683305664] INFO perfrun.sdk <> - runCmd started PID 11405
87 [135910683305664] WARN perfrun.sdk <> - Device mapping through perf is not available on current kernel, at file: vcs/perfrun1/plugins/pluginsdk/src/device_mapper.cpp:1314
87 [135910683305664] WARN perfrun.sdk <> - Failed to find xl binary on any of the system paths: /bin, /sbin, /usr/bin, /usr/sbin., at file: vcs/perfrun1/sdk/src/utils.cpp:205
87 [135910683305664] WARN perfrun.system <> - Could not start ContainerMapping collector, at file: vcs/perfrun1/plugins/system/src/controller.cpp:450
90 [135910683305664] INFO perfrun.vdso <> - Helper runtool '/opt/intel/oneapi/vtune/2025.4/bin32/amplxe-runss -dump-vdso -r /home/ubuntu/yggdrasil-oblique-forests/benchmarks/results/vtune/ps --tmp-dir /tmp/amplxe-tmp-ubuntu' returned 1
136 [135910683305664] INFO perfrun.vdso <> - Helper runtool '/opt/intel/oneapi/vtune/2025.4/bin64/amplxe-runss -dump-vdso -r /home/ubuntu/yggdrasil-oblique-forests/benchmarks/results/vtune/ps --tmp-dir /tmp/amplxe-tmp-ubuntu' returned 0
136 [135910683305664] INFO perfrun.itt <> - start itt controller for pid #11400
136 [135910683305664] INFO perfrun.tpss <> - start tpss controller for pid #11400
186 [135910840526720] INFO perfrun.launcher <> - Launcher: all plugins were started
186 [135910840526720] INFO perfrun.launcher <> - DirectoryMonitor object was created
186 [135910840526720] INFO perfrun.launcher <> - DirectoryMonitor: a callback was added
186 [135910840526720] INFO perfrun.launcher <> - DirectoryMonitor was started with pingTime = 1000
186 [135910840526720] INFO perfrun.launcher <> - DeadlineTimer is going to be constructed
187 [135910840526720] INFO perfrun.launcher <> - DeadlineTimer: a callback was added
190 [135910840526720] INFO perfrun.launcher <> - Launcher: resume the profiled application and  wait its termination or stop command
113084 [135910840526720] INFO perfrun.launcher <> - Launcher: the profiled application was terminated  with exit code = 0
113086 [135910683305664] INFO perfrun.itt <> - detach itt controller
113086 [135910683305664] INFO perfrun.itt <> - detach itt controller done
113086 [135910683305664] INFO perfrun.tpss <> - stop tpss controller
113089 [135910683305664] INFO perfrun.sdk <> - De-allocating TMU: /home/ubuntu/yggdrasil-oblique-forests/benchmarks/results/vtune/ps/data.0/systemcollector-11395-ip-172-31-87-24.sc
113089 [135910683305664] INFO perfrun.system <> - closed the system trace file: /home/ubuntu/yggdrasil-oblique-forests/benchmarks/results/vtune/ps/data.0/systemcollector-11395-ip-172-31-87-24.sc
113089 [135910840526720] INFO perfrun.launcher <> - Launcher: all plugins were stopped.
113089 [135910840526720] INFO perfrun.launcher <> - DeadlineTimer is going to be destroyed
113089 [135910840526720] INFO perfrun.launcher <> - DeadlineTimer was destroyed
113089 [135910840526720] INFO perfrun.launcher <> - DirectoryMonitor object was destroyed
113089 [135910840526720] WARN perfrun.launcher <> - Stop command is ignored because it is received when collection is already stopped, at file: vcs/perfrun1/launcher/src/command_handler.cpp:226
113089 [135910840526720] INFO perfrun.launcher <> - Application exit code: 0
113089 [135910840526720] INFO perfrun.launcher <> - Exit code: 0
