### dfs_colmajor_no_bootstrap_higgs
./bazel-bin/examples/train_oblique_forest --input_mode csv --train_csv benchmarks/data/HIGGS_with_header.csv --label_col class --feature_split_type Oblique --numerical_split_type Dynamic Random Histogram --num_trees=240 --num_threads=-1 --histogram_num_bins=64 --dynamic_split_threshold=250
WARNING: All log messages before absl::InitializeLog() is called are written to STDERR
I0000 00:00:1782426628.706923   32837 train_oblique_forest.cc:461] Inferring DataSpec from CSV: benchmarks/data/HIGGS_with_header.csv
I0000 00:00:1782426628.710658   32837 csv_example_reader.cc:216] 0 row(s) processed
I0000 00:00:1782426628.719914   32837 csv_example_reader.cc:225] Stop scanning the csv file to infer the type. Some records were not considered.
I0000 00:00:1782426628.719933   32837 data_spec_inference.cc:518] 29 column(s) found
I0000 00:00:1782426628.719945   32837 csv_example_reader.cc:320] 0 row(s) processed
I0000 00:00:1782426658.719942   32837 csv_example_reader.cc:320] 7799652 row(s) processed
I0000 00:00:1782426671.141963   32837 data_spec_inference.cc:557] Finalizing [11000000 row(s) found]
I0000 00:00:1782426671.141998   32837 train_oblique_forest.cc:657] -1 (automatic) threads requested. 48 threads set.
I0000 00:00:1782426671.142007   32837 train_oblique_forest.cc:724] Configuring oblique splits
I0000 00:00:1782426671.142010   32837 train_oblique_forest.cc:809] Using Dynamic Random Histogram with 64 samples
I0000 00:00:1782426671.142047   32837 abstract_learner.cc:171] No input feature explicitly specified. Using all the available input features.
I0000 00:00:1782426671.142049   32837 abstract_learner.cc:185] The label "class" was removed from the input feature set.
I0000 00:00:1782426671.142609   32837 vertical_dataset_io.cc:82] 100 examples scanned.
I0000 00:00:1782426701.142614   32837 vertical_dataset_io.cc:82] 7262700 examples scanned.
I0000 00:00:1782426717.363478   32837 vertical_dataset_io.cc:91] 11000000 examples read. Memory: usage:1276MB allocated:1276MB. 0 (0%) examples have been skipped.
I0000 00:00:1782426717.363549   32837 abstract_learner.cc:171] No input feature explicitly specified. Using all the available input features.
I0000 00:00:1782426717.363552   32837 abstract_learner.cc:185] The label "class" was removed from the input feature set.
I0000 00:00:1782426717.363572   32837 random_forest.cc:498] Training random forest on 11000000 example(s) and 28 feature(s).
I0000 00:00:1782426717.363584   32837 gpu.cc:93] Cannot initialize GPU: Not compiled with GPU support
I0000 00:00:1782426717.363775   32837 random_forest.cc:667] num_threads being used: 48
I0000 00:00:1782426788.788859   33167 random_forest.cc:962] Train tree 1/240 [index:47 total:1m11.43s tree:1m11.42s]
I0000 00:00:1782426860.826225   33168 random_forest.cc:962] Train tree 49/240 [index:50 total:2m23.46s tree:1m11.67s]
I0000 00:00:1782426933.891139   33128 random_forest.cc:962] Train tree 97/240 [index:109 total:3m36.53s tree:1m11.79s]
I0000 00:00:1782427005.930653   33153 random_forest.cc:962] Train tree 145/240 [index:145 total:4m48.57s tree:1m11.75s]
I0000 00:00:1782427079.145835   33153 random_forest.cc:962] Train tree 193/240 [index:192 total:6m1.78s tree:1m13.21s]
I0000 00:00:1782427085.985486   32837 random_forest.cc:969] random_forest.cc Training block took: 368.622 s
W0000 00:00:1782427085.996945   32837 random_forest.cc:1219] EXITING EARLY TO SPEED UP EXPERIMENTS!
dfs_colmajor_no_bootstrap_higgs finished with exit_0
