ARM=before rep=2 trees=110 train=benchmarks/data/HIGGS_train_1000k.csv test=benchmarks/data/HIGGS_test_20k.csv
WARNING: All log messages before absl::InitializeLog() is called are written to STDERR
I0000 00:00:1787854985.638089  369236 train_oblique_forest.cc:582] Loading CSV in a single pass: benchmarks/data/HIGGS_train_1000k.csv
I0000 00:00:1787854985.642781  369236 vertical_dataset_io.cc:82] 100 examples scanned.
I0000 00:00:1787854989.659994  369236 vertical_dataset_io.cc:91] 1000000 examples read. Memory: usage:116MB allocated:116MB. 0 (0%) examples have been skipped.
I0000 00:00:1787854989.687603  369236 train_oblique_forest.cc:589] Single-pass CSV load complete: 1000000 rows, 29 columns.
I0000 00:00:1787854989.687662  369236 train_oblique_forest.cc:706] -1 (automatic) threads requested. 22 threads set.
I0000 00:00:1787854989.687670  369236 train_oblique_forest.cc:776] Configuring oblique splits
I0000 00:00:1787854989.687672  369236 train_oblique_forest.cc:861] Using Dynamic Random Histogram with 64 samples
I0000 00:00:1787854989.687681  369236 train_oblique_forest.cc:891] train_oblique_forest wall-time - Loading/Init (pre-train): 4.04962s
I0000 00:00:1787854989.687726  369236 abstract_learner.cc:171] No input feature explicitly specified. Using all the available input features.
I0000 00:00:1787854989.687729  369236 abstract_learner.cc:185] The label "class" was removed from the input feature set.
I0000 00:00:1787854989.687739  369236 random_forest.cc:498] Training random forest on 1000000 example(s) and 28 feature(s).
I0000 00:00:1787854989.687748  369236 gpu.cc:93] Cannot initialize GPU: Not compiled with GPU support
I0000 00:00:1787854989.713769  369236 random_forest.cc:667] num_threads being used: 22
I0000 00:00:1787854997.213881  369286 random_forest.cc:955] Train tree 1/110 accuracy:0.624599 logloss:13.5308 [index:12 total:7.50s tree:7.50s]
I0000 00:00:1787855007.701684  369290 random_forest.cc:955] Train tree 10/110 accuracy:0.658322 logloss:3.82259 [index:16 total:17.99s tree:17.99s]
I0000 00:00:1787855018.858921  369295 random_forest.cc:955] Train tree 19/110 accuracy:0.684301 logloss:1.37298 [index:21 total:29.15s tree:29.14s]
I0000 00:00:1787855029.765358  369287 random_forest.cc:955] Train tree 28/110 accuracy:0.697301 logloss:0.823084 [index:27 total:40.05s tree:26.86s]
I0000 00:00:1787855040.498451  369283 random_forest.cc:955] Train tree 37/110 accuracy:0.705707 logloss:0.665809 [index:36 total:50.78s tree:26.73s]
I0000 00:00:1787855051.125046  369285 random_forest.cc:955] Train tree 46/110 accuracy:0.710877 logloss:0.604985 [index:45 total:1m1.41s tree:26.27s]
I0000 00:00:1787855061.870423  369288 random_forest.cc:955] Train tree 55/110 accuracy:0.714707 logloss:0.577703 [index:54 total:1m12.16s tree:26.09s]
