Compiler: /opt/intel/oneapi/compiler/2025.2/bin/icx
[0;32m[INFO][0m Restoring full CPU configuration...
[0;32m[INFO][0m Re-enabling hyperthreading siblings...
[0;32m[INFO][0m Re-enabling E-cores...
[0;32m[INFO][0m Re-enabling turbo boost...
[0;32m[INFO][0m All cores and turbo boost enabled
[32mINFO: [0mInvocation ID: 6e4fc414-627a-437d-a234-b5d7bb21ca32
[32mINFO: [0mOptions provided by the client:
  Inherited 'common' options: --isatty=0 --terminal_columns=80
[32mINFO: [0mReading rc options for 'build' from /home/ariel/prog/ydf/yggdrasil-oblique-forests/.bazelrc:
  'build' options: --disk_cache=~/.cache/bazel-disk --copt=-march=native --cxxopt=-O3 --enable_platform_specific_config --cxxopt=-std=c++17 --host_cxxopt=-std=c++17 --ui_event_filters=-warning,-debug --action_env=CUDA_PATH=/usr/local/cuda --repo_env=CUDA_HOME=/usr/local/cuda --action_env=NVCC_PREPEND_FLAGS=-ccbin=/usr/bin/g++-13 --incompatible_enable_cc_toolchain_resolution -c opt --announce_rc --noincompatible_strict_action_env --copt=-w --host_copt=-w --define=use_fast_cpp_protos=true --define=allow_oversize_protos=true --define=grpc_no_ares=true --color=yes --define=use_ydf_tensorflow_proto=1
[32mINFO: [0mFound applicable config definition build:linux in file /home/ariel/prog/ydf/yggdrasil-oblique-forests/.bazelrc: --repo_env=CC=icx --repo_env=CXX=icpx --copt=-fdiagnostics-color=always --copt=-w --host_copt=-w
[32mComputing main repo mapping:[0m 
[32mLoading:[0m 
[32mLoading:[0m 0 packages loaded
[32mAnalyzing:[0m target //examples:train_oblique_forest (0 packages loaded, 0 targets configured)
[32mAnalyzing:[0m target //examples:train_oblique_forest (0 packages loaded, 0 targets configured)

[32mINFO: [0mAnalyzed target //examples:train_oblique_forest (0 packages loaded, 0 targets configured).
[32mINFO: [0mFound 1 target...
Target //examples:train_oblique_forest up-to-date:
  bazel-bin/examples/train_oblique_forest
[32mINFO: [0mElapsed time: 0.204s, Critical Path: 0.00s
[32mINFO: [0m1 process: 1 internal.
[32mINFO: [0mBuild completed successfully, 1 total action
[0m[32mINFO: [0mInvocation ID: 7dd42946-9fbb-4c76-b960-b0447fd82103
[32mINFO: [0mOptions provided by the client:
  Inherited 'common' options: --isatty=0 --terminal_columns=80
[32mINFO: [0mReading rc options for 'build' from /home/ariel/prog/ydf/yggdrasil-oblique-forests/.bazelrc:
  'build' options: --disk_cache=~/.cache/bazel-disk --copt=-march=native --cxxopt=-O3 --enable_platform_specific_config --cxxopt=-std=c++17 --host_cxxopt=-std=c++17 --ui_event_filters=-warning,-debug --action_env=CUDA_PATH=/usr/local/cuda --repo_env=CUDA_HOME=/usr/local/cuda --action_env=NVCC_PREPEND_FLAGS=-ccbin=/usr/bin/g++-13 --incompatible_enable_cc_toolchain_resolution -c opt --announce_rc --noincompatible_strict_action_env --copt=-w --host_copt=-w --define=use_fast_cpp_protos=true --define=allow_oversize_protos=true --define=grpc_no_ares=true --color=yes --define=use_ydf_tensorflow_proto=1
[32mINFO: [0mFound applicable config definition build:linux in file /home/ariel/prog/ydf/yggdrasil-oblique-forests/.bazelrc: --repo_env=CC=icx --repo_env=CXX=icpx --copt=-fdiagnostics-color=always --copt=-w --host_copt=-w
[32mComputing main repo mapping:[0m 
[32mLoading:[0m 
[32mLoading:[0m 0 packages loaded
[32mAnalyzing:[0m target //examples:train_oblique_forest (0 packages loaded, 0 targets configured)
[32mAnalyzing:[0m target //examples:train_oblique_forest (0 packages loaded, 0 targets configured)

[32mINFO: [0mAnalyzed target //examples:train_oblique_forest (1 packages loaded, 8 targets configured).
[32mINFO: [0mFound 1 target...
Target //examples:train_oblique_forest up-to-date:
  bazel-bin/examples/train_oblique_forest
[32mINFO: [0mElapsed time: 0.397s, Critical Path: 0.09s
[32mINFO: [0m69 processes: 67 disk cache hit, 2 internal.
[32mINFO: [0mBuild completed successfully, 69 total actions
[0mARM=after rep=1 trees=110 train=benchmarks/data/HIGGS_train_1000k.csv test=benchmarks/data/HIGGS_test_20k.csv
I0000 00:00:1787854650.598505  364456 train_oblique_forest.cc:891] train_oblique_forest wall-time - Loading/Init (pre-train): 4.13644s
I0000 00:00:1787854703.968650  364456 random_forest.cc:899] random_forest.cc Training block took: 53.3701 s
I0000 00:00:1787854703.968681  364456 random_forest.cc:2030] Final OOB metrics: accuracy:0.726661 logloss:0.539821
I0000 00:00:1787854717.814894  364456 train_oblique_forest.cc:964] train_oblique_forest wall-time - Training + Post-Processing: 67.2164s
I0000 00:00:1787854723.995150  364456 train_oblique_forest.cc:1014] Test-set evaluation on benchmarks/data/HIGGS_test_20k.csv (20000 rows): test-accuracy:0 test-auc:0 test-logloss:36.0437
ARM=before rep=1 trees=110 train=benchmarks/data/HIGGS_train_1000k.csv test=benchmarks/data/HIGGS_test_20k.csv
I0000 00:00:1787854731.195697  365500 train_oblique_forest.cc:891] train_oblique_forest wall-time - Loading/Init (pre-train): 4.10523s
I0000 00:00:1787854879.444888  365500 random_forest.cc:987] random_forest.cc Training block took: 148.249 s
I0000 00:00:1787854879.444912  365500 random_forest.cc:1360] Final OOB metrics: accuracy:0.726661 logloss:0.539821
I0000 00:00:1787854894.062086  365500 train_oblique_forest.cc:964] train_oblique_forest wall-time - Training + Post-Processing: 162.866s
I0000 00:00:1787854900.708638  365500 train_oblique_forest.cc:1014] Test-set evaluation on benchmarks/data/HIGGS_test_20k.csv (20000 rows): test-accuracy:0 test-auc:0 test-logloss:36.0437
ARM=after rep=2 trees=110 train=benchmarks/data/HIGGS_train_1000k.csv test=benchmarks/data/HIGGS_test_20k.csv
I0000 00:00:1787854907.754835  367896 train_oblique_forest.cc:891] train_oblique_forest wall-time - Loading/Init (pre-train): 3.99091s
I0000 00:00:1787854962.845756  367896 random_forest.cc:899] random_forest.cc Training block took: 55.0909 s
I0000 00:00:1787854962.845779  367896 random_forest.cc:2030] Final OOB metrics: accuracy:0.726661 logloss:0.539821
I0000 00:00:1787854976.514764  367896 train_oblique_forest.cc:964] train_oblique_forest wall-time - Training + Post-Processing: 68.7599s
I0000 00:00:1787854982.609607  367896 train_oblique_forest.cc:1014] Test-set evaluation on benchmarks/data/HIGGS_test_20k.csv (20000 rows): test-accuracy:0 test-auc:0 test-logloss:36.0437
ARM=before rep=2 trees=110 train=benchmarks/data/HIGGS_train_1000k.csv test=benchmarks/data/HIGGS_test_20k.csv
I0000 00:00:1787854989.687681  369236 train_oblique_forest.cc:891] train_oblique_forest wall-time - Loading/Init (pre-train): 4.04962s
