ARM=after oob=true trees=110 trunk 500000x4096
WARNING: All log messages before absl::InitializeLog() is called are written to STDERR
I0000 00:00:1787857734.668639  390626 train_oblique_forest.cc:614] Generating trunk synthetic dataset: rows=500000, cols=4096, layout=column
I0000 00:00:1787857750.739001  390626 train_oblique_forest.cc:706] -1 (automatic) threads requested. 22 threads set.
I0000 00:00:1787857750.739039  390626 train_oblique_forest.cc:776] Configuring oblique splits
I0000 00:00:1787857750.739043  390626 train_oblique_forest.cc:861] Using Dynamic Random Histogram with 64 samples
I0000 00:00:1787857750.739061  390626 train_oblique_forest.cc:891] train_oblique_forest wall-time - Loading/Init (pre-train): 16.0704s
I0000 00:00:1787857750.739353  390626 abstract_learner.cc:171] No input feature explicitly specified. Using all the available input features.
I0000 00:00:1787857750.739360  390626 abstract_learner.cc:185] The label "y" was removed from the input feature set.
I0000 00:00:1787857750.739984  390626 random_forest.cc:534] Training random forest on 500000 example(s) and 4096 feature(s).
I0000 00:00:1787857750.740108  390626 gpu.cc:93] Cannot initialize GPU: Not compiled with GPU support
I0000 00:00:1787857750.752686  390626 random_forest.cc:663] num_threads being used: 22
I0000 00:00:1787857777.853233  391057 random_forest.cc:2018] Train tree 1/110 accuracy:0.723654 logloss:9.96053 [index:14 total:25.97s tree:25.96s]
I0000 00:00:1787857779.749776  391054 random_forest.cc:2018] Train tree 11/110 accuracy:0.767769 logloss:1.77131 [index:16 total:26.59s tree:26.59s]
I0000 00:00:1787857787.219086  391055 random_forest.cc:2018] Train tree 21/110 accuracy:0.835454 logloss:0.525477 [index:21 total:34.97s tree:34.96s]
I0000 00:00:1787857805.728751  391058 random_forest.cc:2018] Train tree 26/110 accuracy:0.857135 logloss:0.439773 [index:37 total:53.29s tree:22.08s]
I0000 00:00:1787857810.569028  391066 random_forest.cc:2018] Train tree 36/110 accuracy:0.882708 logloss:0.406204 [index:23 total:58.38s tree:29.66s]
I0000 00:00:1787857821.100810  391060 random_forest.cc:2018] Train tree 44/110 accuracy:0.899534 logloss:0.396205 [index:43 total:1m8.78s tree:29.86s]
I0000 00:00:1787857835.271946  391053 random_forest.cc:2018] Train tree 46/110 accuracy:0.902304 logloss:0.39643 [index:49 total:1m22.95s tree:26.24s]
I0000 00:00:1787857842.659778  391048 random_forest.cc:2018] Train tree 56/110 accuracy:0.91423 logloss:0.395157 [index:56 total:1m30.28s tree:30.49s]
I0000 00:00:1787857851.699246  391060 random_forest.cc:2018] Train tree 66/110 accuracy:0.922446 logloss:0.397247 [index:65 total:1m39.24s tree:28.89s]
I0000 00:00:1787857866.400411  391057 random_forest.cc:2018] Train tree 69/110 accuracy:0.924746 logloss:0.397456 [index:66 total:1m54.09s tree:31.01s]
I0000 00:00:1787857874.502092  391045 random_forest.cc:2018] Train tree 79/110 accuracy:0.932072 logloss:0.394841 [index:78 total:2m1.71s tree:28.28s]
I0000 00:00:1787857891.498569  391057 random_forest.cc:2018] Train tree 89/110 accuracy:0.937318 logloss:0.393867 [index:90 total:2m19.39s tree:23.74s]
I0000 00:00:1787857901.100473  391049 random_forest.cc:2018] Train tree 99/110 accuracy:0.941418 logloss:0.394811 [index:99 total:2m29.32s tree:25.71s]
I0000 00:00:1787857906.227768  391062 random_forest.cc:2018] Train tree 109/110 accuracy:0.945034 logloss:0.394509 [index:106 total:2m34.83s tree:26.61s]
I0000 00:00:1787857906.766810  391054 random_forest.cc:2018] Train tree 110/110 accuracy:0.945412 logloss:0.394685 [index:108 total:2m35.24s tree:23.53s]
I0000 00:00:1787857906.767193  390626 random_forest.cc:899] random_forest.cc Training block took: 156.028 s
W0000 00:00:1787857906.767220  390626 random_forest.cc:1216] EXITING EARLY TO SPEED UP EXPERIMENTS!
