==== PROVENANCE ====
date_utc: 2026-07-12T17:31:42Z
git_sha: 4d9e686d
git_branch: speedup-GetCandidateAttributes
machine: Intel(R) Xeon(R) Platinum 8488C (nproc=48)
machine_serial: ec228a4c-d7ff-8a09-43f4-a31487292e54
EXTRA_BAZEL_CONFIGS: <none>
EXTRA_TRAIN_ARGS: --ensemble_method=Boosting --num_threads=1 --num_trees=10
NUM_TREES: 240  NUM_RUNS: 3  NUM_THREADS: -1  bins: 64
====================


======== Skipping CPU experiments (RUN_CPU=false) ========



======== VECTORIZED EXPERIMENTS [AVX2] histogram_num_bins=64 ========

USING INSTRUCTION SET: AVX2


======== Running Dynamic Random Histogram [Oblique] [VECTORIZE: AVX2] with 64 bins threshold=250 ========

./bazel-bin/examples/train_oblique_forest --input_mode csv --train_csv "benchmarks/data/HIGGS_with_header.csv" --label_col "class" --feature_split_type "Oblique" --numerical_split_type "Dynamic Random Histogram" --num_trees=240 --num_threads=-1 --histogram_num_bins=64 --dynamic_split_threshold=250 --ensemble_method=Boosting --num_threads=1 --num_trees=10
----- Run 1/3 -----
WARNING: All log messages before absl::InitializeLog() is called are written to STDERR
I0000 00:00:1783877559.262621    3876 train_oblique_forest.cc:395] Inferring DataSpec from CSV: benchmarks/data/HIGGS_with_header.csv
I0000 00:00:1783877559.271242    3876 csv_example_reader.cc:216] 0 row(s) processed
I0000 00:00:1783877559.281676    3876 csv_example_reader.cc:225] Stop scanning the csv file to infer the type. Some records were not considered.
I0000 00:00:1783877559.281695    3876 data_spec_inference.cc:518] 29 column(s) found
I0000 00:00:1783877559.281709    3876 csv_example_reader.cc:320] 0 row(s) processed
I0000 00:00:1783877589.281871    3876 csv_example_reader.cc:320] 5357417 row(s) processed
I0000 00:00:1783877619.282040    3876 csv_example_reader.cc:320] 10664882 row(s) processed
I0000 00:00:1783877621.148273    3876 data_spec_inference.cc:557] Finalizing [11000000 row(s) found]
I0000 00:00:1783877621.148291    3876 train_oblique_forest.cc:492] Running with 1 threads, as requested.
I0000 00:00:1783877621.148301    3876 train_oblique_forest.cc:571] Configuring oblique splits
I0000 00:00:1783877621.148303    3876 train_oblique_forest.cc:656] Using Dynamic Random Histogram with 64 samples
I0000 00:00:1783877621.148347    3876 abstract_learner.cc:171] No input feature explicitly specified. Using all the available input features.
I0000 00:00:1783877621.148349    3876 abstract_learner.cc:185] The label "class" was removed from the input feature set.
I0000 00:00:1783877621.148912    3876 vertical_dataset_io.cc:82] 100 examples scanned.
I0000 00:00:1783877651.149197    3876 vertical_dataset_io.cc:82] 7402200 examples scanned.
I0000 00:00:1783877666.440736    3876 vertical_dataset_io.cc:91] 11000000 examples read. Memory: usage:1276MB allocated:1276MB. 0 (0%) examples have been skipped.
I0000 00:00:1783877666.440815    3876 abstract_learner.cc:171] No input feature explicitly specified. Using all the available input features.
I0000 00:00:1783877666.440819    3876 abstract_learner.cc:185] The label "class" was removed from the input feature set.
I0000 00:00:1783877666.440830    3876 gradient_boosted_trees.cc:541] Default loss set to BINOMIAL_LOG_LIKELIHOOD
I0000 00:00:1783877666.441017    3876 gradient_boosted_trees.cc:1202] Training gradient boosted tree on 11000000 example(s) and 28 feature(s).
I0000 00:00:1783877666.441035    3876 gradient_boosted_trees.cc:1242] 11000000 examples used for training and 0 examples used for validation
I0000 00:00:1783877666.500892    3876 gpu.cc:93] Cannot initialize GPU: Not compiled with GPU support
I0000 00:00:1783877672.485291    3876 gradient_boosted_trees.cc:1737] Train tree 1/10 train-loss:1.369981 train-accuracy:0.546029 [total:5.98s iter:5.98s]
I0000 00:00:1783877678.196139    3876 gradient_boosted_trees.cc:1737] Train tree 2/10 train-loss:1.360000 train-accuracy:0.563318 [total:11.70s iter:5.71s]
I0000 00:00:1783877684.298361    3876 gradient_boosted_trees.cc:1739] Train tree 3/10 train-loss:1.352265 train-accuracy:0.583088 [total:17.80s iter:6.10s]
I0000 00:00:1783877708.561219    3876 gradient_boosted_trees.cc:1739] Train tree 7/10 train-loss:1.300792 train-accuracy:0.659647 [total:42.06s iter:6.29s]
I0000 00:00:1783877727.134996    3876 gradient_boosted_trees.cc:1737] Train tree 10/10 train-loss:1.278582 train-accuracy:0.671418 [total:1m0.63s iter:6.04s]
I0000 00:00:1783877727.199356    3876 train_oblique_forest.cc:733] train_oblique_forest wall-time - Training + Post-Processing: 106.051s
WARNING: Could not parse 'Training block took' from run 1
----- Run 2/3 -----
WARNING: All log messages before absl::InitializeLog() is called are written to STDERR
I0000 00:00:1783877727.210676    3909 train_oblique_forest.cc:395] Inferring DataSpec from CSV: benchmarks/data/HIGGS_with_header.csv
I0000 00:00:1783877727.214368    3909 csv_example_reader.cc:216] 0 row(s) processed
I0000 00:00:1783877727.223030    3909 csv_example_reader.cc:225] Stop scanning the csv file to infer the type. Some records were not considered.
I0000 00:00:1783877727.223046    3909 data_spec_inference.cc:518] 29 column(s) found
I0000 00:00:1783877727.223059    3909 csv_example_reader.cc:320] 0 row(s) processed
I0000 00:00:1783877757.223270    3909 csv_example_reader.cc:320] 7821270 row(s) processed
I0000 00:00:1783877769.368858    3909 data_spec_inference.cc:557] Finalizing [11000000 row(s) found]
I0000 00:00:1783877769.368867    3909 train_oblique_forest.cc:492] Running with 1 threads, as requested.
I0000 00:00:1783877769.368874    3909 train_oblique_forest.cc:571] Configuring oblique splits
I0000 00:00:1783877769.368876    3909 train_oblique_forest.cc:656] Using Dynamic Random Histogram with 64 samples
I0000 00:00:1783877769.368912    3909 abstract_learner.cc:171] No input feature explicitly specified. Using all the available input features.
I0000 00:00:1783877769.368914    3909 abstract_learner.cc:185] The label "class" was removed from the input feature set.
I0000 00:00:1783877769.369457    3909 vertical_dataset_io.cc:82] 100 examples scanned.
I0000 00:00:1783877799.369764    3909 vertical_dataset_io.cc:82] 7388300 examples scanned.
I0000 00:00:1783877814.823849    3909 vertical_dataset_io.cc:91] 11000000 examples read. Memory: usage:1276MB allocated:1276MB. 0 (0%) examples have been skipped.
I0000 00:00:1783877814.823922    3909 abstract_learner.cc:171] No input feature explicitly specified. Using all the available input features.
I0000 00:00:1783877814.823927    3909 abstract_learner.cc:185] The label "class" was removed from the input feature set.
I0000 00:00:1783877814.823936    3909 gradient_boosted_trees.cc:541] Default loss set to BINOMIAL_LOG_LIKELIHOOD
I0000 00:00:1783877814.824123    3909 gradient_boosted_trees.cc:1202] Training gradient boosted tree on 11000000 example(s) and 28 feature(s).
I0000 00:00:1783877814.824140    3909 gradient_boosted_trees.cc:1242] 11000000 examples used for training and 0 examples used for validation
I0000 00:00:1783877814.884432    3909 gpu.cc:93] Cannot initialize GPU: Not compiled with GPU support
I0000 00:00:1783877820.800736    3909 gradient_boosted_trees.cc:1737] Train tree 1/10 train-loss:1.369981 train-accuracy:0.546029 [total:5.92s iter:5.92s]
I0000 00:00:1783877826.399143    3909 gradient_boosted_trees.cc:1737] Train tree 2/10 train-loss:1.360000 train-accuracy:0.563318 [total:11.51s iter:5.60s]
I0000 00:00:1783877832.319659    3909 gradient_boosted_trees.cc:1739] Train tree 3/10 train-loss:1.352265 train-accuracy:0.583088 [total:17.44s iter:5.92s]
I0000 00:00:1783877856.037442    3909 gradient_boosted_trees.cc:1739] Train tree 7/10 train-loss:1.300792 train-accuracy:0.659647 [total:41.15s iter:6.16s]
I0000 00:00:1783877873.828634    3909 gradient_boosted_trees.cc:1737] Train tree 10/10 train-loss:1.278582 train-accuracy:0.671418 [total:58.94s iter:5.91s]
I0000 00:00:1783877873.891105    3909 train_oblique_forest.cc:733] train_oblique_forest wall-time - Training + Post-Processing: 104.522s
WARNING: Could not parse 'Training block took' from run 2
----- Run 3/3 -----
WARNING: All log messages before absl::InitializeLog() is called are written to STDERR
I0000 00:00:1783877873.900954    3925 train_oblique_forest.cc:395] Inferring DataSpec from CSV: benchmarks/data/HIGGS_with_header.csv
I0000 00:00:1783877873.904690    3925 csv_example_reader.cc:216] 0 row(s) processed
I0000 00:00:1783877873.913444    3925 csv_example_reader.cc:225] Stop scanning the csv file to infer the type. Some records were not considered.
I0000 00:00:1783877873.913461    3925 data_spec_inference.cc:518] 29 column(s) found
I0000 00:00:1783877873.913474    3925 csv_example_reader.cc:320] 0 row(s) processed
I0000 00:00:1783877903.913666    3925 csv_example_reader.cc:320] 7874888 row(s) processed
I0000 00:00:1783877915.804786    3925 data_spec_inference.cc:557] Finalizing [11000000 row(s) found]
I0000 00:00:1783877915.804794    3925 train_oblique_forest.cc:492] Running with 1 threads, as requested.
I0000 00:00:1783877915.804801    3925 train_oblique_forest.cc:571] Configuring oblique splits
I0000 00:00:1783877915.804803    3925 train_oblique_forest.cc:656] Using Dynamic Random Histogram with 64 samples
I0000 00:00:1783877915.804838    3925 abstract_learner.cc:171] No input feature explicitly specified. Using all the available input features.
I0000 00:00:1783877915.804840    3925 abstract_learner.cc:185] The label "class" was removed from the input feature set.
I0000 00:00:1783877915.805382    3925 vertical_dataset_io.cc:82] 100 examples scanned.
I0000 00:00:1783877945.805612    3925 vertical_dataset_io.cc:82] 7358100 examples scanned.
I0000 00:00:1783877961.365926    3925 vertical_dataset_io.cc:91] 11000000 examples read. Memory: usage:1276MB allocated:1276MB. 0 (0%) examples have been skipped.
I0000 00:00:1783877961.365999    3925 abstract_learner.cc:171] No input feature explicitly specified. Using all the available input features.
I0000 00:00:1783877961.366004    3925 abstract_learner.cc:185] The label "class" was removed from the input feature set.
I0000 00:00:1783877961.366013    3925 gradient_boosted_trees.cc:541] Default loss set to BINOMIAL_LOG_LIKELIHOOD
I0000 00:00:1783877961.366201    3925 gradient_boosted_trees.cc:1202] Training gradient boosted tree on 11000000 example(s) and 28 feature(s).
I0000 00:00:1783877961.366218    3925 gradient_boosted_trees.cc:1242] 11000000 examples used for training and 0 examples used for validation
I0000 00:00:1783877961.426813    3925 gpu.cc:93] Cannot initialize GPU: Not compiled with GPU support
I0000 00:00:1783877967.333438    3925 gradient_boosted_trees.cc:1737] Train tree 1/10 train-loss:1.369981 train-accuracy:0.546029 [total:5.91s iter:5.91s]
I0000 00:00:1783877972.854848    3925 gradient_boosted_trees.cc:1737] Train tree 2/10 train-loss:1.360000 train-accuracy:0.563318 [total:11.43s iter:5.52s]
I0000 00:00:1783877978.770600    3925 gradient_boosted_trees.cc:1739] Train tree 3/10 train-loss:1.352265 train-accuracy:0.583088 [total:17.34s iter:5.92s]
I0000 00:00:1783878002.476619    3925 gradient_boosted_trees.cc:1739] Train tree 7/10 train-loss:1.300792 train-accuracy:0.659647 [total:41.05s iter:6.14s]
I0000 00:00:1783878020.274547    3925 gradient_boosted_trees.cc:1737] Train tree 10/10 train-loss:1.278582 train-accuracy:0.671418 [total:58.85s iter:5.92s]
I0000 00:00:1783878020.336197    3925 train_oblique_forest.cc:733] train_oblique_forest wall-time - Training + Post-Processing: 104.531s
WARNING: Could not parse 'Training block took' from run 3
MEDIAN of 0/3 runs: ERROR
./bazel-bin/examples/train_oblique_forest --input_mode trunk --rows 1500000 --cols 4096 --feature_split_type "Oblique" --numerical_split_type "Dynamic Random Histogram" --num_trees=240 --num_threads=-1 --histogram_num_bins=64 --dynamic_split_threshold=250 --ensemble_method=Boosting --num_threads=1 --num_trees=10
----- Run 1/3 -----
WARNING: All log messages before absl::InitializeLog() is called are written to STDERR
I0000 00:00:1783878020.348721    3945 train_oblique_forest.cc:409] Generating trunk synthetic dataset: rows=1500000, cols=4096, layout=column
I0000 00:00:1783878071.430494    3945 train_oblique_forest.cc:492] Running with 1 threads, as requested.
I0000 00:00:1783878071.430517    3945 train_oblique_forest.cc:571] Configuring oblique splits
I0000 00:00:1783878071.430520    3945 train_oblique_forest.cc:656] Using Dynamic Random Histogram with 64 samples
I0000 00:00:1783878071.430842    3945 abstract_learner.cc:171] No input feature explicitly specified. Using all the available input features.
I0000 00:00:1783878071.430847    3945 abstract_learner.cc:185] The label "y" was removed from the input feature set.
I0000 00:00:1783878071.431083    3945 gradient_boosted_trees.cc:541] Default loss set to BINOMIAL_LOG_LIKELIHOOD
I0000 00:00:1783878071.431753    3945 gradient_boosted_trees.cc:1202] Training gradient boosted tree on 1500000 example(s) and 4096 feature(s).
I0000 00:00:1783878071.432493    3945 gradient_boosted_trees.cc:1242] 1500000 examples used for training and 0 examples used for validation
I0000 00:00:1783878071.441748    3945 gpu.cc:93] Cannot initialize GPU: Not compiled with GPU support
I0000 00:00:1783878077.941060    3945 gradient_boosted_trees.cc:1737] Train tree 1/10 train-loss:1.355288 train-accuracy:0.676523 [total:6.50s iter:6.50s]
I0000 00:00:1783878084.400814    3945 gradient_boosted_trees.cc:1737] Train tree 2/10 train-loss:1.319085 train-accuracy:0.741149 [total:12.96s iter:6.46s]
I0000 00:00:1783878090.913163    3945 gradient_boosted_trees.cc:1739] Train tree 3/10 train-loss:1.283767 train-accuracy:0.788258 [total:19.47s iter:6.51s]
I0000 00:00:1783878116.874400    3945 gradient_boosted_trees.cc:1739] Train tree 7/10 train-loss:1.170558 train-accuracy:0.858571 [total:45.43s iter:6.55s]
I0000 00:00:1783878136.420846    3945 gradient_boosted_trees.cc:1737] Train tree 10/10 train-loss:1.111823 train-accuracy:0.886690 [total:1m4.98s iter:6.53s]
I0000 00:00:1783878136.431020    3945 train_oblique_forest.cc:733] train_oblique_forest wall-time - Training + Post-Processing: 65.0005s
WARNING: Could not parse 'Training block took' from run 1
----- Run 2/3 -----
WARNING: All log messages before absl::InitializeLog() is called are written to STDERR
I0000 00:00:1783878137.077553    3963 train_oblique_forest.cc:409] Generating trunk synthetic dataset: rows=1500000, cols=4096, layout=column
I0000 00:00:1783878188.298885    3963 train_oblique_forest.cc:492] Running with 1 threads, as requested.
I0000 00:00:1783878188.298907    3963 train_oblique_forest.cc:571] Configuring oblique splits
I0000 00:00:1783878188.298910    3963 train_oblique_forest.cc:656] Using Dynamic Random Histogram with 64 samples
I0000 00:00:1783878188.299209    3963 abstract_learner.cc:171] No input feature explicitly specified. Using all the available input features.
I0000 00:00:1783878188.299214    3963 abstract_learner.cc:185] The label "y" was removed from the input feature set.
I0000 00:00:1783878188.299457    3963 gradient_boosted_trees.cc:541] Default loss set to BINOMIAL_LOG_LIKELIHOOD
I0000 00:00:1783878188.300114    3963 gradient_boosted_trees.cc:1202] Training gradient boosted tree on 1500000 example(s) and 4096 feature(s).
I0000 00:00:1783878188.300851    3963 gradient_boosted_trees.cc:1242] 1500000 examples used for training and 0 examples used for validation
I0000 00:00:1783878188.310124    3963 gpu.cc:93] Cannot initialize GPU: Not compiled with GPU support
I0000 00:00:1783878194.723660    3963 gradient_boosted_trees.cc:1737] Train tree 1/10 train-loss:1.355288 train-accuracy:0.676523 [total:6.41s iter:6.41s]
I0000 00:00:1783878201.081576    3963 gradient_boosted_trees.cc:1737] Train tree 2/10 train-loss:1.319085 train-accuracy:0.741149 [total:12.77s iter:6.36s]
I0000 00:00:1783878207.502742    3963 gradient_boosted_trees.cc:1739] Train tree 3/10 train-loss:1.283767 train-accuracy:0.788258 [total:19.19s iter:6.42s]
I0000 00:00:1783878233.041775    3963 gradient_boosted_trees.cc:1739] Train tree 7/10 train-loss:1.170558 train-accuracy:0.858571 [total:44.73s iter:6.41s]
I0000 00:00:1783878252.260569    3963 gradient_boosted_trees.cc:1737] Train tree 10/10 train-loss:1.111823 train-accuracy:0.886690 [total:1m3.95s iter:6.43s]
I0000 00:00:1783878252.270143    3963 train_oblique_forest.cc:733] train_oblique_forest wall-time - Training + Post-Processing: 63.9712s
WARNING: Could not parse 'Training block took' from run 2
----- Run 3/3 -----
WARNING: All log messages before absl::InitializeLog() is called are written to STDERR
I0000 00:00:1783878252.915213    3978 train_oblique_forest.cc:409] Generating trunk synthetic dataset: rows=1500000, cols=4096, layout=column
I0000 00:00:1783878304.081244    3978 train_oblique_forest.cc:492] Running with 1 threads, as requested.
I0000 00:00:1783878304.081266    3978 train_oblique_forest.cc:571] Configuring oblique splits
I0000 00:00:1783878304.081269    3978 train_oblique_forest.cc:656] Using Dynamic Random Histogram with 64 samples
I0000 00:00:1783878304.081564    3978 abstract_learner.cc:171] No input feature explicitly specified. Using all the available input features.
I0000 00:00:1783878304.081570    3978 abstract_learner.cc:185] The label "y" was removed from the input feature set.
I0000 00:00:1783878304.081806    3978 gradient_boosted_trees.cc:541] Default loss set to BINOMIAL_LOG_LIKELIHOOD
I0000 00:00:1783878304.082465    3978 gradient_boosted_trees.cc:1202] Training gradient boosted tree on 1500000 example(s) and 4096 feature(s).
I0000 00:00:1783878304.083192    3978 gradient_boosted_trees.cc:1242] 1500000 examples used for training and 0 examples used for validation
I0000 00:00:1783878304.092450    3978 gpu.cc:93] Cannot initialize GPU: Not compiled with GPU support
I0000 00:00:1783878310.503551    3978 gradient_boosted_trees.cc:1737] Train tree 1/10 train-loss:1.355288 train-accuracy:0.676523 [total:6.41s iter:6.41s]
I0000 00:00:1783878316.853332    3978 gradient_boosted_trees.cc:1737] Train tree 2/10 train-loss:1.319085 train-accuracy:0.741149 [total:12.76s iter:6.35s]
I0000 00:00:1783878323.262437    3978 gradient_boosted_trees.cc:1739] Train tree 3/10 train-loss:1.283767 train-accuracy:0.788258 [total:19.17s iter:6.41s]
I0000 00:00:1783878348.756295    3978 gradient_boosted_trees.cc:1739] Train tree 7/10 train-loss:1.170558 train-accuracy:0.858571 [total:44.66s iter:6.40s]
I0000 00:00:1783878367.948698    3978 gradient_boosted_trees.cc:1737] Train tree 10/10 train-loss:1.111823 train-accuracy:0.886690 [total:1m3.86s iter:6.43s]
I0000 00:00:1783878367.958604    3978 train_oblique_forest.cc:733] train_oblique_forest wall-time - Training + Post-Processing: 63.8773s
WARNING: Could not parse 'Training block took' from run 3
MEDIAN of 0/3 runs: ERROR
./bazel-bin/examples/train_oblique_forest --input_mode trunk --rows 150000 --cols 40000 --feature_split_type "Oblique" --numerical_split_type "Dynamic Random Histogram" --num_trees=240 --num_threads=-1 --histogram_num_bins=64 --dynamic_split_threshold=250 --ensemble_method=Boosting --num_threads=1 --num_trees=10
----- Run 1/3 -----
WARNING: All log messages before absl::InitializeLog() is called are written to STDERR
I0000 00:00:1783878368.599007    3999 train_oblique_forest.cc:409] Generating trunk synthetic dataset: rows=150000, cols=40000, layout=column
I0000 00:00:1783878418.666608    3999 train_oblique_forest.cc:492] Running with 1 threads, as requested.
I0000 00:00:1783878418.666630    3999 train_oblique_forest.cc:571] Configuring oblique splits
I0000 00:00:1783878418.666633    3999 train_oblique_forest.cc:656] Using Dynamic Random Histogram with 64 samples
I0000 00:00:1783878418.668945    3999 abstract_learner.cc:171] No input feature explicitly specified. Using all the available input features.
I0000 00:00:1783878418.668972    3999 abstract_learner.cc:185] The label "y" was removed from the input feature set.
I0000 00:00:1783878418.671302    3999 gradient_boosted_trees.cc:541] Default loss set to BINOMIAL_LOG_LIKELIHOOD
I0000 00:00:1783878418.673077    3999 gradient_boosted_trees.cc:1202] Training gradient boosted tree on 150000 example(s) and 40000 feature(s).
I0000 00:00:1783878418.680096    3999 gradient_boosted_trees.cc:1242] 150000 examples used for training and 0 examples used for validation
I0000 00:00:1783878418.687249    3999 gpu.cc:93] Cannot initialize GPU: Not compiled with GPU support
I0000 00:00:1783878420.538808    3999 gradient_boosted_trees.cc:1737] Train tree 1/10 train-loss:1.380888 train-accuracy:0.563553 [total:1.85s iter:1.85s]
I0000 00:00:1783878422.340115    3999 gradient_boosted_trees.cc:1737] Train tree 2/10 train-loss:1.364380 train-accuracy:0.642020 [total:3.65s iter:1.80s]
I0000 00:00:1783878424.172180    3999 gradient_boosted_trees.cc:1739] Train tree 3/10 train-loss:1.340353 train-accuracy:0.698820 [total:5.48s iter:1.83s]
I0000 00:00:1783878436.765293    3999 gradient_boosted_trees.cc:1737] Train tree 10/10 train-loss:1.265329 train-accuracy:0.790987 [total:18.08s iter:1.83s]
I0000 00:00:1783878436.855075    3999 train_oblique_forest.cc:733] train_oblique_forest wall-time - Training + Post-Processing: 18.1884s
WARNING: Could not parse 'Training block took' from run 1
----- Run 2/3 -----
WARNING: All log messages before absl::InitializeLog() is called are written to STDERR
I0000 00:00:1783878437.596006    4012 train_oblique_forest.cc:409] Generating trunk synthetic dataset: rows=150000, cols=40000, layout=column
I0000 00:00:1783878487.662538    4012 train_oblique_forest.cc:492] Running with 1 threads, as requested.
I0000 00:00:1783878487.662560    4012 train_oblique_forest.cc:571] Configuring oblique splits
I0000 00:00:1783878487.662563    4012 train_oblique_forest.cc:656] Using Dynamic Random Histogram with 64 samples
I0000 00:00:1783878487.664867    4012 abstract_learner.cc:171] No input feature explicitly specified. Using all the available input features.
I0000 00:00:1783878487.664893    4012 abstract_learner.cc:185] The label "y" was removed from the input feature set.
I0000 00:00:1783878487.667313    4012 gradient_boosted_trees.cc:541] Default loss set to BINOMIAL_LOG_LIKELIHOOD
I0000 00:00:1783878487.669081    4012 gradient_boosted_trees.cc:1202] Training gradient boosted tree on 150000 example(s) and 40000 feature(s).
I0000 00:00:1783878487.676136    4012 gradient_boosted_trees.cc:1242] 150000 examples used for training and 0 examples used for validation
I0000 00:00:1783878487.683281    4012 gpu.cc:93] Cannot initialize GPU: Not compiled with GPU support
I0000 00:00:1783878489.540160    4012 gradient_boosted_trees.cc:1737] Train tree 1/10 train-loss:1.380888 train-accuracy:0.563553 [total:1.86s iter:1.86s]
I0000 00:00:1783878491.344977    4012 gradient_boosted_trees.cc:1737] Train tree 2/10 train-loss:1.364380 train-accuracy:0.642020 [total:3.66s iter:1.80s]
I0000 00:00:1783878493.179569    4012 gradient_boosted_trees.cc:1739] Train tree 3/10 train-loss:1.340353 train-accuracy:0.698820 [total:5.49s iter:1.83s]
I0000 00:00:1783878505.799358    4012 gradient_boosted_trees.cc:1737] Train tree 10/10 train-loss:1.265329 train-accuracy:0.790987 [total:18.12s iter:1.84s]
I0000 00:00:1783878505.886933    4012 train_oblique_forest.cc:733] train_oblique_forest wall-time - Training + Post-Processing: 18.2244s
WARNING: Could not parse 'Training block took' from run 2
----- Run 3/3 -----
WARNING: All log messages before absl::InitializeLog() is called are written to STDERR
I0000 00:00:1783878506.592540    4025 train_oblique_forest.cc:409] Generating trunk synthetic dataset: rows=150000, cols=40000, layout=column
I0000 00:00:1783878556.633944    4025 train_oblique_forest.cc:492] Running with 1 threads, as requested.
I0000 00:00:1783878556.633966    4025 train_oblique_forest.cc:571] Configuring oblique splits
I0000 00:00:1783878556.633969    4025 train_oblique_forest.cc:656] Using Dynamic Random Histogram with 64 samples
I0000 00:00:1783878556.636244    4025 abstract_learner.cc:171] No input feature explicitly specified. Using all the available input features.
I0000 00:00:1783878556.636271    4025 abstract_learner.cc:185] The label "y" was removed from the input feature set.
I0000 00:00:1783878556.638628    4025 gradient_boosted_trees.cc:541] Default loss set to BINOMIAL_LOG_LIKELIHOOD
I0000 00:00:1783878556.640395    4025 gradient_boosted_trees.cc:1202] Training gradient boosted tree on 150000 example(s) and 40000 feature(s).
I0000 00:00:1783878556.647340    4025 gradient_boosted_trees.cc:1242] 150000 examples used for training and 0 examples used for validation
I0000 00:00:1783878556.654496    4025 gpu.cc:93] Cannot initialize GPU: Not compiled with GPU support
I0000 00:00:1783878558.510678    4025 gradient_boosted_trees.cc:1737] Train tree 1/10 train-loss:1.380888 train-accuracy:0.563553 [total:1.86s iter:1.86s]
I0000 00:00:1783878560.315393    4025 gradient_boosted_trees.cc:1737] Train tree 2/10 train-loss:1.364380 train-accuracy:0.642020 [total:3.66s iter:1.80s]
I0000 00:00:1783878562.151038    4025 gradient_boosted_trees.cc:1739] Train tree 3/10 train-loss:1.340353 train-accuracy:0.698820 [total:5.49s iter:1.83s]
I0000 00:00:1783878574.771404    4025 gradient_boosted_trees.cc:1737] Train tree 10/10 train-loss:1.265329 train-accuracy:0.790987 [total:18.12s iter:1.84s]
I0000 00:00:1783878574.859103    4025 train_oblique_forest.cc:733] train_oblique_forest wall-time - Training + Post-Processing: 18.2251s
WARNING: Could not parse 'Training block took' from run 3
MEDIAN of 0/3 runs: ERROR
./bazel-bin/examples/train_oblique_forest --input_mode trunk --rows 15000 --cols 400000 --feature_split_type "Oblique" --numerical_split_type "Dynamic Random Histogram" --num_trees=240 --num_threads=-1 --histogram_num_bins=64 --dynamic_split_threshold=250 --ensemble_method=Boosting --num_threads=1 --num_trees=10
----- Run 1/3 -----
WARNING: All log messages before absl::InitializeLog() is called are written to STDERR
I0000 00:00:1783878575.599641    4042 train_oblique_forest.cc:409] Generating trunk synthetic dataset: rows=15000, cols=400000, layout=column
I0000 00:00:1783878625.649985    4042 train_oblique_forest.cc:492] Running with 1 threads, as requested.
I0000 00:00:1783878625.650007    4042 train_oblique_forest.cc:571] Configuring oblique splits
I0000 00:00:1783878625.650010    4042 train_oblique_forest.cc:656] Using Dynamic Random Histogram with 64 samples
I0000 00:00:1783878625.672650    4042 abstract_learner.cc:171] No input feature explicitly specified. Using all the available input features.
I0000 00:00:1783878625.672851    4042 abstract_learner.cc:185] The label "y" was removed from the input feature set.
I0000 00:00:1783878625.699448    4042 gradient_boosted_trees.cc:541] Default loss set to BINOMIAL_LOG_LIKELIHOOD
I0000 00:00:1783878625.711853    4042 gradient_boosted_trees.cc:1202] Training gradient boosted tree on 15000 example(s) and 400000 feature(s).
I0000 00:00:1783878625.780984    4042 gradient_boosted_trees.cc:1242] 15000 examples used for training and 0 examples used for validation
I0000 00:00:1783878625.846242    4042 gpu.cc:93] Cannot initialize GPU: Not compiled with GPU support
I0000 00:00:1783878626.761964    4042 gradient_boosted_trees.cc:1737] Train tree 1/10 train-loss:1.380359 train-accuracy:0.561200 [total:0.91s iter:0.91s]
I0000 00:00:1783878627.681865    4042 gradient_boosted_trees.cc:1737] Train tree 2/10 train-loss:1.369650 train-accuracy:0.609733 [total:1.83s iter:0.92s]
I0000 00:00:1783878628.585928    4042 gradient_boosted_trees.cc:1739] Train tree 3/10 train-loss:1.364207 train-accuracy:0.625333 [total:2.73s iter:0.90s]
I0000 00:00:1783878635.275415    4042 gradient_boosted_trees.cc:1737] Train tree 10/10 train-loss:1.294413 train-accuracy:0.767000 [total:9.42s iter:0.98s]
I0000 00:00:1783878636.065507    4042 train_oblique_forest.cc:733] train_oblique_forest wall-time - Training + Post-Processing: 10.4155s
WARNING: Could not parse 'Training block took' from run 1
----- Run 2/3 -----
WARNING: All log messages before absl::InitializeLog() is called are written to STDERR
I0000 00:00:1783878636.821612    4061 train_oblique_forest.cc:409] Generating trunk synthetic dataset: rows=15000, cols=400000, layout=column
I0000 00:00:1783878686.914124    4061 train_oblique_forest.cc:492] Running with 1 threads, as requested.
I0000 00:00:1783878686.914147    4061 train_oblique_forest.cc:571] Configuring oblique splits
I0000 00:00:1783878686.914150    4061 train_oblique_forest.cc:656] Using Dynamic Random Histogram with 64 samples
I0000 00:00:1783878686.936852    4061 abstract_learner.cc:171] No input feature explicitly specified. Using all the available input features.
I0000 00:00:1783878686.937054    4061 abstract_learner.cc:185] The label "y" was removed from the input feature set.
I0000 00:00:1783878686.963890    4061 gradient_boosted_trees.cc:541] Default loss set to BINOMIAL_LOG_LIKELIHOOD
I0000 00:00:1783878686.976276    4061 gradient_boosted_trees.cc:1202] Training gradient boosted tree on 15000 example(s) and 400000 feature(s).
I0000 00:00:1783878687.045659    4061 gradient_boosted_trees.cc:1242] 15000 examples used for training and 0 examples used for validation
I0000 00:00:1783878687.111131    4061 gpu.cc:93] Cannot initialize GPU: Not compiled with GPU support
I0000 00:00:1783878688.037978    4061 gradient_boosted_trees.cc:1737] Train tree 1/10 train-loss:1.380359 train-accuracy:0.561200 [total:0.92s iter:0.92s]
I0000 00:00:1783878688.975415    4061 gradient_boosted_trees.cc:1737] Train tree 2/10 train-loss:1.369650 train-accuracy:0.609733 [total:1.86s iter:0.94s]
I0000 00:00:1783878689.898397    4061 gradient_boosted_trees.cc:1739] Train tree 3/10 train-loss:1.364207 train-accuracy:0.625333 [total:2.78s iter:0.92s]
I0000 00:00:1783878696.627112    4061 gradient_boosted_trees.cc:1737] Train tree 10/10 train-loss:1.294413 train-accuracy:0.767000 [total:9.51s iter:0.99s]
I0000 00:00:1783878697.419104    4061 train_oblique_forest.cc:733] train_oblique_forest wall-time - Training + Post-Processing: 10.5049s
WARNING: Could not parse 'Training block took' from run 2
----- Run 3/3 -----
WARNING: All log messages before absl::InitializeLog() is called are written to STDERR
I0000 00:00:1783878698.173305    4074 train_oblique_forest.cc:409] Generating trunk synthetic dataset: rows=15000, cols=400000, layout=column
I0000 00:00:1783878748.268107    4074 train_oblique_forest.cc:492] Running with 1 threads, as requested.
I0000 00:00:1783878748.268130    4074 train_oblique_forest.cc:571] Configuring oblique splits
I0000 00:00:1783878748.268133    4074 train_oblique_forest.cc:656] Using Dynamic Random Histogram with 64 samples
I0000 00:00:1783878748.290356    4074 abstract_learner.cc:171] No input feature explicitly specified. Using all the available input features.
I0000 00:00:1783878748.290560    4074 abstract_learner.cc:185] The label "y" was removed from the input feature set.
I0000 00:00:1783878748.317064    4074 gradient_boosted_trees.cc:541] Default loss set to BINOMIAL_LOG_LIKELIHOOD
I0000 00:00:1783878748.329489    4074 gradient_boosted_trees.cc:1202] Training gradient boosted tree on 15000 example(s) and 400000 feature(s).
I0000 00:00:1783878748.398865    4074 gradient_boosted_trees.cc:1242] 15000 examples used for training and 0 examples used for validation
I0000 00:00:1783878748.465003    4074 gpu.cc:93] Cannot initialize GPU: Not compiled with GPU support
I0000 00:00:1783878749.387050    4074 gradient_boosted_trees.cc:1737] Train tree 1/10 train-loss:1.380359 train-accuracy:0.561200 [total:0.92s iter:0.92s]
I0000 00:00:1783878750.314714    4074 gradient_boosted_trees.cc:1737] Train tree 2/10 train-loss:1.369650 train-accuracy:0.609733 [total:1.85s iter:0.93s]
I0000 00:00:1783878751.227809    4074 gradient_boosted_trees.cc:1739] Train tree 3/10 train-loss:1.364207 train-accuracy:0.625333 [total:2.76s iter:0.91s]
I0000 00:00:1783878757.966848    4074 gradient_boosted_trees.cc:1737] Train tree 10/10 train-loss:1.294413 train-accuracy:0.767000 [total:9.50s iter:0.99s]
I0000 00:00:1783878758.754667    4074 train_oblique_forest.cc:733] train_oblique_forest wall-time - Training + Post-Processing: 10.4865s
WARNING: Could not parse 'Training block took' from run 3
MEDIAN of 0/3 runs: ERROR
