

======== Skipping CPU experiments (RUN_CPU=false) ========



======== VECTORIZED EXPERIMENTS [AVX2] histogram_num_bins=64 ========

USING INSTRUCTION SET: AVX2


======== Running Dynamic Random Histogram [Oblique] [VECTORIZE: AVX2] with 64 bins threshold=250 ========

./bazel-bin/examples/train_oblique_forest --input_mode csv --train_csv "benchmarks/data/HIGGS_with_header.csv" --label_col "class" --feature_split_type "Oblique" --numerical_split_type "Dynamic Random Histogram" --num_trees=40 --num_threads=-1 --compute_oob_performances=false --histogram_num_bins=64 --dynamic_split_threshold=250 --dataset_layout=dynamic_row_col_major
----- Run 1/3 -----
WARNING: All log messages before absl::InitializeLog() is called are written to STDERR
I0000 00:00:1781270114.470874    4833 train_oblique_forest.cc:459] Inferring DataSpec from CSV: benchmarks/data/HIGGS_with_header.csv
I0000 00:00:1781270114.478744    4833 csv_example_reader.cc:216] 0 row(s) processed
I0000 00:00:1781270114.492269    4833 csv_example_reader.cc:225] Stop scanning the csv file to infer the type. Some records were not considered.
I0000 00:00:1781270114.492291    4833 data_spec_inference.cc:518] 29 column(s) found
I0000 00:00:1781270114.492309    4833 csv_example_reader.cc:320] 0 row(s) processed
I0000 00:00:1781270144.492287    4833 csv_example_reader.cc:320] 5472185 row(s) processed
I0000 00:00:1781270174.492321    4833 csv_example_reader.cc:320] 10825948 row(s) processed
I0000 00:00:1781270175.461413    4833 data_spec_inference.cc:557] Finalizing [11000000 row(s) found]
I0000 00:00:1781270175.461482    4833 train_oblique_forest.cc:655] -1 (automatic) threads requested. 8 threads set.
I0000 00:00:1781270175.461493    4833 train_oblique_forest.cc:722] Configuring oblique splits
I0000 00:00:1781270175.461496    4833 train_oblique_forest.cc:807] Using Dynamic Random Histogram with 64 samples
I0000 00:00:1781270175.462154    4833 vertical_dataset_io.cc:82] 100 examples scanned.
I0000 00:00:1781270205.462174    4833 vertical_dataset_io.cc:82] 6189600 examples scanned.
I0000 00:00:1781270229.575521    4833 vertical_dataset_io.cc:91] 11000000 examples read. Memory: usage:1276MB allocated:1276MB. 0 (0%) examples have been skipped.
I0000 00:00:1781270230.436570    4833 train_oblique_forest.cc:859] Dynamic_Row_Col_Major fp32 CSV matrices: 28 numerical columns, 2.37674 GiB total
I0000 00:00:1781270230.436666    4833 abstract_learner.cc:171] No input feature explicitly specified. Using all the available input features.
I0000 00:00:1781270230.436670    4833 abstract_learner.cc:185] The label "class" was removed from the input feature set.
I0000 00:00:1781270230.436688    4833 random_forest.cc:498] Training random forest on 11000000 example(s) and 28 feature(s).
I0000 00:00:1781270230.436699    4833 gpu.cc:93] Cannot initialize GPU: Not compiled with GPU support
I0000 00:00:1781270230.436916    4833 random_forest.cc:667] num_threads being used: 8
W0000 00:00:1781270258.368976    4851 training.cc:5802] [This message is only shown once] The effective split of examples does not match the expected split returned by the splitter algorithm. This problem can be caused by (1) large floating point values (e.g. value>=10e30) or (2) a bug in the software. You can turn this error in a warning with internal_error_on_wrong_splitter_statistics=false.

Details:
Num examples: 2135
Num positive examples (from split evaluation): 1081
Num positive examples (from split learning): 1082
Num negative examples (from split evaluation): 1054

Condition: goo.gle/debugstr  
na_value: false
attribute: 13
condition {
  oblique_condition {
    attributes: 13
    attributes: 23
    attributes: 25
    weights: 1
    weights: -1
    weights: 1
    threshold: 2.0334878
    na_replacements: 1.00000799
    na_replacements: 1.02480483
    na_replacements: 1.00974178
  }
}
num_training_examples_without_weight: 2135
num_training_examples_with_weight: 2135
split_score: 0.0157859717
num_pos_training_examples_without_weight: 1082
num_pos_training_examples_with_weight: 1082

Attribute spec: goo.gle/debugstr  
type: NUMERICAL
name: "feature13"
is_manual_type: false
numerical {
  mean: 1.0000080177052564
  min_value: 0
  max_value: 2.21487212
  standard_deviation: 1.0493980410635118
}

I0000 00:00:1781270304.778460    4858 random_forest.cc:962] Train tree 1/40 [index:1 total:1m14.34s tree:1m14.34s]
I0000 00:00:1781270385.862133    4855 random_forest.cc:962] Train tree 9/40 [index:11 total:2m35.43s tree:1m19.88s]
I0000 00:00:1781270468.234948    4852 random_forest.cc:962] Train tree 17/40 [index:17 total:3m57.80s tree:1m22.17s]
I0000 00:00:1781270553.014383    4852 random_forest.cc:962] Train tree 25/40 [index:24 total:5m22.58s tree:1m24.78s]
I0000 00:00:1781270639.718344    4855 random_forest.cc:962] Train tree 33/40 [index:33 total:6m49.28s tree:1m26.41s]
I0000 00:00:1781270646.830421    4833 random_forest.cc:969] random_forest.cc Training block took: 416.394 s
W0000 00:00:1781270646.830459    4833 random_forest.cc:1217] EXITING EARLY TO SPEED UP EXPERIMENTS!
----- Run 2/3 -----
WARNING: All log messages before absl::InitializeLog() is called are written to STDERR
I0000 00:00:1781270648.243182    4901 train_oblique_forest.cc:459] Inferring DataSpec from CSV: benchmarks/data/HIGGS_with_header.csv
I0000 00:00:1781270648.247042    4901 csv_example_reader.cc:216] 0 row(s) processed
I0000 00:00:1781270648.257631    4901 csv_example_reader.cc:225] Stop scanning the csv file to infer the type. Some records were not considered.
I0000 00:00:1781270648.257650    4901 data_spec_inference.cc:518] 29 column(s) found
I0000 00:00:1781270648.257669    4901 csv_example_reader.cc:320] 0 row(s) processed
I0000 00:00:1781270678.257643    4901 csv_example_reader.cc:320] 6762870 row(s) processed
I0000 00:00:1781270697.245124    4901 data_spec_inference.cc:557] Finalizing [11000000 row(s) found]
I0000 00:00:1781270697.245199    4901 train_oblique_forest.cc:655] -1 (automatic) threads requested. 8 threads set.
I0000 00:00:1781270697.245211    4901 train_oblique_forest.cc:722] Configuring oblique splits
I0000 00:00:1781270697.245214    4901 train_oblique_forest.cc:807] Using Dynamic Random Histogram with 64 samples
I0000 00:00:1781270697.245943    4901 vertical_dataset_io.cc:82] 100 examples scanned.
I0000 00:00:1781270727.245953    4901 vertical_dataset_io.cc:82] 6145300 examples scanned.
I0000 00:00:1781270751.645110    4901 vertical_dataset_io.cc:91] 11000000 examples read. Memory: usage:1276MB allocated:1276MB. 0 (0%) examples have been skipped.
I0000 00:00:1781270752.493848    4901 train_oblique_forest.cc:859] Dynamic_Row_Col_Major fp32 CSV matrices: 28 numerical columns, 2.37674 GiB total
I0000 00:00:1781270752.493941    4901 abstract_learner.cc:171] No input feature explicitly specified. Using all the available input features.
I0000 00:00:1781270752.493946    4901 abstract_learner.cc:185] The label "class" was removed from the input feature set.
I0000 00:00:1781270752.493965    4901 random_forest.cc:498] Training random forest on 11000000 example(s) and 28 feature(s).
I0000 00:00:1781270752.493975    4901 gpu.cc:93] Cannot initialize GPU: Not compiled with GPU support
I0000 00:00:1781270752.494185    4901 random_forest.cc:667] num_threads being used: 8
W0000 00:00:1781270780.423491    4926 training.cc:5802] [This message is only shown once] The effective split of examples does not match the expected split returned by the splitter algorithm. This problem can be caused by (1) large floating point values (e.g. value>=10e30) or (2) a bug in the software. You can turn this error in a warning with internal_error_on_wrong_splitter_statistics=false.

Details:
Num examples: 2135
Num positive examples (from split evaluation): 1081
Num positive examples (from split learning): 1082
Num negative examples (from split evaluation): 1054

Condition: goo.gle/debugstr  
na_value: false
attribute: 13
condition {
  oblique_condition {
    attributes: 13
    attributes: 23
    attributes: 25
    weights: 1
    weights: -1
    weights: 1
    threshold: 2.0334878
    na_replacements: 1.00000799
    na_replacements: 1.02480483
    na_replacements: 1.00974178
  }
}
num_training_examples_without_weight: 2135
num_training_examples_with_weight: 2135
split_score: 0.0157859717
num_pos_training_examples_without_weight: 1082
num_pos_training_examples_with_weight: 1082

Attribute spec: goo.gle/debugstr  
type: NUMERICAL
name: "feature13"
is_manual_type: false
numerical {
  mean: 1.0000080177052564
  min_value: 0
  max_value: 2.21487212
  standard_deviation: 1.0493980410635118
}

I0000 00:00:1781270826.060140    4919 random_forest.cc:962] Train tree 1/40 [index:1 total:1m13.57s tree:1m13.57s]
I0000 00:00:1781270906.935510    4919 random_forest.cc:962] Train tree 9/40 [index:8 total:2m34.44s tree:1m20.87s]
I0000 00:00:1781270989.664915    4919 random_forest.cc:962] Train tree 17/40 [index:16 total:3m57.17s tree:1m22.73s]
I0000 00:00:1781271074.848031    4924 random_forest.cc:962] Train tree 25/40 [index:25 total:5m22.35s tree:1m24.40s]
I0000 00:00:1781271160.622593    4919 random_forest.cc:962] Train tree 33/40 [index:33 total:6m48.13s tree:1m25.74s]
I0000 00:00:1781271166.324994    4901 random_forest.cc:969] random_forest.cc Training block took: 413.831 s
W0000 00:00:1781271166.325031    4901 random_forest.cc:1217] EXITING EARLY TO SPEED UP EXPERIMENTS!
----- Run 3/3 -----
WARNING: All log messages before absl::InitializeLog() is called are written to STDERR
I0000 00:00:1781271167.717145    4942 train_oblique_forest.cc:459] Inferring DataSpec from CSV: benchmarks/data/HIGGS_with_header.csv
I0000 00:00:1781271167.720995    4942 csv_example_reader.cc:216] 0 row(s) processed
I0000 00:00:1781271167.731515    4942 csv_example_reader.cc:225] Stop scanning the csv file to infer the type. Some records were not considered.
I0000 00:00:1781271167.731533    4942 data_spec_inference.cc:518] 29 column(s) found
I0000 00:00:1781271167.731550    4942 csv_example_reader.cc:320] 0 row(s) processed
I0000 00:00:1781271197.731520    4942 csv_example_reader.cc:320] 6780407 row(s) processed
I0000 00:00:1781271216.556674    4942 data_spec_inference.cc:557] Finalizing [11000000 row(s) found]
I0000 00:00:1781271216.556745    4942 train_oblique_forest.cc:655] -1 (automatic) threads requested. 8 threads set.
I0000 00:00:1781271216.556757    4942 train_oblique_forest.cc:722] Configuring oblique splits
I0000 00:00:1781271216.556760    4942 train_oblique_forest.cc:807] Using Dynamic Random Histogram with 64 samples
I0000 00:00:1781271216.557506    4942 vertical_dataset_io.cc:82] 100 examples scanned.
I0000 00:00:1781271246.557526    4942 vertical_dataset_io.cc:82] 6180700 examples scanned.
I0000 00:00:1781271270.702186    4942 vertical_dataset_io.cc:91] 11000000 examples read. Memory: usage:1276MB allocated:1276MB. 0 (0%) examples have been skipped.
I0000 00:00:1781271271.538114    4942 train_oblique_forest.cc:859] Dynamic_Row_Col_Major fp32 CSV matrices: 28 numerical columns, 2.37674 GiB total
I0000 00:00:1781271271.538216    4942 abstract_learner.cc:171] No input feature explicitly specified. Using all the available input features.
I0000 00:00:1781271271.538221    4942 abstract_learner.cc:185] The label "class" was removed from the input feature set.
I0000 00:00:1781271271.538243    4942 random_forest.cc:498] Training random forest on 11000000 example(s) and 28 feature(s).
I0000 00:00:1781271271.538254    4942 gpu.cc:93] Cannot initialize GPU: Not compiled with GPU support
I0000 00:00:1781271271.538469    4942 random_forest.cc:667] num_threads being used: 8
W0000 00:00:1781271299.688575    4964 training.cc:5802] [This message is only shown once] The effective split of examples does not match the expected split returned by the splitter algorithm. This problem can be caused by (1) large floating point values (e.g. value>=10e30) or (2) a bug in the software. You can turn this error in a warning with internal_error_on_wrong_splitter_statistics=false.

Details:
Num examples: 2135
Num positive examples (from split evaluation): 1081
Num positive examples (from split learning): 1082
Num negative examples (from split evaluation): 1054

Condition: goo.gle/debugonly  
na_value: false
attribute: 13
condition {
  oblique_condition {
    attributes: 13
    attributes: 23
    attributes: 25
    weights: 1
    weights: -1
    weights: 1
    threshold: 2.0334878
    na_replacements: 1.00000799
    na_replacements: 1.02480483
    na_replacements: 1.00974178
  }
}
num_training_examples_without_weight: 2135
num_training_examples_with_weight: 2135
split_score: 0.0157859717
num_pos_training_examples_without_weight: 1082
num_pos_training_examples_with_weight: 1082

Attribute spec: goo.gle/debugonly  
type: NUMERICAL
name: "feature13"
is_manual_type: false
numerical {
  mean: 1.0000080177052564
  min_value: 0
  max_value: 2.21487212
  standard_deviation: 1.0493980410635118
}

I0000 00:00:1781271345.071050    4957 random_forest.cc:962] Train tree 1/40 [index:1 total:1m13.53s tree:1m13.53s]
I0000 00:00:1781271426.132820    4957 random_forest.cc:962] Train tree 9/40 [index:8 total:2m34.59s tree:1m21.06s]
I0000 00:00:1781271509.301391    4958 random_forest.cc:962] Train tree 17/40 [index:17 total:3m57.76s tree:1m22.34s]
I0000 00:00:1781271593.101247    4957 random_forest.cc:962] Train tree 25/40 [index:25 total:5m21.56s tree:1m23.76s]
I0000 00:00:1781271679.525305    4958 random_forest.cc:962] Train tree 33/40 [index:33 total:6m47.99s tree:1m25.71s]
I0000 00:00:1781271686.053526    4942 random_forest.cc:969] random_forest.cc Training block took: 414.515 s
W0000 00:00:1781271686.053577    4942 random_forest.cc:1217] EXITING EARLY TO SPEED UP EXPERIMENTS!
MEDIAN of 3/3 runs: 414.515 s  STDDEV: 1.327119 s  (samples: 416.394 413.831 414.515)
./bazel-bin/examples/train_oblique_forest --input_mode trunk --rows 1500000 --cols 4096 --feature_split_type "Oblique" --numerical_split_type "Dynamic Random Histogram" --num_trees=40 --num_threads=-1 --compute_oob_performances=false --histogram_num_bins=64 --dynamic_split_threshold=250 --dataset_layout=dynamic_row_col_major
----- Run 1/3 -----
WARNING: All log messages before absl::InitializeLog() is called are written to STDERR
I0000 00:00:1781271687.478550    4995 train_oblique_forest.cc:477] Generating trunk synthetic dataset: rows=1500000, cols=4096, layout=dynamic_row_col_major
I0000 00:00:1781271716.375895    4995 train_oblique_forest.cc:594] Dynamic_Row_Col_Major fp32 matrices allocated: 45.7764 GiB total
I0000 00:00:1781271716.375983    4995 train_oblique_forest.cc:655] -1 (automatic) threads requested. 8 threads set.
I0000 00:00:1781271716.375995    4995 train_oblique_forest.cc:722] Configuring oblique splits
I0000 00:00:1781271716.375999    4995 train_oblique_forest.cc:807] Using Dynamic Random Histogram with 64 samples
I0000 00:00:1781271716.376367    4995 abstract_learner.cc:171] No input feature explicitly specified. Using all the available input features.
I0000 00:00:1781271716.376377    4995 abstract_learner.cc:185] The label "y" was removed from the input feature set.
I0000 00:00:1781271716.377086    4995 random_forest.cc:498] Training random forest on 1500000 example(s) and 4096 feature(s).
I0000 00:00:1781271716.377228    4995 gpu.cc:93] Cannot initialize GPU: Not compiled with GPU support
I0000 00:00:1781271716.378203    4995 random_forest.cc:667] num_threads being used: 8
I0000 00:00:1781271766.226814    5013 random_forest.cc:962] Train tree 1/40 [index:3 total:49.85s tree:49.85s]
I0000 00:00:1781271815.882016    5018 random_forest.cc:962] Train tree 9/40 [index:13 total:1m39.50s tree:48.92s]
I0000 00:00:1781271866.612457    5018 random_forest.cc:962] Train tree 17/40 [index:16 total:2m30.23s tree:50.73s]
I0000 00:00:1781271917.335864    5015 random_forest.cc:962] Train tree 25/40 [index:26 total:3m20.96s tree:50.36s]
I0000 00:00:1781271968.407687    5013 random_forest.cc:962] Train tree 33/40 [index:33 total:4m12.03s tree:50.86s]
I0000 00:00:1781271972.754466    4995 random_forest.cc:969] random_forest.cc Training block took: 256.378 s
W0000 00:00:1781271972.755023    4995 random_forest.cc:1217] EXITING EARLY TO SPEED UP EXPERIMENTS!
----- Run 2/3 -----
WARNING: All log messages before absl::InitializeLog() is called are written to STDERR
I0000 00:00:1781271974.514157    5034 train_oblique_forest.cc:477] Generating trunk synthetic dataset: rows=1500000, cols=4096, layout=dynamic_row_col_major
I0000 00:00:1781272002.858895    5034 train_oblique_forest.cc:594] Dynamic_Row_Col_Major fp32 matrices allocated: 45.7764 GiB total
I0000 00:00:1781272002.858981    5034 train_oblique_forest.cc:655] -1 (automatic) threads requested. 8 threads set.
I0000 00:00:1781272002.858994    5034 train_oblique_forest.cc:722] Configuring oblique splits
I0000 00:00:1781272002.858997    5034 train_oblique_forest.cc:807] Using Dynamic Random Histogram with 64 samples
I0000 00:00:1781272002.859366    5034 abstract_learner.cc:171] No input feature explicitly specified. Using all the available input features.
I0000 00:00:1781272002.859376    5034 abstract_learner.cc:185] The label "y" was removed from the input feature set.
I0000 00:00:1781272002.860064    5034 random_forest.cc:498] Training random forest on 1500000 example(s) and 4096 feature(s).
I0000 00:00:1781272002.860207    5034 gpu.cc:93] Cannot initialize GPU: Not compiled with GPU support
I0000 00:00:1781272002.861208    5034 random_forest.cc:667] num_threads being used: 8
I0000 00:00:1781272051.952629    5054 random_forest.cc:962] Train tree 1/40 [index:3 total:49.09s tree:49.09s]
I0000 00:00:1781272102.138703    5053 random_forest.cc:962] Train tree 9/40 [index:10 total:1m39.28s tree:49.21s]
I0000 00:00:1781272152.504751    5053 random_forest.cc:962] Train tree 17/40 [index:16 total:2m29.64s tree:50.37s]
I0000 00:00:1781272203.521362    5053 random_forest.cc:962] Train tree 25/40 [index:24 total:3m20.66s tree:51.02s]
I0000 00:00:1781272254.619728    5054 random_forest.cc:962] Train tree 33/40 [index:33 total:4m11.76s tree:50.66s]
I0000 00:00:1781272258.617484    5034 random_forest.cc:969] random_forest.cc Training block took: 255.758 s
W0000 00:00:1781272258.617524    5034 random_forest.cc:1217] EXITING EARLY TO SPEED UP EXPERIMENTS!
----- Run 3/3 -----
WARNING: All log messages before absl::InitializeLog() is called are written to STDERR
I0000 00:00:1781272260.348013    5074 train_oblique_forest.cc:477] Generating trunk synthetic dataset: rows=1500000, cols=4096, layout=dynamic_row_col_major
I0000 00:00:1781272289.012598    5074 train_oblique_forest.cc:594] Dynamic_Row_Col_Major fp32 matrices allocated: 45.7764 GiB total
I0000 00:00:1781272289.012685    5074 train_oblique_forest.cc:655] -1 (automatic) threads requested. 8 threads set.
I0000 00:00:1781272289.012697    5074 train_oblique_forest.cc:722] Configuring oblique splits
I0000 00:00:1781272289.012700    5074 train_oblique_forest.cc:807] Using Dynamic Random Histogram with 64 samples
I0000 00:00:1781272289.013086    5074 abstract_learner.cc:171] No input feature explicitly specified. Using all the available input features.
I0000 00:00:1781272289.013097    5074 abstract_learner.cc:185] The label "y" was removed from the input feature set.
I0000 00:00:1781272289.013808    5074 random_forest.cc:498] Training random forest on 1500000 example(s) and 4096 feature(s).
I0000 00:00:1781272289.013956    5074 gpu.cc:93] Cannot initialize GPU: Not compiled with GPU support
I0000 00:00:1781272289.014953    5074 random_forest.cc:667] num_threads being used: 8
I0000 00:00:1781272338.337951    5092 random_forest.cc:962] Train tree 1/40 [index:3 total:49.32s tree:49.32s]
I0000 00:00:1781272387.878130    5093 random_forest.cc:962] Train tree 9/40 [index:10 total:1m38.86s tree:48.81s]
I0000 00:00:1781272438.574244    5093 random_forest.cc:962] Train tree 17/40 [index:16 total:2m29.56s tree:50.70s]
I0000 00:00:1781272489.429496    5093 random_forest.cc:962] Train tree 25/40 [index:24 total:3m20.41s tree:50.86s]
I0000 00:00:1781272541.106760    5098 random_forest.cc:962] Train tree 33/40 [index:33 total:4m12.09s tree:50.93s]
I0000 00:00:1781272543.892769    5074 random_forest.cc:969] random_forest.cc Training block took: 254.88 s
W0000 00:00:1781272543.892806    5074 random_forest.cc:1217] EXITING EARLY TO SPEED UP EXPERIMENTS!
MEDIAN of 3/3 runs: 255.758 s  STDDEV: 0.752694 s  (samples: 256.378 255.758 254.88)
./bazel-bin/examples/train_oblique_forest --input_mode trunk --rows 150000 --cols 40000 --feature_split_type "Oblique" --numerical_split_type "Dynamic Random Histogram" --num_trees=40 --num_threads=-1 --compute_oob_performances=false --histogram_num_bins=64 --dynamic_split_threshold=250 --dataset_layout=dynamic_row_col_major
----- Run 1/3 -----
WARNING: All log messages before absl::InitializeLog() is called are written to STDERR
I0000 00:00:1781272545.604901    5123 train_oblique_forest.cc:477] Generating trunk synthetic dataset: rows=150000, cols=40000, layout=dynamic_row_col_major
I0000 00:00:1781272567.516784    5123 train_oblique_forest.cc:594] Dynamic_Row_Col_Major fp32 matrices allocated: 44.7035 GiB total
I0000 00:00:1781272567.516868    5123 train_oblique_forest.cc:655] -1 (automatic) threads requested. 8 threads set.
I0000 00:00:1781272567.516881    5123 train_oblique_forest.cc:722] Configuring oblique splits
I0000 00:00:1781272567.516890    5123 train_oblique_forest.cc:807] Using Dynamic Random Histogram with 64 samples
I0000 00:00:1781272567.519740    5123 abstract_learner.cc:171] No input feature explicitly specified. Using all the available input features.
I0000 00:00:1781272567.519813    5123 abstract_learner.cc:185] The label "y" was removed from the input feature set.
I0000 00:00:1781272567.526923    5123 random_forest.cc:498] Training random forest on 150000 example(s) and 40000 feature(s).
I0000 00:00:1781272567.528120    5123 gpu.cc:93] Cannot initialize GPU: Not compiled with GPU support
I0000 00:00:1781272567.531586    5123 random_forest.cc:667] num_threads being used: 8
I0000 00:00:1781272587.744200    5145 random_forest.cc:962] Train tree 1/40 [index:6 total:20.21s tree:20.21s]
I0000 00:00:1781272608.022358    5141 random_forest.cc:962] Train tree 9/40 [index:9 total:40.49s tree:20.16s]
I0000 00:00:1781272628.288386    5141 random_forest.cc:962] Train tree 17/40 [index:16 total:1m0.76s tree:20.27s]
I0000 00:00:1781272649.187344    5147 random_forest.cc:962] Train tree 25/40 [index:26 total:1m21.66s tree:20.19s]
I0000 00:00:1781272669.241240    5145 random_forest.cc:962] Train tree 33/40 [index:33 total:1m41.71s tree:19.97s]
I0000 00:00:1781272673.100223    5123 random_forest.cc:969] random_forest.cc Training block took: 105.583 s
W0000 00:00:1781272673.100265    5123 random_forest.cc:1217] EXITING EARLY TO SPEED UP EXPERIMENTS!
----- Run 2/3 -----
WARNING: All log messages before absl::InitializeLog() is called are written to STDERR
I0000 00:00:1781272674.738815    5159 train_oblique_forest.cc:477] Generating trunk synthetic dataset: rows=150000, cols=40000, layout=dynamic_row_col_major
I0000 00:00:1781272696.945486    5159 train_oblique_forest.cc:594] Dynamic_Row_Col_Major fp32 matrices allocated: 44.7035 GiB total
I0000 00:00:1781272696.945590    5159 train_oblique_forest.cc:655] -1 (automatic) threads requested. 8 threads set.
I0000 00:00:1781272696.945603    5159 train_oblique_forest.cc:722] Configuring oblique splits
I0000 00:00:1781272696.945606    5159 train_oblique_forest.cc:807] Using Dynamic Random Histogram with 64 samples
I0000 00:00:1781272696.948429    5159 abstract_learner.cc:171] No input feature explicitly specified. Using all the available input features.
I0000 00:00:1781272696.948503    5159 abstract_learner.cc:185] The label "y" was removed from the input feature set.
I0000 00:00:1781272696.955586    5159 random_forest.cc:498] Training random forest on 150000 example(s) and 40000 feature(s).
I0000 00:00:1781272696.956773    5159 gpu.cc:93] Cannot initialize GPU: Not compiled with GPU support
I0000 00:00:1781272696.960495    5159 random_forest.cc:667] num_threads being used: 8
I0000 00:00:1781272716.981786    5177 random_forest.cc:962] Train tree 1/40 [index:1 total:20.02s tree:20.02s]
I0000 00:00:1781272737.134693    5178 random_forest.cc:962] Train tree 9/40 [index:9 total:40.17s tree:20.00s]
I0000 00:00:1781272757.192511    5178 random_forest.cc:962] Train tree 17/40 [index:16 total:1m0.23s tree:20.06s]
I0000 00:00:1781272778.061099    5178 random_forest.cc:962] Train tree 25/40 [index:24 total:1m21.10s tree:20.87s]
I0000 00:00:1781272798.784342    5178 random_forest.cc:962] Train tree 34/40 [index:32 total:1m41.82s tree:20.72s]
I0000 00:00:1781272801.547343    5159 random_forest.cc:969] random_forest.cc Training block took: 104.602 s
W0000 00:00:1781272801.547372    5159 random_forest.cc:1217] EXITING EARLY TO SPEED UP EXPERIMENTS!
----- Run 3/3 -----
WARNING: All log messages before absl::InitializeLog() is called are written to STDERR
I0000 00:00:1781272803.184054    5195 train_oblique_forest.cc:477] Generating trunk synthetic dataset: rows=150000, cols=40000, layout=dynamic_row_col_major
I0000 00:00:1781272825.416444    5195 train_oblique_forest.cc:594] Dynamic_Row_Col_Major fp32 matrices allocated: 44.7035 GiB total
I0000 00:00:1781272825.416526    5195 train_oblique_forest.cc:655] -1 (automatic) threads requested. 8 threads set.
I0000 00:00:1781272825.416539    5195 train_oblique_forest.cc:722] Configuring oblique splits
I0000 00:00:1781272825.416542    5195 train_oblique_forest.cc:807] Using Dynamic Random Histogram with 64 samples
I0000 00:00:1781272825.419502    5195 abstract_learner.cc:171] No input feature explicitly specified. Using all the available input features.
I0000 00:00:1781272825.419591    5195 abstract_learner.cc:185] The label "y" was removed from the input feature set.
I0000 00:00:1781272825.426615    5195 random_forest.cc:498] Training random forest on 150000 example(s) and 40000 feature(s).
I0000 00:00:1781272825.427797    5195 gpu.cc:93] Cannot initialize GPU: Not compiled with GPU support
I0000 00:00:1781272825.431317    5195 random_forest.cc:667] num_threads being used: 8
I0000 00:00:1781272845.396248    5212 random_forest.cc:962] Train tree 1/40 [index:1 total:19.96s tree:19.96s]
I0000 00:00:1781272865.450570    5214 random_forest.cc:962] Train tree 9/40 [index:9 total:40.02s tree:19.97s]
I0000 00:00:1781272886.782911    5217 random_forest.cc:962] Train tree 18/40 [index:19 total:1m1.35s tree:20.47s]
I0000 00:00:1781272906.980668    5212 random_forest.cc:962] Train tree 26/40 [index:26 total:1m21.55s tree:20.11s]
I0000 00:00:1781272927.672605    5217 random_forest.cc:962] Train tree 35/40 [index:34 total:1m42.24s tree:20.51s]
I0000 00:00:1781272930.426149    5195 random_forest.cc:969] random_forest.cc Training block took: 105.01 s
W0000 00:00:1781272930.426189    5195 random_forest.cc:1217] EXITING EARLY TO SPEED UP EXPERIMENTS!
MEDIAN of 3/3 runs: 105.01 s  STDDEV: 0.492807 s  (samples: 105.583 104.602 105.01)
./bazel-bin/examples/train_oblique_forest --input_mode trunk --rows 10000 --cols 400000 --feature_split_type "Oblique" --numerical_split_type "Dynamic Random Histogram" --num_trees=40 --num_threads=-1 --compute_oob_performances=false --histogram_num_bins=64 --dynamic_split_threshold=250 --dataset_layout=dynamic_row_col_major
----- Run 1/3 -----
WARNING: All log messages before absl::InitializeLog() is called are written to STDERR
I0000 00:00:1781272932.059922    5243 train_oblique_forest.cc:477] Generating trunk synthetic dataset: rows=10000, cols=400000, layout=dynamic_row_col_major
I0000 00:00:1781272943.965240    5243 train_oblique_forest.cc:594] Dynamic_Row_Col_Major fp32 matrices allocated: 29.8023 GiB total
I0000 00:00:1781272943.965331    5243 train_oblique_forest.cc:655] -1 (automatic) threads requested. 8 threads set.
I0000 00:00:1781272943.965344    5243 train_oblique_forest.cc:722] Configuring oblique splits
I0000 00:00:1781272943.965347    5243 train_oblique_forest.cc:807] Using Dynamic Random Histogram with 64 samples
I0000 00:00:1781272943.993535    5243 abstract_learner.cc:171] No input feature explicitly specified. Using all the available input features.
I0000 00:00:1781272943.994231    5243 abstract_learner.cc:185] The label "y" was removed from the input feature set.
I0000 00:00:1781272944.069597    5243 random_forest.cc:498] Training random forest on 10000 example(s) and 400000 feature(s).
I0000 00:00:1781272944.081150    5243 gpu.cc:93] Cannot initialize GPU: Not compiled with GPU support
I0000 00:00:1781272944.111745    5243 random_forest.cc:667] num_threads being used: 8
I0000 00:00:1781272951.531618    5396 random_forest.cc:962] Train tree 1/40 [index:0 total:7.42s tree:7.42s]
I0000 00:00:1781272973.320590    5396 random_forest.cc:962] Train tree 25/40 [index:24 total:29.21s tree:7.75s]
I0000 00:00:1781272983.336616    5243 random_forest.cc:969] random_forest.cc Training block took: 39.3712 s
W0000 00:00:1781272983.336654    5243 random_forest.cc:1217] EXITING EARLY TO SPEED UP EXPERIMENTS!
----- Run 2/3 -----
WARNING: All log messages before absl::InitializeLog() is called are written to STDERR
I0000 00:00:1781272984.451855    5408 train_oblique_forest.cc:477] Generating trunk synthetic dataset: rows=10000, cols=400000, layout=dynamic_row_col_major
I0000 00:00:1781272995.828058    5408 train_oblique_forest.cc:594] Dynamic_Row_Col_Major fp32 matrices allocated: 29.8023 GiB total
I0000 00:00:1781272995.828146    5408 train_oblique_forest.cc:655] -1 (automatic) threads requested. 8 threads set.
I0000 00:00:1781272995.828158    5408 train_oblique_forest.cc:722] Configuring oblique splits
I0000 00:00:1781272995.828161    5408 train_oblique_forest.cc:807] Using Dynamic Random Histogram with 64 samples
I0000 00:00:1781272995.856850    5408 abstract_learner.cc:171] No input feature explicitly specified. Using all the available input features.
I0000 00:00:1781272995.857529    5408 abstract_learner.cc:185] The label "y" was removed from the input feature set.
I0000 00:00:1781272995.935297    5408 random_forest.cc:498] Training random forest on 10000 example(s) and 400000 feature(s).
I0000 00:00:1781272995.947236    5408 gpu.cc:93] Cannot initialize GPU: Not compiled with GPU support
I0000 00:00:1781272995.977862    5408 random_forest.cc:667] num_threads being used: 8
I0000 00:00:1781273003.560819    5429 random_forest.cc:962] Train tree 1/40 [index:5 total:7.58s tree:7.58s]
I0000 00:00:1781273025.716018    5429 random_forest.cc:962] Train tree 25/40 [index:24 total:29.74s tree:7.88s]
I0000 00:00:1781273035.846864    5408 random_forest.cc:969] random_forest.cc Training block took: 40.0187 s
W0000 00:00:1781273035.846904    5408 random_forest.cc:1217] EXITING EARLY TO SPEED UP EXPERIMENTS!
----- Run 3/3 -----
WARNING: All log messages before absl::InitializeLog() is called are written to STDERR
I0000 00:00:1781273036.960084    5443 train_oblique_forest.cc:477] Generating trunk synthetic dataset: rows=10000, cols=400000, layout=dynamic_row_col_major
I0000 00:00:1781273048.351579    5443 train_oblique_forest.cc:594] Dynamic_Row_Col_Major fp32 matrices allocated: 29.8023 GiB total
I0000 00:00:1781273048.351676    5443 train_oblique_forest.cc:655] -1 (automatic) threads requested. 8 threads set.
I0000 00:00:1781273048.351689    5443 train_oblique_forest.cc:722] Configuring oblique splits
I0000 00:00:1781273048.351692    5443 train_oblique_forest.cc:807] Using Dynamic Random Histogram with 64 samples
I0000 00:00:1781273048.380209    5443 abstract_learner.cc:171] No input feature explicitly specified. Using all the available input features.
I0000 00:00:1781273048.380922    5443 abstract_learner.cc:185] The label "y" was removed from the input feature set.
I0000 00:00:1781273048.457620    5443 random_forest.cc:498] Training random forest on 10000 example(s) and 400000 feature(s).
I0000 00:00:1781273048.469236    5443 gpu.cc:93] Cannot initialize GPU: Not compiled with GPU support
I0000 00:00:1781273048.500147    5443 random_forest.cc:667] num_threads being used: 8
I0000 00:00:1781273056.075220    5464 random_forest.cc:962] Train tree 1/40 [index:5 total:7.58s tree:7.57s]
I0000 00:00:1781273078.383076    5464 random_forest.cc:962] Train tree 25/40 [index:24 total:29.88s tree:7.94s]
I0000 00:00:1781273088.308220    5443 random_forest.cc:969] random_forest.cc Training block took: 39.9565 s
W0000 00:00:1781273088.308258    5443 random_forest.cc:1217] EXITING EARLY TO SPEED UP EXPERIMENTS!
MEDIAN of 3/3 runs: 39.9565 s  STDDEV: 0.357235 s  (samples: 39.3712 40.0187 39.9565)
