

======== NORMAL EXPERIMENTS (no explicit vector ISA) histogram_num_bins=256 ========



======== OBLIQUE EXPERIMENTS histogram_num_bins=256 ========



======== Running Dynamic Random Histogram [Oblique] with 256 bins threshold=100 ========

./bazel-bin/examples/train_oblique_forest --input_mode csv --train_csv "benchmarks/data/HIGGS_with_header.csv" --label_col "class" --feature_split_type "Oblique" --numerical_split_type "Dynamic Random Histogram" --num_trees=240 --num_threads=-1 --compute_oob_performances=false --histogram_num_bins 256 --dynamic_split_threshold 100


Inferring DataSpec from CSV: benchmarks/data/HIGGS_with_header.csv


WARNING: All log messages before absl::InitializeLog() is called are written to STDERR
I0000 00:00:1770359953.302491   18919 csv_example_reader.cc:212] 0 row(s) processed
I0000 00:00:1770359953.312105   18919 csv_example_reader.cc:216] Stop scanning the csv file to infer the type. Some records were not considered.
I0000 00:00:1770359953.312120   18919 data_spec_inference.cc:457] 29 column(s) found
I0000 00:00:1770359953.312134   18919 csv_example_reader.cc:303] 0 row(s) processed
I0000 00:00:1770359983.311995   18919 csv_example_reader.cc:303] 8242147 row(s) processed
I0000 00:00:1770359993.343988   18919 data_spec_inference.cc:494] Finalizing [11000000 row(s) found]
I0000 00:00:1770359993.344080   18919 abstract_learner.cc:155] No input feature explicitly specified. Using all the available input features.
I0000 00:00:1770359993.344083   18919 abstract_learner.cc:172] The label "class" was removed from the input feature set.
I0000 00:00:1770359993.344629   18919 vertical_dataset_io.cc:82] 100 examples scanned.
I0000 00:00:1770360023.344779   18919 vertical_dataset_io.cc:82] 7585400 examples scanned.
I0000 00:00:1770360037.684946   18919 vertical_dataset_io.cc:88] 11000000 examples read. Memory: usage:1276MB allocated:1276MB. 0 (0%) examples have been skipped.
I0000 00:00:1770360037.685023   18919 abstract_learner.cc:155] No input feature explicitly specified. Using all the available input features.
I0000 00:00:1770360037.685028   18919 abstract_learner.cc:172] The label "class" was removed from the input feature set.
I0000 00:00:1770360037.685049   18919 random_forest.cc:465] Training random forest on 11000000 example(s) and 28 feature(s).
I0000 00:00:1770360037.685060   18919 gpu.cc:93] Cannot initialize GPU: Not compiled with GPU support
I0000 00:00:1770360037.685307   18919 random_forest.cc:659] num_threads being used: 48
I0000 00:00:1770360148.714018   18950 random_forest.cc:981] Train tree 1/240 [index:34 total:1m51.03s tree:1m51.03s]
I0000 00:00:1770360260.171521   18965 random_forest.cc:981] Train tree 49/240 [index:70 total:3m42.49s tree:1m48.49s]
I0000 00:00:1770360374.964888   18941 random_forest.cc:981] Train tree 97/240 [index:107 total:5m37.28s tree:1m50.65s]
I0000 00:00:1770360488.202455   18941 random_forest.cc:981] Train tree 145/240 [index:144 total:7m30.52s tree:1m53.24s]
I0000 00:00:1770360601.273454   18941 random_forest.cc:981] Train tree 193/240 [index:192 total:9m23.59s tree:1m53.07s]
I0000 00:00:1770360614.711451   18919 random_forest.cc:990] random_forest.cc Training block took: 577.026 s
I0000 00:00:1770360614.711498   18919 random_forest.cc:1062] After Random Forest Training block. RETURNING EARLY TO SPEED UP XPS!!
-1 (automatic) threads requested. 48 threads set.
Configuring oblique splits
Using Dynamic Random Histogram with 256 samples
./bazel-bin/examples/train_oblique_forest --input_mode csv --train_csv "benchmarks/data/SUSY_with_header.csv" --label_col "class" --feature_split_type "Oblique" --numerical_split_type "Dynamic Random Histogram" --num_trees=240 --num_threads=-1 --compute_oob_performances=false --histogram_num_bins 256 --dynamic_split_threshold 100


Inferring DataSpec from CSV: benchmarks/data/SUSY_with_header.csv


WARNING: All log messages before absl::InitializeLog() is called are written to STDERR
I0000 00:00:1770360622.416808   18988 csv_example_reader.cc:212] 0 row(s) processed
I0000 00:00:1770360622.422620   18988 csv_example_reader.cc:216] Stop scanning the csv file to infer the type. Some records were not considered.
I0000 00:00:1770360622.422635   18988 data_spec_inference.cc:457] 19 column(s) found
I0000 00:00:1770360622.422646   18988 csv_example_reader.cc:303] 0 row(s) processed
I0000 00:00:1770360634.432598   18988 data_spec_inference.cc:494] Finalizing [5000000 row(s) found]
I0000 00:00:1770360634.432689   18988 abstract_learner.cc:155] No input feature explicitly specified. Using all the available input features.
I0000 00:00:1770360634.432692   18988 abstract_learner.cc:172] The label "class" was removed from the input feature set.
I0000 00:00:1770360634.433089   18988 vertical_dataset_io.cc:82] 100 examples scanned.
I0000 00:00:1770360647.465062   18988 vertical_dataset_io.cc:88] 5000000 examples read. Memory: usage:380MB allocated:380MB. 0 (0%) examples have been skipped.
I0000 00:00:1770360647.465132   18988 abstract_learner.cc:155] No input feature explicitly specified. Using all the available input features.
I0000 00:00:1770360647.465138   18988 abstract_learner.cc:172] The label "class" was removed from the input feature set.
I0000 00:00:1770360647.465156   18988 random_forest.cc:465] Training random forest on 5000000 example(s) and 18 feature(s).
I0000 00:00:1770360647.465166   18988 gpu.cc:93] Cannot initialize GPU: Not compiled with GPU support
I0000 00:00:1770360647.465402   18988 random_forest.cc:659] num_threads being used: 48
I0000 00:00:1770360671.559346   19029 random_forest.cc:981] Train tree 1/240 [index:1 total:24.09s tree:24.09s]
I0000 00:00:1770360713.238516   19029 random_forest.cc:981] Train tree 49/240 [index:48 total:1m5.77s tree:41.68s]
I0000 00:00:1770360743.870926   19025 random_forest.cc:981] Train tree 98/240 [index:125 total:1m36.41s tree:14.35s]
I0000 00:00:1770360767.402238   19021 random_forest.cc:981] Train tree 100/240 [index:97 total:1m59.94s tree:40.38s]
I0000 00:00:1770360795.881843   19029 random_forest.cc:981] Train tree 147/240 [index:146 total:2m28.42s tree:41.71s]
I0000 00:00:1770360825.597838   19025 random_forest.cc:981] Train tree 194/240 [index:193 total:2m58.13s tree:40.58s]
I0000 00:00:1770360848.024030   19014 random_forest.cc:981] Train tree 196/240 [index:197 total:3m20.56s tree:40.43s]
I0000 00:00:1770360853.445532   18988 random_forest.cc:990] random_forest.cc Training block took: 205.98 s
I0000 00:00:1770360853.445573   18988 random_forest.cc:1062] After Random Forest Training block. RETURNING EARLY TO SPEED UP XPS!!
-1 (automatic) threads requested. 48 threads set.
Configuring oblique splits
Using Dynamic Random Histogram with 256 samples
./bazel-bin/examples/train_oblique_forest --input_mode csv --train_csv "benchmarks/data/epsilon_normalized_train.csv" --label_col "label" --feature_split_type "Oblique" --numerical_split_type "Dynamic Random Histogram" --num_trees=240 --num_threads=-1 --compute_oob_performances=false --histogram_num_bins 256 --dynamic_split_threshold 100


Inferring DataSpec from CSV: benchmarks/data/epsilon_normalized_train.csv


WARNING: All log messages before absl::InitializeLog() is called are written to STDERR
W0000 00:00:1770360856.594131   19089 sharded_io.cc:61] Path "benchmarks/data/epsilon_normalized_train.csv" does not match any file
terminate called after throwing an instance of 'absl::lts_20240722::BadStatusOrAccess'
  what():  Bad StatusOr access: UNKNOWN: Failed to open benchmarks/data/epsilon_normalized_train.csv
