==== PROVENANCE ====
date_utc: 2026-08-09T23:45:10Z
git_sha: 3d9f4291
git_branch: rebased-main
machine: Intel(R) Xeon(R) Platinum 8488C (nproc=48)
machine_serial: ec2d65b4-2555-44a5-d802-ecaea08b3ad7
EXTRA_BAZEL_CONFIGS: <none>
EXTRA_TRAIN_ARGS: <none>
NUM_TREES: 240  NUM_RUNS: 1
DYNAMIC_SPLIT_THRESHOLDS: 100 600 1100 1600 2100 2600 3100 3600 4100 4600 5100
====================


======== DYNAMIC THRESHOLD SWEEP  configs: <none>  args: <none> ========



======== Threshold 100 ========

./bazel-bin/examples/train_oblique_forest --input_mode trunk --rows 1500000 --cols 4096 --num_trees=240 --dynamic_split_threshold=100 
----- Run 1/1 -----
WARNING: All log messages before absl::InitializeLog() is called are written to STDERR
I0000 00:00:1786319110.900280  118219 train_oblique_forest.cc:614] Generating trunk synthetic dataset: rows=1500000, cols=4096, layout=column
I0000 00:00:1786319161.822655  118219 train_oblique_forest.cc:706] -1 (automatic) threads requested. 48 threads set.
I0000 00:00:1786319161.822680  118219 train_oblique_forest.cc:776] Configuring oblique splits
I0000 00:00:1786319161.822684  118219 train_oblique_forest.cc:861] Using Dynamic Random Histogram with 64 samples
I0000 00:00:1786319161.822695  118219 train_oblique_forest.cc:891] train_oblique_forest wall-time - Loading/Init (pre-train): 50.9224s
I0000 00:00:1786319161.822988  118219 abstract_learner.cc:171] No input feature explicitly specified. Using all the available input features.
I0000 00:00:1786319161.822997  118219 abstract_learner.cc:185] The label "y" was removed from the input feature set.
I0000 00:00:1786319161.823529  118219 random_forest.cc:498] Training random forest on 1500000 example(s) and 4096 feature(s).
I0000 00:00:1786319161.823657  118219 gpu.cc:93] Cannot initialize GPU: Not compiled with GPU support
I0000 00:00:1786319161.824464  118219 random_forest.cc:667] num_threads being used: 48
I0000 00:00:1786319215.576367  118457 random_forest.cc:980] Train tree 1/240 [index:43 total:53.75s tree:53.75s]
I0000 00:00:1786319269.244155  118431 random_forest.cc:980] Train tree 49/240 [index:70 total:1m47.42s tree:51.09s]
I0000 00:00:1786319325.751468  118431 random_forest.cc:980] Train tree 97/240 [index:96 total:2m43.93s tree:56.51s]
I0000 00:00:1786319381.863733  118441 random_forest.cc:980] Train tree 145/240 [index:182 total:3m40.04s tree:50.15s]
I0000 00:00:1786319436.728595  118442 random_forest.cc:980] Train tree 193/240 [index:202 total:4m34.90s tree:52.95s]
I0000 00:00:1786319444.859681  118219 random_forest.cc:987] random_forest.cc Training block took: 283.037 s
W0000 00:00:1786319444.859721  118219 random_forest.cc:1304] EXITING EARLY TO SPEED UP EXPERIMENTS!
RESULT dataset=trunk_1500000_x_4096 threshold=100 median=283.037s stddev=N/As n=1


======== Threshold 600 ========

./bazel-bin/examples/train_oblique_forest --input_mode trunk --rows 1500000 --cols 4096 --num_trees=240 --dynamic_split_threshold=600 
----- Run 1/1 -----
WARNING: All log messages before absl::InitializeLog() is called are written to STDERR
I0000 00:00:1786319445.989300  119558 train_oblique_forest.cc:614] Generating trunk synthetic dataset: rows=1500000, cols=4096, layout=column
I0000 00:00:1786319497.091829  119558 train_oblique_forest.cc:706] -1 (automatic) threads requested. 48 threads set.
I0000 00:00:1786319497.091854  119558 train_oblique_forest.cc:776] Configuring oblique splits
I0000 00:00:1786319497.091858  119558 train_oblique_forest.cc:861] Using Dynamic Random Histogram with 64 samples
I0000 00:00:1786319497.091869  119558 train_oblique_forest.cc:891] train_oblique_forest wall-time - Loading/Init (pre-train): 51.1026s
I0000 00:00:1786319497.092161  119558 abstract_learner.cc:171] No input feature explicitly specified. Using all the available input features.
I0000 00:00:1786319497.092166  119558 abstract_learner.cc:185] The label "y" was removed from the input feature set.
I0000 00:00:1786319497.092703  119558 random_forest.cc:498] Training random forest on 1500000 example(s) and 4096 feature(s).
I0000 00:00:1786319497.092832  119558 gpu.cc:93] Cannot initialize GPU: Not compiled with GPU support
I0000 00:00:1786319497.093629  119558 random_forest.cc:667] num_threads being used: 48
I0000 00:00:1786319549.981829  119775 random_forest.cc:980] Train tree 1/240 [index:30 total:52.89s tree:52.88s]
I0000 00:00:1786319604.903973  119767 random_forest.cc:980] Train tree 49/240 [index:70 total:1m47.81s tree:52.36s]
I0000 00:00:1786319660.148969  119770 random_forest.cc:980] Train tree 97/240 [index:97 total:2m43.06s tree:55.24s]
I0000 00:00:1786319715.249997  119783 random_forest.cc:980] Train tree 145/240 [index:182 total:3m38.16s tree:50.48s]
I0000 00:00:1786319771.385428  119797 random_forest.cc:980] Train tree 193/240 [index:194 total:4m34.29s tree:55.44s]
I0000 00:00:1786319777.191255  119558 random_forest.cc:987] random_forest.cc Training block took: 280.099 s
W0000 00:00:1786319777.191297  119558 random_forest.cc:1304] EXITING EARLY TO SPEED UP EXPERIMENTS!
RESULT dataset=trunk_1500000_x_4096 threshold=600 median=280.099s stddev=N/As n=1


======== Threshold 1100 ========

./bazel-bin/examples/train_oblique_forest --input_mode trunk --rows 1500000 --cols 4096 --num_trees=240 --dynamic_split_threshold=1100 
----- Run 1/1 -----
WARNING: All log messages before absl::InitializeLog() is called are written to STDERR
I0000 00:00:1786319778.269695  120883 train_oblique_forest.cc:614] Generating trunk synthetic dataset: rows=1500000, cols=4096, layout=column
I0000 00:00:1786319829.267034  120883 train_oblique_forest.cc:706] -1 (automatic) threads requested. 48 threads set.
I0000 00:00:1786319829.267058  120883 train_oblique_forest.cc:776] Configuring oblique splits
I0000 00:00:1786319829.267062  120883 train_oblique_forest.cc:861] Using Dynamic Random Histogram with 64 samples
I0000 00:00:1786319829.267072  120883 train_oblique_forest.cc:891] train_oblique_forest wall-time - Loading/Init (pre-train): 50.9974s
I0000 00:00:1786319829.267365  120883 abstract_learner.cc:171] No input feature explicitly specified. Using all the available input features.
I0000 00:00:1786319829.267370  120883 abstract_learner.cc:185] The label "y" was removed from the input feature set.
I0000 00:00:1786319829.267914  120883 random_forest.cc:498] Training random forest on 1500000 example(s) and 4096 feature(s).
I0000 00:00:1786319829.268034  120883 gpu.cc:93] Cannot initialize GPU: Not compiled with GPU support
I0000 00:00:1786319829.268853  120883 random_forest.cc:667] num_threads being used: 48
I0000 00:00:1786319882.441891  121127 random_forest.cc:980] Train tree 1/240 [index:43 total:53.17s tree:53.17s]
I0000 00:00:1786319937.027401  121087 random_forest.cc:980] Train tree 49/240 [index:70 total:1m47.76s tree:51.94s]
I0000 00:00:1786319993.466929  121131 random_forest.cc:980] Train tree 97/240 [index:97 total:2m44.20s tree:56.21s]
I0000 00:00:1786320049.564142  121091 random_forest.cc:980] Train tree 145/240 [index:182 total:3m40.30s tree:50.77s]
I0000 00:00:1786320105.253663  121097 random_forest.cc:980] Train tree 193/240 [index:194 total:4m35.98s tree:55.21s]
I0000 00:00:1786320111.217638  120883 random_forest.cc:987] random_forest.cc Training block took: 281.951 s
W0000 00:00:1786320111.217678  120883 random_forest.cc:1304] EXITING EARLY TO SPEED UP EXPERIMENTS!
RESULT dataset=trunk_1500000_x_4096 threshold=1100 median=281.951s stddev=N/As n=1


======== Threshold 1600 ========

./bazel-bin/examples/train_oblique_forest --input_mode trunk --rows 1500000 --cols 4096 --num_trees=240 --dynamic_split_threshold=1600 
----- Run 1/1 -----
WARNING: All log messages before absl::InitializeLog() is called are written to STDERR
I0000 00:00:1786320112.289066  122257 train_oblique_forest.cc:614] Generating trunk synthetic dataset: rows=1500000, cols=4096, layout=column
I0000 00:00:1786320163.224408  122257 train_oblique_forest.cc:706] -1 (automatic) threads requested. 48 threads set.
I0000 00:00:1786320163.224432  122257 train_oblique_forest.cc:776] Configuring oblique splits
I0000 00:00:1786320163.224436  122257 train_oblique_forest.cc:861] Using Dynamic Random Histogram with 64 samples
I0000 00:00:1786320163.224447  122257 train_oblique_forest.cc:891] train_oblique_forest wall-time - Loading/Init (pre-train): 50.9354s
I0000 00:00:1786320163.224737  122257 abstract_learner.cc:171] No input feature explicitly specified. Using all the available input features.
I0000 00:00:1786320163.224743  122257 abstract_learner.cc:185] The label "y" was removed from the input feature set.
I0000 00:00:1786320163.225278  122257 random_forest.cc:498] Training random forest on 1500000 example(s) and 4096 feature(s).
I0000 00:00:1786320163.225406  122257 gpu.cc:93] Cannot initialize GPU: Not compiled with GPU support
I0000 00:00:1786320163.226218  122257 random_forest.cc:667] num_threads being used: 48
I0000 00:00:1786320217.437637  122471 random_forest.cc:980] Train tree 1/240 [index:30 total:54.21s tree:54.21s]
I0000 00:00:1786320271.962839  122470 random_forest.cc:980] Train tree 49/240 [index:70 total:1m48.74s tree:52.43s]
I0000 00:00:1786320328.336660  122470 random_forest.cc:980] Train tree 97/240 [index:96 total:2m45.11s tree:56.37s]
I0000 00:00:1786320385.072743  122470 random_forest.cc:980] Train tree 145/240 [index:144 total:3m41.85s tree:56.74s]
I0000 00:00:1786320440.822424  122470 random_forest.cc:980] Train tree 193/240 [index:192 total:4m37.60s tree:55.75s]
I0000 00:00:1786320448.652629  122257 random_forest.cc:987] random_forest.cc Training block took: 285.428 s
W0000 00:00:1786320448.652672  122257 random_forest.cc:1304] EXITING EARLY TO SPEED UP EXPERIMENTS!
RESULT dataset=trunk_1500000_x_4096 threshold=1600 median=285.428s stddev=N/As n=1


======== Threshold 2100 ========

./bazel-bin/examples/train_oblique_forest --input_mode trunk --rows 1500000 --cols 4096 --num_trees=240 --dynamic_split_threshold=2100 
----- Run 1/1 -----
WARNING: All log messages before absl::InitializeLog() is called are written to STDERR
I0000 00:00:1786320449.722802  123643 train_oblique_forest.cc:614] Generating trunk synthetic dataset: rows=1500000, cols=4096, layout=column
I0000 00:00:1786320500.672168  123643 train_oblique_forest.cc:706] -1 (automatic) threads requested. 48 threads set.
I0000 00:00:1786320500.672193  123643 train_oblique_forest.cc:776] Configuring oblique splits
I0000 00:00:1786320500.672196  123643 train_oblique_forest.cc:861] Using Dynamic Random Histogram with 64 samples
I0000 00:00:1786320500.672207  123643 train_oblique_forest.cc:891] train_oblique_forest wall-time - Loading/Init (pre-train): 50.9494s
I0000 00:00:1786320500.672522  123643 abstract_learner.cc:171] No input feature explicitly specified. Using all the available input features.
I0000 00:00:1786320500.672527  123643 abstract_learner.cc:185] The label "y" was removed from the input feature set.
I0000 00:00:1786320500.673070  123643 random_forest.cc:498] Training random forest on 1500000 example(s) and 4096 feature(s).
I0000 00:00:1786320500.673193  123643 gpu.cc:93] Cannot initialize GPU: Not compiled with GPU support
I0000 00:00:1786320500.674015  123643 random_forest.cc:667] num_threads being used: 48
I0000 00:00:1786320555.247046  123869 random_forest.cc:980] Train tree 1/240 [index:30 total:54.57s tree:54.57s]
I0000 00:00:1786320609.991621  123886 random_forest.cc:980] Train tree 49/240 [index:70 total:1m49.32s tree:52.60s]
I0000 00:00:1786320667.107636  123869 random_forest.cc:980] Train tree 97/240 [index:98 total:2m46.43s tree:55.52s]
I0000 00:00:1786320724.309305  123869 random_forest.cc:980] Train tree 145/240 [index:144 total:3m43.64s tree:57.20s]
I0000 00:00:1786320780.217336  123860 random_forest.cc:980] Train tree 193/240 [index:195 total:4m39.54s tree:55.84s]
I0000 00:00:1786320786.528366  123643 random_forest.cc:987] random_forest.cc Training block took: 285.856 s
W0000 00:00:1786320786.528407  123643 random_forest.cc:1304] EXITING EARLY TO SPEED UP EXPERIMENTS!
RESULT dataset=trunk_1500000_x_4096 threshold=2100 median=285.856s stddev=N/As n=1


======== Threshold 2600 ========

./bazel-bin/examples/train_oblique_forest --input_mode trunk --rows 1500000 --cols 4096 --num_trees=240 --dynamic_split_threshold=2600 
----- Run 1/1 -----
WARNING: All log messages before absl::InitializeLog() is called are written to STDERR
I0000 00:00:1786320787.601222  124989 train_oblique_forest.cc:614] Generating trunk synthetic dataset: rows=1500000, cols=4096, layout=column
I0000 00:00:1786320838.608638  124989 train_oblique_forest.cc:706] -1 (automatic) threads requested. 48 threads set.
I0000 00:00:1786320838.608662  124989 train_oblique_forest.cc:776] Configuring oblique splits
I0000 00:00:1786320838.608665  124989 train_oblique_forest.cc:861] Using Dynamic Random Histogram with 64 samples
I0000 00:00:1786320838.608676  124989 train_oblique_forest.cc:891] train_oblique_forest wall-time - Loading/Init (pre-train): 51.0075s
I0000 00:00:1786320838.608974  124989 abstract_learner.cc:171] No input feature explicitly specified. Using all the available input features.
I0000 00:00:1786320838.608980  124989 abstract_learner.cc:185] The label "y" was removed from the input feature set.
I0000 00:00:1786320838.609519  124989 random_forest.cc:498] Training random forest on 1500000 example(s) and 4096 feature(s).
I0000 00:00:1786320838.609639  124989 gpu.cc:93] Cannot initialize GPU: Not compiled with GPU support
I0000 00:00:1786320838.610451  124989 random_forest.cc:667] num_threads being used: 48
I0000 00:00:1786320892.643944  125233 random_forest.cc:980] Train tree 1/240 [index:30 total:54.03s tree:54.03s]
I0000 00:00:1786320947.502093  125195 random_forest.cc:980] Train tree 49/240 [index:70 total:1m48.89s tree:52.01s]
I0000 00:00:1786321003.423524  125195 random_forest.cc:980] Train tree 97/240 [index:96 total:2m44.81s tree:55.92s]
I0000 00:00:1786321059.913122  125195 random_forest.cc:980] Train tree 145/240 [index:144 total:3m41.30s tree:56.49s]
I0000 00:00:1786321117.330445  125195 random_forest.cc:980] Train tree 193/240 [index:192 total:4m38.72s tree:57.42s]
I0000 00:00:1786321125.944045  124989 random_forest.cc:987] random_forest.cc Training block took: 287.335 s
W0000 00:00:1786321125.944081  124989 random_forest.cc:1304] EXITING EARLY TO SPEED UP EXPERIMENTS!
RESULT dataset=trunk_1500000_x_4096 threshold=2600 median=287.335s stddev=N/As n=1


======== Threshold 3100 ========

./bazel-bin/examples/train_oblique_forest --input_mode trunk --rows 1500000 --cols 4096 --num_trees=240 --dynamic_split_threshold=3100 
----- Run 1/1 -----
WARNING: All log messages before absl::InitializeLog() is called are written to STDERR
I0000 00:00:1786321127.009726  126348 train_oblique_forest.cc:614] Generating trunk synthetic dataset: rows=1500000, cols=4096, layout=column
I0000 00:00:1786321178.032454  126348 train_oblique_forest.cc:706] -1 (automatic) threads requested. 48 threads set.
I0000 00:00:1786321178.032480  126348 train_oblique_forest.cc:776] Configuring oblique splits
I0000 00:00:1786321178.032483  126348 train_oblique_forest.cc:861] Using Dynamic Random Histogram with 64 samples
I0000 00:00:1786321178.032494  126348 train_oblique_forest.cc:891] train_oblique_forest wall-time - Loading/Init (pre-train): 51.0228s
I0000 00:00:1786321178.032794  126348 abstract_learner.cc:171] No input feature explicitly specified. Using all the available input features.
I0000 00:00:1786321178.032800  126348 abstract_learner.cc:185] The label "y" was removed from the input feature set.
I0000 00:00:1786321178.033339  126348 random_forest.cc:498] Training random forest on 1500000 example(s) and 4096 feature(s).
I0000 00:00:1786321178.033462  126348 gpu.cc:93] Cannot initialize GPU: Not compiled with GPU support
I0000 00:00:1786321178.034276  126348 random_forest.cc:667] num_threads being used: 48
I0000 00:00:1786321231.969900  126560 random_forest.cc:980] Train tree 1/240 [index:43 total:53.94s tree:53.93s]
I0000 00:00:1786321287.171867  126585 random_forest.cc:980] Train tree 49/240 [index:70 total:1m49.14s tree:52.22s]
I0000 00:00:1786321344.448653  126585 random_forest.cc:980] Train tree 97/240 [index:96 total:2m46.41s tree:57.28s]
I0000 00:00:1786321401.517569  126585 random_forest.cc:980] Train tree 145/240 [index:144 total:3m43.48s tree:57.07s]
I0000 00:00:1786321459.835928  126545 random_forest.cc:980] Train tree 193/240 [index:193 total:4m41.80s tree:56.96s]
I0000 00:00:1786321467.259056  126348 random_forest.cc:987] random_forest.cc Training block took: 289.227 s
W0000 00:00:1786321467.259099  126348 random_forest.cc:1304] EXITING EARLY TO SPEED UP EXPERIMENTS!
RESULT dataset=trunk_1500000_x_4096 threshold=3100 median=289.227s stddev=N/As n=1


======== Threshold 3600 ========

./bazel-bin/examples/train_oblique_forest --input_mode trunk --rows 1500000 --cols 4096 --num_trees=240 --dynamic_split_threshold=3600 
----- Run 1/1 -----
WARNING: All log messages before absl::InitializeLog() is called are written to STDERR
I0000 00:00:1786321468.329647  127710 train_oblique_forest.cc:614] Generating trunk synthetic dataset: rows=1500000, cols=4096, layout=column
I0000 00:00:1786321519.357641  127710 train_oblique_forest.cc:706] -1 (automatic) threads requested. 48 threads set.
I0000 00:00:1786321519.357665  127710 train_oblique_forest.cc:776] Configuring oblique splits
I0000 00:00:1786321519.357669  127710 train_oblique_forest.cc:861] Using Dynamic Random Histogram with 64 samples
I0000 00:00:1786321519.357680  127710 train_oblique_forest.cc:891] train_oblique_forest wall-time - Loading/Init (pre-train): 51.0281s
I0000 00:00:1786321519.357974  127710 abstract_learner.cc:171] No input feature explicitly specified. Using all the available input features.
I0000 00:00:1786321519.357980  127710 abstract_learner.cc:185] The label "y" was removed from the input feature set.
I0000 00:00:1786321519.358525  127710 random_forest.cc:498] Training random forest on 1500000 example(s) and 4096 feature(s).
I0000 00:00:1786321519.358648  127710 gpu.cc:93] Cannot initialize GPU: Not compiled with GPU support
I0000 00:00:1786321519.359464  127710 random_forest.cc:667] num_threads being used: 48
I0000 00:00:1786321574.145674  127929 random_forest.cc:980] Train tree 1/240 [index:30 total:54.79s tree:54.78s]
I0000 00:00:1786321629.950399  127909 random_forest.cc:980] Train tree 49/240 [index:70 total:1m50.59s tree:53.25s]
I0000 00:00:1786321686.958075  127909 random_forest.cc:980] Train tree 97/240 [index:96 total:2m47.60s tree:57.01s]
I0000 00:00:1786321743.773220  127909 random_forest.cc:980] Train tree 145/240 [index:144 total:3m44.41s tree:56.82s]
I0000 00:00:1786321800.679767  127909 random_forest.cc:980] Train tree 193/240 [index:192 total:4m41.32s tree:56.91s]
I0000 00:00:1786321808.739047  127710 random_forest.cc:987] random_forest.cc Training block took: 289.381 s
W0000 00:00:1786321808.739088  127710 random_forest.cc:1304] EXITING EARLY TO SPEED UP EXPERIMENTS!
RESULT dataset=trunk_1500000_x_4096 threshold=3600 median=289.381s stddev=N/As n=1


======== Threshold 4100 ========

./bazel-bin/examples/train_oblique_forest --input_mode trunk --rows 1500000 --cols 4096 --num_trees=240 --dynamic_split_threshold=4100 
----- Run 1/1 -----
WARNING: All log messages before absl::InitializeLog() is called are written to STDERR
I0000 00:00:1786321809.803935  129067 train_oblique_forest.cc:614] Generating trunk synthetic dataset: rows=1500000, cols=4096, layout=column
I0000 00:00:1786321860.812542  129067 train_oblique_forest.cc:706] -1 (automatic) threads requested. 48 threads set.
I0000 00:00:1786321860.812567  129067 train_oblique_forest.cc:776] Configuring oblique splits
I0000 00:00:1786321860.812571  129067 train_oblique_forest.cc:861] Using Dynamic Random Histogram with 64 samples
I0000 00:00:1786321860.812582  129067 train_oblique_forest.cc:891] train_oblique_forest wall-time - Loading/Init (pre-train): 51.0087s
I0000 00:00:1786321860.812880  129067 abstract_learner.cc:171] No input feature explicitly specified. Using all the available input features.
I0000 00:00:1786321860.812886  129067 abstract_learner.cc:185] The label "y" was removed from the input feature set.
I0000 00:00:1786321860.813434  129067 random_forest.cc:498] Training random forest on 1500000 example(s) and 4096 feature(s).
I0000 00:00:1786321860.813558  129067 gpu.cc:93] Cannot initialize GPU: Not compiled with GPU support
I0000 00:00:1786321860.814351  129067 random_forest.cc:667] num_threads being used: 48
I0000 00:00:1786321915.900379  129304 random_forest.cc:980] Train tree 1/240 [index:43 total:55.09s tree:55.08s]
I0000 00:00:1786321971.465498  129292 random_forest.cc:980] Train tree 49/240 [index:70 total:1m50.65s tree:53.21s]
I0000 00:00:1786322029.607720  129292 random_forest.cc:980] Train tree 97/240 [index:96 total:2m48.79s tree:58.14s]
I0000 00:00:1786322086.048447  129286 random_forest.cc:980] Train tree 145/240 [index:182 total:3m45.23s tree:51.69s]
I0000 00:00:1786322143.686120  129286 random_forest.cc:980] Train tree 193/240 [index:192 total:4m42.87s tree:57.64s]
I0000 00:00:1786322150.352203  129067 random_forest.cc:987] random_forest.cc Training block took: 289.54 s
W0000 00:00:1786322150.352245  129067 random_forest.cc:1304] EXITING EARLY TO SPEED UP EXPERIMENTS!
RESULT dataset=trunk_1500000_x_4096 threshold=4100 median=289.54s stddev=N/As n=1


======== Threshold 4600 ========

./bazel-bin/examples/train_oblique_forest --input_mode trunk --rows 1500000 --cols 4096 --num_trees=240 --dynamic_split_threshold=4600 
----- Run 1/1 -----
WARNING: All log messages before absl::InitializeLog() is called are written to STDERR
I0000 00:00:1786322151.423839  130436 train_oblique_forest.cc:614] Generating trunk synthetic dataset: rows=1500000, cols=4096, layout=column
I0000 00:00:1786322202.491618  130436 train_oblique_forest.cc:706] -1 (automatic) threads requested. 48 threads set.
I0000 00:00:1786322202.491643  130436 train_oblique_forest.cc:776] Configuring oblique splits
I0000 00:00:1786322202.491647  130436 train_oblique_forest.cc:861] Using Dynamic Random Histogram with 64 samples
I0000 00:00:1786322202.491659  130436 train_oblique_forest.cc:891] train_oblique_forest wall-time - Loading/Init (pre-train): 51.0678s
I0000 00:00:1786322202.491955  130436 abstract_learner.cc:171] No input feature explicitly specified. Using all the available input features.
I0000 00:00:1786322202.491961  130436 abstract_learner.cc:185] The label "y" was removed from the input feature set.
I0000 00:00:1786322202.492501  130436 random_forest.cc:498] Training random forest on 1500000 example(s) and 4096 feature(s).
I0000 00:00:1786322202.492627  130436 gpu.cc:93] Cannot initialize GPU: Not compiled with GPU support
I0000 00:00:1786322202.493430  130436 random_forest.cc:667] num_threads being used: 48
I0000 00:00:1786322256.851399  130676 random_forest.cc:980] Train tree 1/240 [index:43 total:54.36s tree:54.35s]
I0000 00:00:1786322313.098954  130663 random_forest.cc:980] Train tree 49/240 [index:70 total:1m50.61s tree:52.90s]
I0000 00:00:1786322370.395286  130663 random_forest.cc:980] Train tree 97/240 [index:96 total:2m47.90s tree:57.30s]
I0000 00:00:1786322428.288721  130663 random_forest.cc:980] Train tree 145/240 [index:144 total:3m45.80s tree:57.89s]
I0000 00:00:1786322486.896069  130663 random_forest.cc:980] Train tree 193/240 [index:192 total:4m44.40s tree:58.61s]
I0000 00:00:1786322494.925781  130436 random_forest.cc:987] random_forest.cc Training block took: 292.434 s
W0000 00:00:1786322494.925825  130436 random_forest.cc:1304] EXITING EARLY TO SPEED UP EXPERIMENTS!
RESULT dataset=trunk_1500000_x_4096 threshold=4600 median=292.434s stddev=N/As n=1


======== Threshold 5100 ========

./bazel-bin/examples/train_oblique_forest --input_mode trunk --rows 1500000 --cols 4096 --num_trees=240 --dynamic_split_threshold=5100 
----- Run 1/1 -----
WARNING: All log messages before absl::InitializeLog() is called are written to STDERR
I0000 00:00:1786322496.001257  131805 train_oblique_forest.cc:614] Generating trunk synthetic dataset: rows=1500000, cols=4096, layout=column
I0000 00:00:1786322546.910928  131805 train_oblique_forest.cc:706] -1 (automatic) threads requested. 48 threads set.
I0000 00:00:1786322546.910952  131805 train_oblique_forest.cc:776] Configuring oblique splits
I0000 00:00:1786322546.910956  131805 train_oblique_forest.cc:861] Using Dynamic Random Histogram with 64 samples
I0000 00:00:1786322546.910966  131805 train_oblique_forest.cc:891] train_oblique_forest wall-time - Loading/Init (pre-train): 50.9097s
I0000 00:00:1786322546.911256  131805 abstract_learner.cc:171] No input feature explicitly specified. Using all the available input features.
I0000 00:00:1786322546.911262  131805 abstract_learner.cc:185] The label "y" was removed from the input feature set.
I0000 00:00:1786322546.911789  131805 random_forest.cc:498] Training random forest on 1500000 example(s) and 4096 feature(s).
I0000 00:00:1786322546.911912  131805 gpu.cc:93] Cannot initialize GPU: Not compiled with GPU support
I0000 00:00:1786322546.912709  131805 random_forest.cc:667] num_threads being used: 48
I0000 00:00:1786322602.252845  132007 random_forest.cc:980] Train tree 1/240 [index:3 total:55.34s tree:55.34s]
I0000 00:00:1786322658.154140  132042 random_forest.cc:980] Train tree 49/240 [index:92 total:1m51.24s tree:52.64s]
I0000 00:00:1786322715.485163  132042 random_forest.cc:980] Train tree 97/240 [index:96 total:2m48.57s tree:57.33s]
I0000 00:00:1786322772.868991  132030 random_forest.cc:980] Train tree 145/240 [index:145 total:3m45.96s tree:56.91s]
I0000 00:00:1786322830.834121  132042 random_forest.cc:980] Train tree 193/240 [index:193 total:4m43.92s tree:57.82s]
I0000 00:00:1786322838.836729  131805 random_forest.cc:987] random_forest.cc Training block took: 291.926 s
W0000 00:00:1786322838.836778  131805 random_forest.cc:1304] EXITING EARLY TO SPEED UP EXPERIMENTS!
RESULT dataset=trunk_1500000_x_4096 threshold=5100 median=291.926s stddev=N/As n=1
