==== PROVENANCE ====
date_utc: 2026-08-10T00:47:35Z
git_sha: 3d9f4291
git_branch: rebased-main
machine: Intel(R) Xeon(R) Platinum 8488C (nproc=48)
machine_serial: ec2d65b4-2555-44a5-d802-ecaea08b3ad7
EXTRA_BAZEL_CONFIGS: --config=disable_std_upper_bound_vectorization
EXTRA_TRAIN_ARGS: <none>
NUM_TREES: 240  NUM_RUNS: 1
DYNAMIC_SPLIT_THRESHOLDS: 100 600 1100 1600 2100 2600 3100 3600 4100 4600 5100
====================


======== DYNAMIC THRESHOLD SWEEP  configs: --config=disable_std_upper_bound_vectorization  args: <none> ========



======== Threshold 100 ========

./bazel-bin/examples/train_oblique_forest --input_mode trunk --rows 1500000 --cols 4096 --num_trees=240 --dynamic_split_threshold=100 
----- Run 1/1 -----
WARNING: All log messages before absl::InitializeLog() is called are written to STDERR
I0000 00:00:1786322855.942385  134716 train_oblique_forest.cc:614] Generating trunk synthetic dataset: rows=1500000, cols=4096, layout=column
I0000 00:00:1786322907.347932  134716 train_oblique_forest.cc:706] -1 (automatic) threads requested. 48 threads set.
I0000 00:00:1786322907.347959  134716 train_oblique_forest.cc:776] Configuring oblique splits
I0000 00:00:1786322907.347962  134716 train_oblique_forest.cc:861] Using Dynamic Random Histogram with 64 samples
I0000 00:00:1786322907.347975  134716 train_oblique_forest.cc:891] train_oblique_forest wall-time - Loading/Init (pre-train): 51.4056s
I0000 00:00:1786322907.348302  134716 abstract_learner.cc:171] No input feature explicitly specified. Using all the available input features.
I0000 00:00:1786322907.348308  134716 abstract_learner.cc:185] The label "y" was removed from the input feature set.
I0000 00:00:1786322907.348863  134716 random_forest.cc:498] Training random forest on 1500000 example(s) and 4096 feature(s).
I0000 00:00:1786322907.348991  134716 gpu.cc:93] Cannot initialize GPU: Not compiled with GPU support
I0000 00:00:1786322907.349811  134716 random_forest.cc:667] num_threads being used: 48
I0000 00:00:1786322987.142255  134952 random_forest.cc:980] Train tree 1/240 [index:43 total:1m19.79s tree:1m19.79s]
I0000 00:00:1786323066.793779  134933 random_forest.cc:980] Train tree 49/240 [index:70 total:2m39.44s tree:1m17.17s]
I0000 00:00:1786323149.216772  134933 random_forest.cc:980] Train tree 97/240 [index:96 total:4m1.87s tree:1m22.42s]
I0000 00:00:1786323231.635905  134933 random_forest.cc:980] Train tree 145/240 [index:144 total:5m24.29s tree:1m22.42s]
I0000 00:00:1786323313.999352  134933 random_forest.cc:980] Train tree 193/240 [index:192 total:6m46.65s tree:1m22.36s]
I0000 00:00:1786323320.879021  134716 random_forest.cc:987] random_forest.cc Training block took: 413.531 s
W0000 00:00:1786323320.879066  134716 random_forest.cc:1304] EXITING EARLY TO SPEED UP EXPERIMENTS!
RESULT dataset=trunk_1500000_x_4096 threshold=100 median=413.531s stddev=N/As n=1


======== Threshold 600 ========

./bazel-bin/examples/train_oblique_forest --input_mode trunk --rows 1500000 --cols 4096 --num_trees=240 --dynamic_split_threshold=600 
----- Run 1/1 -----
WARNING: All log messages before absl::InitializeLog() is called are written to STDERR
I0000 00:00:1786323322.012136  136581 train_oblique_forest.cc:614] Generating trunk synthetic dataset: rows=1500000, cols=4096, layout=column
I0000 00:00:1786323373.284916  136581 train_oblique_forest.cc:706] -1 (automatic) threads requested. 48 threads set.
I0000 00:00:1786323373.284941  136581 train_oblique_forest.cc:776] Configuring oblique splits
I0000 00:00:1786323373.284944  136581 train_oblique_forest.cc:861] Using Dynamic Random Histogram with 64 samples
I0000 00:00:1786323373.284956  136581 train_oblique_forest.cc:891] train_oblique_forest wall-time - Loading/Init (pre-train): 51.2728s
I0000 00:00:1786323373.285241  136581 abstract_learner.cc:171] No input feature explicitly specified. Using all the available input features.
I0000 00:00:1786323373.285247  136581 abstract_learner.cc:185] The label "y" was removed from the input feature set.
I0000 00:00:1786323373.285797  136581 random_forest.cc:498] Training random forest on 1500000 example(s) and 4096 feature(s).
I0000 00:00:1786323373.285919  136581 gpu.cc:93] Cannot initialize GPU: Not compiled with GPU support
I0000 00:00:1786323373.286731  136581 random_forest.cc:667] num_threads being used: 48
I0000 00:00:1786323446.947699  136808 random_forest.cc:980] Train tree 1/240 [index:30 total:1m13.66s tree:1m13.66s]
I0000 00:00:1786323521.128524  136826 random_forest.cc:980] Train tree 49/240 [index:70 total:2m27.84s tree:1m13.02s]
I0000 00:00:1786323596.162447  136790 random_forest.cc:980] Train tree 97/240 [index:97 total:3m42.88s tree:1m14.62s]
I0000 00:00:1786323671.396873  136790 random_forest.cc:980] Train tree 145/240 [index:144 total:4m58.11s tree:1m15.23s]
I0000 00:00:1786323746.651339  136797 random_forest.cc:980] Train tree 193/240 [index:203 total:6m13.36s tree:1m14.41s]
I0000 00:00:1786323751.106633  136581 random_forest.cc:987] random_forest.cc Training block took: 377.822 s
W0000 00:00:1786323751.106670  136581 random_forest.cc:1304] EXITING EARLY TO SPEED UP EXPERIMENTS!
RESULT dataset=trunk_1500000_x_4096 threshold=600 median=377.822s stddev=N/As n=1


======== Threshold 1100 ========

./bazel-bin/examples/train_oblique_forest --input_mode trunk --rows 1500000 --cols 4096 --num_trees=240 --dynamic_split_threshold=1100 
----- Run 1/1 -----
WARNING: All log messages before absl::InitializeLog() is called are written to STDERR
I0000 00:00:1786323752.206711  138280 train_oblique_forest.cc:614] Generating trunk synthetic dataset: rows=1500000, cols=4096, layout=column
I0000 00:00:1786323803.494352  138280 train_oblique_forest.cc:706] -1 (automatic) threads requested. 48 threads set.
I0000 00:00:1786323803.494377  138280 train_oblique_forest.cc:776] Configuring oblique splits
I0000 00:00:1786323803.494381  138280 train_oblique_forest.cc:861] Using Dynamic Random Histogram with 64 samples
I0000 00:00:1786323803.494392  138280 train_oblique_forest.cc:891] train_oblique_forest wall-time - Loading/Init (pre-train): 51.2877s
I0000 00:00:1786323803.494683  138280 abstract_learner.cc:171] No input feature explicitly specified. Using all the available input features.
I0000 00:00:1786323803.494689  138280 abstract_learner.cc:185] The label "y" was removed from the input feature set.
I0000 00:00:1786323803.495234  138280 random_forest.cc:498] Training random forest on 1500000 example(s) and 4096 feature(s).
I0000 00:00:1786323803.495361  138280 gpu.cc:93] Cannot initialize GPU: Not compiled with GPU support
I0000 00:00:1786323803.496160  138280 random_forest.cc:667] num_threads being used: 48
I0000 00:00:1786323874.355093  138513 random_forest.cc:980] Train tree 1/240 [index:43 total:1m10.86s tree:1m10.85s]
I0000 00:00:1786323946.958800  138514 random_forest.cc:980] Train tree 49/240 [index:70 total:2m23.46s tree:1m10.53s]
I0000 00:00:1786324019.767782  138513 random_forest.cc:980] Train tree 97/240 [index:97 total:3m36.27s tree:1m12.68s]
I0000 00:00:1786324092.437361  138513 random_forest.cc:980] Train tree 145/240 [index:144 total:4m48.94s tree:1m12.67s]
I0000 00:00:1786324166.195354  138513 random_forest.cc:980] Train tree 193/240 [index:192 total:6m2.70s tree:1m13.76s]
I0000 00:00:1786324172.957773  138280 random_forest.cc:987] random_forest.cc Training block took: 369.463 s
W0000 00:00:1786324172.957813  138280 random_forest.cc:1304] EXITING EARLY TO SPEED UP EXPERIMENTS!
RESULT dataset=trunk_1500000_x_4096 threshold=1100 median=369.463s stddev=N/As n=1


======== Threshold 1600 ========

./bazel-bin/examples/train_oblique_forest --input_mode trunk --rows 1500000 --cols 4096 --num_trees=240 --dynamic_split_threshold=1600 
----- Run 1/1 -----
WARNING: All log messages before absl::InitializeLog() is called are written to STDERR
I0000 00:00:1786324174.033006  139946 train_oblique_forest.cc:614] Generating trunk synthetic dataset: rows=1500000, cols=4096, layout=column
I0000 00:00:1786324225.356194  139946 train_oblique_forest.cc:706] -1 (automatic) threads requested. 48 threads set.
I0000 00:00:1786324225.356218  139946 train_oblique_forest.cc:776] Configuring oblique splits
I0000 00:00:1786324225.356221  139946 train_oblique_forest.cc:861] Using Dynamic Random Histogram with 64 samples
I0000 00:00:1786324225.356232  139946 train_oblique_forest.cc:891] train_oblique_forest wall-time - Loading/Init (pre-train): 51.3232s
I0000 00:00:1786324225.356551  139946 abstract_learner.cc:171] No input feature explicitly specified. Using all the available input features.
I0000 00:00:1786324225.356557  139946 abstract_learner.cc:185] The label "y" was removed from the input feature set.
I0000 00:00:1786324225.357108  139946 random_forest.cc:498] Training random forest on 1500000 example(s) and 4096 feature(s).
I0000 00:00:1786324225.357235  139946 gpu.cc:93] Cannot initialize GPU: Not compiled with GPU support
I0000 00:00:1786324225.358143  139946 random_forest.cc:667] num_threads being used: 48
I0000 00:00:1786324295.916076  140180 random_forest.cc:980] Train tree 1/240 [index:30 total:1m10.56s tree:1m10.55s]
I0000 00:00:1786324367.539281  140197 random_forest.cc:980] Train tree 49/240 [index:70 total:2m22.18s tree:1m10.00s]
I0000 00:00:1786324439.608426  140166 random_forest.cc:980] Train tree 97/240 [index:98 total:3m34.25s tree:1m11.89s]
I0000 00:00:1786324512.350550  140180 random_forest.cc:980] Train tree 145/240 [index:151 total:4m46.99s tree:1m11.41s]
I0000 00:00:1786324584.142206  140180 random_forest.cc:980] Train tree 193/240 [index:192 total:5m58.78s tree:1m11.79s]
I0000 00:00:1786324589.959419  139946 random_forest.cc:987] random_forest.cc Training block took: 364.603 s
W0000 00:00:1786324589.959460  139946 random_forest.cc:1304] EXITING EARLY TO SPEED UP EXPERIMENTS!
RESULT dataset=trunk_1500000_x_4096 threshold=1600 median=364.603s stddev=N/As n=1


======== Threshold 2100 ========

./bazel-bin/examples/train_oblique_forest --input_mode trunk --rows 1500000 --cols 4096 --num_trees=240 --dynamic_split_threshold=2100 
----- Run 1/1 -----
WARNING: All log messages before absl::InitializeLog() is called are written to STDERR
I0000 00:00:1786324591.038979  141599 train_oblique_forest.cc:614] Generating trunk synthetic dataset: rows=1500000, cols=4096, layout=column
I0000 00:00:1786324642.323429  141599 train_oblique_forest.cc:706] -1 (automatic) threads requested. 48 threads set.
I0000 00:00:1786324642.323454  141599 train_oblique_forest.cc:776] Configuring oblique splits
I0000 00:00:1786324642.323457  141599 train_oblique_forest.cc:861] Using Dynamic Random Histogram with 64 samples
I0000 00:00:1786324642.323469  141599 train_oblique_forest.cc:891] train_oblique_forest wall-time - Loading/Init (pre-train): 51.2845s
I0000 00:00:1786324642.323768  141599 abstract_learner.cc:171] No input feature explicitly specified. Using all the available input features.
I0000 00:00:1786324642.323774  141599 abstract_learner.cc:185] The label "y" was removed from the input feature set.
I0000 00:00:1786324642.324318  141599 random_forest.cc:498] Training random forest on 1500000 example(s) and 4096 feature(s).
I0000 00:00:1786324642.324446  141599 gpu.cc:93] Cannot initialize GPU: Not compiled with GPU support
I0000 00:00:1786324642.325252  141599 random_forest.cc:667] num_threads being used: 48
I0000 00:00:1786324712.350314  141801 random_forest.cc:980] Train tree 1/240 [index:11 total:1m10.03s tree:1m10.02s]
I0000 00:00:1786324782.895892  141833 random_forest.cc:980] Train tree 49/240 [index:70 total:2m20.57s tree:1m9.06s]
I0000 00:00:1786324854.802442  141825 random_forest.cc:980] Train tree 97/240 [index:98 total:3m32.48s tree:1m10.85s]
I0000 00:00:1786324926.412533  141825 random_forest.cc:980] Train tree 145/240 [index:144 total:4m44.09s tree:1m11.61s]
I0000 00:00:1786324998.074887  141827 random_forest.cc:980] Train tree 193/240 [index:194 total:5m55.75s tree:1m11.11s]
I0000 00:00:1786325003.604159  141599 random_forest.cc:987] random_forest.cc Training block took: 361.281 s
W0000 00:00:1786325003.604203  141599 random_forest.cc:1304] EXITING EARLY TO SPEED UP EXPERIMENTS!
RESULT dataset=trunk_1500000_x_4096 threshold=2100 median=361.281s stddev=N/As n=1


======== Threshold 2600 ========

./bazel-bin/examples/train_oblique_forest --input_mode trunk --rows 1500000 --cols 4096 --num_trees=240 --dynamic_split_threshold=2600 
----- Run 1/1 -----
WARNING: All log messages before absl::InitializeLog() is called are written to STDERR
I0000 00:00:1786325004.685896  143247 train_oblique_forest.cc:614] Generating trunk synthetic dataset: rows=1500000, cols=4096, layout=column
I0000 00:00:1786325056.067852  143247 train_oblique_forest.cc:706] -1 (automatic) threads requested. 48 threads set.
I0000 00:00:1786325056.067877  143247 train_oblique_forest.cc:776] Configuring oblique splits
I0000 00:00:1786325056.067880  143247 train_oblique_forest.cc:861] Using Dynamic Random Histogram with 64 samples
I0000 00:00:1786325056.067892  143247 train_oblique_forest.cc:891] train_oblique_forest wall-time - Loading/Init (pre-train): 51.382s
I0000 00:00:1786325056.068219  143247 abstract_learner.cc:171] No input feature explicitly specified. Using all the available input features.
I0000 00:00:1786325056.068224  143247 abstract_learner.cc:185] The label "y" was removed from the input feature set.
I0000 00:00:1786325056.068772  143247 random_forest.cc:498] Training random forest on 1500000 example(s) and 4096 feature(s).
I0000 00:00:1786325056.068901  143247 gpu.cc:93] Cannot initialize GPU: Not compiled with GPU support
I0000 00:00:1786325056.069694  143247 random_forest.cc:667] num_threads being used: 48
I0000 00:00:1786325125.008436  143477 random_forest.cc:980] Train tree 1/240 [index:30 total:1m8.94s tree:1m8.93s]
I0000 00:00:1786325195.341373  143469 random_forest.cc:980] Train tree 49/240 [index:70 total:2m19.27s tree:1m8.25s]
I0000 00:00:1786325265.902715  143469 random_forest.cc:980] Train tree 97/240 [index:96 total:3m29.83s tree:1m10.56s]
I0000 00:00:1786325337.173319  143469 random_forest.cc:980] Train tree 145/240 [index:144 total:4m41.10s tree:1m11.27s]
I0000 00:00:1786325410.104425  143469 random_forest.cc:980] Train tree 193/240 [index:192 total:5m54.03s tree:1m12.93s]
I0000 00:00:1786325415.337956  143247 random_forest.cc:987] random_forest.cc Training block took: 359.27 s
W0000 00:00:1786325415.337998  143247 random_forest.cc:1304] EXITING EARLY TO SPEED UP EXPERIMENTS!
RESULT dataset=trunk_1500000_x_4096 threshold=2600 median=359.27s stddev=N/As n=1


======== Threshold 3100 ========

./bazel-bin/examples/train_oblique_forest --input_mode trunk --rows 1500000 --cols 4096 --num_trees=240 --dynamic_split_threshold=3100 
----- Run 1/1 -----
WARNING: All log messages before absl::InitializeLog() is called are written to STDERR
I0000 00:00:1786325416.409768  144877 train_oblique_forest.cc:614] Generating trunk synthetic dataset: rows=1500000, cols=4096, layout=column
I0000 00:00:1786325467.672504  144877 train_oblique_forest.cc:706] -1 (automatic) threads requested. 48 threads set.
I0000 00:00:1786325467.672527  144877 train_oblique_forest.cc:776] Configuring oblique splits
I0000 00:00:1786325467.672530  144877 train_oblique_forest.cc:861] Using Dynamic Random Histogram with 64 samples
I0000 00:00:1786325467.672541  144877 train_oblique_forest.cc:891] train_oblique_forest wall-time - Loading/Init (pre-train): 51.2628s
I0000 00:00:1786325467.672837  144877 abstract_learner.cc:171] No input feature explicitly specified. Using all the available input features.
I0000 00:00:1786325467.672843  144877 abstract_learner.cc:185] The label "y" was removed from the input feature set.
I0000 00:00:1786325467.673387  144877 random_forest.cc:498] Training random forest on 1500000 example(s) and 4096 feature(s).
I0000 00:00:1786325467.673515  144877 gpu.cc:93] Cannot initialize GPU: Not compiled with GPU support
I0000 00:00:1786325467.674328  144877 random_forest.cc:667] num_threads being used: 48
I0000 00:00:1786325536.107273  145101 random_forest.cc:980] Train tree 1/240 [index:43 total:1m8.43s tree:1m8.43s]
I0000 00:00:1786325605.737893  145109 random_forest.cc:980] Train tree 49/240 [index:70 total:2m18.06s tree:1m7.37s]
I0000 00:00:1786325676.735937  145109 random_forest.cc:980] Train tree 97/240 [index:96 total:3m29.06s tree:1m11.00s]
I0000 00:00:1786325748.635242  145109 random_forest.cc:980] Train tree 145/240 [index:144 total:4m40.96s tree:1m11.90s]
I0000 00:00:1786325819.569608  145107 random_forest.cc:980] Train tree 193/240 [index:194 total:5m51.90s tree:1m10.53s]
I0000 00:00:1786325825.090673  144877 random_forest.cc:987] random_forest.cc Training block took: 357.418 s
W0000 00:00:1786325825.090715  144877 random_forest.cc:1304] EXITING EARLY TO SPEED UP EXPERIMENTS!
RESULT dataset=trunk_1500000_x_4096 threshold=3100 median=357.418s stddev=N/As n=1


======== Threshold 3600 ========

./bazel-bin/examples/train_oblique_forest --input_mode trunk --rows 1500000 --cols 4096 --num_trees=240 --dynamic_split_threshold=3600 
----- Run 1/1 -----
WARNING: All log messages before absl::InitializeLog() is called are written to STDERR
I0000 00:00:1786325826.165685  146496 train_oblique_forest.cc:614] Generating trunk synthetic dataset: rows=1500000, cols=4096, layout=column
I0000 00:00:1786325877.492693  146496 train_oblique_forest.cc:706] -1 (automatic) threads requested. 48 threads set.
I0000 00:00:1786325877.492716  146496 train_oblique_forest.cc:776] Configuring oblique splits
I0000 00:00:1786325877.492719  146496 train_oblique_forest.cc:861] Using Dynamic Random Histogram with 64 samples
I0000 00:00:1786325877.492731  146496 train_oblique_forest.cc:891] train_oblique_forest wall-time - Loading/Init (pre-train): 51.3271s
I0000 00:00:1786325877.493019  146496 abstract_learner.cc:171] No input feature explicitly specified. Using all the available input features.
I0000 00:00:1786325877.493025  146496 abstract_learner.cc:185] The label "y" was removed from the input feature set.
I0000 00:00:1786325877.493576  146496 random_forest.cc:498] Training random forest on 1500000 example(s) and 4096 feature(s).
I0000 00:00:1786325877.493700  146496 gpu.cc:93] Cannot initialize GPU: Not compiled with GPU support
I0000 00:00:1786325877.494513  146496 random_forest.cc:667] num_threads being used: 48
I0000 00:00:1786325946.104437  146723 random_forest.cc:980] Train tree 1/240 [index:43 total:1m8.61s tree:1m8.60s]
I0000 00:00:1786326015.522993  146698 random_forest.cc:980] Train tree 49/240 [index:70 total:2m18.03s tree:1m7.56s]
I0000 00:00:1786326085.575475  146698 random_forest.cc:980] Train tree 97/240 [index:96 total:3m28.08s tree:1m10.05s]
I0000 00:00:1786326156.507598  146698 random_forest.cc:980] Train tree 145/240 [index:144 total:4m39.01s tree:1m10.93s]
I0000 00:00:1786326227.269028  146698 random_forest.cc:980] Train tree 193/240 [index:192 total:5m49.77s tree:1m10.76s]
I0000 00:00:1786326234.945399  146496 random_forest.cc:987] random_forest.cc Training block took: 357.453 s
W0000 00:00:1786326234.945442  146496 random_forest.cc:1304] EXITING EARLY TO SPEED UP EXPERIMENTS!
RESULT dataset=trunk_1500000_x_4096 threshold=3600 median=357.453s stddev=N/As n=1


======== Threshold 4100 ========

./bazel-bin/examples/train_oblique_forest --input_mode trunk --rows 1500000 --cols 4096 --num_trees=240 --dynamic_split_threshold=4100 
----- Run 1/1 -----
WARNING: All log messages before absl::InitializeLog() is called are written to STDERR
I0000 00:00:1786326236.013256  148114 train_oblique_forest.cc:614] Generating trunk synthetic dataset: rows=1500000, cols=4096, layout=column
I0000 00:00:1786326287.338209  148114 train_oblique_forest.cc:706] -1 (automatic) threads requested. 48 threads set.
I0000 00:00:1786326287.338234  148114 train_oblique_forest.cc:776] Configuring oblique splits
I0000 00:00:1786326287.338237  148114 train_oblique_forest.cc:861] Using Dynamic Random Histogram with 64 samples
I0000 00:00:1786326287.338249  148114 train_oblique_forest.cc:891] train_oblique_forest wall-time - Loading/Init (pre-train): 51.325s
I0000 00:00:1786326287.338537  148114 abstract_learner.cc:171] No input feature explicitly specified. Using all the available input features.
I0000 00:00:1786326287.338543  148114 abstract_learner.cc:185] The label "y" was removed from the input feature set.
I0000 00:00:1786326287.339088  148114 random_forest.cc:498] Training random forest on 1500000 example(s) and 4096 feature(s).
I0000 00:00:1786326287.339216  148114 gpu.cc:93] Cannot initialize GPU: Not compiled with GPU support
I0000 00:00:1786326287.340036  148114 random_forest.cc:667] num_threads being used: 48
I0000 00:00:1786326355.097165  148352 random_forest.cc:980] Train tree 1/240 [index:43 total:1m7.76s tree:1m7.75s]
I0000 00:00:1786326425.315680  148341 random_forest.cc:980] Train tree 49/240 [index:70 total:2m17.98s tree:1m7.67s]
I0000 00:00:1786326495.320995  148344 random_forest.cc:980] Train tree 97/240 [index:100 total:3m27.98s tree:1m8.75s]
I0000 00:00:1786326565.628120  148344 random_forest.cc:980] Train tree 145/240 [index:144 total:4m38.29s tree:1m10.31s]
I0000 00:00:1786326636.066480  148344 random_forest.cc:980] Train tree 193/240 [index:192 total:5m48.73s tree:1m10.44s]
I0000 00:00:1786326641.813096  148114 random_forest.cc:987] random_forest.cc Training block took: 354.475 s
W0000 00:00:1786326641.813139  148114 random_forest.cc:1304] EXITING EARLY TO SPEED UP EXPERIMENTS!
RESULT dataset=trunk_1500000_x_4096 threshold=4100 median=354.475s stddev=N/As n=1


======== Threshold 4600 ========

./bazel-bin/examples/train_oblique_forest --input_mode trunk --rows 1500000 --cols 4096 --num_trees=240 --dynamic_split_threshold=4600 
----- Run 1/1 -----
WARNING: All log messages before absl::InitializeLog() is called are written to STDERR
I0000 00:00:1786326642.886010  149728 train_oblique_forest.cc:614] Generating trunk synthetic dataset: rows=1500000, cols=4096, layout=column
I0000 00:00:1786326694.061253  149728 train_oblique_forest.cc:706] -1 (automatic) threads requested. 48 threads set.
I0000 00:00:1786326694.061278  149728 train_oblique_forest.cc:776] Configuring oblique splits
I0000 00:00:1786326694.061281  149728 train_oblique_forest.cc:861] Using Dynamic Random Histogram with 64 samples
I0000 00:00:1786326694.061293  149728 train_oblique_forest.cc:891] train_oblique_forest wall-time - Loading/Init (pre-train): 51.1753s
I0000 00:00:1786326694.061584  149728 abstract_learner.cc:171] No input feature explicitly specified. Using all the available input features.
I0000 00:00:1786326694.061590  149728 abstract_learner.cc:185] The label "y" was removed from the input feature set.
I0000 00:00:1786326694.062132  149728 random_forest.cc:498] Training random forest on 1500000 example(s) and 4096 feature(s).
I0000 00:00:1786326694.062261  149728 gpu.cc:93] Cannot initialize GPU: Not compiled with GPU support
I0000 00:00:1786326694.063079  149728 random_forest.cc:667] num_threads being used: 48
I0000 00:00:1786326761.441998  149958 random_forest.cc:980] Train tree 1/240 [index:43 total:1m7.38s tree:1m7.37s]
I0000 00:00:1786326830.763077  149929 random_forest.cc:980] Train tree 49/240 [index:70 total:2m16.70s tree:1m6.72s]
I0000 00:00:1786326900.344753  149929 random_forest.cc:980] Train tree 97/240 [index:96 total:3m26.28s tree:1m9.58s]
I0000 00:00:1786326970.191915  149929 random_forest.cc:980] Train tree 145/240 [index:144 total:4m36.13s tree:1m9.85s]
I0000 00:00:1786327041.314032  149929 random_forest.cc:980] Train tree 193/240 [index:192 total:5m47.25s tree:1m11.12s]
I0000 00:00:1786327048.054115  149728 random_forest.cc:987] random_forest.cc Training block took: 353.993 s
W0000 00:00:1786327048.054157  149728 random_forest.cc:1304] EXITING EARLY TO SPEED UP EXPERIMENTS!
RESULT dataset=trunk_1500000_x_4096 threshold=4600 median=353.993s stddev=N/As n=1


======== Threshold 5100 ========

./bazel-bin/examples/train_oblique_forest --input_mode trunk --rows 1500000 --cols 4096 --num_trees=240 --dynamic_split_threshold=5100 
----- Run 1/1 -----
WARNING: All log messages before absl::InitializeLog() is called are written to STDERR
I0000 00:00:1786327049.128867  151331 train_oblique_forest.cc:614] Generating trunk synthetic dataset: rows=1500000, cols=4096, layout=column
I0000 00:00:1786327100.402030  151331 train_oblique_forest.cc:706] -1 (automatic) threads requested. 48 threads set.
I0000 00:00:1786327100.402055  151331 train_oblique_forest.cc:776] Configuring oblique splits
I0000 00:00:1786327100.402058  151331 train_oblique_forest.cc:861] Using Dynamic Random Histogram with 64 samples
I0000 00:00:1786327100.402069  151331 train_oblique_forest.cc:891] train_oblique_forest wall-time - Loading/Init (pre-train): 51.2732s
I0000 00:00:1786327100.402357  151331 abstract_learner.cc:171] No input feature explicitly specified. Using all the available input features.
I0000 00:00:1786327100.402363  151331 abstract_learner.cc:185] The label "y" was removed from the input feature set.
I0000 00:00:1786327100.402917  151331 random_forest.cc:498] Training random forest on 1500000 example(s) and 4096 feature(s).
I0000 00:00:1786327100.403044  151331 gpu.cc:93] Cannot initialize GPU: Not compiled with GPU support
I0000 00:00:1786327100.403864  151331 random_forest.cc:667] num_threads being used: 48
I0000 00:00:1786327169.167536  151567 random_forest.cc:980] Train tree 1/240 [index:43 total:1m8.76s tree:1m8.76s]
I0000 00:00:1786327237.610830  151565 random_forest.cc:980] Train tree 49/240 [index:92 total:2m17.21s tree:1m6.21s]
I0000 00:00:1786327307.696704  151554 random_forest.cc:980] Train tree 97/240 [index:105 total:3m27.29s tree:1m8.08s]
I0000 00:00:1786327377.821493  151565 random_forest.cc:980] Train tree 145/240 [index:145 total:4m37.42s tree:1m10.10s]
I0000 00:00:1786327448.474859  151567 random_forest.cc:980] Train tree 193/240 [index:194 total:5m48.07s tree:1m9.95s]
I0000 00:00:1786327457.511089  151331 random_forest.cc:987] random_forest.cc Training block took: 357.109 s
W0000 00:00:1786327457.511131  151331 random_forest.cc:1304] EXITING EARLY TO SPEED UP EXPERIMENTS!
RESULT dataset=trunk_1500000_x_4096 threshold=5100 median=357.109s stddev=N/As n=1
