

======== NORMAL EXPERIMENTS (no explicit vector ISA) histogram_num_bins=64 ========



======== OBLIQUE EXPERIMENTS histogram_num_bins=64 ========



======== Running Exact [Oblique] ========

./bazel-bin/examples/train_oblique_forest --input_mode trunk --rows 1000000 --feature_split_type "Oblique" --numerical_split_type "Exact" --num_trees=30 --num_threads=-1 --compute_oob_performances=false  
----- Run 1/7 -----
WARNING: All log messages before absl::InitializeLog() is called are written to STDERR
I0000 00:00:1777606150.918804  239000 train_oblique_forest.cc:261] Generating trunk synthetic dataset: rows=1000000, cols=4096
I0000 00:00:1777606208.966878  239000 train_oblique_forest.cc:391] Configuring oblique splits
I0000 00:00:1777606208.966912  239000 train_oblique_forest.cc:439] Using exact splitting
I0000 00:00:1777606208.967366  239000 abstract_learner.cc:155] No input feature explicitly specified. Using all the available input features.
I0000 00:00:1777606208.967374  239000 abstract_learner.cc:172] The label "y" was removed from the input feature set.
I0000 00:00:1777606208.968323  239000 random_forest.cc:478] Training random forest on 1000000 example(s) and 4096 feature(s).
I0000 00:00:1777606208.968629  239000 gpu.cc:93] Cannot initialize GPU: Not compiled with GPU support
I0000 00:00:1777606208.970198  239000 random_forest.cc:713] num_threads being used: 6
I0000 00:00:1777606271.796824  239426 random_forest.cc:1121] Train tree 1/30 [index:2 total:1m2.83s tree:1m2.82s]
I0000 00:00:1777606335.152505  239426 random_forest.cc:1121] Train tree 7/30 [index:6 total:2m6.18s tree:1m3.36s]
I0000 00:00:1777606404.477772  239430 random_forest.cc:1121] Train tree 13/30 [index:14 total:3m15.51s tree:1m7.09s]
I0000 00:00:1777606473.702855  239430 random_forest.cc:1121] Train tree 19/30 [index:18 total:4m24.73s tree:1m9.23s]
I0000 00:00:1777606539.468139  239430 random_forest.cc:1121] Train tree 25/30 [index:24 total:5m30.50s tree:1m5.77s]
I0000 00:00:1777606548.386629  239000 random_forest.cc:1131] random_forest.cc Training block took: 339.42 s
I0000 00:00:1777606548.386689  239000 random_forest.cc:1217] EXITING EARLY TO SPEED UP EXPERIMENTS!
-1 (automatic) threads requested. 6 threads set.
----- Run 2/7 -----
WARNING: All log messages before absl::InitializeLog() is called are written to STDERR
I0000 00:00:1777606549.322775  241275 train_oblique_forest.cc:261] Generating trunk synthetic dataset: rows=1000000, cols=4096
I0000 00:00:1777606607.291350  241275 train_oblique_forest.cc:391] Configuring oblique splits
I0000 00:00:1777606607.291373  241275 train_oblique_forest.cc:439] Using exact splitting
I0000 00:00:1777606607.291865  241275 abstract_learner.cc:155] No input feature explicitly specified. Using all the available input features.
I0000 00:00:1777606607.291874  241275 abstract_learner.cc:172] The label "y" was removed from the input feature set.
I0000 00:00:1777606607.292718  241275 random_forest.cc:478] Training random forest on 1000000 example(s) and 4096 feature(s).
I0000 00:00:1777606607.292928  241275 gpu.cc:93] Cannot initialize GPU: Not compiled with GPU support
I0000 00:00:1777606607.294358  241275 random_forest.cc:713] num_threads being used: 6
I0000 00:00:1777606669.963479  241561 random_forest.cc:1121] Train tree 1/30 [index:4 total:1m2.67s tree:1m2.67s]
I0000 00:00:1777606733.328146  241558 random_forest.cc:1121] Train tree 7/30 [index:7 total:2m6.03s tree:1m2.72s]
I0000 00:00:1777606795.648515  241558 random_forest.cc:1121] Train tree 13/30 [index:12 total:3m8.35s tree:1m2.32s]
I0000 00:00:1777606858.286410  241558 random_forest.cc:1121] Train tree 19/30 [index:18 total:4m10.99s tree:1m2.64s]
I0000 00:00:1777606924.631692  241561 random_forest.cc:1121] Train tree 25/30 [index:26 total:5m17.34s tree:1m2.79s]
I0000 00:00:1777606929.240484  241275 random_forest.cc:1131] random_forest.cc Training block took: 321.949 s
I0000 00:00:1777606929.240548  241275 random_forest.cc:1217] EXITING EARLY TO SPEED UP EXPERIMENTS!
-1 (automatic) threads requested. 6 threads set.
----- Run 3/7 -----
