

Inferring DataSpec from CSV: benchmarks/data/HIGGS_with_header.csv


WARNING: All log messages before absl::InitializeLog() is called are written to STDERR
I0000 00:00:1769961079.783662    6428 csv_example_reader.cc:212] 0 row(s) processed
I0000 00:00:1769961079.791852    6428 csv_example_reader.cc:216] Stop scanning the csv file to infer the type. Some records were not considered.
I0000 00:00:1769961079.791869    6428 data_spec_inference.cc:457] 29 column(s) found
I0000 00:00:1769961079.791882    6428 csv_example_reader.cc:303] 0 row(s) processed
I0000 00:00:1769961109.791868    6428 csv_example_reader.cc:303] 8260258 row(s) processed
I0000 00:00:1769961119.728427    6428 data_spec_inference.cc:494] Finalizing [11000000 row(s) found]
I0000 00:00:1769961119.728520    6428 abstract_learner.cc:155] No input feature explicitly specified. Using all the available input features.
I0000 00:00:1769961119.728523    6428 abstract_learner.cc:172] The label "class" was removed from the input feature set.
I0000 00:00:1769961119.729065    6428 vertical_dataset_io.cc:82] 100 examples scanned.
I0000 00:00:1769961149.729304    6428 vertical_dataset_io.cc:82] 7700100 examples scanned.
I0000 00:00:1769961163.440595    6428 vertical_dataset_io.cc:88] 11000000 examples read. Memory: usage:1276MB allocated:1276MB. 0 (0%) examples have been skipped.
I0000 00:00:1769961163.440673    6428 abstract_learner.cc:155] No input feature explicitly specified. Using all the available input features.
I0000 00:00:1769961163.440679    6428 abstract_learner.cc:172] The label "class" was removed from the input feature set.
I0000 00:00:1769961163.440699    6428 random_forest.cc:467] Training random forest on 11000000 example(s) and 28 feature(s).
I0000 00:00:1769961163.440710    6428 gpu.cc:93] Cannot initialize GPU: Not compiled with GPU support
I0000 00:00:1769961163.799586    6428 random_forest.cc:663] num_threads being used: 48
I0000 00:00:1769961310.506056    6767 random_forest.cc:954] Train tree 1/100 accuracy:0.64147 logloss:12.8964 [index:21 total:2m26.71s tree:2m26.70s]
I0000 00:00:1769961334.853344    6756 random_forest.cc:954] Train tree 2/100 accuracy:0.645092 logloss:11.3378 [index:12 total:2m51.05s tree:2m51.05s]
I0000 00:00:1769961361.181340    6774 random_forest.cc:954] Train tree 3/100 accuracy:0.649136 logloss:9.91181 [index:29 total:3m17.38s tree:3m17.38s]
I0000 00:00:1769961388.818370    6772 random_forest.cc:954] Train tree 4/100 accuracy:0.654597 logloss:8.60224 [index:31 total:3m45.02s tree:3m45.02s]
I0000 00:00:1769961417.558532    6757 random_forest.cc:954] Train tree 5/100 accuracy:0.658994 logloss:7.45654 [index:13 total:4m13.76s tree:4m13.76s]
I0000 00:00:1769961445.999911    6775 random_forest.cc:954] Train tree 6/100 accuracy:0.664788 logloss:6.42033 [index:32 total:4m42.20s tree:4m42.20s]
I0000 00:00:1769961474.356835    6754 random_forest.cc:954] Train tree 7/100 accuracy:0.669955 logloss:5.52766 [index:1 total:5m10.56s tree:5m10.56s]
I0000 00:00:1769961502.321848    6788 random_forest.cc:954] Train tree 8/100 accuracy:0.674795 logloss:4.75576 [index:44 total:5m38.52s tree:5m38.52s]
I0000 00:00:1769961530.990838    6769 random_forest.cc:954] Train tree 9/100 accuracy:0.679283 logloss:4.10306 [index:27 total:6m7.19s tree:6m7.19s]
I0000 00:00:1769961558.826208    6768 random_forest.cc:954] Train tree 10/100 accuracy:0.683544 logloss:3.54131 [index:28 total:6m35.03s tree:6m35.02s]
I0000 00:00:1769961587.541924    6752 random_forest.cc:954] Train tree 11/100 accuracy:0.687753 logloss:3.07839 [index:3 total:7m3.74s tree:7m3.74s]
I0000 00:00:1769961616.272741    6755 random_forest.cc:954] Train tree 12/100 accuracy:0.691467 logloss:2.68998 [index:11 total:7m32.47s tree:7m32.47s]
I0000 00:00:1769961644.735396    6782 random_forest.cc:954] Train tree 13/100 accuracy:0.695 logloss:2.36581 [index:38 total:8m0.94s tree:8m0.93s]
I0000 00:00:1769961673.187114    6792 random_forest.cc:954] Train tree 14/100 accuracy:0.698156 logloss:2.09241 [index:5 total:8m29.39s tree:8m29.39s]
I0000 00:00:1769961701.521727    6794 random_forest.cc:954] Train tree 15/100 accuracy:0.701345 logloss:1.86676 [index:9 total:8m57.72s tree:8m57.72s]
I0000 00:00:1769961729.721079    6793 random_forest.cc:954] Train tree 16/100 accuracy:0.704116 logloss:1.67889 [index:4 total:9m25.92s tree:9m25.92s]
I0000 00:00:1769961757.672708    6760 random_forest.cc:954] Train tree 17/100 accuracy:0.70653 logloss:1.52129 [index:17 total:9m53.87s tree:9m53.87s]
I0000 00:00:1769961786.867301    6783 random_forest.cc:954] Train tree 18/100 accuracy:0.708803 logloss:1.38878 [index:40 total:10m23.07s tree:10m23.06s]
I0000 00:00:1769961815.682263    6787 random_forest.cc:954] Train tree 19/100 accuracy:0.710924 logloss:1.27586 [index:43 total:10m51.88s tree:10m51.88s]
I0000 00:00:1769961843.970713    6778 random_forest.cc:954] Train tree 20/100 accuracy:0.712936 logloss:1.18244 [index:37 total:11m20.17s tree:11m20.17s]
I0000 00:00:1769961872.834604    6776 random_forest.cc:954] Train tree 21/100 accuracy:0.714695 logloss:1.10124 [index:24 total:11m49.04s tree:11m49.03s]
I0000 00:00:1769961901.581118    6785 random_forest.cc:954] Train tree 22/100 accuracy:0.716312 logloss:1.03139 [index:42 total:12m17.78s tree:12m17.78s]
I0000 00:00:1769961930.309962    6773 random_forest.cc:954] Train tree 23/100 accuracy:0.717789 logloss:0.971335 [index:30 total:12m46.51s tree:12m46.51s]
I0000 00:00:1769961958.425650    6764 random_forest.cc:954] Train tree 24/100 accuracy:0.7192 logloss:0.920325 [index:20 total:13m14.63s tree:13m14.62s]
I0000 00:00:1769961987.055761    6771 random_forest.cc:954] Train tree 25/100 accuracy:0.720472 logloss:0.877002 [index:26 total:13m43.26s tree:13m43.25s]
I0000 00:00:1769962015.490391    6750 random_forest.cc:954] Train tree 26/100 accuracy:0.721706 logloss:0.838746 [index:2 total:14m11.69s tree:14m11.69s]
I0000 00:00:1769962044.242451    6786 random_forest.cc:954] Train tree 27/100 accuracy:0.722769 logloss:0.805483 [index:34 total:14m40.44s tree:14m40.44s]
I0000 00:00:1769962073.249199    6762 random_forest.cc:954] Train tree 28/100 accuracy:0.724048 logloss:0.777424 [index:19 total:15m9.45s tree:15m9.45s]
I0000 00:00:1769962102.139610    6777 random_forest.cc:954] Train tree 29/100 accuracy:0.725108 logloss:0.752303 [index:33 total:15m38.34s tree:15m38.34s]
I0000 00:00:1769962130.724497    6761 random_forest.cc:954] Train tree 30/100 accuracy:0.726198 logloss:0.729981 [index:14 total:16m6.92s tree:16m6.92s]
I0000 00:00:1769962158.805188    6781 random_forest.cc:954] Train tree 31/100 accuracy:0.727069 logloss:0.710077 [index:39 total:16m35.01s tree:16m35.00s]
I0000 00:00:1769962187.969429    6789 random_forest.cc:954] Train tree 32/100 accuracy:0.728014 logloss:0.693196 [index:46 total:17m4.17s tree:17m4.17s]
I0000 00:00:1769962216.969608    6751 random_forest.cc:954] Train tree 33/100 accuracy:0.728873 logloss:0.677531 [index:7 total:17m33.17s tree:17m33.17s]
I0000 00:00:1769962245.700207    6779 random_forest.cc:954] Train tree 34/100 accuracy:0.729721 logloss:0.663654 [index:35 total:18m1.90s tree:18m1.90s]
I0000 00:00:1769962274.892197    6765 random_forest.cc:954] Train tree 35/100 accuracy:0.730587 logloss:0.651429 [index:22 total:18m31.09s tree:18m31.09s]
I0000 00:00:1769962304.009816    6770 random_forest.cc:954] Train tree 36/100 accuracy:0.731406 logloss:0.640713 [index:25 total:19m0.21s tree:19m0.21s]
I0000 00:00:1769962332.778615    6790 random_forest.cc:954] Train tree 37/100 accuracy:0.732176 logloss:0.630529 [index:45 total:19m28.98s tree:19m28.98s]
I0000 00:00:1769962361.603068    6791 random_forest.cc:954] Train tree 38/100 accuracy:0.732833 logloss:0.621489 [index:6 total:19m57.80s tree:19m57.80s]
I0000 00:00:1769962390.952975    6795 random_forest.cc:954] Train tree 39/100 accuracy:0.733494 logloss:0.613079 [index:10 total:20m27.15s tree:20m27.15s]
I0000 00:00:1769962419.295538    6766 random_forest.cc:954] Train tree 40/100 accuracy:0.734119 logloss:0.605816 [index:23 total:20m55.50s tree:20m55.49s]
I0000 00:00:1769962447.504866    6780 random_forest.cc:954] Train tree 41/100 accuracy:0.734611 logloss:0.599182 [index:36 total:21m23.71s tree:21m23.70s]
I0000 00:00:1769962475.809779    6759 random_forest.cc:954] Train tree 42/100 accuracy:0.735205 logloss:0.592898 [index:15 total:21m52.01s tree:21m52.01s]
I0000 00:00:1769962504.725208    6753 random_forest.cc:954] Train tree 43/100 accuracy:0.735707 logloss:0.587234 [index:8 total:22m20.93s tree:22m20.92s]
I0000 00:00:1769962532.891777    6784 random_forest.cc:954] Train tree 44/100 accuracy:0.736292 logloss:0.581967 [index:41 total:22m49.09s tree:22m49.09s]
I0000 00:00:1769962561.784566    6763 random_forest.cc:954] Train tree 45/100 accuracy:0.736793 logloss:0.577209 [index:18 total:23m17.98s tree:23m17.98s]
I0000 00:00:1769962590.210986    6758 random_forest.cc:954] Train tree 46/100 accuracy:0.737223 logloss:0.572415 [index:16 total:23m46.41s tree:23m46.41s]
I0000 00:00:1769962618.449793    6796 random_forest.cc:954] Train tree 47/100 accuracy:0.737674 logloss:0.568267 [index:47 total:24m14.65s tree:24m14.65s]
I0000 00:00:1769962648.134012    6797 random_forest.cc:954] Train tree 48/100 accuracy:0.738147 logloss:0.564691 [index:0 total:24m44.33s tree:24m44.33s]
I0000 00:00:1769962675.222171    6767 random_forest.cc:954] Train tree 49/100 accuracy:0.738619 logloss:0.561422 [index:48 total:25m11.42s tree:22m44.71s]
I0000 00:00:1769962703.982931    6756 random_forest.cc:954] Train tree 50/100 accuracy:0.738975 logloss:0.558383 [index:49 total:25m40.18s tree:22m49.13s]
I0000 00:00:1769962732.883958    6774 random_forest.cc:954] Train tree 51/100 accuracy:0.739382 logloss:0.555431 [index:50 total:26m9.08s tree:22m51.70s]
I0000 00:00:1769962761.359123    6772 random_forest.cc:954] Train tree 52/100 accuracy:0.739796 logloss:0.552738 [index:51 total:26m37.56s tree:22m52.54s]
I0000 00:00:1769962789.848756    6757 random_forest.cc:954] Train tree 53/100 accuracy:0.74017 logloss:0.550164 [index:52 total:27m6.05s tree:22m52.29s]
I0000 00:00:1769962816.464765    6775 random_forest.cc:954] Train tree 54/100 accuracy:0.740555 logloss:0.547641 [index:53 total:27m32.67s tree:22m50.46s]
I0000 00:00:1769962842.255759    6754 random_forest.cc:954] Train tree 55/100 accuracy:0.740924 logloss:0.545462 [index:54 total:27m58.46s tree:22m47.90s]
I0000 00:00:1769962865.775128    6788 random_forest.cc:954] Train tree 56/100 accuracy:0.741308 logloss:0.543558 [index:55 total:28m21.98s tree:22m43.45s]
I0000 00:00:1769962887.519007    6769 random_forest.cc:954] Train tree 57/100 accuracy:0.741618 logloss:0.541651 [index:56 total:28m43.72s tree:22m36.53s]
I0000 00:00:1769962908.787480    6768 random_forest.cc:954] Train tree 58/100 accuracy:0.741934 logloss:0.539833 [index:57 total:29m4.99s tree:22m29.96s]
I0000 00:00:1769962930.545039    6752 random_forest.cc:954] Train tree 59/100 accuracy:0.742229 logloss:0.538316 [index:58 total:29m26.75s tree:22m23.00s]
I0000 00:00:1769962951.854095    6755 random_forest.cc:954] Train tree 60/100 accuracy:0.742542 logloss:0.536751 [index:59 total:29m48.05s tree:22m15.58s]
I0000 00:00:1769962972.995274    6782 random_forest.cc:954] Train tree 61/100 accuracy:0.742792 logloss:0.535278 [index:60 total:30m9.20s tree:22m8.26s]
I0000 00:00:1769962994.606091    6792 random_forest.cc:954] Train tree 62/100 accuracy:0.743061 logloss:0.533946 [index:61 total:30m30.81s tree:22m1.42s]
I0000 00:00:1769963015.737280    6794 random_forest.cc:954] Train tree 63/100 accuracy:0.743329 logloss:0.532744 [index:62 total:30m51.94s tree:21m54.21s]
I0000 00:00:1769963037.222496    6793 random_forest.cc:954] Train tree 64/100 accuracy:0.743591 logloss:0.531517 [index:63 total:31m13.42s tree:21m47.50s]
I0000 00:00:1769963058.340433    6760 random_forest.cc:954] Train tree 65/100 accuracy:0.743876 logloss:0.530353 [index:64 total:31m34.54s tree:21m40.67s]
I0000 00:00:1769963080.288311    6783 random_forest.cc:954] Train tree 66/100 accuracy:0.74417 logloss:0.529213 [index:65 total:31m56.49s tree:21m33.42s]
I0000 00:00:1769963101.765738    6787 random_forest.cc:954] Train tree 67/100 accuracy:0.744339 logloss:0.528148 [index:66 total:32m17.97s tree:21m26.08s]
I0000 00:00:1769963123.007177    6778 random_forest.cc:954] Train tree 68/100 accuracy:0.7446 logloss:0.527162 [index:67 total:32m39.21s tree:21m19.04s]
I0000 00:00:1769963144.557162    6776 random_forest.cc:954] Train tree 69/100 accuracy:0.744884 logloss:0.526199 [index:68 total:33m0.76s tree:21m11.72s]
I0000 00:00:1769963166.130421    6785 random_forest.cc:954] Train tree 70/100 accuracy:0.745085 logloss:0.525289 [index:69 total:33m22.33s tree:21m4.55s]
I0000 00:00:1769963187.675273    6773 random_forest.cc:954] Train tree 71/100 accuracy:0.745334 logloss:0.524409 [index:70 total:33m43.88s tree:20m57.36s]
I0000 00:00:1769963208.780274    6764 random_forest.cc:954] Train tree 72/100 accuracy:0.745555 logloss:0.523611 [index:71 total:34m4.98s tree:20m50.35s]
I0000 00:00:1769963230.110926    6771 random_forest.cc:954] Train tree 73/100 accuracy:0.745751 logloss:0.522839 [index:72 total:34m26.31s tree:20m43.05s]
I0000 00:00:1769963251.692385    6750 random_forest.cc:954] Train tree 74/100 accuracy:0.745936 logloss:0.522114 [index:73 total:34m47.89s tree:20m36.20s]
I0000 00:00:1769963273.613233    6786 random_forest.cc:954] Train tree 75/100 accuracy:0.746146 logloss:0.52137 [index:74 total:35m9.81s tree:20m29.37s]
I0000 00:00:1769963295.801539    6762 random_forest.cc:954] Train tree 76/100 accuracy:0.746299 logloss:0.520786 [index:75 total:35m32.00s tree:20m22.55s]
I0000 00:00:1769963317.681103    6777 random_forest.cc:954] Train tree 77/100 accuracy:0.746472 logloss:0.520187 [index:76 total:35m53.88s tree:20m15.54s]
I0000 00:00:1769963339.258645    6761 random_forest.cc:954] Train tree 78/100 accuracy:0.746684 logloss:0.519513 [index:77 total:36m15.46s tree:20m8.53s]
I0000 00:00:1769963360.475302    6781 random_forest.cc:954] Train tree 79/100 accuracy:0.746869 logloss:0.518892 [index:78 total:36m36.68s tree:20m1.67s]
I0000 00:00:1769963382.341885    6789 random_forest.cc:954] Train tree 80/100 accuracy:0.747037 logloss:0.518357 [index:79 total:36m58.54s tree:19m54.37s]
I0000 00:00:1769963404.148579    6751 random_forest.cc:954] Train tree 81/100 accuracy:0.747228 logloss:0.517827 [index:80 total:37m20.35s tree:19m47.18s]
I0000 00:00:1769963425.709511    6779 random_forest.cc:954] Train tree 82/100 accuracy:0.747332 logloss:0.517312 [index:81 total:37m41.91s tree:19m40.01s]
I0000 00:00:1769963447.613460    6765 random_forest.cc:954] Train tree 83/100 accuracy:0.747556 logloss:0.516812 [index:82 total:38m3.81s tree:19m32.72s]
I0000 00:00:1769963469.298751    6770 random_forest.cc:954] Train tree 84/100 accuracy:0.747695 logloss:0.516282 [index:83 total:38m25.50s tree:19m25.29s]
I0000 00:00:1769963491.036882    6790 random_forest.cc:954] Train tree 85/100 accuracy:0.747842 logloss:0.515836 [index:84 total:38m47.24s tree:19m18.26s]
I0000 00:00:1769963512.667140    6791 random_forest.cc:954] Train tree 86/100 accuracy:0.748027 logloss:0.515436 [index:85 total:39m8.87s tree:19m11.06s]
I0000 00:00:1769963534.907441    6795 random_forest.cc:954] Train tree 87/100 accuracy:0.748184 logloss:0.515069 [index:86 total:39m31.11s tree:19m3.95s]
I0000 00:00:1769963555.954339    6766 random_forest.cc:954] Train tree 88/100 accuracy:0.748347 logloss:0.514723 [index:87 total:39m52.15s tree:18m56.66s]
I0000 00:00:1769963577.926178    6780 random_forest.cc:954] Train tree 89/100 accuracy:0.748476 logloss:0.514357 [index:88 total:40m14.13s tree:18m50.42s]
I0000 00:00:1769963599.088838    6759 random_forest.cc:954] Train tree 90/100 accuracy:0.74861 logloss:0.513984 [index:89 total:40m35.29s tree:18m43.28s]
I0000 00:00:1769963620.539720    6753 random_forest.cc:954] Train tree 91/100 accuracy:0.748805 logloss:0.513593 [index:90 total:40m56.74s tree:18m35.81s]
I0000 00:00:1769963642.027845    6784 random_forest.cc:954] Train tree 92/100 accuracy:0.748923 logloss:0.513212 [index:91 total:41m18.23s tree:18m29.13s]
I0000 00:00:1769963663.655317    6763 random_forest.cc:954] Train tree 93/100 accuracy:0.749085 logloss:0.512887 [index:92 total:41m39.86s tree:18m21.87s]
I0000 00:00:1769963685.501646    6758 random_forest.cc:954] Train tree 94/100 accuracy:0.749243 logloss:0.512611 [index:93 total:42m1.70s tree:18m15.29s]
I0000 00:00:1769963707.116377    6796 random_forest.cc:954] Train tree 95/100 accuracy:0.749385 logloss:0.512293 [index:94 total:42m23.32s tree:18m8.66s]
I0000 00:00:1769963729.081804    6797 random_forest.cc:954] Train tree 96/100 accuracy:0.749509 logloss:0.51202 [index:95 total:42m45.28s tree:18m0.95s]
I0000 00:00:1769963750.353065    6767 random_forest.cc:954] Train tree 97/100 accuracy:0.749648 logloss:0.511785 [index:96 total:43m6.55s tree:17m55.13s]
I0000 00:00:1769963771.874746    6756 random_forest.cc:954] Train tree 98/100 accuracy:0.749798 logloss:0.511553 [index:97 total:43m28.08s tree:17m47.89s]
I0000 00:00:1769963793.689591    6774 random_forest.cc:954] Train tree 99/100 accuracy:0.749912 logloss:0.51127 [index:98 total:43m49.89s tree:17m40.80s]
I0000 00:00:1769963814.856746    6772 random_forest.cc:954] Train tree 100/100 accuracy:0.750029 logloss:0.511011 [index:99 total:44m11.06s tree:17m33.50s]
I0000 00:00:1769963814.858558    6428 random_forest.cc:1103] Final OOB metrics: accuracy:0.750029 logloss:0.511011
-1 (automatic) threads requested. 48 threads set.
Configuring oblique splits
Using exact splitting
Training wall-time: 2882.36s


Inferring DataSpec from CSV: benchmarks/data/HIGGS_with_header.csv


WARNING: All log messages before absl::InitializeLog() is called are written to STDERR
I0000 00:00:1769964061.331931   17940 csv_example_reader.cc:212] 0 row(s) processed
I0000 00:00:1769964061.340082   17940 csv_example_reader.cc:216] Stop scanning the csv file to infer the type. Some records were not considered.
I0000 00:00:1769964061.340097   17940 data_spec_inference.cc:457] 29 column(s) found
I0000 00:00:1769964061.340111   17940 csv_example_reader.cc:303] 0 row(s) processed
I0000 00:00:1769964091.340074   17940 csv_example_reader.cc:303] 8261780 row(s) processed
I0000 00:00:1769964101.291431   17940 data_spec_inference.cc:494] Finalizing [11000000 row(s) found]
I0000 00:00:1769964101.291526   17940 abstract_learner.cc:155] No input feature explicitly specified. Using all the available input features.
I0000 00:00:1769964101.291528   17940 abstract_learner.cc:172] The label "class" was removed from the input feature set.
I0000 00:00:1769964101.292075   17940 vertical_dataset_io.cc:82] 100 examples scanned.
I0000 00:00:1769964131.292388   17940 vertical_dataset_io.cc:82] 7655000 examples scanned.
I0000 00:00:1769964145.206978   17940 vertical_dataset_io.cc:88] 11000000 examples read. Memory: usage:1276MB allocated:1276MB. 0 (0%) examples have been skipped.
I0000 00:00:1769964145.207075   17940 abstract_learner.cc:155] No input feature explicitly specified. Using all the available input features.
I0000 00:00:1769964145.207080   17940 abstract_learner.cc:172] The label "class" was removed from the input feature set.
I0000 00:00:1769964145.207099   17940 random_forest.cc:467] Training random forest on 11000000 example(s) and 28 feature(s).
I0000 00:00:1769964145.207109   17940 gpu.cc:93] Cannot initialize GPU: Not compiled with GPU support
I0000 00:00:1769964145.566310   17940 random_forest.cc:663] num_threads being used: 48
W0000 00:00:1769964149.022276   18277 training.cc:5917] [This message is only shown once] The effective split of examples does not match the expected split returned by the splitter algorithm. This problem can be caused by (1) large floating point values (e.g. value>=10e30) or (2) a bug in the software. You can turn this error in a warning with internal_error_on_wrong_splitter_statistics=false.

Details:
Num examples: 3
Num positive examples (from split evaluation): 3
Num positive examples (from split learning): 1
Num negative examples (from split evaluation): 0

Condition: na_value: false
attribute: 24
condition {
  oblique_condition {
    attributes: 24
    weights: -1
    threshold: -0.990637064
    na_replacements: 1.05055392
  }
}
num_training_examples_without_weight: 3
num_training_examples_with_weight: 3
split_score: 0.636514187
num_pos_training_examples_without_weight: 1
num_pos_training_examples_with_weight: 1

Attribute spec: type: NUMERICAL
name: "feature24"
is_manual_type: false
numerical {
  mean: 1.0505538681766282
  min_value: 0.0830486566
  max_value: 7.9927392
  standard_deviation: 0.1645762438262863
}

I0000 00:00:1769964381.484107   18305 random_forest.cc:954] Train tree 1/100 accuracy:0.647732 logloss:12.6522 [index:37 total:3m55.92s tree:3m55.91s]
I0000 00:00:1769964403.411151   18277 random_forest.cc:954] Train tree 2/100 accuracy:0.645138 logloss:11.2102 [index:13 total:4m17.84s tree:4m17.84s]
I0000 00:00:1769964427.313393   18309 random_forest.cc:954] Train tree 3/100 accuracy:0.649998 logloss:9.81647 [index:3 total:4m41.75s tree:4m41.75s]
I0000 00:00:1769964451.921706   18288 random_forest.cc:954] Train tree 4/100 accuracy:0.654822 logloss:8.54407 [index:26 total:5m6.36s tree:5m6.35s]
I0000 00:00:1769964477.987199   18294 random_forest.cc:954] Train tree 5/100 accuracy:0.659839 logloss:7.40226 [index:29 total:5m32.42s tree:5m32.42s]
I0000 00:00:1769964504.220443   18313 random_forest.cc:954] Train tree 6/100 accuracy:0.66526 logloss:6.38261 [index:11 total:5m58.65s tree:5m58.65s]
I0000 00:00:1769964530.980064   18271 random_forest.cc:954] Train tree 7/100 accuracy:0.670521 logloss:5.49577 [index:4 total:6m25.41s tree:6m25.41s]
I0000 00:00:1769964558.053833   18293 random_forest.cc:954] Train tree 8/100 accuracy:0.675551 logloss:4.73084 [index:31 total:6m52.49s tree:6m52.48s]
I0000 00:00:1769964585.381574   18279 random_forest.cc:954] Train tree 9/100 accuracy:0.680331 logloss:4.08595 [index:17 total:7m19.82s tree:7m19.81s]
I0000 00:00:1769964612.980040   18308 random_forest.cc:954] Train tree 10/100 accuracy:0.68435 logloss:3.53496 [index:46 total:7m47.41s tree:7m47.41s]
I0000 00:00:1769964640.614236   18296 random_forest.cc:954] Train tree 11/100 accuracy:0.688414 logloss:3.07478 [index:34 total:8m15.05s tree:8m15.04s]
I0000 00:00:1769964667.760334   18292 random_forest.cc:954] Train tree 12/100 accuracy:0.691951 logloss:2.68747 [index:30 total:8m42.19s tree:8m42.19s]
I0000 00:00:1769964694.918684   18298 random_forest.cc:954] Train tree 13/100 accuracy:0.695321 logloss:2.36511 [index:36 total:9m9.35s tree:9m9.35s]
I0000 00:00:1769964722.053506   18301 random_forest.cc:954] Train tree 14/100 accuracy:0.698413 logloss:2.09704 [index:39 total:9m36.49s tree:9m36.48s]
I0000 00:00:1769964749.230633   18312 random_forest.cc:954] Train tree 15/100 accuracy:0.701321 logloss:1.87023 [index:43 total:10m3.66s tree:10m3.66s]
I0000 00:00:1769964775.933598   18314 random_forest.cc:954] Train tree 16/100 accuracy:0.703935 logloss:1.68335 [index:10 total:10m30.37s tree:10m30.37s]
I0000 00:00:1769964803.060582   18302 random_forest.cc:954] Train tree 17/100 accuracy:0.706262 logloss:1.52477 [index:32 total:10m57.49s tree:10m57.49s]
I0000 00:00:1769964830.756915   18307 random_forest.cc:954] Train tree 18/100 accuracy:0.708441 logloss:1.39009 [index:44 total:11m25.19s tree:11m25.19s]
I0000 00:00:1769964858.167117   18275 random_forest.cc:954] Train tree 19/100 accuracy:0.710654 logloss:1.27869 [index:19 total:11m52.60s tree:11m52.60s]
I0000 00:00:1769964885.428255   18315 random_forest.cc:954] Train tree 20/100 accuracy:0.712655 logloss:1.18246 [index:45 total:12m19.86s tree:12m19.86s]
I0000 00:00:1769964912.218835   18274 random_forest.cc:954] Train tree 21/100 accuracy:0.714507 logloss:1.10233 [index:1 total:12m46.65s tree:12m46.65s]
I0000 00:00:1769964939.773781   18282 random_forest.cc:954] Train tree 22/100 accuracy:0.716057 logloss:1.03234 [index:8 total:13m14.21s tree:13m14.21s]
I0000 00:00:1769964966.878011   18297 random_forest.cc:954] Train tree 23/100 accuracy:0.717692 logloss:0.973553 [index:24 total:13m41.31s tree:13m41.31s]
I0000 00:00:1769964994.079943   18286 random_forest.cc:954] Train tree 24/100 accuracy:0.719211 logloss:0.923491 [index:14 total:14m8.51s tree:14m8.51s]
I0000 00:00:1769965020.569291   18272 random_forest.cc:954] Train tree 25/100 accuracy:0.7205 logloss:0.879692 [index:7 total:14m35.00s tree:14m35.00s]
I0000 00:00:1769965047.514625   18311 random_forest.cc:954] Train tree 26/100 accuracy:0.721709 logloss:0.840313 [index:2 total:15m1.95s tree:15m1.95s]
I0000 00:00:1769965074.512271   18303 random_forest.cc:954] Train tree 27/100 accuracy:0.722822 logloss:0.806921 [index:33 total:15m28.95s tree:15m28.94s]
I0000 00:00:1769965101.961082   18276 random_forest.cc:954] Train tree 28/100 accuracy:0.723998 logloss:0.77719 [index:12 total:15m56.39s tree:15m56.39s]
I0000 00:00:1769965129.079769   18300 random_forest.cc:954] Train tree 29/100 accuracy:0.725105 logloss:0.751676 [index:41 total:16m23.51s tree:16m23.51s]
I0000 00:00:1769965156.623780   18299 random_forest.cc:954] Train tree 30/100 accuracy:0.72612 logloss:0.729728 [index:40 total:16m51.06s tree:16m51.05s]
I0000 00:00:1769965184.054102   18306 random_forest.cc:954] Train tree 31/100 accuracy:0.727095 logloss:0.710132 [index:38 total:17m18.49s tree:17m18.48s]
I0000 00:00:1769965211.040001   18317 random_forest.cc:954] Train tree 32/100 accuracy:0.728009 logloss:0.692758 [index:0 total:17m45.47s tree:17m45.47s]
I0000 00:00:1769965238.023091   18270 random_forest.cc:954] Train tree 33/100 accuracy:0.728828 logloss:0.677144 [index:5 total:18m12.46s tree:18m12.46s]
I0000 00:00:1769965265.389168   18291 random_forest.cc:954] Train tree 34/100 accuracy:0.729713 logloss:0.66322 [index:27 total:18m39.82s tree:18m39.82s]
I0000 00:00:1769965292.944844   18290 random_forest.cc:954] Train tree 35/100 accuracy:0.730509 logloss:0.650761 [index:28 total:19m7.38s tree:19m7.38s]
I0000 00:00:1769965319.966570   18316 random_forest.cc:954] Train tree 36/100 accuracy:0.731149 logloss:0.639541 [index:9 total:19m34.40s tree:19m34.40s]
I0000 00:00:1769965347.062733   18278 random_forest.cc:954] Train tree 37/100 accuracy:0.731778 logloss:0.629348 [index:16 total:20m1.50s tree:20m1.49s]
I0000 00:00:1769965372.979559   18281 random_forest.cc:954] Train tree 38/100 accuracy:0.732409 logloss:0.619884 [index:20 total:20m27.41s tree:20m27.41s]
I0000 00:00:1769965400.214001   18285 random_forest.cc:954] Train tree 39/100 accuracy:0.733078 logloss:0.611638 [index:23 total:20m54.65s tree:20m54.65s]
I0000 00:00:1769965426.958435   18295 random_forest.cc:954] Train tree 40/100 accuracy:0.733633 logloss:0.604233 [index:35 total:21m21.39s tree:21m21.39s]
I0000 00:00:1769965453.673456   18287 random_forest.cc:954] Train tree 41/100 accuracy:0.734201 logloss:0.597565 [index:22 total:21m48.11s tree:21m48.11s]
I0000 00:00:1769965480.318407   18283 random_forest.cc:954] Train tree 42/100 accuracy:0.734672 logloss:0.591452 [index:21 total:22m14.75s tree:22m14.75s]
I0000 00:00:1769965506.958921   18289 random_forest.cc:954] Train tree 43/100 accuracy:0.7352 logloss:0.585909 [index:25 total:22m41.39s tree:22m41.39s]
I0000 00:00:1769965534.736046   18304 random_forest.cc:954] Train tree 44/100 accuracy:0.735707 logloss:0.58075 [index:47 total:23m9.17s tree:23m9.17s]
I0000 00:00:1769965561.857838   18284 random_forest.cc:954] Train tree 45/100 accuracy:0.736137 logloss:0.576208 [index:18 total:23m36.29s tree:23m36.29s]
I0000 00:00:1769965588.688763   18280 random_forest.cc:954] Train tree 46/100 accuracy:0.736633 logloss:0.571784 [index:15 total:24m3.12s tree:24m3.12s]
I0000 00:00:1769965616.256002   18273 random_forest.cc:954] Train tree 47/100 accuracy:0.737092 logloss:0.567843 [index:6 total:24m30.69s tree:24m30.69s]
I0000 00:00:1769965643.905641   18310 random_forest.cc:954] Train tree 48/100 accuracy:0.737568 logloss:0.56412 [index:42 total:24m58.34s tree:24m58.34s]
I0000 00:00:1769965671.280621   18305 random_forest.cc:954] Train tree 49/100 accuracy:0.738012 logloss:0.560849 [index:48 total:25m25.71s tree:21m29.80s]
I0000 00:00:1769965698.478980   18277 random_forest.cc:954] Train tree 50/100 accuracy:0.738429 logloss:0.557872 [index:49 total:25m52.91s tree:21m35.07s]
I0000 00:00:1769965725.537042   18309 random_forest.cc:954] Train tree 51/100 accuracy:0.738802 logloss:0.555087 [index:50 total:26m19.97s tree:21m38.22s]
I0000 00:00:1769965752.491118   18288 random_forest.cc:954] Train tree 52/100 accuracy:0.739182 logloss:0.552392 [index:51 total:26m46.92s tree:21m40.57s]
I0000 00:00:1769965780.309878   18294 random_forest.cc:954] Train tree 53/100 accuracy:0.739514 logloss:0.549808 [index:52 total:27m14.74s tree:21m42.32s]
I0000 00:00:1769965806.908211   18313 random_forest.cc:954] Train tree 54/100 accuracy:0.739909 logloss:0.547523 [index:53 total:27m41.34s tree:21m42.69s]
I0000 00:00:1769965832.568522   18271 random_forest.cc:954] Train tree 55/100 accuracy:0.740285 logloss:0.545308 [index:54 total:28m7.00s tree:21m41.59s]
I0000 00:00:1769965857.136759   18293 random_forest.cc:954] Train tree 56/100 accuracy:0.740595 logloss:0.543328 [index:55 total:28m31.57s tree:21m39.08s]
I0000 00:00:1769965881.295866   18279 random_forest.cc:954] Train tree 57/100 accuracy:0.740959 logloss:0.541475 [index:56 total:28m55.73s tree:21m35.91s]
I0000 00:00:1769965905.262181   18308 random_forest.cc:954] Train tree 58/100 accuracy:0.741315 logloss:0.539747 [index:57 total:29m19.70s tree:21m32.28s]
I0000 00:00:1769965927.872427   18296 random_forest.cc:954] Train tree 59/100 accuracy:0.741585 logloss:0.538142 [index:58 total:29m42.31s tree:21m27.26s]
I0000 00:00:1769965949.105624   18292 random_forest.cc:954] Train tree 60/100 accuracy:0.741892 logloss:0.536614 [index:59 total:30m3.54s tree:21m21.34s]
I0000 00:00:1769965970.095980   18298 random_forest.cc:954] Train tree 61/100 accuracy:0.742174 logloss:0.535073 [index:60 total:30m24.53s tree:21m15.18s]
I0000 00:00:1769965989.822783   18301 random_forest.cc:954] Train tree 62/100 accuracy:0.742418 logloss:0.533202 [index:61 total:30m44.26s tree:21m7.77s]
I0000 00:00:1769966010.437375   18312 random_forest.cc:954] Train tree 63/100 accuracy:0.742765 logloss:0.531874 [index:62 total:31m4.87s tree:21m1.21s]
I0000 00:00:1769966031.065580   18314 random_forest.cc:954] Train tree 64/100 accuracy:0.743004 logloss:0.530706 [index:63 total:31m25.50s tree:20m55.13s]
I0000 00:00:1769966051.734908   18302 random_forest.cc:954] Train tree 65/100 accuracy:0.743262 logloss:0.529555 [index:64 total:31m46.17s tree:20m48.67s]
I0000 00:00:1769966073.012236   18307 random_forest.cc:954] Train tree 66/100 accuracy:0.743549 logloss:0.5285 [index:65 total:32m7.45s tree:20m42.25s]
I0000 00:00:1769966094.075847   18275 random_forest.cc:954] Train tree 67/100 accuracy:0.743781 logloss:0.527547 [index:66 total:32m28.51s tree:20m35.91s]
I0000 00:00:1769966114.632701   18315 random_forest.cc:954] Train tree 68/100 accuracy:0.744031 logloss:0.526482 [index:67 total:32m49.07s tree:20m29.20s]
I0000 00:00:1769966135.091569   18274 random_forest.cc:954] Train tree 69/100 accuracy:0.744252 logloss:0.525569 [index:68 total:33m9.53s tree:20m22.87s]
I0000 00:00:1769966156.463267   18282 random_forest.cc:954] Train tree 70/100 accuracy:0.744469 logloss:0.524691 [index:69 total:33m30.90s tree:20m16.69s]
I0000 00:00:1769966176.846357   18297 random_forest.cc:954] Train tree 71/100 accuracy:0.744706 logloss:0.523925 [index:70 total:33m51.28s tree:20m9.97s]
I0000 00:00:1769966197.667284   18286 random_forest.cc:954] Train tree 72/100 accuracy:0.744893 logloss:0.523107 [index:71 total:34m12.10s tree:20m3.59s]
I0000 00:00:1769966218.181397   18272 random_forest.cc:954] Train tree 73/100 accuracy:0.745146 logloss:0.522406 [index:72 total:34m32.62s tree:19m57.61s]
I0000 00:00:1769966239.099392   18311 random_forest.cc:954] Train tree 74/100 accuracy:0.745363 logloss:0.521702 [index:73 total:34m53.53s tree:19m51.58s]
I0000 00:00:1769966259.430222   18303 random_forest.cc:954] Train tree 75/100 accuracy:0.745625 logloss:0.521008 [index:74 total:35m13.86s tree:19m44.92s]
I0000 00:00:1769966280.584507   18276 random_forest.cc:954] Train tree 76/100 accuracy:0.745867 logloss:0.520501 [index:75 total:35m35.02s tree:19m38.62s]
I0000 00:00:1769966301.536131   18300 random_forest.cc:954] Train tree 77/100 accuracy:0.746077 logloss:0.519976 [index:76 total:35m55.97s tree:19m32.45s]
I0000 00:00:1769966322.926877   18299 random_forest.cc:954] Train tree 78/100 accuracy:0.746301 logloss:0.519384 [index:77 total:36m17.36s tree:19m26.30s]
I0000 00:00:1769966343.530133   18306 random_forest.cc:954] Train tree 79/100 accuracy:0.746449 logloss:0.5188 [index:78 total:36m37.96s tree:19m19.47s]
I0000 00:00:1769966363.233943   18317 random_forest.cc:954] Train tree 80/100 accuracy:0.746619 logloss:0.518265 [index:79 total:36m57.67s tree:19m12.19s]
I0000 00:00:1769966383.709329   18270 random_forest.cc:954] Train tree 81/100 accuracy:0.74678 logloss:0.517751 [index:80 total:37m18.14s tree:19m5.68s]
I0000 00:00:1769966404.643821   18291 random_forest.cc:954] Train tree 82/100 accuracy:0.746946 logloss:0.517204 [index:81 total:37m39.08s tree:18m59.25s]
I0000 00:00:1769966425.268280   18290 random_forest.cc:954] Train tree 83/100 accuracy:0.747104 logloss:0.516762 [index:82 total:37m59.70s tree:18m52.32s]
I0000 00:00:1769966446.468162   18316 random_forest.cc:954] Train tree 84/100 accuracy:0.747319 logloss:0.51632 [index:83 total:38m20.90s tree:18m46.50s]
I0000 00:00:1769966467.273244   18278 random_forest.cc:954] Train tree 85/100 accuracy:0.747445 logloss:0.515921 [index:84 total:38m41.71s tree:18m40.21s]
I0000 00:00:1769966488.257410   18281 random_forest.cc:954] Train tree 86/100 accuracy:0.747621 logloss:0.515558 [index:85 total:39m2.69s tree:18m35.28s]
I0000 00:00:1769966508.972505   18285 random_forest.cc:954] Train tree 87/100 accuracy:0.747782 logloss:0.515142 [index:86 total:39m23.41s tree:18m28.76s]
I0000 00:00:1769966529.440096   18295 random_forest.cc:954] Train tree 88/100 accuracy:0.74794 logloss:0.514792 [index:87 total:39m43.87s tree:18m22.48s]
I0000 00:00:1769966550.088793   18287 random_forest.cc:954] Train tree 89/100 accuracy:0.748054 logloss:0.514403 [index:88 total:40m4.52s tree:18m16.41s]
I0000 00:00:1769966570.634964   18283 random_forest.cc:954] Train tree 90/100 accuracy:0.74821 logloss:0.514052 [index:89 total:40m25.07s tree:18m10.31s]
I0000 00:00:1769966591.230505   18289 random_forest.cc:954] Train tree 91/100 accuracy:0.748353 logloss:0.513693 [index:90 total:40m45.66s tree:18m4.27s]
I0000 00:00:1769966612.056350   18304 random_forest.cc:954] Train tree 92/100 accuracy:0.748531 logloss:0.513372 [index:91 total:41m6.49s tree:17m57.32s]
I0000 00:00:1769966632.604467   18284 random_forest.cc:954] Train tree 93/100 accuracy:0.74871 logloss:0.513007 [index:92 total:41m27.04s tree:17m50.75s]
I0000 00:00:1769966653.192984   18280 random_forest.cc:954] Train tree 94/100 accuracy:0.748879 logloss:0.512679 [index:93 total:41m47.63s tree:17m44.50s]
I0000 00:00:1769966674.492871   18273 random_forest.cc:954] Train tree 95/100 accuracy:0.74902 logloss:0.512375 [index:94 total:42m8.93s tree:17m38.24s]
I0000 00:00:1769966695.595908   18310 random_forest.cc:954] Train tree 96/100 accuracy:0.749146 logloss:0.512112 [index:95 total:42m30.03s tree:17m31.69s]
I0000 00:00:1769966716.441775   18305 random_forest.cc:954] Train tree 97/100 accuracy:0.749256 logloss:0.511892 [index:96 total:42m50.88s tree:17m25.16s]
I0000 00:00:1769966737.075813   18277 random_forest.cc:954] Train tree 98/100 accuracy:0.749353 logloss:0.511712 [index:97 total:43m11.51s tree:17m18.60s]
I0000 00:00:1769966758.083894   18309 random_forest.cc:954] Train tree 99/100 accuracy:0.749479 logloss:0.511488 [index:98 total:43m32.52s tree:17m12.55s]
I0000 00:00:1769966779.051621   18288 random_forest.cc:954] Train tree 100/100 accuracy:0.749627 logloss:0.511237 [index:99 total:43m53.49s tree:17m6.56s]
I0000 00:00:1769966779.053320   17940 random_forest.cc:1103] Final OOB metrics: accuracy:0.749627 logloss:0.511237
-1 (automatic) threads requested. 48 threads set.
Configuring oblique splits
Using histogram splitting: Equal Width with 256 bins
Training wall-time: 2868.03s


Inferring DataSpec from CSV: benchmarks/data/HIGGS_with_header.csv


WARNING: All log messages before absl::InitializeLog() is called are written to STDERR
I0000 00:00:1769967029.968952   29364 csv_example_reader.cc:212] 0 row(s) processed
I0000 00:00:1769967029.977099   29364 csv_example_reader.cc:216] Stop scanning the csv file to infer the type. Some records were not considered.
I0000 00:00:1769967029.977115   29364 data_spec_inference.cc:457] 29 column(s) found
I0000 00:00:1769967029.977127   29364 csv_example_reader.cc:303] 0 row(s) processed
I0000 00:00:1769967059.977077   29364 csv_example_reader.cc:303] 8289862 row(s) processed
I0000 00:00:1769967069.779734   29364 data_spec_inference.cc:494] Finalizing [11000000 row(s) found]
I0000 00:00:1769967069.779828   29364 abstract_learner.cc:155] No input feature explicitly specified. Using all the available input features.
I0000 00:00:1769967069.779830   29364 abstract_learner.cc:172] The label "class" was removed from the input feature set.
I0000 00:00:1769967069.780377   29364 vertical_dataset_io.cc:82] 100 examples scanned.
I0000 00:00:1769967099.780527   29364 vertical_dataset_io.cc:82] 7671500 examples scanned.
I0000 00:00:1769967113.635837   29364 vertical_dataset_io.cc:88] 11000000 examples read. Memory: usage:1276MB allocated:1276MB. 0 (0%) examples have been skipped.
I0000 00:00:1769967113.635917   29364 abstract_learner.cc:155] No input feature explicitly specified. Using all the available input features.
I0000 00:00:1769967113.635922   29364 abstract_learner.cc:172] The label "class" was removed from the input feature set.
I0000 00:00:1769967113.635942   29364 random_forest.cc:467] Training random forest on 11000000 example(s) and 28 feature(s).
I0000 00:00:1769967113.635953   29364 gpu.cc:93] Cannot initialize GPU: Not compiled with GPU support
I0000 00:00:1769967113.994088   29364 random_forest.cc:663] num_threads being used: 48
I0000 00:00:1769967473.822402   29700 random_forest.cc:954] Train tree 1/100 accuracy:0.646028 logloss:12.0482 [index:16 total:5m59.83s tree:5m59.83s]
I0000 00:00:1769967496.456290   29705 random_forest.cc:954] Train tree 2/100 accuracy:0.64912 logloss:10.872 [index:20 total:6m22.46s tree:6m22.46s]
I0000 00:00:1769967519.332228   29706 random_forest.cc:954] Train tree 3/100 accuracy:0.652029 logloss:9.6117 [index:18 total:6m45.34s tree:6m45.34s]
I0000 00:00:1769967542.759592   29701 random_forest.cc:954] Train tree 4/100 accuracy:0.6566 logloss:8.39106 [index:15 total:7m8.77s tree:7m8.76s]
I0000 00:00:1769967567.270997   29725 random_forest.cc:954] Train tree 5/100 accuracy:0.660927 logloss:7.29167 [index:33 total:7m33.28s tree:7m33.27s]
I0000 00:00:1769967592.589833   29715 random_forest.cc:954] Train tree 6/100 accuracy:0.666027 logloss:6.29965 [index:32 total:7m58.60s tree:7m58.59s]
I0000 00:00:1769967618.592453   29714 random_forest.cc:954] Train tree 7/100 accuracy:0.671335 logloss:5.42702 [index:37 total:8m24.60s tree:8m24.60s]
I0000 00:00:1769967644.591685   29716 random_forest.cc:954] Train tree 8/100 accuracy:0.676027 logloss:4.68041 [index:41 total:8m50.60s tree:8m50.59s]
I0000 00:00:1769967670.928969   29729 random_forest.cc:954] Train tree 9/100 accuracy:0.680755 logloss:4.04397 [index:29 total:9m16.93s tree:9m16.93s]
I0000 00:00:1769967697.208084   29712 random_forest.cc:954] Train tree 10/100 accuracy:0.685045 logloss:3.50488 [index:24 total:9m43.21s tree:9m43.21s]
I0000 00:00:1769967724.475475   29722 random_forest.cc:954] Train tree 11/100 accuracy:0.689429 logloss:3.04801 [index:44 total:10m10.48s tree:10m10.48s]
I0000 00:00:1769967751.440027   29710 random_forest.cc:954] Train tree 12/100 accuracy:0.693107 logloss:2.66918 [index:25 total:10m37.45s tree:10m37.44s]
I0000 00:00:1769967778.558517   29698 random_forest.cc:954] Train tree 13/100 accuracy:0.696356 logloss:2.3512 [index:14 total:11m4.56s tree:11m4.56s]
I0000 00:00:1769967805.715984   29690 random_forest.cc:954] Train tree 14/100 accuracy:0.699267 logloss:2.08394 [index:1 total:11m31.72s tree:11m31.72s]
I0000 00:00:1769967833.097737   29720 random_forest.cc:954] Train tree 15/100 accuracy:0.702315 logloss:1.86158 [index:45 total:11m59.10s tree:11m59.10s]
I0000 00:00:1769967859.848391   29723 random_forest.cc:954] Train tree 16/100 accuracy:0.704888 logloss:1.67463 [index:38 total:12m25.85s tree:12m25.85s]
I0000 00:00:1769967887.206771   29697 random_forest.cc:954] Train tree 17/100 accuracy:0.707204 logloss:1.51798 [index:13 total:12m53.21s tree:12m53.21s]
I0000 00:00:1769967914.869212   29695 random_forest.cc:954] Train tree 18/100 accuracy:0.709423 logloss:1.38625 [index:11 total:13m20.88s tree:13m20.87s]
I0000 00:00:1769967941.672219   29728 random_forest.cc:954] Train tree 19/100 accuracy:0.711346 logloss:1.27436 [index:28 total:13m47.68s tree:13m47.68s]
I0000 00:00:1769967969.166300   29703 random_forest.cc:954] Train tree 20/100 accuracy:0.713289 logloss:1.18118 [index:19 total:14m15.17s tree:14m15.17s]
I0000 00:00:1769967996.669603   29731 random_forest.cc:954] Train tree 21/100 accuracy:0.71497 logloss:1.10041 [index:47 total:14m42.68s tree:14m42.67s]
I0000 00:00:1769968023.415094   29727 random_forest.cc:954] Train tree 22/100 accuracy:0.716545 logloss:1.03143 [index:34 total:15m9.42s tree:15m9.42s]
I0000 00:00:1769968050.823958   29707 random_forest.cc:954] Train tree 23/100 accuracy:0.718092 logloss:0.9715 [index:22 total:15m36.83s tree:15m36.83s]
I0000 00:00:1769968078.224981   29696 random_forest.cc:954] Train tree 24/100 accuracy:0.719549 logloss:0.921392 [index:9 total:16m4.23s tree:16m4.23s]
I0000 00:00:1769968105.045901   29713 random_forest.cc:954] Train tree 25/100 accuracy:0.720828 logloss:0.877409 [index:36 total:16m31.05s tree:16m31.05s]
I0000 00:00:1769968132.191033   29724 random_forest.cc:954] Train tree 26/100 accuracy:0.722194 logloss:0.839881 [index:27 total:16m58.20s tree:16m58.19s]
I0000 00:00:1769968158.835815   29687 random_forest.cc:954] Train tree 27/100 accuracy:0.723264 logloss:0.806361 [index:4 total:17m24.84s tree:17m24.84s]
I0000 00:00:1769968185.774197   29732 random_forest.cc:954] Train tree 28/100 accuracy:0.72435 logloss:0.777046 [index:0 total:17m51.78s tree:17m51.78s]
I0000 00:00:1769968213.406686   29691 random_forest.cc:954] Train tree 29/100 accuracy:0.725381 logloss:0.751494 [index:6 total:18m19.41s tree:18m19.41s]
I0000 00:00:1769968241.137482   29702 random_forest.cc:954] Train tree 30/100 accuracy:0.726428 logloss:0.729172 [index:17 total:18m47.14s tree:18m47.14s]
I0000 00:00:1769968268.099687   29689 random_forest.cc:954] Train tree 31/100 accuracy:0.727356 logloss:0.709873 [index:5 total:19m14.11s tree:19m14.10s]
I0000 00:00:1769968295.119372   29704 random_forest.cc:954] Train tree 32/100 accuracy:0.728204 logloss:0.692238 [index:43 total:19m41.13s tree:19m41.12s]
I0000 00:00:1769968322.574062   29721 random_forest.cc:954] Train tree 33/100 accuracy:0.729037 logloss:0.676634 [index:46 total:20m8.58s tree:20m8.58s]
I0000 00:00:1769968349.450724   29719 random_forest.cc:954] Train tree 34/100 accuracy:0.729797 logloss:0.662816 [index:39 total:20m35.46s tree:20m35.45s]
I0000 00:00:1769968376.838364   29699 random_forest.cc:954] Train tree 35/100 accuracy:0.73056 logloss:0.650563 [index:12 total:21m2.84s tree:21m2.84s]
I0000 00:00:1769968404.330344   29688 random_forest.cc:954] Train tree 36/100 accuracy:0.731328 logloss:0.639442 [index:3 total:21m30.34s tree:21m30.34s]
I0000 00:00:1769968431.432806   29726 random_forest.cc:954] Train tree 37/100 accuracy:0.732004 logloss:0.629408 [index:30 total:21m57.44s tree:21m57.44s]
I0000 00:00:1769968459.017017   29693 random_forest.cc:954] Train tree 38/100 accuracy:0.732709 logloss:0.620317 [index:7 total:22m25.02s tree:22m25.02s]
I0000 00:00:1769968486.345193   29730 random_forest.cc:954] Train tree 39/100 accuracy:0.733259 logloss:0.612375 [index:35 total:22m52.35s tree:22m52.35s]
I0000 00:00:1769968513.371704   29708 random_forest.cc:954] Train tree 40/100 accuracy:0.733883 logloss:0.60533 [index:23 total:23m19.38s tree:23m19.38s]
I0000 00:00:1769968541.332441   29718 random_forest.cc:954] Train tree 41/100 accuracy:0.734475 logloss:0.598397 [index:42 total:23m47.34s tree:23m47.33s]
I0000 00:00:1769968568.776749   29709 random_forest.cc:954] Train tree 42/100 accuracy:0.735061 logloss:0.592406 [index:21 total:24m14.78s tree:24m14.78s]
I0000 00:00:1769968596.680397   29692 random_forest.cc:954] Train tree 43/100 accuracy:0.735487 logloss:0.586746 [index:8 total:24m42.69s tree:24m42.68s]
I0000 00:00:1769968624.246388   29694 random_forest.cc:954] Train tree 44/100 accuracy:0.735947 logloss:0.581776 [index:10 total:25m10.25s tree:25m10.25s]
I0000 00:00:1769968651.745958   29717 random_forest.cc:954] Train tree 45/100 accuracy:0.73647 logloss:0.577238 [index:40 total:25m37.75s tree:25m37.75s]
I0000 00:00:1769968678.689503   29711 random_forest.cc:954] Train tree 46/100 accuracy:0.737017 logloss:0.572784 [index:31 total:26m4.70s tree:26m4.69s]
I0000 00:00:1769968705.676562   29733 random_forest.cc:954] Train tree 47/100 accuracy:0.737416 logloss:0.568823 [index:26 total:26m31.68s tree:26m31.68s]
I0000 00:00:1769968733.280575   29686 random_forest.cc:954] Train tree 48/100 accuracy:0.737756 logloss:0.565187 [index:2 total:26m59.29s tree:26m59.29s]
I0000 00:00:1769968760.387252   29700 random_forest.cc:954] Train tree 49/100 accuracy:0.738307 logloss:0.561721 [index:48 total:27m26.39s tree:21m26.56s]
I0000 00:00:1769968787.831984   29705 random_forest.cc:954] Train tree 50/100 accuracy:0.738732 logloss:0.558523 [index:49 total:27m53.84s tree:21m31.37s]
I0000 00:00:1769968815.209800   29706 random_forest.cc:954] Train tree 51/100 accuracy:0.73905 logloss:0.555539 [index:50 total:28m21.22s tree:21m35.88s]
I0000 00:00:1769968842.387900   29701 random_forest.cc:954] Train tree 52/100 accuracy:0.739458 logloss:0.552722 [index:51 total:28m48.39s tree:21m39.63s]
I0000 00:00:1769968869.530341   29725 random_forest.cc:954] Train tree 53/100 accuracy:0.739868 logloss:0.550221 [index:52 total:29m15.54s tree:21m42.26s]
I0000 00:00:1769968896.448671   29715 random_forest.cc:954] Train tree 54/100 accuracy:0.740237 logloss:0.547942 [index:53 total:29m42.45s tree:21m43.86s]
I0000 00:00:1769968923.775148   29714 random_forest.cc:954] Train tree 55/100 accuracy:0.740599 logloss:0.545829 [index:54 total:30m9.78s tree:21m45.18s]
I0000 00:00:1769968949.661936   29716 random_forest.cc:954] Train tree 56/100 accuracy:0.740973 logloss:0.54376 [index:55 total:30m35.67s tree:21m45.07s]
I0000 00:00:1769968974.134757   29729 random_forest.cc:954] Train tree 57/100 accuracy:0.741346 logloss:0.541921 [index:56 total:31m0.14s tree:21m43.20s]
I0000 00:00:1769968998.812792   29712 random_forest.cc:954] Train tree 58/100 accuracy:0.741638 logloss:0.540077 [index:57 total:31m24.82s tree:21m41.60s]
I0000 00:00:1769969023.688605   29722 random_forest.cc:954] Train tree 59/100 accuracy:0.741866 logloss:0.538376 [index:58 total:31m49.69s tree:21m39.21s]
I0000 00:00:1769969047.767977   29710 random_forest.cc:954] Train tree 60/100 accuracy:0.742176 logloss:0.536885 [index:59 total:32m13.77s tree:21m36.33s]
I0000 00:00:1769969070.955112   29698 random_forest.cc:954] Train tree 61/100 accuracy:0.7425 logloss:0.535515 [index:60 total:32m36.96s tree:21m32.40s]
I0000 00:00:1769969093.675557   29690 random_forest.cc:954] Train tree 62/100 accuracy:0.742769 logloss:0.534071 [index:61 total:32m59.68s tree:21m27.96s]
I0000 00:00:1769969115.981569   29720 random_forest.cc:954] Train tree 63/100 accuracy:0.743051 logloss:0.532765 [index:62 total:33m21.99s tree:21m22.88s]
I0000 00:00:1769969137.463755   29723 random_forest.cc:954] Train tree 64/100 accuracy:0.743294 logloss:0.531662 [index:63 total:33m43.47s tree:21m17.61s]
I0000 00:00:1769969158.468574   29697 random_forest.cc:954] Train tree 65/100 accuracy:0.743574 logloss:0.530566 [index:64 total:34m4.47s tree:21m11.26s]
I0000 00:00:1769969179.585381   29695 random_forest.cc:954] Train tree 66/100 accuracy:0.743838 logloss:0.529563 [index:65 total:34m25.59s tree:21m4.71s]
I0000 00:00:1769969200.029629   29728 random_forest.cc:954] Train tree 67/100 accuracy:0.744087 logloss:0.528526 [index:66 total:34m46.04s tree:20m58.36s]
I0000 00:00:1769969220.872174   29703 random_forest.cc:954] Train tree 68/100 accuracy:0.744376 logloss:0.527589 [index:67 total:35m6.88s tree:20m51.70s]
I0000 00:00:1769969242.034358   29731 random_forest.cc:954] Train tree 69/100 accuracy:0.744648 logloss:0.526656 [index:68 total:35m28.04s tree:20m45.36s]
I0000 00:00:1769969262.721250   29727 random_forest.cc:954] Train tree 70/100 accuracy:0.744842 logloss:0.525836 [index:69 total:35m48.73s tree:20m39.30s]
I0000 00:00:1769969284.074196   29707 random_forest.cc:954] Train tree 71/100 accuracy:0.745098 logloss:0.525042 [index:70 total:36m10.08s tree:20m33.25s]
I0000 00:00:1769969304.908900   29696 random_forest.cc:954] Train tree 72/100 accuracy:0.745267 logloss:0.524184 [index:71 total:36m30.91s tree:20m26.68s]
I0000 00:00:1769969325.473247   29713 random_forest.cc:954] Train tree 73/100 accuracy:0.745434 logloss:0.523445 [index:72 total:36m51.48s tree:20m20.43s]
I0000 00:00:1769969346.764037   29724 random_forest.cc:954] Train tree 74/100 accuracy:0.745662 logloss:0.52271 [index:73 total:37m12.77s tree:20m14.57s]
I0000 00:00:1769969367.330486   29687 random_forest.cc:954] Train tree 75/100 accuracy:0.745872 logloss:0.522036 [index:74 total:37m33.34s tree:20m8.49s]
I0000 00:00:1769969387.890592   29732 random_forest.cc:954] Train tree 76/100 accuracy:0.746036 logloss:0.521437 [index:75 total:37m53.90s tree:20m2.11s]
I0000 00:00:1769969409.183422   29691 random_forest.cc:954] Train tree 77/100 accuracy:0.74624 logloss:0.520807 [index:76 total:38m15.19s tree:19m55.78s]
I0000 00:00:1769969430.109498   29702 random_forest.cc:954] Train tree 78/100 accuracy:0.74642 logloss:0.520253 [index:77 total:38m36.12s tree:19m48.97s]
I0000 00:00:1769969450.729304   29689 random_forest.cc:954] Train tree 79/100 accuracy:0.746593 logloss:0.519692 [index:78 total:38m56.74s tree:19m42.63s]
I0000 00:00:1769969471.400756   29704 random_forest.cc:954] Train tree 80/100 accuracy:0.746742 logloss:0.519151 [index:79 total:39m17.41s tree:19m36.28s]
I0000 00:00:1769969492.414832   29721 random_forest.cc:954] Train tree 81/100 accuracy:0.746883 logloss:0.518605 [index:80 total:39m38.42s tree:19m29.84s]
I0000 00:00:1769969513.523406   29719 random_forest.cc:954] Train tree 82/100 accuracy:0.747042 logloss:0.518114 [index:81 total:39m59.53s tree:19m24.07s]
I0000 00:00:1769969534.461724   29699 random_forest.cc:954] Train tree 83/100 accuracy:0.747173 logloss:0.517617 [index:82 total:40m20.47s tree:19m17.62s]
I0000 00:00:1769969555.641913   29688 random_forest.cc:954] Train tree 84/100 accuracy:0.74733 logloss:0.517126 [index:83 total:40m41.65s tree:19m11.31s]
I0000 00:00:1769969576.605930   29726 random_forest.cc:954] Train tree 85/100 accuracy:0.747506 logloss:0.516681 [index:84 total:41m2.61s tree:19m5.17s]
I0000 00:00:1769969597.501285   29693 random_forest.cc:954] Train tree 86/100 accuracy:0.747658 logloss:0.516253 [index:85 total:41m23.51s tree:18m58.48s]
I0000 00:00:1769969618.348455   29730 random_forest.cc:954] Train tree 87/100 accuracy:0.747843 logloss:0.515866 [index:86 total:41m44.35s tree:18m52.00s]
I0000 00:00:1769969639.072821   29708 random_forest.cc:954] Train tree 88/100 accuracy:0.748027 logloss:0.515451 [index:87 total:42m5.08s tree:18m45.70s]
I0000 00:00:1769969660.209743   29718 random_forest.cc:954] Train tree 89/100 accuracy:0.748186 logloss:0.515095 [index:88 total:42m26.22s tree:18m38.88s]
I0000 00:00:1769969681.012554   29709 random_forest.cc:954] Train tree 90/100 accuracy:0.74827 logloss:0.514718 [index:89 total:42m47.02s tree:18m32.23s]
I0000 00:00:1769969702.509287   29692 random_forest.cc:954] Train tree 91/100 accuracy:0.74842 logloss:0.514345 [index:90 total:43m8.52s tree:18m25.83s]
I0000 00:00:1769969723.323240   29694 random_forest.cc:954] Train tree 92/100 accuracy:0.748587 logloss:0.514013 [index:91 total:43m29.33s tree:18m19.08s]
I0000 00:00:1769969744.383510   29717 random_forest.cc:954] Train tree 93/100 accuracy:0.74873 logloss:0.513689 [index:92 total:43m50.39s tree:18m12.64s]
I0000 00:00:1769969764.924366   29711 random_forest.cc:954] Train tree 94/100 accuracy:0.748845 logloss:0.513396 [index:93 total:44m10.93s tree:18m6.23s]
I0000 00:00:1769969785.494209   29733 random_forest.cc:954] Train tree 95/100 accuracy:0.749016 logloss:0.513091 [index:94 total:44m31.50s tree:17m59.82s]
I0000 00:00:1769969806.614924   29686 random_forest.cc:954] Train tree 96/100 accuracy:0.749138 logloss:0.512813 [index:95 total:44m52.62s tree:17m53.33s]
I0000 00:00:1769969827.740052   29700 random_forest.cc:954] Train tree 97/100 accuracy:0.749236 logloss:0.51255 [index:96 total:45m13.75s tree:17m47.35s]
I0000 00:00:1769969848.964440   29705 random_forest.cc:954] Train tree 98/100 accuracy:0.749338 logloss:0.512256 [index:97 total:45m34.97s tree:17m41.13s]
I0000 00:00:1769969869.664401   29706 random_forest.cc:954] Train tree 99/100 accuracy:0.749469 logloss:0.512001 [index:98 total:45m55.67s tree:17m34.45s]
I0000 00:00:1769969890.283963   29701 random_forest.cc:954] Train tree 100/100 accuracy:0.749586 logloss:0.511748 [index:99 total:46m16.29s tree:17m27.89s]
I0000 00:00:1769969890.285854   29364 random_forest.cc:1103] Final OOB metrics: accuracy:0.749586 logloss:0.511748
-1 (automatic) threads requested. 48 threads set.
Configuring oblique splits
Using histogram splitting: Random with 256 bins
Training wall-time: 3013.63s


Inferring DataSpec from CSV: benchmarks/data/HIGGS_with_header.csv


WARNING: All log messages before absl::InitializeLog() is called are written to STDERR
I0000 00:00:1769970144.950013   41332 csv_example_reader.cc:212] 0 row(s) processed
I0000 00:00:1769970144.958237   41332 csv_example_reader.cc:216] Stop scanning the csv file to infer the type. Some records were not considered.
I0000 00:00:1769970144.958253   41332 data_spec_inference.cc:457] 29 column(s) found
I0000 00:00:1769970144.958266   41332 csv_example_reader.cc:303] 0 row(s) processed
I0000 00:00:1769970174.958237   41332 csv_example_reader.cc:303] 8298714 row(s) processed
I0000 00:00:1769970184.716589   41332 data_spec_inference.cc:494] Finalizing [11000000 row(s) found]
I0000 00:00:1769970184.716686   41332 abstract_learner.cc:155] No input feature explicitly specified. Using all the available input features.
I0000 00:00:1769970184.716688   41332 abstract_learner.cc:172] The label "class" was removed from the input feature set.
I0000 00:00:1769970184.717231   41332 vertical_dataset_io.cc:82] 100 examples scanned.
I0000 00:00:1769970214.717377   41332 vertical_dataset_io.cc:82] 7670900 examples scanned.
I0000 00:00:1769970228.556774   41332 vertical_dataset_io.cc:88] 11000000 examples read. Memory: usage:1276MB allocated:1276MB. 0 (0%) examples have been skipped.
I0000 00:00:1769970228.556855   41332 abstract_learner.cc:155] No input feature explicitly specified. Using all the available input features.
I0000 00:00:1769970228.556859   41332 abstract_learner.cc:172] The label "class" was removed from the input feature set.
I0000 00:00:1769970228.556881   41332 random_forest.cc:467] Training random forest on 11000000 example(s) and 28 feature(s).
I0000 00:00:1769970228.556892   41332 gpu.cc:93] Cannot initialize GPU: Not compiled with GPU support
I0000 00:00:1769970228.913367   41332 random_forest.cc:663] num_threads being used: 48
I0000 00:00:1769970310.301634   41679 random_forest.cc:954] Train tree 1/100 accuracy:0.640062 logloss:12.9348 [index:28 total:1m21.39s tree:1m21.39s]
I0000 00:00:1769970335.645410   41690 random_forest.cc:954] Train tree 2/100 accuracy:0.644691 logloss:11.3459 [index:44 total:1m46.73s tree:1m46.73s]
I0000 00:00:1769970363.751400   41686 random_forest.cc:954] Train tree 3/100 accuracy:0.649053 logloss:9.91538 [index:7 total:2m14.84s tree:2m14.84s]
I0000 00:00:1769970391.053627   41691 random_forest.cc:954] Train tree 4/100 accuracy:0.653954 logloss:8.6089 [index:41 total:2m42.14s tree:2m42.14s]
I0000 00:00:1769970418.806591   41696 random_forest.cc:954] Train tree 5/100 accuracy:0.659348 logloss:7.43836 [index:4 total:3m9.89s tree:3m9.89s]
I0000 00:00:1769970446.430673   41687 random_forest.cc:954] Train tree 6/100 accuracy:0.664885 logloss:6.40819 [index:40 total:3m37.52s tree:3m37.51s]
I0000 00:00:1769970473.608335   41658 random_forest.cc:954] Train tree 7/100 accuracy:0.669847 logloss:5.51765 [index:12 total:4m4.69s tree:4m4.69s]
W0000 00:00:1769970478.723470   41687 training.cc:5917] [This message is only shown once] The effective split of examples does not match the expected split returned by the splitter algorithm. This problem can be caused by (1) large floating point values (e.g. value>=10e30) or (2) a bug in the software. You can turn this error in a warning with internal_error_on_wrong_splitter_statistics=false.

Details:
Num examples: 900
Num positive examples (from split evaluation): 895
Num positive examples (from split learning): 894
Num negative examples (from split evaluation): 5

Condition: na_value: false
attribute: 23
condition {
  oblique_condition {
    attributes: 23
    weights: 1
    threshold: 1.04546046
    na_replacements: 1.02480483
  }
}
num_training_examples_without_weight: 900
num_training_examples_with_weight: 900
split_score: 0.0130857769
num_pos_training_examples_without_weight: 894
num_pos_training_examples_with_weight: 894

Attribute spec: type: NUMERICAL
name: "feature23"
is_manual_type: false
numerical {
  mean: 1.0248048350282475
  min_value: 0.198675722
  max_value: 20.3727818
  standard_deviation: 0.38080739504497574
}

I0000 00:00:1769970501.167094   41676 random_forest.cc:954] Train tree 8/100 accuracy:0.674827 logloss:4.7514 [index:31 total:4m32.25s tree:4m32.25s]
I0000 00:00:1769970528.599770   41678 random_forest.cc:954] Train tree 9/100 accuracy:0.679007 logloss:4.09939 [index:30 total:4m59.69s tree:4m59.68s]
I0000 00:00:1769970555.926524   41655 random_forest.cc:954] Train tree 10/100 accuracy:0.683643 logloss:3.54676 [index:2 total:5m27.01s tree:5m27.01s]
I0000 00:00:1769970583.390812   41672 random_forest.cc:954] Train tree 11/100 accuracy:0.687656 logloss:3.08555 [index:21 total:5m54.48s tree:5m54.48s]
I0000 00:00:1769970611.121350   41680 random_forest.cc:954] Train tree 12/100 accuracy:0.691154 logloss:2.69678 [index:33 total:6m22.21s tree:6m22.20s]
I0000 00:00:1769970638.482120   41677 random_forest.cc:954] Train tree 13/100 accuracy:0.694686 logloss:2.37133 [index:29 total:6m49.57s tree:6m49.57s]
I0000 00:00:1769970666.266671   41693 random_forest.cc:954] Train tree 14/100 accuracy:0.69771 logloss:2.09962 [index:38 total:7m17.35s tree:7m17.35s]
I0000 00:00:1769970693.873825   41688 random_forest.cc:954] Train tree 15/100 accuracy:0.70067 logloss:1.87339 [index:39 total:7m44.96s tree:7m44.96s]
I0000 00:00:1769970721.298319   41675 random_forest.cc:954] Train tree 16/100 accuracy:0.703439 logloss:1.68515 [index:25 total:8m12.38s tree:8m12.38s]
I0000 00:00:1769970749.023800   41683 random_forest.cc:954] Train tree 17/100 accuracy:0.705969 logloss:1.52389 [index:37 total:8m40.11s tree:8m40.11s]
I0000 00:00:1769970776.830977   41694 random_forest.cc:954] Train tree 18/100 accuracy:0.708208 logloss:1.39018 [index:42 total:9m7.92s tree:9m7.91s]
I0000 00:00:1769970804.407822   41673 random_forest.cc:954] Train tree 19/100 accuracy:0.710338 logloss:1.27717 [index:27 total:9m35.49s tree:9m35.49s]
I0000 00:00:1769970832.382442   41698 random_forest.cc:954] Train tree 20/100 accuracy:0.712238 logloss:1.18214 [index:43 total:10m3.47s tree:10m3.47s]
I0000 00:00:1769970860.113024   41668 random_forest.cc:954] Train tree 21/100 accuracy:0.713962 logloss:1.10024 [index:20 total:10m31.20s tree:10m31.20s]
I0000 00:00:1769970887.621919   41697 random_forest.cc:954] Train tree 22/100 accuracy:0.715676 logloss:1.03083 [index:3 total:10m58.71s tree:10m58.71s]
I0000 00:00:1769970915.520016   41657 random_forest.cc:954] Train tree 23/100 accuracy:0.717152 logloss:0.971952 [index:10 total:11m26.61s tree:11m26.61s]
I0000 00:00:1769970942.706888   41671 random_forest.cc:954] Train tree 24/100 accuracy:0.718722 logloss:0.921316 [index:23 total:11m53.79s tree:11m53.79s]
I0000 00:00:1769970969.951831   41663 random_forest.cc:954] Train tree 25/100 accuracy:0.720165 logloss:0.877464 [index:17 total:12m21.04s tree:12m21.04s]
I0000 00:00:1769970997.242822   41659 random_forest.cc:954] Train tree 26/100 accuracy:0.721466 logloss:0.839711 [index:9 total:12m48.33s tree:12m48.33s]
I0000 00:00:1769971025.533050   41664 random_forest.cc:954] Train tree 27/100 accuracy:0.722798 logloss:0.806945 [index:11 total:13m16.62s tree:13m16.62s]
I0000 00:00:1769971053.344769   41666 random_forest.cc:954] Train tree 28/100 accuracy:0.72389 logloss:0.778563 [index:16 total:13m44.43s tree:13m44.43s]
I0000 00:00:1769971080.692036   41662 random_forest.cc:954] Train tree 29/100 accuracy:0.724919 logloss:0.753327 [index:13 total:14m11.78s tree:14m11.78s]
I0000 00:00:1769971108.604860   41667 random_forest.cc:954] Train tree 30/100 accuracy:0.725904 logloss:0.731056 [index:19 total:14m39.69s tree:14m39.69s]
I0000 00:00:1769971135.758837   41656 random_forest.cc:954] Train tree 31/100 accuracy:0.726901 logloss:0.710495 [index:8 total:15m6.85s tree:15m6.84s]
I0000 00:00:1769971163.888887   41681 random_forest.cc:954] Train tree 32/100 accuracy:0.727833 logloss:0.692864 [index:32 total:15m34.98s tree:15m34.97s]
I0000 00:00:1769971191.554523   41661 random_forest.cc:954] Train tree 33/100 accuracy:0.728725 logloss:0.67721 [index:15 total:16m2.64s tree:16m2.64s]
I0000 00:00:1769971219.380332   41702 random_forest.cc:954] Train tree 34/100 accuracy:0.729495 logloss:0.663215 [index:1 total:16m30.47s tree:16m30.47s]
I0000 00:00:1769971247.191617   41684 random_forest.cc:954] Train tree 35/100 accuracy:0.730285 logloss:0.650518 [index:36 total:16m58.28s tree:16m58.27s]
I0000 00:00:1769971274.928322   41674 random_forest.cc:954] Train tree 36/100 accuracy:0.731037 logloss:0.639498 [index:26 total:17m26.01s tree:17m26.01s]
I0000 00:00:1769971302.576125   41665 random_forest.cc:954] Train tree 37/100 accuracy:0.731717 logloss:0.629575 [index:18 total:17m53.66s tree:17m53.66s]
I0000 00:00:1769971330.017008   41692 random_forest.cc:954] Train tree 38/100 accuracy:0.732398 logloss:0.620654 [index:0 total:18m21.10s tree:18m21.10s]
I0000 00:00:1769971357.715216   41689 random_forest.cc:954] Train tree 39/100 accuracy:0.733111 logloss:0.612663 [index:45 total:18m48.80s tree:18m48.80s]
I0000 00:00:1769971385.084890   41701 random_forest.cc:954] Train tree 40/100 accuracy:0.733732 logloss:0.605311 [index:5 total:19m16.17s tree:19m16.17s]
I0000 00:00:1769971413.081029   41699 random_forest.cc:954] Train tree 41/100 accuracy:0.734264 logloss:0.59848 [index:6 total:19m44.17s tree:19m44.17s]
I0000 00:00:1769971440.658848   41669 random_forest.cc:954] Train tree 42/100 accuracy:0.734779 logloss:0.592076 [index:24 total:20m11.75s tree:20m11.74s]
I0000 00:00:1769971468.835028   41670 random_forest.cc:954] Train tree 43/100 accuracy:0.73539 logloss:0.586597 [index:22 total:20m39.92s tree:20m39.92s]
I0000 00:00:1769971496.478271   41700 random_forest.cc:954] Train tree 44/100 accuracy:0.735933 logloss:0.581578 [index:46 total:21m7.56s tree:21m7.56s]
I0000 00:00:1769971524.532918   41682 random_forest.cc:954] Train tree 45/100 accuracy:0.736407 logloss:0.577112 [index:34 total:21m35.62s tree:21m35.62s]
I0000 00:00:1769971552.472056   41660 random_forest.cc:954] Train tree 46/100 accuracy:0.736976 logloss:0.572602 [index:14 total:22m3.56s tree:22m3.56s]
I0000 00:00:1769971580.165972   41695 random_forest.cc:954] Train tree 47/100 accuracy:0.737396 logloss:0.568625 [index:47 total:22m31.25s tree:22m31.25s]
I0000 00:00:1769971608.121976   41685 random_forest.cc:954] Train tree 48/100 accuracy:0.737915 logloss:0.564921 [index:35 total:22m59.21s tree:22m59.21s]
I0000 00:00:1769971635.584252   41679 random_forest.cc:954] Train tree 49/100 accuracy:0.738361 logloss:0.561612 [index:48 total:23m26.67s tree:22m5.28s]
I0000 00:00:1769971662.471944   41690 random_forest.cc:954] Train tree 50/100 accuracy:0.738771 logloss:0.558538 [index:49 total:23m53.56s tree:22m6.83s]
I0000 00:00:1769971690.726252   41686 random_forest.cc:954] Train tree 51/100 accuracy:0.739185 logloss:0.555541 [index:50 total:24m21.81s tree:22m6.97s]
I0000 00:00:1769971717.804222   41691 random_forest.cc:954] Train tree 52/100 accuracy:0.739595 logloss:0.552912 [index:51 total:24m48.89s tree:22m6.75s]
I0000 00:00:1769971746.117343   41696 random_forest.cc:954] Train tree 53/100 accuracy:0.73999 logloss:0.550381 [index:52 total:25m17.20s tree:22m7.31s]
I0000 00:00:1769971770.928609   41687 random_forest.cc:954] Train tree 54/100 accuracy:0.740303 logloss:0.548014 [index:53 total:25m42.02s tree:22m4.50s]
I0000 00:00:1769971792.053180   41658 random_forest.cc:954] Train tree 55/100 accuracy:0.740602 logloss:0.545832 [index:54 total:26m3.14s tree:21m58.44s]
I0000 00:00:1769971813.278625   41676 random_forest.cc:954] Train tree 56/100 accuracy:0.740996 logloss:0.543808 [index:55 total:26m24.37s tree:21m52.11s]
I0000 00:00:1769971834.467946   41678 random_forest.cc:954] Train tree 57/100 accuracy:0.741341 logloss:0.541961 [index:56 total:26m45.55s tree:21m45.87s]
I0000 00:00:1769971855.649591   41655 random_forest.cc:954] Train tree 58/100 accuracy:0.741651 logloss:0.540161 [index:57 total:27m6.74s tree:21m39.72s]
I0000 00:00:1769971876.790846   41672 random_forest.cc:954] Train tree 59/100 accuracy:0.741957 logloss:0.538508 [index:58 total:27m27.88s tree:21m33.40s]
I0000 00:00:1769971898.235329   41680 random_forest.cc:954] Train tree 60/100 accuracy:0.742257 logloss:0.536914 [index:59 total:27m49.32s tree:21m27.11s]
I0000 00:00:1769971919.264113   41677 random_forest.cc:954] Train tree 61/100 accuracy:0.742581 logloss:0.535531 [index:60 total:28m10.35s tree:21m20.78s]
I0000 00:00:1769971940.561382   41693 random_forest.cc:954] Train tree 62/100 accuracy:0.742864 logloss:0.534143 [index:61 total:28m31.65s tree:21m14.29s]
I0000 00:00:1769971961.571835   41688 random_forest.cc:954] Train tree 63/100 accuracy:0.743118 logloss:0.53287 [index:62 total:28m52.66s tree:21m7.70s]
I0000 00:00:1769971983.013716   41675 random_forest.cc:954] Train tree 64/100 accuracy:0.743344 logloss:0.531646 [index:63 total:29m14.10s tree:21m1.71s]
I0000 00:00:1769972004.643454   41683 random_forest.cc:954] Train tree 65/100 accuracy:0.743583 logloss:0.530446 [index:64 total:29m35.73s tree:20m55.62s]
I0000 00:00:1769972025.969712   41694 random_forest.cc:954] Train tree 66/100 accuracy:0.743877 logloss:0.529335 [index:65 total:29m57.06s tree:20m49.14s]
I0000 00:00:1769972047.447490   41673 random_forest.cc:954] Train tree 67/100 accuracy:0.744123 logloss:0.528295 [index:66 total:30m18.53s tree:20m43.04s]
I0000 00:00:1769972069.386430   41698 random_forest.cc:954] Train tree 68/100 accuracy:0.744301 logloss:0.527325 [index:67 total:30m40.47s tree:20m37.00s]
I0000 00:00:1769972090.894347   41668 random_forest.cc:954] Train tree 69/100 accuracy:0.744537 logloss:0.526468 [index:68 total:31m1.98s tree:20m30.78s]
I0000 00:00:1769972111.983640   41697 random_forest.cc:954] Train tree 70/100 accuracy:0.744803 logloss:0.525522 [index:69 total:31m23.07s tree:20m24.36s]
I0000 00:00:1769972133.614847   41657 random_forest.cc:954] Train tree 71/100 accuracy:0.745039 logloss:0.52464 [index:70 total:31m44.70s tree:20m18.09s]
I0000 00:00:1769972154.592327   41671 random_forest.cc:954] Train tree 72/100 accuracy:0.745214 logloss:0.523876 [index:71 total:32m5.68s tree:20m11.88s]
I0000 00:00:1769972175.663054   41663 random_forest.cc:954] Train tree 73/100 accuracy:0.745423 logloss:0.523124 [index:72 total:32m26.75s tree:20m5.71s]
I0000 00:00:1769972196.058413   41659 random_forest.cc:954] Train tree 74/100 accuracy:0.745605 logloss:0.522399 [index:73 total:32m47.15s tree:19m58.81s]
I0000 00:00:1769972218.022698   41664 random_forest.cc:954] Train tree 75/100 accuracy:0.74591 logloss:0.521693 [index:74 total:33m9.11s tree:19m52.49s]
I0000 00:00:1769972239.918397   41666 random_forest.cc:954] Train tree 76/100 accuracy:0.746046 logloss:0.521056 [index:75 total:33m31.01s tree:19m46.57s]
I0000 00:00:1769972260.997676   41662 random_forest.cc:954] Train tree 77/100 accuracy:0.746178 logloss:0.520383 [index:76 total:33m52.08s tree:19m40.30s]
I0000 00:00:1769972282.672624   41667 random_forest.cc:954] Train tree 78/100 accuracy:0.746417 logloss:0.51975 [index:77 total:34m13.76s tree:19m34.07s]
I0000 00:00:1769972303.987401   41656 random_forest.cc:954] Train tree 79/100 accuracy:0.74661 logloss:0.519191 [index:78 total:34m35.07s tree:19m28.23s]
I0000 00:00:1769972325.972583   41681 random_forest.cc:954] Train tree 80/100 accuracy:0.746788 logloss:0.518594 [index:79 total:34m57.06s tree:19m22.08s]
I0000 00:00:1769972346.964707   41661 random_forest.cc:954] Train tree 81/100 accuracy:0.746966 logloss:0.518117 [index:80 total:35m18.05s tree:19m15.41s]
I0000 00:00:1769972368.587038   41702 random_forest.cc:954] Train tree 82/100 accuracy:0.747128 logloss:0.517601 [index:81 total:35m39.67s tree:19m9.21s]
I0000 00:00:1769972390.305431   41684 random_forest.cc:954] Train tree 83/100 accuracy:0.747321 logloss:0.517115 [index:82 total:36m1.39s tree:19m3.11s]
I0000 00:00:1769972411.898670   41674 random_forest.cc:954] Train tree 84/100 accuracy:0.747488 logloss:0.516648 [index:83 total:36m22.99s tree:18m56.97s]
I0000 00:00:1769972433.303310   41665 random_forest.cc:954] Train tree 85/100 accuracy:0.747654 logloss:0.516218 [index:84 total:36m44.39s tree:18m50.73s]
I0000 00:00:1769972454.822540   41692 random_forest.cc:954] Train tree 86/100 accuracy:0.747842 logloss:0.515793 [index:85 total:37m5.91s tree:18m44.80s]
I0000 00:00:1769972476.154564   41689 random_forest.cc:954] Train tree 87/100 accuracy:0.748 logloss:0.515351 [index:86 total:37m27.24s tree:18m38.44s]
I0000 00:00:1769972497.312397   41701 random_forest.cc:954] Train tree 88/100 accuracy:0.74813 logloss:0.514993 [index:87 total:37m48.40s tree:18m32.23s]
I0000 00:00:1769972519.226093   41699 random_forest.cc:954] Train tree 89/100 accuracy:0.748282 logloss:0.514652 [index:88 total:38m10.31s tree:18m26.14s]
I0000 00:00:1769972540.671425   41669 random_forest.cc:954] Train tree 90/100 accuracy:0.748409 logloss:0.514267 [index:89 total:38m31.76s tree:18m20.01s]
I0000 00:00:1769972562.342720   41670 random_forest.cc:954] Train tree 91/100 accuracy:0.74853 logloss:0.513939 [index:90 total:38m53.43s tree:18m13.51s]
I0000 00:00:1769972583.963975   41700 random_forest.cc:954] Train tree 92/100 accuracy:0.748693 logloss:0.513618 [index:91 total:39m15.05s tree:18m7.48s]
I0000 00:00:1769972605.633614   41682 random_forest.cc:954] Train tree 93/100 accuracy:0.748907 logloss:0.513247 [index:92 total:39m36.72s tree:18m1.10s]
I0000 00:00:1769972627.342454   41660 random_forest.cc:954] Train tree 94/100 accuracy:0.749064 logloss:0.512938 [index:93 total:39m58.43s tree:17m54.87s]
I0000 00:00:1769972648.636113   41695 random_forest.cc:954] Train tree 95/100 accuracy:0.749161 logloss:0.512653 [index:94 total:40m19.72s tree:17m48.47s]
I0000 00:00:1769972670.169622   41685 random_forest.cc:954] Train tree 96/100 accuracy:0.749273 logloss:0.512328 [index:95 total:40m41.26s tree:17m42.05s]
I0000 00:00:1769972691.608581   41679 random_forest.cc:954] Train tree 97/100 accuracy:0.749405 logloss:0.512052 [index:96 total:41m2.70s tree:17m36.02s]
I0000 00:00:1769972712.780501   41690 random_forest.cc:954] Train tree 98/100 accuracy:0.749502 logloss:0.511799 [index:97 total:41m23.87s tree:17m30.31s]
I0000 00:00:1769972734.377139   41686 random_forest.cc:954] Train tree 99/100 accuracy:0.749584 logloss:0.511554 [index:98 total:41m45.46s tree:17m23.65s]
I0000 00:00:1769972756.015740   41691 random_forest.cc:954] Train tree 100/100 accuracy:0.749731 logloss:0.511278 [index:99 total:42m7.10s tree:17m18.21s]
I0000 00:00:1769972756.017516   41332 random_forest.cc:1103] Final OOB metrics: accuracy:0.749731 logloss:0.511278
-1 (automatic) threads requested. 48 threads set.
Configuring oblique splits
Using Dynamic Equal Width Histogram with 256 samples
Training wall-time: 2759.93s


Inferring DataSpec from CSV: benchmarks/data/HIGGS_with_header.csv


WARNING: All log messages before absl::InitializeLog() is called are written to STDERR
I0000 00:00:1769973004.324855   52366 csv_example_reader.cc:212] 0 row(s) processed
I0000 00:00:1769973004.333029   52366 csv_example_reader.cc:216] Stop scanning the csv file to infer the type. Some records were not considered.
I0000 00:00:1769973004.333045   52366 data_spec_inference.cc:457] 29 column(s) found
I0000 00:00:1769973004.333059   52366 csv_example_reader.cc:303] 0 row(s) processed
I0000 00:00:1769973034.333020   52366 csv_example_reader.cc:303] 8315647 row(s) processed
I0000 00:00:1769973044.018064   52366 data_spec_inference.cc:494] Finalizing [11000000 row(s) found]
I0000 00:00:1769973044.018159   52366 abstract_learner.cc:155] No input feature explicitly specified. Using all the available input features.
I0000 00:00:1769973044.018162   52366 abstract_learner.cc:172] The label "class" was removed from the input feature set.
I0000 00:00:1769973044.018711   52366 vertical_dataset_io.cc:82] 100 examples scanned.
I0000 00:00:1769973074.019010   52366 vertical_dataset_io.cc:82] 7688200 examples scanned.
I0000 00:00:1769973087.760764   52366 vertical_dataset_io.cc:88] 11000000 examples read. Memory: usage:1276MB allocated:1276MB. 0 (0%) examples have been skipped.
I0000 00:00:1769973087.760841   52366 abstract_learner.cc:155] No input feature explicitly specified. Using all the available input features.
I0000 00:00:1769973087.760846   52366 abstract_learner.cc:172] The label "class" was removed from the input feature set.
I0000 00:00:1769973087.760867   52366 random_forest.cc:467] Training random forest on 11000000 example(s) and 28 feature(s).
I0000 00:00:1769973087.760878   52366 gpu.cc:93] Cannot initialize GPU: Not compiled with GPU support
I0000 00:00:1769973088.117221   52366 random_forest.cc:663] num_threads being used: 48
I0000 00:00:1769973200.490660   52731 random_forest.cc:954] Train tree 1/100 accuracy:0.643805 logloss:12.8038 [index:1 total:1m52.37s tree:1m52.37s]
I0000 00:00:1769973224.939623   52710 random_forest.cc:954] Train tree 2/100 accuracy:0.643732 logloss:11.38 [index:28 total:2m16.82s tree:2m16.82s]
I0000 00:00:1769973252.208774   52708 random_forest.cc:954] Train tree 3/100 accuracy:0.647381 logloss:9.96519 [index:29 total:2m44.09s tree:2m44.09s]
I0000 00:00:1769973280.285594   52736 random_forest.cc:954] Train tree 4/100 accuracy:0.651592 logloss:8.66209 [index:10 total:3m12.17s tree:3m12.17s]
I0000 00:00:1769973307.770930   52705 random_forest.cc:954] Train tree 5/100 accuracy:0.657945 logloss:7.46926 [index:27 total:3m39.65s tree:3m39.65s]
I0000 00:00:1769973335.856755   52729 random_forest.cc:954] Train tree 6/100 accuracy:0.662552 logloss:6.43653 [index:4 total:4m7.74s tree:4m7.74s]
I0000 00:00:1769973363.199294   52724 random_forest.cc:954] Train tree 7/100 accuracy:0.668039 logloss:5.5324 [index:41 total:4m35.08s tree:4m35.08s]
I0000 00:00:1769973391.070513   52696 random_forest.cc:954] Train tree 8/100 accuracy:0.672781 logloss:4.75301 [index:15 total:5m2.95s tree:5m2.95s]
I0000 00:00:1769973418.700778   52693 random_forest.cc:954] Train tree 9/100 accuracy:0.677806 logloss:4.09331 [index:13 total:5m30.58s tree:5m30.58s]
I0000 00:00:1769973447.080203   52727 random_forest.cc:954] Train tree 10/100 accuracy:0.682391 logloss:3.54131 [index:47 total:5m58.96s tree:5m58.96s]
I0000 00:00:1769973473.664186   52716 random_forest.cc:954] Train tree 11/100 accuracy:0.686566 logloss:3.07797 [index:37 total:6m25.55s tree:6m25.55s]
I0000 00:00:1769973501.295719   52702 random_forest.cc:954] Train tree 12/100 accuracy:0.690462 logloss:2.68847 [index:24 total:6m53.18s tree:6m53.18s]
I0000 00:00:1769973529.476754   52726 random_forest.cc:954] Train tree 13/100 accuracy:0.694072 logloss:2.36263 [index:45 total:7m21.36s tree:7m21.36s]
I0000 00:00:1769973558.142741   52713 random_forest.cc:954] Train tree 14/100 accuracy:0.697234 logloss:2.09139 [index:33 total:7m50.03s tree:7m50.02s]
I0000 00:00:1769973585.892875   52725 random_forest.cc:954] Train tree 15/100 accuracy:0.700159 logloss:1.86485 [index:46 total:8m17.78s tree:8m17.77s]
I0000 00:00:1769973613.493146   52719 random_forest.cc:954] Train tree 16/100 accuracy:0.702869 logloss:1.67541 [index:38 total:8m45.38s tree:8m45.37s]
I0000 00:00:1769973641.690223   52701 random_forest.cc:954] Train tree 17/100 accuracy:0.705464 logloss:1.51883 [index:20 total:9m13.57s tree:9m13.57s]
I0000 00:00:1769973669.239497   52692 random_forest.cc:954] Train tree 18/100 accuracy:0.70778 logloss:1.38653 [index:12 total:9m41.12s tree:9m41.12s]
I0000 00:00:1769973697.088757   52733 random_forest.cc:954] Train tree 19/100 accuracy:0.709907 logloss:1.27309 [index:43 total:10m8.97s tree:10m8.97s]
I0000 00:00:1769973725.051008   52715 random_forest.cc:954] Train tree 20/100 accuracy:0.711818 logloss:1.17825 [index:36 total:10m36.93s tree:10m36.93s]
I0000 00:00:1769973752.470211   52721 random_forest.cc:954] Train tree 21/100 accuracy:0.713552 logloss:1.09772 [index:42 total:11m4.35s tree:11m4.35s]
I0000 00:00:1769973780.842397   52737 random_forest.cc:954] Train tree 22/100 accuracy:0.715303 logloss:1.0286 [index:14 total:11m32.73s tree:11m32.72s]
I0000 00:00:1769973808.418894   52714 random_forest.cc:954] Train tree 23/100 accuracy:0.716763 logloss:0.969645 [index:31 total:12m0.30s tree:12m0.30s]
I0000 00:00:1769973836.560502   52709 random_forest.cc:954] Train tree 24/100 accuracy:0.718259 logloss:0.918614 [index:30 total:12m28.44s tree:12m28.44s]
I0000 00:00:1769973864.489258   52704 random_forest.cc:954] Train tree 25/100 accuracy:0.71967 logloss:0.875422 [index:19 total:12m56.37s tree:12m56.37s]
I0000 00:00:1769973892.383706   52691 random_forest.cc:954] Train tree 26/100 accuracy:0.720962 logloss:0.837928 [index:8 total:13m24.27s tree:13m24.27s]
I0000 00:00:1769973920.373600   52738 random_forest.cc:954] Train tree 27/100 accuracy:0.722073 logloss:0.804226 [index:0 total:13m52.26s tree:13m52.26s]
I0000 00:00:1769973948.229279   52718 random_forest.cc:954] Train tree 28/100 accuracy:0.723197 logloss:0.775222 [index:40 total:14m20.11s tree:14m20.11s]
I0000 00:00:1769973976.029045   52730 random_forest.cc:954] Train tree 29/100 accuracy:0.724379 logloss:0.750354 [index:2 total:14m47.91s tree:14m47.91s]
I0000 00:00:1769974003.731354   52720 random_forest.cc:954] Train tree 30/100 accuracy:0.725496 logloss:0.72821 [index:39 total:15m15.61s tree:15m15.61s]
I0000 00:00:1769974031.720209   52697 random_forest.cc:954] Train tree 31/100 accuracy:0.726461 logloss:0.708539 [index:18 total:15m43.60s tree:15m43.60s]
I0000 00:00:1769974059.194161   52700 random_forest.cc:954] Train tree 32/100 accuracy:0.727403 logloss:0.69135 [index:21 total:16m11.08s tree:16m11.08s]
I0000 00:00:1769974086.918237   52712 random_forest.cc:954] Train tree 33/100 accuracy:0.728352 logloss:0.676013 [index:34 total:16m38.80s tree:16m38.80s]
I0000 00:00:1769974114.535073   52699 random_forest.cc:954] Train tree 34/100 accuracy:0.729219 logloss:0.662368 [index:22 total:17m6.42s tree:17m6.42s]
I0000 00:00:1769974142.541569   52694 random_forest.cc:954] Train tree 35/100 accuracy:0.730099 logloss:0.650394 [index:16 total:17m34.42s tree:17m34.42s]
I0000 00:00:1769974170.572016   52698 random_forest.cc:954] Train tree 36/100 accuracy:0.730804 logloss:0.639343 [index:17 total:18m2.45s tree:18m2.45s]
I0000 00:00:1769974198.312887   52717 random_forest.cc:954] Train tree 37/100 accuracy:0.731517 logloss:0.62924 [index:35 total:18m30.20s tree:18m30.19s]
I0000 00:00:1769974225.929730   52706 random_forest.cc:954] Train tree 38/100 accuracy:0.73218 logloss:0.620194 [index:26 total:18m57.81s tree:18m57.81s]
I0000 00:00:1769974254.060949   52728 random_forest.cc:954] Train tree 39/100 accuracy:0.732809 logloss:0.612183 [index:3 total:19m25.94s tree:19m25.94s]
I0000 00:00:1769974281.828358   52722 random_forest.cc:954] Train tree 40/100 accuracy:0.733445 logloss:0.604912 [index:7 total:19m53.71s tree:19m53.71s]
I0000 00:00:1769974309.916967   52735 random_forest.cc:954] Train tree 41/100 accuracy:0.734027 logloss:0.598315 [index:11 total:20m21.80s tree:20m21.80s]
I0000 00:00:1769974338.171012   52707 random_forest.cc:954] Train tree 42/100 accuracy:0.734625 logloss:0.592454 [index:25 total:20m50.05s tree:20m50.05s]
I0000 00:00:1769974365.167712   52695 random_forest.cc:954] Train tree 43/100 accuracy:0.735116 logloss:0.586913 [index:9 total:21m17.05s tree:21m17.05s]
I0000 00:00:1769974393.899997   52703 random_forest.cc:954] Train tree 44/100 accuracy:0.735665 logloss:0.58149 [index:23 total:21m45.78s tree:21m45.78s]
I0000 00:00:1769974421.679749   52734 random_forest.cc:954] Train tree 45/100 accuracy:0.736119 logloss:0.576558 [index:5 total:22m13.56s tree:22m13.56s]
I0000 00:00:1769974449.978542   52723 random_forest.cc:954] Train tree 46/100 accuracy:0.736607 logloss:0.572067 [index:6 total:22m41.86s tree:22m41.86s]
I0000 00:00:1769974477.754260   52711 random_forest.cc:954] Train tree 47/100 accuracy:0.737128 logloss:0.568161 [index:32 total:23m9.64s tree:23m9.64s]
I0000 00:00:1769974506.368364   52732 random_forest.cc:954] Train tree 48/100 accuracy:0.737619 logloss:0.564654 [index:44 total:23m38.25s tree:23m38.25s]
I0000 00:00:1769974533.941076   52731 random_forest.cc:954] Train tree 49/100 accuracy:0.738054 logloss:0.561272 [index:48 total:24m5.82s tree:22m13.45s]
I0000 00:00:1769974561.738176   52710 random_forest.cc:954] Train tree 50/100 accuracy:0.738471 logloss:0.558209 [index:49 total:24m33.62s tree:22m16.80s]
I0000 00:00:1769974589.615108   52708 random_forest.cc:954] Train tree 51/100 accuracy:0.738937 logloss:0.555557 [index:50 total:25m1.50s tree:22m17.40s]
I0000 00:00:1769974617.513106   52736 random_forest.cc:954] Train tree 52/100 accuracy:0.739272 logloss:0.552794 [index:51 total:25m29.40s tree:22m17.23s]
I0000 00:00:1769974645.030218   52705 random_forest.cc:954] Train tree 53/100 accuracy:0.739657 logloss:0.550298 [index:52 total:25m56.91s tree:22m17.26s]
I0000 00:00:1769974671.404259   52729 random_forest.cc:954] Train tree 54/100 accuracy:0.740051 logloss:0.547909 [index:53 total:26m23.29s tree:22m15.55s]
I0000 00:00:1769974695.168467   52724 random_forest.cc:954] Train tree 55/100 accuracy:0.740396 logloss:0.545832 [index:54 total:26m47.05s tree:22m11.97s]
I0000 00:00:1769974716.607362   52696 random_forest.cc:954] Train tree 56/100 accuracy:0.740792 logloss:0.543806 [index:55 total:27m8.49s tree:22m5.54s]
I0000 00:00:1769974737.855647   52693 random_forest.cc:954] Train tree 57/100 accuracy:0.741179 logloss:0.54191 [index:56 total:27m29.74s tree:21m59.15s]
I0000 00:00:1769974759.736763   52727 random_forest.cc:954] Train tree 58/100 accuracy:0.741551 logloss:0.540237 [index:57 total:27m51.62s tree:21m52.66s]
I0000 00:00:1769974780.951590   52716 random_forest.cc:954] Train tree 59/100 accuracy:0.741829 logloss:0.538577 [index:58 total:28m12.83s tree:21m47.29s]
I0000 00:00:1769974802.074108   52702 random_forest.cc:954] Train tree 60/100 accuracy:0.742056 logloss:0.537157 [index:59 total:28m33.96s tree:21m40.78s]
I0000 00:00:1769974823.802578   52726 random_forest.cc:954] Train tree 61/100 accuracy:0.742374 logloss:0.535703 [index:60 total:28m55.69s tree:21m34.32s]
I0000 00:00:1769974845.885614   52713 random_forest.cc:954] Train tree 62/100 accuracy:0.742658 logloss:0.534363 [index:61 total:29m17.77s tree:21m27.74s]
I0000 00:00:1769974867.586829   52725 random_forest.cc:954] Train tree 63/100 accuracy:0.742944 logloss:0.533028 [index:62 total:29m39.47s tree:21m21.69s]
I0000 00:00:1769974888.682106   52719 random_forest.cc:954] Train tree 64/100 accuracy:0.743186 logloss:0.531829 [index:63 total:30m0.56s tree:21m15.19s]
I0000 00:00:1769974910.560090   52701 random_forest.cc:954] Train tree 65/100 accuracy:0.743423 logloss:0.530612 [index:64 total:30m22.44s tree:21m8.87s]
I0000 00:00:1769974931.582122   52692 random_forest.cc:954] Train tree 66/100 accuracy:0.743687 logloss:0.529478 [index:65 total:30m43.46s tree:21m2.34s]
I0000 00:00:1769974952.913104   52733 random_forest.cc:954] Train tree 67/100 accuracy:0.743921 logloss:0.528483 [index:66 total:31m4.80s tree:20m55.82s]
I0000 00:00:1769974974.315583   52715 random_forest.cc:954] Train tree 68/100 accuracy:0.744187 logloss:0.527482 [index:67 total:31m26.20s tree:20m49.26s]
I0000 00:00:1769974995.497202   52721 random_forest.cc:954] Train tree 69/100 accuracy:0.744423 logloss:0.526579 [index:68 total:31m47.38s tree:20m43.03s]
I0000 00:00:1769975017.349296   52737 random_forest.cc:954] Train tree 70/100 accuracy:0.744681 logloss:0.525684 [index:69 total:32m9.23s tree:20m36.51s]
I0000 00:00:1769975038.480710   52714 random_forest.cc:954] Train tree 71/100 accuracy:0.7449 logloss:0.52483 [index:70 total:32m30.36s tree:20m30.06s]
I0000 00:00:1769975059.945118   52709 random_forest.cc:954] Train tree 72/100 accuracy:0.745064 logloss:0.524058 [index:71 total:32m51.83s tree:20m23.38s]
I0000 00:00:1769975081.691777   52704 random_forest.cc:954] Train tree 73/100 accuracy:0.745272 logloss:0.523291 [index:72 total:33m13.57s tree:20m17.20s]
I0000 00:00:1769975103.264535   52691 random_forest.cc:954] Train tree 74/100 accuracy:0.745489 logloss:0.522566 [index:73 total:33m35.15s tree:20m10.88s]
I0000 00:00:1769975125.071269   52738 random_forest.cc:954] Train tree 75/100 accuracy:0.745719 logloss:0.521899 [index:74 total:33m56.95s tree:20m4.70s]
I0000 00:00:1769975146.564257   52718 random_forest.cc:954] Train tree 76/100 accuracy:0.74588 logloss:0.521258 [index:75 total:34m18.45s tree:19m58.33s]
I0000 00:00:1769975167.918907   52730 random_forest.cc:954] Train tree 77/100 accuracy:0.74608 logloss:0.52061 [index:76 total:34m39.80s tree:19m51.89s]
I0000 00:00:1769975188.944230   52720 random_forest.cc:954] Train tree 78/100 accuracy:0.746379 logloss:0.519958 [index:77 total:35m0.83s tree:19m45.21s]
I0000 00:00:1769975210.321924   52697 random_forest.cc:954] Train tree 79/100 accuracy:0.746561 logloss:0.51942 [index:78 total:35m22.20s tree:19m38.60s]
I0000 00:00:1769975231.466340   52700 random_forest.cc:954] Train tree 80/100 accuracy:0.746752 logloss:0.518887 [index:79 total:35m43.35s tree:19m32.27s]
I0000 00:00:1769975252.689554   52712 random_forest.cc:954] Train tree 81/100 accuracy:0.746904 logloss:0.51842 [index:80 total:36m4.57s tree:19m25.77s]
I0000 00:00:1769975273.756186   52699 random_forest.cc:954] Train tree 82/100 accuracy:0.747093 logloss:0.517907 [index:81 total:36m25.64s tree:19m19.22s]
I0000 00:00:1769975295.543431   52694 random_forest.cc:954] Train tree 83/100 accuracy:0.747286 logloss:0.517457 [index:82 total:36m47.43s tree:19m13.00s]
I0000 00:00:1769975317.223294   52698 random_forest.cc:954] Train tree 84/100 accuracy:0.747459 logloss:0.51695 [index:83 total:37m9.11s tree:19m6.65s]
I0000 00:00:1769975338.348117   52717 random_forest.cc:954] Train tree 85/100 accuracy:0.74763 logloss:0.516467 [index:84 total:37m30.23s tree:19m0.03s]
I0000 00:00:1769975359.745915   52706 random_forest.cc:954] Train tree 86/100 accuracy:0.74779 logloss:0.516023 [index:85 total:37m51.63s tree:18m53.81s]
I0000 00:00:1769975381.590019   52728 random_forest.cc:954] Train tree 87/100 accuracy:0.748016 logloss:0.515618 [index:86 total:38m13.47s tree:18m47.53s]
I0000 00:00:1769975402.677586   52722 random_forest.cc:954] Train tree 88/100 accuracy:0.748136 logloss:0.5152 [index:87 total:38m34.56s tree:18m40.85s]
I0000 00:00:1769975424.035924   52735 random_forest.cc:954] Train tree 89/100 accuracy:0.74828 logloss:0.514802 [index:88 total:38m55.92s tree:18m34.12s]
I0000 00:00:1769975445.548793   52707 random_forest.cc:954] Train tree 90/100 accuracy:0.748435 logloss:0.514441 [index:89 total:39m17.43s tree:18m27.38s]
I0000 00:00:1769975466.644972   52695 random_forest.cc:954] Train tree 91/100 accuracy:0.748573 logloss:0.514087 [index:90 total:39m38.53s tree:18m21.48s]
I0000 00:00:1769975488.738140   52703 random_forest.cc:954] Train tree 92/100 accuracy:0.748693 logloss:0.513777 [index:91 total:40m0.62s tree:18m14.84s]
I0000 00:00:1769975509.798570   52734 random_forest.cc:954] Train tree 93/100 accuracy:0.748815 logloss:0.513411 [index:92 total:40m21.68s tree:18m8.12s]
I0000 00:00:1769975531.523789   52723 random_forest.cc:954] Train tree 94/100 accuracy:0.748934 logloss:0.513108 [index:93 total:40m43.41s tree:18m1.54s]
I0000 00:00:1769975552.780427   52711 random_forest.cc:954] Train tree 95/100 accuracy:0.749053 logloss:0.512804 [index:94 total:41m4.66s tree:17m55.02s]
I0000 00:00:1769975574.665924   52732 random_forest.cc:954] Train tree 96/100 accuracy:0.749236 logloss:0.51249 [index:95 total:41m26.55s tree:17m48.30s]
I0000 00:00:1769975595.976436   52731 random_forest.cc:954] Train tree 97/100 accuracy:0.749365 logloss:0.512198 [index:96 total:41m47.86s tree:17m42.03s]
I0000 00:00:1769975617.448246   52710 random_forest.cc:954] Train tree 98/100 accuracy:0.749457 logloss:0.511952 [index:97 total:42m9.33s tree:17m35.71s]
I0000 00:00:1769975638.572415   52708 random_forest.cc:954] Train tree 99/100 accuracy:0.749548 logloss:0.511689 [index:98 total:42m30.46s tree:17m28.96s]
I0000 00:00:1769975660.109120   52736 random_forest.cc:954] Train tree 100/100 accuracy:0.749716 logloss:0.511416 [index:99 total:42m51.99s tree:17m22.59s]
I0000 00:00:1769975660.110739   52366 random_forest.cc:1103] Final OOB metrics: accuracy:0.749716 logloss:0.511416
-1 (automatic) threads requested. 48 threads set.
Configuring oblique splits
Using Dynamic Random Histogram with 256 samples
Training wall-time: 2804.35s
