=== batch1 start Wed Jun 10 11:00:23 PM EDT 2026 ===
--- rm0 start Wed Jun 10 11:00:23 PM EDT 2026 ---
[32mINFO: [0mOptions provided by the client:
  Inherited 'common' options: --isatty=0 --terminal_columns=80
[32mINFO: [0mReading rc options for 'build' from /home/ariel/prog/ydf/yggdrasil-oblique-forests/.bazelrc:
  'build' options: --repo_env=CC=icx --repo_env=CXX=icpx --cxxopt=-std=c++17 --host_cxxopt=-std=c++17 --ui_event_filters=-warning,-debug --action_env=CUDA_PATH=/usr/local/cuda --repo_env=CUDA_HOME=/usr/local/cuda --action_env=NVCC_PREPEND_FLAGS=-ccbin=/usr/bin/g++-13 --incompatible_enable_cc_toolchain_resolution -c opt --announce_rc --noincompatible_strict_action_env --copt=-w --host_copt=-w --define=use_fast_cpp_protos=true --define=allow_oversize_protos=true --define=grpc_no_ares=true --color=yes --define=use_ydf_tensorflow_proto=1
[32mINFO: [0mFound applicable config definition build:enable_std_upper_bound_avx2 in file /home/ariel/prog/ydf/yggdrasil-oblique-forests/.bazelrc: --cxxopt=-mavx2 --cxxopt=-mfma --cxxopt=-DENABLE_STD_UPPER_BOUND_VECTORIZATION=1
[32mINFO: [0mFound applicable config definition build:chrono_profile in file /home/ariel/prog/ydf/yggdrasil-oblique-forests/.bazelrc: --cxxopt=-DCHRONO_ENABLED
[32mINFO: [0mFound applicable config definition build:projection_matrix_control in file /home/ariel/prog/ydf/yggdrasil-oblique-forests/.bazelrc: --cxxopt=-DPROJECTION_MATRIX_CONTROL=1
[32mINFO: [0mFound applicable config definition build:row_major_dataset_layout in file /home/ariel/prog/ydf/yggdrasil-oblique-forests/.bazelrc: --cxxopt=-DROW_MAJOR_DATASET_LAYOUT=1
[32mComputing main repo mapping:[0m 
[32mLoading:[0m 
[32mLoading:[0m 0 packages loaded
[32mAnalyzing:[0m target //examples:train_oblique_forest (0 packages loaded, 0 targets configured)
[32mAnalyzing:[0m target //examples:train_oblique_forest (0 packages loaded, 0 targets configured)

[32mAnalyzing:[0m target //examples:train_oblique_forest (250 packages loaded, 11859 targets configured)

[32mINFO: [0mAnalyzed target //examples:train_oblique_forest (260 packages loaded, 12619 targets configured).
[32m[395 / 1,261][0m Compiling absl/time/internal/cctz/src/time_zone_libc.cc; 0s linux-sandbox ... (22 actions, 21 running)
[32m[458 / 1,261][0m Compiling hwy/per_target.cc; 1s linux-sandbox ... (22 actions, 21 running)
[32m[483 / 1,261][0m Compiling hwy/per_target.cc; 2s linux-sandbox ... (22 actions, 21 running)
[32m[513 / 1,261][0m Compiling hwy/per_target.cc; 3s linux-sandbox ... (22 actions, 21 running)
[32m[542 / 1,261][0m Compiling hwy/per_target.cc; 4s linux-sandbox ... (22 actions, 21 running)
[32m[551 / 1,261][0m Compiling src/google/protobuf/compiler/parser.cc [for tool]; 5s linux-sandbox ... (22 actions, 21 running)
[32m[560 / 1,261][0m Compiling hwy/contrib/sort/vqsort_u32a.cc; 6s linux-sandbox ... (23 actions, 21 running)
[32m[565 / 1,261][0m Compiling hwy/contrib/sort/vqsort_u32a.cc; 7s linux-sandbox ... (23 actions, 22 running)
[32m[570 / 1,261][0m Compiling hwy/contrib/sort/vqsort_u32a.cc; 8s linux-sandbox ... (22 actions, 21 running)
[32m[579 / 1,261][0m Compiling hwy/contrib/sort/vqsort_u32a.cc; 9s linux-sandbox ... (22 actions, 21 running)
[32m[581 / 1,261][0m Compiling hwy/contrib/sort/vqsort_u32a.cc; 10s linux-sandbox ... (22 actions, 21 running)
[32m[588 / 1,261][0m Compiling hwy/contrib/sort/vqsort_u32a.cc; 11s linux-sandbox ... (22 actions, 21 running)
[32m[597 / 1,261][0m Compiling hwy/contrib/sort/vqsort_u32a.cc; 12s linux-sandbox ... (22 actions, 21 running)
[32m[602 / 1,261][0m Compiling hwy/contrib/sort/vqsort_u32a.cc; 13s linux-sandbox ... (22 actions, 21 running)
[32m[604 / 1,261][0m Compiling hwy/contrib/sort/vqsort_u32a.cc; 14s linux-sandbox ... (23 actions, 22 running)
[32m[613 / 1,261][0m Compiling hwy/contrib/sort/vqsort_u32a.cc; 15s linux-sandbox ... (23 actions, 22 running)
[32m[616 / 1,261][0m Compiling hwy/contrib/sort/vqsort_u32a.cc; 16s linux-sandbox ... (23 actions, 22 running)
[32m[622 / 1,261][0m Compiling hwy/contrib/sort/vqsort_u32a.cc; 17s linux-sandbox ... (23 actions, 22 running)
[32m[627 / 1,261][0m Compiling hwy/contrib/sort/vqsort_u32a.cc; 18s linux-sandbox ... (22 actions, 21 running)
[32m[634 / 1,261][0m Compiling hwy/contrib/sort/vqsort_u32a.cc; 20s linux-sandbox ... (23 actions, 21 running)
[32m[637 / 1,261][0m Compiling hwy/contrib/sort/vqsort_u32a.cc; 21s linux-sandbox ... (22 actions, 21 running)
[32m[648 / 1,261][0m Compiling hwy/contrib/sort/vqsort_u32a.cc; 22s linux-sandbox ... (23 actions, 21 running)
[32m[661 / 1,261][0m Compiling hwy/contrib/sort/vqsort_u32a.cc; 23s linux-sandbox ... (22 actions, 21 running)
[32m[675 / 1,261][0m Compiling hwy/contrib/sort/vqsort_u32a.cc; 24s linux-sandbox ... (22 actions, 21 running)
[32m[683 / 1,261][0m Compiling hwy/contrib/sort/vqsort_u32a.cc; 25s linux-sandbox ... (22 actions, 21 running)
[32m[689 / 1,261][0m Compiling hwy/contrib/sort/vqsort_u32a.cc; 26s linux-sandbox ... (22 actions, 21 running)
[32m[696 / 1,261][0m Compiling hwy/contrib/sort/vqsort_u32a.cc; 27s linux-sandbox ... (22 actions, 21 running)
[32m[705 / 1,261][0m Compiling hwy/contrib/sort/vqsort_u32a.cc; 28s linux-sandbox ... (23 actions, 22 running)
[32m[716 / 1,261][0m Compiling hwy/contrib/sort/vqsort_u32a.cc; 30s linux-sandbox ... (23 actions, 21 running)
[32m[727 / 1,261][0m Compiling hwy/contrib/sort/vqsort_u32a.cc; 31s linux-sandbox ... (23 actions, 21 running)
[32m[733 / 1,261][0m Compiling hwy/contrib/sort/vqsort_u32a.cc; 32s linux-sandbox ... (23 actions, 21 running)
[32m[742 / 1,261][0m Compiling hwy/contrib/sort/vqsort_u32a.cc; 33s linux-sandbox ... (23 actions, 21 running)
[32m[755 / 1,261][0m Compiling hwy/contrib/sort/vqsort_u32a.cc; 34s linux-sandbox ... (23 actions, 21 running)
[32m[770 / 1,261][0m Compiling hwy/contrib/sort/vqsort_u32a.cc; 35s linux-sandbox ... (23 actions, 21 running)
[32m[784 / 1,261][0m Compiling hwy/contrib/sort/vqsort_128a.cc; 34s linux-sandbox ... (23 actions, 21 running)
[32m[797 / 1,261][0m Compiling hwy/contrib/sort/vqsort_128a.cc; 35s linux-sandbox ... (22 actions, 21 running)
[32m[810 / 1,261][0m Compiling hwy/contrib/sort/vqsort_128a.cc; 36s linux-sandbox ... (22 actions, 21 running)
[32m[816 / 1,261][0m Compiling hwy/contrib/sort/vqsort_128a.cc; 38s linux-sandbox ... (23 actions, 22 running)
[32m[818 / 1,261][0m Compiling hwy/contrib/sort/vqsort_128a.cc; 39s linux-sandbox ... (23 actions, 22 running)
[32m[821 / 1,261][0m Compiling hwy/contrib/sort/vqsort_128a.cc; 40s linux-sandbox ... (22 actions, 21 running)
[32m[826 / 1,261][0m Compiling hwy/contrib/sort/vqsort_128d.cc; 40s linux-sandbox ... (22 actions, 21 running)
[32m[832 / 1,261][0m Compiling hwy/contrib/sort/vqsort_128d.cc; 41s linux-sandbox ... (23 actions, 22 running)
[32m[836 / 1,261][0m Compiling hwy/contrib/sort/vqsort_128d.cc; 42s linux-sandbox ... (23 actions, 22 running)
[32m[841 / 1,261][0m Compiling hwy/contrib/sort/vqsort_128d.cc; 43s linux-sandbox ... (23 actions, 22 running)
[32m[843 / 1,261][0m Compiling hwy/contrib/sort/vqsort_f32d.cc; 36s linux-sandbox ... (23 actions, 22 running)
[32m[846 / 1,261][0m Compiling hwy/contrib/sort/vqsort_f32d.cc; 37s linux-sandbox ... (22 actions running)
[32m[851 / 1,261][0m Compiling hwy/contrib/sort/vqsort_f32d.cc; 38s linux-sandbox ... (23 actions, 22 running)
[32m[855 / 1,261][0m Compiling hwy/contrib/sort/vqsort_u64d.cc; 15s linux-sandbox ... (23 actions, 22 running)
[32m[856 / 1,261][0m Compiling hwy/contrib/sort/vqsort_u64d.cc; 16s linux-sandbox ... (23 actions, 22 running)
[32m[857 / 1,261][0m Compiling hwy/contrib/sort/vqsort_u64d.cc; 17s linux-sandbox ... (22 actions, 21 running)
[32m[860 / 1,261][0m Compiling hwy/contrib/sort/vqsort_u64d.cc; 18s linux-sandbox ... (22 actions, 21 running)
[32m[864 / 1,261][0m Compiling hwy/contrib/sort/vqsort_u64d.cc; 19s linux-sandbox ... (23 actions, 22 running)
[32m[872 / 1,261][0m Compiling hwy/contrib/sort/vqsort_u64d.cc; 20s linux-sandbox ... (22 actions, 21 running)
[32m[877 / 1,261][0m Compiling hwy/contrib/sort/vqsort_u64d.cc; 21s linux-sandbox ... (22 actions, 21 running)
[32m[883 / 1,261][0m Compiling hwy/contrib/sort/vqsort_i16d.cc; 21s linux-sandbox ... (23 actions, 21 running)
[32m[888 / 1,261][0m Compiling hwy/contrib/sort/vqsort_i16d.cc; 22s linux-sandbox ... (22 actions, 21 running)
[32m[894 / 1,261][0m Compiling hwy/contrib/sort/vqsort_i16d.cc; 23s linux-sandbox ... (23 actions, 22 running)
[32m[902 / 1,261][0m Compiling hwy/contrib/sort/vqsort_i32a.cc; 23s linux-sandbox ... (23 actions, 22 running)
[32m[910 / 1,261][0m Compiling hwy/contrib/sort/vqsort_i32a.cc; 24s linux-sandbox ... (23 actions, 22 running)
[32m[914 / 1,261][0m Compiling hwy/contrib/sort/vqsort_i32a.cc; 25s linux-sandbox ... (23 actions, 22 running)
[32m[923 / 1,261][0m Compiling hwy/contrib/sort/vqsort_i32a.cc; 26s linux-sandbox ... (23 actions, 21 running)
[32m[928 / 1,261][0m Compiling hwy/contrib/sort/vqsort_i32a.cc; 28s linux-sandbox ... (22 actions, 21 running)
[32m[935 / 1,261][0m Compiling hwy/contrib/sort/vqsort_i32a.cc; 29s linux-sandbox ... (22 actions, 21 running)
[32m[942 / 1,261][0m Compiling hwy/contrib/sort/vqsort_i32a.cc; 30s linux-sandbox ... (23 actions, 21 running)
[32m[949 / 1,261][0m Compiling hwy/contrib/sort/vqsort_i32a.cc; 31s linux-sandbox ... (23 actions, 21 running)
[32m[951 / 1,261][0m Compiling hwy/contrib/sort/vqsort_i32a.cc; 32s linux-sandbox ... (23 actions, 22 running)
[32m[957 / 1,261][0m Compiling hwy/contrib/sort/vqsort_i32a.cc; 33s linux-sandbox ... (22 actions, 21 running)
[32m[961 / 1,261][0m Compiling hwy/contrib/sort/vqsort_i32a.cc; 35s linux-sandbox ... (23 actions, 21 running)
[32m[965 / 1,261][0m Compiling hwy/contrib/sort/vqsort_i32d.cc; 35s linux-sandbox ... (23 actions, 22 running)
[32m[972 / 1,261][0m Compiling hwy/contrib/sort/vqsort_i32d.cc; 36s linux-sandbox ... (23 actions, 22 running)
[32m[981 / 1,261][0m Compiling hwy/contrib/sort/vqsort_i32d.cc; 37s linux-sandbox ... (23 actions, 22 running)
[32m[989 / 1,261][0m Compiling hwy/contrib/sort/vqsort_kv128a.cc; 33s linux-sandbox ... (23 actions, 21 running)
[32m[993 / 1,261][0m Compiling hwy/contrib/sort/vqsort_kv128a.cc; 34s linux-sandbox ... (22 actions, 21 running)
[32m[1,001 / 1,261][0m Compiling hwy/contrib/sort/vqsort_kv128a.cc; 35s linux-sandbox ... (22 actions, 21 running)
[32m[1,010 / 1,261][0m Compiling hwy/contrib/sort/vqsort_kv128a.cc; 37s linux-sandbox ... (22 actions, 21 running)
[32m[1,016 / 1,261][0m Compiling hwy/contrib/sort/vqsort_kv128a.cc; 38s linux-sandbox ... (22 actions, 21 running)
[32m[1,020 / 1,261][0m Compiling hwy/contrib/sort/vqsort_kv128a.cc; 39s linux-sandbox ... (22 actions, 21 running)
[32m[1,026 / 1,261][0m Compiling hwy/contrib/sort/vqsort_kv128a.cc; 40s linux-sandbox ... (22 actions, 21 running)
[32m[1,037 / 1,261][0m Compiling hwy/contrib/sort/vqsort_u32d.cc; 36s linux-sandbox ... (23 actions, 22 running)
[32m[1,047 / 1,261][0m Compiling src/google/protobuf/compiler/kotlin/field.cc [for tool]; 6s linux-sandbox ... (16 actions running)
[32m[1,055 / 1,261][0m Compiling src/google/protobuf/descriptor.pb.cc; 5s linux-sandbox ... (9 actions running)
[32m[1,085 / 1,261][0m Compiling src/google/protobuf/util/message_differencer.cc; 6s linux-sandbox ... (8 actions running)
[32m[1,135 / 1,261][0m Compiling src/google/protobuf/descriptor.cc; 6s linux-sandbox ... (23 actions, 22 running)
[32m[1,136 / 1,261][0m Compiling src/google/protobuf/descriptor.cc; 8s linux-sandbox ... (22 actions, 21 running)
[32m[1,149 / 1,261][0m Compiling src/google/protobuf/descriptor.cc; 9s linux-sandbox ... (22 actions, 21 running)
[32m[1,155 / 1,261][0m Compiling src/google/protobuf/descriptor.cc; 10s linux-sandbox ... (22 actions, 21 running)
[32m[1,159 / 1,261][0m Compiling src/google/protobuf/descriptor.cc; 11s linux-sandbox ... (23 actions, 22 running)
[32m[1,167 / 1,261][0m Compiling src/google/protobuf/descriptor.cc; 12s linux-sandbox ... (23 actions, 22 running)
[32m[1,169 / 1,261][0m Compiling src/google/protobuf/descriptor.cc; 14s linux-sandbox ... (23 actions, 21 running)
[32m[1,173 / 1,261][0m Compiling src/google/protobuf/descriptor.cc; 15s linux-sandbox ... (22 actions, 21 running)
[32m[1,181 / 1,261][0m Compiling src/google/protobuf/descriptor.cc; 16s linux-sandbox ... (22 actions, 21 running)
[32m[1,184 / 1,261][0m Compiling src/google/protobuf/descriptor.cc; 17s linux-sandbox ... (23 actions, 22 running)
[32m[1,188 / 1,261][0m Compiling src/google/protobuf/descriptor.cc; 18s linux-sandbox ... (23 actions, 22 running)
[32m[1,195 / 1,261][0m Compiling src/google/protobuf/descriptor.cc; 20s linux-sandbox ... (22 actions, 21 running)
[32m[1,198 / 1,261][0m Compiling yggdrasil_decision_forests/dataset/data_spec.cc; 11s linux-sandbox ... (22 actions, 21 running)
[32m[1,204 / 1,261][0m Compiling yggdrasil_decision_forests/metric/metric.cc; 10s linux-sandbox ... (22 actions, 21 running)
[32m[1,209 / 1,261][0m Compiling yggdrasil_decision_forests/model/abstract_model.cc; 8s linux-sandbox ... (22 actions, 21 running)
[32m[1,211 / 1,261][0m Compiling yggdrasil_decision_forests/model/abstract_model.cc; 9s linux-sandbox ... (23 actions, 22 running)
[32m[1,216 / 1,261][0m Compiling yggdrasil_decision_forests/dataset/data_spec_inference.cc; 9s linux-sandbox ... (23 actions, 22 running)
[32m[1,219 / 1,261][0m Compiling yggdrasil_decision_forests/learner/abstract_learner.cc; 7s linux-sandbox ... (22 actions, 21 running)
[32m[1,225 / 1,261][0m Compiling yggdrasil_decision_forests/model/decision_tree/decision_tree.cc; 8s linux-sandbox ... (22 actions, 21 running)
[32m[1,229 / 1,261][0m Compiling yggdrasil_decision_forests/learner/distributed_decision_tree/training.cc; 7s linux-sandbox ... (22 actions, 21 running)
[32m[1,232 / 1,261][0m Compiling yggdrasil_decision_forests/learner/distributed_decision_tree/training.cc; 8s linux-sandbox ... (23 actions, 22 running)
[32m[1,234 / 1,261][0m Compiling yggdrasil_decision_forests/learner/distributed_decision_tree/training.cc; 9s linux-sandbox ... (22 actions, 21 running)
[32m[1,242 / 1,261][0m Compiling yggdrasil_decision_forests/learner/distributed_decision_tree/training.cc; 11s linux-sandbox ... (18 actions running)
[32m[1,250 / 1,261][0m Compiling yggdrasil_decision_forests/learner/distributed_decision_tree/training.cc; 13s linux-sandbox ... (10 actions running)
[32m[1,257 / 1,261][0m Compiling yggdrasil_decision_forests/learner/decision_tree/oblique.cc; 14s linux-sandbox ... (3 actions running)
[32m[1,258 / 1,261][0m Compiling yggdrasil_decision_forests/learner/decision_tree/oblique.cc; 17s linux-sandbox ... (2 actions running)
[32m[1,259 / 1,261][0m Compiling yggdrasil_decision_forests/learner/decision_tree/training.cc; 16s linux-sandbox
[32mINFO: [0mFound 1 target...
Target //examples:train_oblique_forest up-to-date:
  bazel-bin/examples/train_oblique_forest
[32mINFO: [0mElapsed time: 131.083s, Critical Path: 46.20s
[32mINFO: [0m857 processes: 11 internal, 846 linux-sandbox.
[32mINFO: [0mBuild completed successfully, 857 total actions
[0mBuilding binary...
Running: bazel build --ui_event_filters=-warning -c opt --config=enable_std_upper_bound_avx2 --config=chrono_profile --config=projection_matrix_control --config=row_major_dataset_layout --ui_event_filters=-warning --repo_env=CC=/opt/intel/oneapi/compiler/latest/bin/icx --repo_env=CXX=/opt/intel/oneapi/compiler/latest/bin/icpx //examples:train_oblique_forest
✅ Build succeeded!

Running binary with command:
 ./bazel-bin/examples/train_oblique_forest --num_trees=5 --feature_split_type=Oblique --compute_oob_performances=false --histogram_num_bins=64 --num_threads=1 --tree_depth=-1 --numerical_split_type=Dynamic Random Histogram --input_mode=trunk --rows=1500000 --cols=4096 --dataset_layout=dual_fp32 


[0;32m[INFO][0m Enabling P-cores only mode (no HT, no E-cores, no turbo)...
[0;32m[INFO][0m Disabling hyperthreading siblings...
[0;32m[INFO][0m Disabling E-cores...
[0;32m[INFO][0m Disabling turbo boost...
[0;32m[INFO][0m P-cores only mode enabled (CPUs 0,1,3,6,8,10 active, no turbo)

E-cores: DISABLED (default — use --no-disable_ecores to keep on)

⏱  Training block took 342.6850 s   (subprocess wall: 384.9824 s)

── CHRONO coverage ─────────────────────────────────
  Training block (wall):         342.6850 s
  CPU budget (wall × min(trees, threads) = 342.685 × min(5,1)):   342.6850 s
  Σ TreeTrain (DFS top-level):   342.6820 s  (100.0% of CPU budget)
  Unaccounted (CPU budget − Σ TreeTrain):     0.0030 s  (  0.0%)
────────────────────────────────────────────────────

WARNING: All log messages before absl::InitializeLog() is called are written to STDERR
I0000 00:00:1781146954.941044   71541 train_oblique_forest.cc:415] Generating trunk synthetic dataset: rows=1500000, cols=4096, layout=dynamic_row_col_major
I0000 00:00:1781146994.834857   71541 train_oblique_forest.cc:528] Dynamic_Row_Col_Major fp32 matrices allocated: 45.7764 GiB total
I0000 00:00:1781146994.834932   71541 train_oblique_forest.cc:581] Running with 1 threads, as requested.
I0000 00:00:1781146994.834947   71541 train_oblique_forest.cc:657] Configuring oblique splits
I0000 00:00:1781146994.834956   71541 train_oblique_forest.cc:742] Using Dynamic Random Histogram with 64 samples
I0000 00:00:1781146994.835444   71541 abstract_learner.cc:171] No input feature explicitly specified. Using all the available input features.
I0000 00:00:1781146994.835455   71541 abstract_learner.cc:185] The label "y" was removed from the input feature set.
I0000 00:00:1781146994.836421   71541 random_forest.
CSV written to benchmarks/results/per_function_timing/Intel(R) Core(TM) Ultra 9 185H/Oblique | Dynamic Random Histogram/trunk_1500000_x_4096/dualfp32_rm0_5trees_1500k_pcore_2026-06-10.csv

Cleaning up: Restoring CPU configuration...
[0;32m[INFO][0m Restoring full CPU configuration...
[0;32m[INFO][0m Re-enabling hyperthreading siblings...
[0;32m[INFO][0m Re-enabling E-cores...
[0;32m[INFO][0m Re-enabling turbo boost...
[0;32m[INFO][0m All cores and turbo boost enabled

--- rm0 exit=0 Wed Jun 10 11:09:00 PM EDT 2026 ---
--- rm5000 start Wed Jun 10 11:09:00 PM EDT 2026 ---
[32mINFO: [0mOptions provided by the client:
  Inherited 'common' options: --isatty=0 --terminal_columns=80
[32mINFO: [0mReading rc options for 'build' from /home/ariel/prog/ydf/yggdrasil-oblique-forests/.bazelrc:
  'build' options: --repo_env=CC=icx --repo_env=CXX=icpx --cxxopt=-std=c++17 --host_cxxopt=-std=c++17 --ui_event_filters=-warning,-debug --action_env=CUDA_PATH=/usr/local/cuda --repo_env=CUDA_HOME=/usr/local/cuda --action_env=NVCC_PREPEND_FLAGS=-ccbin=/usr/bin/g++-13 --incompatible_enable_cc_toolchain_resolution -c opt --announce_rc --noincompatible_strict_action_env --copt=-w --host_copt=-w --define=use_fast_cpp_protos=true --define=allow_oversize_protos=true --define=grpc_no_ares=true --color=yes --define=use_ydf_tensorflow_proto=1
[32mINFO: [0mFound applicable config definition build:enable_std_upper_bound_avx2 in file /home/ariel/prog/ydf/yggdrasil-oblique-forests/.bazelrc: --cxxopt=-mavx2 --cxxopt=-mfma --cxxopt=-DENABLE_STD_UPPER_BOUND_VECTORIZATION=1
[32mINFO: [0mFound applicable config definition build:chrono_profile in file /home/ariel/prog/ydf/yggdrasil-oblique-forests/.bazelrc: --cxxopt=-DCHRONO_ENABLED
[32mINFO: [0mFound applicable config definition build:projection_matrix_control in file /home/ariel/prog/ydf/yggdrasil-oblique-forests/.bazelrc: --cxxopt=-DPROJECTION_MATRIX_CONTROL=1
[32mINFO: [0mFound applicable config definition build:row_major_dataset_layout in file /home/ariel/prog/ydf/yggdrasil-oblique-forests/.bazelrc: --cxxopt=-DROW_MAJOR_DATASET_LAYOUT=1
[32mComputing main repo mapping:[0m 
[32mLoading:[0m 
[32mLoading:[0m 0 packages loaded
[32mAnalyzing:[0m target //examples:train_oblique_forest (1 packages loaded, 0 targets configured)
[32mAnalyzing:[0m target //examples:train_oblique_forest (1 packages loaded, 0 targets configured)

[32mINFO: [0mAnalyzed target //examples:train_oblique_forest (121 packages loaded, 10376 targets configured).
[32mINFO: [0mFound 1 target...
Target //examples:train_oblique_forest up-to-date:
  bazel-bin/examples/train_oblique_forest
[32mINFO: [0mElapsed time: 0.663s, Critical Path: 0.03s
[32mINFO: [0m1 process: 1 internal.
[32mINFO: [0mBuild completed successfully, 1 total action
[0mBuilding binary...
Running: bazel build --ui_event_filters=-warning -c opt --config=enable_std_upper_bound_avx2 --config=chrono_profile --config=projection_matrix_control --config=row_major_dataset_layout --ui_event_filters=-warning --repo_env=CC=/opt/intel/oneapi/compiler/latest/bin/icx --repo_env=CXX=/opt/intel/oneapi/compiler/latest/bin/icpx //examples:train_oblique_forest
✅ Build succeeded!

Running binary with command:
 ./bazel-bin/examples/train_oblique_forest --num_trees=5 --feature_split_type=Oblique --compute_oob_performances=false --histogram_num_bins=64 --num_threads=1 --tree_depth=-1 --numerical_split_type=Dynamic Random Histogram --input_mode=trunk --rows=1500000 --cols=4096 --dataset_layout=dual_fp32 


[0;32m[INFO][0m Enabling P-cores only mode (no HT, no E-cores, no turbo)...
[0;32m[INFO][0m Disabling hyperthreading siblings...
[0;32m[INFO][0m Disabling E-cores...
[0;32m[INFO][0m Disabling turbo boost...
[0;32m[INFO][0m P-cores only mode enabled (CPUs 0,1,3,6,8,10 active, no turbo)

E-cores: DISABLED (default — use --no-disable_ecores to keep on)

⏱  Training block took 331.4200 s   (subprocess wall: 372.9333 s)

── CHRONO coverage ─────────────────────────────────
  Training block (wall):         331.4200 s
  CPU budget (wall × min(trees, threads) = 331.420 × min(5,1)):   331.4200 s
  Σ TreeTrain (DFS top-level):   331.4169 s  (100.0% of CPU budget)
  Unaccounted (CPU budget − Σ TreeTrain):     0.0031 s  (  0.0%)
────────────────────────────────────────────────────

WARNING: All log messages before absl::InitializeLog() is called are written to STDERR
I0000 00:00:1781147341.871197   72274 train_oblique_forest.cc:415] Generating trunk synthetic dataset: rows=1500000, cols=4096, layout=dynamic_row_col_major
I0000 00:00:1781147381.078133   72274 train_oblique_forest.cc:528] Dynamic_Row_Col_Major fp32 matrices allocated: 45.7764 GiB total
I0000 00:00:1781147381.078216   72274 train_oblique_forest.cc:581] Running with 1 threads, as requested.
I0000 00:00:1781147381.078231   72274 train_oblique_forest.cc:657] Configuring oblique splits
I0000 00:00:1781147381.078237   72274 train_oblique_forest.cc:742] Using Dynamic Random Histogram with 64 samples
I0000 00:00:1781147381.078746   72274 abstract_learner.cc:171] No input feature explicitly specified. Using all the available input features.
I0000 00:00:1781147381.078759   72274 abstract_learner.cc:185] The label "y" was removed from the input feature set.
I0000 00:00:1781147381.079745   72274 random_forest.
CSV written to benchmarks/results/per_function_timing/Intel(R) Core(TM) Ultra 9 185H/Oblique | Dynamic Random Histogram/trunk_1500000_x_4096/dualfp32_rm5000_5trees_1500k_pcore_2026-06-10.csv

Cleaning up: Restoring CPU configuration...
[0;32m[INFO][0m Restoring full CPU configuration...
[0;32m[INFO][0m Re-enabling hyperthreading siblings...
[0;32m[INFO][0m Re-enabling E-cores...
[0;32m[INFO][0m Re-enabling turbo boost...
[0;32m[INFO][0m All cores and turbo boost enabled

--- rm5000 exit=0 Wed Jun 10 11:15:15 PM EDT 2026 ---
--- rm2500 start Wed Jun 10 11:15:15 PM EDT 2026 ---
[32mINFO: [0mOptions provided by the client:
  Inherited 'common' options: --isatty=0 --terminal_columns=80
[32mINFO: [0mReading rc options for 'build' from /home/ariel/prog/ydf/yggdrasil-oblique-forests/.bazelrc:
  'build' options: --repo_env=CC=icx --repo_env=CXX=icpx --cxxopt=-std=c++17 --host_cxxopt=-std=c++17 --ui_event_filters=-warning,-debug --action_env=CUDA_PATH=/usr/local/cuda --repo_env=CUDA_HOME=/usr/local/cuda --action_env=NVCC_PREPEND_FLAGS=-ccbin=/usr/bin/g++-13 --incompatible_enable_cc_toolchain_resolution -c opt --announce_rc --noincompatible_strict_action_env --copt=-w --host_copt=-w --define=use_fast_cpp_protos=true --define=allow_oversize_protos=true --define=grpc_no_ares=true --color=yes --define=use_ydf_tensorflow_proto=1
[32mINFO: [0mFound applicable config definition build:enable_std_upper_bound_avx2 in file /home/ariel/prog/ydf/yggdrasil-oblique-forests/.bazelrc: --cxxopt=-mavx2 --cxxopt=-mfma --cxxopt=-DENABLE_STD_UPPER_BOUND_VECTORIZATION=1
[32mINFO: [0mFound applicable config definition build:chrono_profile in file /home/ariel/prog/ydf/yggdrasil-oblique-forests/.bazelrc: --cxxopt=-DCHRONO_ENABLED
[32mINFO: [0mFound applicable config definition build:projection_matrix_control in file /home/ariel/prog/ydf/yggdrasil-oblique-forests/.bazelrc: --cxxopt=-DPROJECTION_MATRIX_CONTROL=1
[32mINFO: [0mFound applicable config definition build:row_major_dataset_layout in file /home/ariel/prog/ydf/yggdrasil-oblique-forests/.bazelrc: --cxxopt=-DROW_MAJOR_DATASET_LAYOUT=1
[32mComputing main repo mapping:[0m 
[32mLoading:[0m 
[32mLoading:[0m 0 packages loaded
[32mAnalyzing:[0m target //examples:train_oblique_forest (0 packages loaded, 0 targets configured)
[32mAnalyzing:[0m target //examples:train_oblique_forest (0 packages loaded, 0 targets configured)

[32mINFO: [0mAnalyzed target //examples:train_oblique_forest (0 packages loaded, 0 targets configured).
[32mINFO: [0mFound 1 target...
Target //examples:train_oblique_forest up-to-date:
  bazel-bin/examples/train_oblique_forest
[32mINFO: [0mElapsed time: 0.127s, Critical Path: 0.00s
[32mINFO: [0m1 process: 1 internal.
[32mINFO: [0mBuild completed successfully, 1 total action
[0mBuilding binary...
Running: bazel build --ui_event_filters=-warning -c opt --config=enable_std_upper_bound_avx2 --config=chrono_profile --config=projection_matrix_control --config=row_major_dataset_layout --ui_event_filters=-warning --repo_env=CC=/opt/intel/oneapi/compiler/latest/bin/icx --repo_env=CXX=/opt/intel/oneapi/compiler/latest/bin/icpx //examples:train_oblique_forest
✅ Build succeeded!

Running binary with command:
 ./bazel-bin/examples/train_oblique_forest --num_trees=5 --feature_split_type=Oblique --compute_oob_performances=false --histogram_num_bins=64 --num_threads=1 --tree_depth=-1 --numerical_split_type=Dynamic Random Histogram --input_mode=trunk --rows=1500000 --cols=4096 --dataset_layout=dual_fp32 


[0;32m[INFO][0m Enabling P-cores only mode (no HT, no E-cores, no turbo)...
[0;32m[INFO][0m Disabling hyperthreading siblings...
[0;32m[INFO][0m Disabling E-cores...
[0;32m[INFO][0m Disabling turbo boost...
[0;32m[INFO][0m P-cores only mode enabled (CPUs 0,1,3,6,8,10 active, no turbo)

E-cores: DISABLED (default — use --no-disable_ecores to keep on)

⏱  Training block took 328.7140 s   (subprocess wall: 369.9769 s)

── CHRONO coverage ─────────────────────────────────
  Training block (wall):         328.7140 s
  CPU budget (wall × min(trees, threads) = 328.714 × min(5,1)):   328.7140 s
  Σ TreeTrain (DFS top-level):   328.7111 s  (100.0% of CPU budget)
  Unaccounted (CPU budget − Σ TreeTrain):     0.0029 s  (  0.0%)
────────────────────────────────────────────────────

WARNING: All log messages before absl::InitializeLog() is called are written to STDERR
I0000 00:00:1781147716.148028   73058 train_oblique_forest.cc:415] Generating trunk synthetic dataset: rows=1500000, cols=4096, layout=dynamic_row_col_major
I0000 00:00:1781147755.073814   73058 train_oblique_forest.cc:528] Dynamic_Row_Col_Major fp32 matrices allocated: 45.7764 GiB total
I0000 00:00:1781147755.073893   73058 train_oblique_forest.cc:581] Running with 1 threads, as requested.
I0000 00:00:1781147755.073907   73058 train_oblique_forest.cc:657] Configuring oblique splits
I0000 00:00:1781147755.073912   73058 train_oblique_forest.cc:742] Using Dynamic Random Histogram with 64 samples
I0000 00:00:1781147755.074395   73058 abstract_learner.cc:171] No input feature explicitly specified. Using all the available input features.
I0000 00:00:1781147755.074406   73058 abstract_learner.cc:185] The label "y" was removed from the input feature set.
I0000 00:00:1781147755.075436   73058 random_forest.
CSV written to benchmarks/results/per_function_timing/Intel(R) Core(TM) Ultra 9 185H/Oblique | Dynamic Random Histogram/trunk_1500000_x_4096/dualfp32_rm2500_5trees_1500k_pcore_2026-06-10.csv

Cleaning up: Restoring CPU configuration...
[0;32m[INFO][0m Restoring full CPU configuration...
[0;32m[INFO][0m Re-enabling hyperthreading siblings...
[0;32m[INFO][0m Re-enabling E-cores...
[0;32m[INFO][0m Re-enabling turbo boost...
[0;32m[INFO][0m All cores and turbo boost enabled

--- rm2500 exit=0 Wed Jun 10 11:21:26 PM EDT 2026 ---
=== batch1 done Wed Jun 10 11:21:26 PM EDT 2026 ===
=== batch2 start Wed Jun 10 11:22:38 PM EDT 2026 ===
--- rmINF start Wed Jun 10 11:22:38 PM EDT 2026 ---
[32mINFO: [0mOptions provided by the client:
  Inherited 'common' options: --isatty=0 --terminal_columns=80
[32mINFO: [0mReading rc options for 'build' from /home/ariel/prog/ydf/yggdrasil-oblique-forests/.bazelrc:
  'build' options: --repo_env=CC=icx --repo_env=CXX=icpx --cxxopt=-std=c++17 --host_cxxopt=-std=c++17 --ui_event_filters=-warning,-debug --action_env=CUDA_PATH=/usr/local/cuda --repo_env=CUDA_HOME=/usr/local/cuda --action_env=NVCC_PREPEND_FLAGS=-ccbin=/usr/bin/g++-13 --incompatible_enable_cc_toolchain_resolution -c opt --announce_rc --noincompatible_strict_action_env --copt=-w --host_copt=-w --define=use_fast_cpp_protos=true --define=allow_oversize_protos=true --define=grpc_no_ares=true --color=yes --define=use_ydf_tensorflow_proto=1
[32mINFO: [0mFound applicable config definition build:enable_std_upper_bound_avx2 in file /home/ariel/prog/ydf/yggdrasil-oblique-forests/.bazelrc: --cxxopt=-mavx2 --cxxopt=-mfma --cxxopt=-DENABLE_STD_UPPER_BOUND_VECTORIZATION=1
[32mINFO: [0mFound applicable config definition build:chrono_profile in file /home/ariel/prog/ydf/yggdrasil-oblique-forests/.bazelrc: --cxxopt=-DCHRONO_ENABLED
[32mINFO: [0mFound applicable config definition build:projection_matrix_control in file /home/ariel/prog/ydf/yggdrasil-oblique-forests/.bazelrc: --cxxopt=-DPROJECTION_MATRIX_CONTROL=1
[32mINFO: [0mFound applicable config definition build:row_major_dataset_layout in file /home/ariel/prog/ydf/yggdrasil-oblique-forests/.bazelrc: --cxxopt=-DROW_MAJOR_DATASET_LAYOUT=1
[32mComputing main repo mapping:[0m 
[32mLoading:[0m 
[32mLoading:[0m 0 packages loaded
[32mAnalyzing:[0m target //examples:train_oblique_forest (0 packages loaded, 0 targets configured)
[32mAnalyzing:[0m target //examples:train_oblique_forest (0 packages loaded, 0 targets configured)

[32mINFO: [0mAnalyzed target //examples:train_oblique_forest (0 packages loaded, 0 targets configured).
[32mINFO: [0mFound 1 target...
Target //examples:train_oblique_forest up-to-date:
  bazel-bin/examples/train_oblique_forest
[32mINFO: [0mElapsed time: 0.065s, Critical Path: 0.00s
[32mINFO: [0m1 process: 1 internal.
[32mINFO: [0mBuild completed successfully, 1 total action
[0mBuilding binary...
Running: bazel build --ui_event_filters=-warning -c opt --config=enable_std_upper_bound_avx2 --config=chrono_profile --config=projection_matrix_control --config=row_major_dataset_layout --ui_event_filters=-warning --repo_env=CC=/opt/intel/oneapi/compiler/latest/bin/icx --repo_env=CXX=/opt/intel/oneapi/compiler/latest/bin/icpx //examples:train_oblique_forest
✅ Build succeeded!

Running binary with command:
 ./bazel-bin/examples/train_oblique_forest --num_trees=5 --feature_split_type=Oblique --compute_oob_performances=false --histogram_num_bins=64 --num_threads=1 --tree_depth=-1 --numerical_split_type=Dynamic Random Histogram --input_mode=trunk --rows=1500000 --cols=4096 --dataset_layout=dual_fp32 


[0;32m[INFO][0m Enabling P-cores only mode (no HT, no E-cores, no turbo)...
[0;32m[INFO][0m Disabling hyperthreading siblings...
[0;32m[INFO][0m Disabling E-cores...
[0;32m[INFO][0m Disabling turbo boost...
[0;32m[INFO][0m P-cores only mode enabled (CPUs 0,1,3,6,8,10 active, no turbo)

E-cores: DISABLED (default — use --no-disable_ecores to keep on)

⏱  Training block took 354.7450 s   (subprocess wall: 395.8483 s)

── CHRONO coverage ─────────────────────────────────
  Training block (wall):         354.7450 s
  CPU budget (wall × min(trees, threads) = 354.745 × min(5,1)):   354.7450 s
  Σ TreeTrain (DFS top-level):   354.7417 s  (100.0% of CPU budget)
  Unaccounted (CPU budget − Σ TreeTrain):     0.0033 s  (  0.0%)
────────────────────────────────────────────────────

WARNING: All log messages before absl::InitializeLog() is called are written to STDERR
I0000 00:00:1781148159.212925   74553 train_oblique_forest.cc:415] Generating trunk synthetic dataset: rows=1500000, cols=4096, layout=dynamic_row_col_major
I0000 00:00:1781148198.019960   74553 train_oblique_forest.cc:528] Dynamic_Row_Col_Major fp32 matrices allocated: 45.7764 GiB total
I0000 00:00:1781148198.020042   74553 train_oblique_forest.cc:581] Running with 1 threads, as requested.
I0000 00:00:1781148198.020058   74553 train_oblique_forest.cc:657] Configuring oblique splits
I0000 00:00:1781148198.020063   74553 train_oblique_forest.cc:742] Using Dynamic Random Histogram with 64 samples
I0000 00:00:1781148198.020531   74553 abstract_learner.cc:171] No input feature explicitly specified. Using all the available input features.
I0000 00:00:1781148198.020543   74553 abstract_learner.cc:185] The label "y" was removed from the input feature set.
I0000 00:00:1781148198.021551   74553 random_forest.
CSV written to benchmarks/results/per_function_timing/Intel(R) Core(TM) Ultra 9 185H/Oblique | Dynamic Random Histogram/trunk_1500000_x_4096/dualfp32_rmINF_5trees_1500k_pcore_2026-06-10.csv

Cleaning up: Restoring CPU configuration...
[0;32m[INFO][0m Restoring full CPU configuration...
[0;32m[INFO][0m Re-enabling hyperthreading siblings...
[0;32m[INFO][0m Re-enabling E-cores...
[0;32m[INFO][0m Re-enabling turbo boost...
[0;32m[INFO][0m All cores and turbo boost enabled

--- rmINF exit=0 Wed Jun 10 11:29:15 PM EDT 2026 ---
--- rm1250 start Wed Jun 10 11:29:15 PM EDT 2026 ---
[32mINFO: [0mOptions provided by the client:
  Inherited 'common' options: --isatty=0 --terminal_columns=80
[32mINFO: [0mReading rc options for 'build' from /home/ariel/prog/ydf/yggdrasil-oblique-forests/.bazelrc:
  'build' options: --repo_env=CC=icx --repo_env=CXX=icpx --cxxopt=-std=c++17 --host_cxxopt=-std=c++17 --ui_event_filters=-warning,-debug --action_env=CUDA_PATH=/usr/local/cuda --repo_env=CUDA_HOME=/usr/local/cuda --action_env=NVCC_PREPEND_FLAGS=-ccbin=/usr/bin/g++-13 --incompatible_enable_cc_toolchain_resolution -c opt --announce_rc --noincompatible_strict_action_env --copt=-w --host_copt=-w --define=use_fast_cpp_protos=true --define=allow_oversize_protos=true --define=grpc_no_ares=true --color=yes --define=use_ydf_tensorflow_proto=1
[32mINFO: [0mFound applicable config definition build:enable_std_upper_bound_avx2 in file /home/ariel/prog/ydf/yggdrasil-oblique-forests/.bazelrc: --cxxopt=-mavx2 --cxxopt=-mfma --cxxopt=-DENABLE_STD_UPPER_BOUND_VECTORIZATION=1
[32mINFO: [0mFound applicable config definition build:chrono_profile in file /home/ariel/prog/ydf/yggdrasil-oblique-forests/.bazelrc: --cxxopt=-DCHRONO_ENABLED
[32mINFO: [0mFound applicable config definition build:projection_matrix_control in file /home/ariel/prog/ydf/yggdrasil-oblique-forests/.bazelrc: --cxxopt=-DPROJECTION_MATRIX_CONTROL=1
[32mINFO: [0mFound applicable config definition build:row_major_dataset_layout in file /home/ariel/prog/ydf/yggdrasil-oblique-forests/.bazelrc: --cxxopt=-DROW_MAJOR_DATASET_LAYOUT=1
[32mComputing main repo mapping:[0m 
[32mLoading:[0m 
[32mLoading:[0m 0 packages loaded
[32mAnalyzing:[0m target //examples:train_oblique_forest (0 packages loaded, 0 targets configured)
[32mAnalyzing:[0m target //examples:train_oblique_forest (0 packages loaded, 0 targets configured)

[32mINFO: [0mAnalyzed target //examples:train_oblique_forest (0 packages loaded, 0 targets configured).
[32mINFO: [0mFound 1 target...
Target //examples:train_oblique_forest up-to-date:
  bazel-bin/examples/train_oblique_forest
[32mINFO: [0mElapsed time: 0.087s, Critical Path: 0.00s
[32mINFO: [0m1 process: 1 internal.
[32mINFO: [0mBuild completed successfully, 1 total action
[0mBuilding binary...
Running: bazel build --ui_event_filters=-warning -c opt --config=enable_std_upper_bound_avx2 --config=chrono_profile --config=projection_matrix_control --config=row_major_dataset_layout --ui_event_filters=-warning --repo_env=CC=/opt/intel/oneapi/compiler/latest/bin/icx --repo_env=CXX=/opt/intel/oneapi/compiler/latest/bin/icpx //examples:train_oblique_forest
✅ Build succeeded!

Running binary with command:
 ./bazel-bin/examples/train_oblique_forest --num_trees=5 --feature_split_type=Oblique --compute_oob_performances=false --histogram_num_bins=64 --num_threads=1 --tree_depth=-1 --numerical_split_type=Dynamic Random Histogram --input_mode=trunk --rows=1500000 --cols=4096 --dataset_layout=dual_fp32 


[0;32m[INFO][0m Enabling P-cores only mode (no HT, no E-cores, no turbo)...
[0;32m[INFO][0m Disabling hyperthreading siblings...
[0;32m[INFO][0m Disabling E-cores...
[0;32m[INFO][0m Disabling turbo boost...
[0;32m[INFO][0m P-cores only mode enabled (CPUs 0,1,3,6,8,10 active, no turbo)

E-cores: DISABLED (default — use --no-disable_ecores to keep on)

⏱  Training block took 326.9670 s   (subprocess wall: 368.1363 s)

── CHRONO coverage ─────────────────────────────────
  Training block (wall):         326.9670 s
  CPU budget (wall × min(trees, threads) = 326.967 × min(5,1)):   326.9670 s
  Σ TreeTrain (DFS top-level):   326.9635 s  (100.0% of CPU budget)
  Unaccounted (CPU budget − Σ TreeTrain):     0.0035 s  (  0.0%)
────────────────────────────────────────────────────

WARNING: All log messages before absl::InitializeLog() is called are written to STDERR
I0000 00:00:1781148556.396877   75157 train_oblique_forest.cc:415] Generating trunk synthetic dataset: rows=1500000, cols=4096, layout=dynamic_row_col_major
I0000 00:00:1781148595.238025   75157 train_oblique_forest.cc:528] Dynamic_Row_Col_Major fp32 matrices allocated: 45.7764 GiB total
I0000 00:00:1781148595.238101   75157 train_oblique_forest.cc:581] Running with 1 threads, as requested.
I0000 00:00:1781148595.238115   75157 train_oblique_forest.cc:657] Configuring oblique splits
I0000 00:00:1781148595.238120   75157 train_oblique_forest.cc:742] Using Dynamic Random Histogram with 64 samples
I0000 00:00:1781148595.238609   75157 abstract_learner.cc:171] No input feature explicitly specified. Using all the available input features.
I0000 00:00:1781148595.238621   75157 abstract_learner.cc:185] The label "y" was removed from the input feature set.
I0000 00:00:1781148595.239610   75157 random_forest.
CSV written to benchmarks/results/per_function_timing/Intel(R) Core(TM) Ultra 9 185H/Oblique | Dynamic Random Histogram/trunk_1500000_x_4096/dualfp32_rm1250_5trees_1500k_pcore_2026-06-10.csv

Cleaning up: Restoring CPU configuration...
[0;32m[INFO][0m Restoring full CPU configuration...
[0;32m[INFO][0m Re-enabling hyperthreading siblings...
[0;32m[INFO][0m Re-enabling E-cores...
[0;32m[INFO][0m Re-enabling turbo boost...
[0;32m[INFO][0m All cores and turbo boost enabled

--- rm1250 exit=0 Wed Jun 10 11:35:25 PM EDT 2026 ---
=== batch2 done Wed Jun 10 11:35:25 PM EDT 2026 ===
=== batch3 start Wed Jun 10 11:36:04 PM EDT 2026 ===
--- rm625_1500k start Wed Jun 10 11:36:04 PM EDT 2026 ---
[32mINFO: [0mOptions provided by the client:
  Inherited 'common' options: --isatty=0 --terminal_columns=80
[32mINFO: [0mReading rc options for 'build' from /home/ariel/prog/ydf/yggdrasil-oblique-forests/.bazelrc:
  'build' options: --repo_env=CC=icx --repo_env=CXX=icpx --cxxopt=-std=c++17 --host_cxxopt=-std=c++17 --ui_event_filters=-warning,-debug --action_env=CUDA_PATH=/usr/local/cuda --repo_env=CUDA_HOME=/usr/local/cuda --action_env=NVCC_PREPEND_FLAGS=-ccbin=/usr/bin/g++-13 --incompatible_enable_cc_toolchain_resolution -c opt --announce_rc --noincompatible_strict_action_env --copt=-w --host_copt=-w --define=use_fast_cpp_protos=true --define=allow_oversize_protos=true --define=grpc_no_ares=true --color=yes --define=use_ydf_tensorflow_proto=1
[32mINFO: [0mFound applicable config definition build:enable_std_upper_bound_avx2 in file /home/ariel/prog/ydf/yggdrasil-oblique-forests/.bazelrc: --cxxopt=-mavx2 --cxxopt=-mfma --cxxopt=-DENABLE_STD_UPPER_BOUND_VECTORIZATION=1
[32mINFO: [0mFound applicable config definition build:chrono_profile in file /home/ariel/prog/ydf/yggdrasil-oblique-forests/.bazelrc: --cxxopt=-DCHRONO_ENABLED
[32mINFO: [0mFound applicable config definition build:projection_matrix_control in file /home/ariel/prog/ydf/yggdrasil-oblique-forests/.bazelrc: --cxxopt=-DPROJECTION_MATRIX_CONTROL=1
[32mINFO: [0mFound applicable config definition build:row_major_dataset_layout in file /home/ariel/prog/ydf/yggdrasil-oblique-forests/.bazelrc: --cxxopt=-DROW_MAJOR_DATASET_LAYOUT=1
[32mComputing main repo mapping:[0m 
[32mLoading:[0m 
[32mLoading:[0m 0 packages loaded
[32mAnalyzing:[0m target //examples:train_oblique_forest (0 packages loaded, 0 targets configured)
[32mAnalyzing:[0m target //examples:train_oblique_forest (0 packages loaded, 0 targets configured)

[32mINFO: [0mAnalyzed target //examples:train_oblique_forest (0 packages loaded, 0 targets configured).
[32mINFO: [0mFound 1 target...
Target //examples:train_oblique_forest up-to-date:
  bazel-bin/examples/train_oblique_forest
[32mINFO: [0mElapsed time: 0.070s, Critical Path: 0.00s
[32mINFO: [0m1 process: 1 internal.
[32mINFO: [0mBuild completed successfully, 1 total action
[0mBuilding binary...
Running: bazel build --ui_event_filters=-warning -c opt --config=enable_std_upper_bound_avx2 --config=chrono_profile --config=projection_matrix_control --config=row_major_dataset_layout --ui_event_filters=-warning --repo_env=CC=/opt/intel/oneapi/compiler/latest/bin/icx --repo_env=CXX=/opt/intel/oneapi/compiler/latest/bin/icpx //examples:train_oblique_forest
✅ Build succeeded!

Running binary with command:
 ./bazel-bin/examples/train_oblique_forest --num_trees=5 --feature_split_type=Oblique --compute_oob_performances=false --histogram_num_bins=64 --num_threads=1 --tree_depth=-1 --numerical_split_type=Dynamic Random Histogram --input_mode=trunk --rows=1500000 --cols=4096 --dataset_layout=dual_fp32 


[0;32m[INFO][0m Enabling P-cores only mode (no HT, no E-cores, no turbo)...
[0;32m[INFO][0m Disabling hyperthreading siblings...
[0;32m[INFO][0m Disabling E-cores...
[0;32m[INFO][0m Disabling turbo boost...
[0;32m[INFO][0m P-cores only mode enabled (CPUs 0,1,3,6,8,10 active, no turbo)

E-cores: DISABLED (default — use --no-disable_ecores to keep on)

⏱  Training block took 329.9920 s   (subprocess wall: 371.7857 s)

── CHRONO coverage ─────────────────────────────────
  Training block (wall):         329.9920 s
  CPU budget (wall × min(trees, threads) = 329.992 × min(5,1)):   329.9920 s
  Σ TreeTrain (DFS top-level):   329.9886 s  (100.0% of CPU budget)
  Unaccounted (CPU budget − Σ TreeTrain):     0.0034 s  (  0.0%)
────────────────────────────────────────────────────

WARNING: All log messages before absl::InitializeLog() is called are written to STDERR
I0000 00:00:1781148964.714726   76442 train_oblique_forest.cc:415] Generating trunk synthetic dataset: rows=1500000, cols=4096, layout=dynamic_row_col_major
I0000 00:00:1781149004.153652   76442 train_oblique_forest.cc:528] Dynamic_Row_Col_Major fp32 matrices allocated: 45.7764 GiB total
I0000 00:00:1781149004.153730   76442 train_oblique_forest.cc:581] Running with 1 threads, as requested.
I0000 00:00:1781149004.153743   76442 train_oblique_forest.cc:657] Configuring oblique splits
I0000 00:00:1781149004.153748   76442 train_oblique_forest.cc:742] Using Dynamic Random Histogram with 64 samples
I0000 00:00:1781149004.154208   76442 abstract_learner.cc:171] No input feature explicitly specified. Using all the available input features.
I0000 00:00:1781149004.154220   76442 abstract_learner.cc:185] The label "y" was removed from the input feature set.
I0000 00:00:1781149004.155203   76442 random_forest.
CSV written to benchmarks/results/per_function_timing/Intel(R) Core(TM) Ultra 9 185H/Oblique | Dynamic Random Histogram/trunk_1500000_x_4096/dualfp32_rm625_5trees_1500k_pcore_2026-06-10.csv

Cleaning up: Restoring CPU configuration...
[0;32m[INFO][0m Restoring full CPU configuration...
[0;32m[INFO][0m Re-enabling hyperthreading siblings...
[0;32m[INFO][0m Re-enabling E-cores...
[0;32m[INFO][0m Re-enabling turbo boost...
[0;32m[INFO][0m All cores and turbo boost enabled

--- rm625_1500k exit=0 Wed Jun 10 11:42:17 PM EDT 2026 ---
--- rm0_750k start Wed Jun 10 11:42:17 PM EDT 2026 ---
[32mINFO: [0mOptions provided by the client:
  Inherited 'common' options: --isatty=0 --terminal_columns=80
[32mINFO: [0mReading rc options for 'build' from /home/ariel/prog/ydf/yggdrasil-oblique-forests/.bazelrc:
  'build' options: --repo_env=CC=icx --repo_env=CXX=icpx --cxxopt=-std=c++17 --host_cxxopt=-std=c++17 --ui_event_filters=-warning,-debug --action_env=CUDA_PATH=/usr/local/cuda --repo_env=CUDA_HOME=/usr/local/cuda --action_env=NVCC_PREPEND_FLAGS=-ccbin=/usr/bin/g++-13 --incompatible_enable_cc_toolchain_resolution -c opt --announce_rc --noincompatible_strict_action_env --copt=-w --host_copt=-w --define=use_fast_cpp_protos=true --define=allow_oversize_protos=true --define=grpc_no_ares=true --color=yes --define=use_ydf_tensorflow_proto=1
[32mINFO: [0mFound applicable config definition build:enable_std_upper_bound_avx2 in file /home/ariel/prog/ydf/yggdrasil-oblique-forests/.bazelrc: --cxxopt=-mavx2 --cxxopt=-mfma --cxxopt=-DENABLE_STD_UPPER_BOUND_VECTORIZATION=1
[32mINFO: [0mFound applicable config definition build:chrono_profile in file /home/ariel/prog/ydf/yggdrasil-oblique-forests/.bazelrc: --cxxopt=-DCHRONO_ENABLED
[32mINFO: [0mFound applicable config definition build:projection_matrix_control in file /home/ariel/prog/ydf/yggdrasil-oblique-forests/.bazelrc: --cxxopt=-DPROJECTION_MATRIX_CONTROL=1
[32mINFO: [0mFound applicable config definition build:row_major_dataset_layout in file /home/ariel/prog/ydf/yggdrasil-oblique-forests/.bazelrc: --cxxopt=-DROW_MAJOR_DATASET_LAYOUT=1
[32mComputing main repo mapping:[0m 
[32mLoading:[0m 
[32mLoading:[0m 0 packages loaded
[32mAnalyzing:[0m target //examples:train_oblique_forest (0 packages loaded, 0 targets configured)
[32mAnalyzing:[0m target //examples:train_oblique_forest (0 packages loaded, 0 targets configured)

[32mINFO: [0mAnalyzed target //examples:train_oblique_forest (0 packages loaded, 0 targets configured).
[32mINFO: [0mFound 1 target...
Target //examples:train_oblique_forest up-to-date:
  bazel-bin/examples/train_oblique_forest
[32mINFO: [0mElapsed time: 0.090s, Critical Path: 0.00s
[32mINFO: [0m1 process: 1 internal.
[32mINFO: [0mBuild completed successfully, 1 total action
[0mBuilding binary...
Running: bazel build --ui_event_filters=-warning -c opt --config=enable_std_upper_bound_avx2 --config=chrono_profile --config=projection_matrix_control --config=row_major_dataset_layout --ui_event_filters=-warning --repo_env=CC=/opt/intel/oneapi/compiler/latest/bin/icx --repo_env=CXX=/opt/intel/oneapi/compiler/latest/bin/icpx //examples:train_oblique_forest
✅ Build succeeded!

Running binary with command:
 ./bazel-bin/examples/train_oblique_forest --num_trees=5 --feature_split_type=Oblique --compute_oob_performances=false --histogram_num_bins=64 --num_threads=1 --tree_depth=-1 --numerical_split_type=Dynamic Random Histogram --input_mode=trunk --rows=750000 --cols=4096 --dataset_layout=dual_fp32 


[0;32m[INFO][0m Enabling P-cores only mode (no HT, no E-cores, no turbo)...
[0;32m[INFO][0m Disabling hyperthreading siblings...
[0;32m[INFO][0m Disabling E-cores...
[0;32m[INFO][0m Disabling turbo boost...
[0;32m[INFO][0m P-cores only mode enabled (CPUs 0,1,3,6,8,10 active, no turbo)

E-cores: DISABLED (default — use --no-disable_ecores to keep on)

⏱  Training block took 163.6130 s   (subprocess wall: 184.1757 s)

── CHRONO coverage ─────────────────────────────────
  Training block (wall):         163.6130 s
  CPU budget (wall × min(trees, threads) = 163.613 × min(5,1)):   163.6130 s
  Σ TreeTrain (DFS top-level):   163.6097 s  (100.0% of CPU budget)
  Unaccounted (CPU budget − Σ TreeTrain):     0.0033 s  (  0.0%)
────────────────────────────────────────────────────

WARNING: All log messages before absl::InitializeLog() is called are written to STDERR
I0000 00:00:1781149337.820692   77101 train_oblique_forest.cc:415] Generating trunk synthetic dataset: rows=750000, cols=4096, layout=dynamic_row_col_major
I0000 00:00:1781149357.164677   77101 train_oblique_forest.cc:528] Dynamic_Row_Col_Major fp32 matrices allocated: 22.8882 GiB total
I0000 00:00:1781149357.164729   77101 train_oblique_forest.cc:581] Running with 1 threads, as requested.
I0000 00:00:1781149357.164739   77101 train_oblique_forest.cc:657] Configuring oblique splits
I0000 00:00:1781149357.164743   77101 train_oblique_forest.cc:742] Using Dynamic Random Histogram with 64 samples
I0000 00:00:1781149357.165218   77101 abstract_learner.cc:171] No input feature explicitly specified. Using all the available input features.
I0000 00:00:1781149357.165240   77101 abstract_learner.cc:185] The label "y" was removed from the input feature set.
I0000 00:00:1781149357.166176   77101 random_forest.c
CSV written to benchmarks/results/per_function_timing/Intel(R) Core(TM) Ultra 9 185H/Oblique | Dynamic Random Histogram/trunk_750000_x_4096/dualfp32_rm0_5trees_750k_pcore_2026-06-10.csv

Cleaning up: Restoring CPU configuration...
[0;32m[INFO][0m Restoring full CPU configuration...
[0;32m[INFO][0m Re-enabling hyperthreading siblings...
[0;32m[INFO][0m Re-enabling E-cores...
[0;32m[INFO][0m Re-enabling turbo boost...
[0;32m[INFO][0m All cores and turbo boost enabled

--- rm0_750k exit=0 Wed Jun 10 11:45:22 PM EDT 2026 ---
--- rm625_750k start Wed Jun 10 11:45:22 PM EDT 2026 ---
[32mINFO: [0mOptions provided by the client:
  Inherited 'common' options: --isatty=0 --terminal_columns=80
[32mINFO: [0mReading rc options for 'build' from /home/ariel/prog/ydf/yggdrasil-oblique-forests/.bazelrc:
  'build' options: --repo_env=CC=icx --repo_env=CXX=icpx --cxxopt=-std=c++17 --host_cxxopt=-std=c++17 --ui_event_filters=-warning,-debug --action_env=CUDA_PATH=/usr/local/cuda --repo_env=CUDA_HOME=/usr/local/cuda --action_env=NVCC_PREPEND_FLAGS=-ccbin=/usr/bin/g++-13 --incompatible_enable_cc_toolchain_resolution -c opt --announce_rc --noincompatible_strict_action_env --copt=-w --host_copt=-w --define=use_fast_cpp_protos=true --define=allow_oversize_protos=true --define=grpc_no_ares=true --color=yes --define=use_ydf_tensorflow_proto=1
[32mINFO: [0mFound applicable config definition build:enable_std_upper_bound_avx2 in file /home/ariel/prog/ydf/yggdrasil-oblique-forests/.bazelrc: --cxxopt=-mavx2 --cxxopt=-mfma --cxxopt=-DENABLE_STD_UPPER_BOUND_VECTORIZATION=1
[32mINFO: [0mFound applicable config definition build:chrono_profile in file /home/ariel/prog/ydf/yggdrasil-oblique-forests/.bazelrc: --cxxopt=-DCHRONO_ENABLED
[32mINFO: [0mFound applicable config definition build:projection_matrix_control in file /home/ariel/prog/ydf/yggdrasil-oblique-forests/.bazelrc: --cxxopt=-DPROJECTION_MATRIX_CONTROL=1
[32mINFO: [0mFound applicable config definition build:row_major_dataset_layout in file /home/ariel/prog/ydf/yggdrasil-oblique-forests/.bazelrc: --cxxopt=-DROW_MAJOR_DATASET_LAYOUT=1
[32mComputing main repo mapping:[0m 
[32mLoading:[0m 
[32mLoading:[0m 0 packages loaded
[32mAnalyzing:[0m target //examples:train_oblique_forest (0 packages loaded, 0 targets configured)
[32mAnalyzing:[0m target //examples:train_oblique_forest (0 packages loaded, 0 targets configured)

[32mINFO: [0mAnalyzed target //examples:train_oblique_forest (0 packages loaded, 0 targets configured).
[32mINFO: [0mFound 1 target...
Target //examples:train_oblique_forest up-to-date:
  bazel-bin/examples/train_oblique_forest
[32mINFO: [0mElapsed time: 0.070s, Critical Path: 0.00s
[32mINFO: [0m1 process: 1 internal.
[32mINFO: [0mBuild completed successfully, 1 total action
[0mBuilding binary...
Running: bazel build --ui_event_filters=-warning -c opt --config=enable_std_upper_bound_avx2 --config=chrono_profile --config=projection_matrix_control --config=row_major_dataset_layout --ui_event_filters=-warning --repo_env=CC=/opt/intel/oneapi/compiler/latest/bin/icx --repo_env=CXX=/opt/intel/oneapi/compiler/latest/bin/icpx //examples:train_oblique_forest
✅ Build succeeded!

Running binary with command:
 ./bazel-bin/examples/train_oblique_forest --num_trees=5 --feature_split_type=Oblique --compute_oob_performances=false --histogram_num_bins=64 --num_threads=1 --tree_depth=-1 --numerical_split_type=Dynamic Random Histogram --input_mode=trunk --rows=750000 --cols=4096 --dataset_layout=dual_fp32 


[0;32m[INFO][0m Enabling P-cores only mode (no HT, no E-cores, no turbo)...
[0;32m[INFO][0m Disabling hyperthreading siblings...
[0;32m[INFO][0m Disabling E-cores...
[0;32m[INFO][0m Disabling turbo boost...
[0;32m[INFO][0m P-cores only mode enabled (CPUs 0,1,3,6,8,10 active, no turbo)

E-cores: DISABLED (default — use --no-disable_ecores to keep on)

⏱  Training block took 157.6800 s   (subprocess wall: 178.4319 s)

── CHRONO coverage ─────────────────────────────────
  Training block (wall):         157.6800 s
  CPU budget (wall × min(trees, threads) = 157.680 × min(5,1)):   157.6800 s
  Σ TreeTrain (DFS top-level):   157.6765 s  (100.0% of CPU budget)
  Unaccounted (CPU budget − Σ TreeTrain):     0.0035 s  (  0.0%)
────────────────────────────────────────────────────

WARNING: All log messages before absl::InitializeLog() is called are written to STDERR
I0000 00:00:1781149522.916022   77491 train_oblique_forest.cc:415] Generating trunk synthetic dataset: rows=750000, cols=4096, layout=dynamic_row_col_major
I0000 00:00:1781149542.456878   77491 train_oblique_forest.cc:528] Dynamic_Row_Col_Major fp32 matrices allocated: 22.8882 GiB total
I0000 00:00:1781149542.456962   77491 train_oblique_forest.cc:581] Running with 1 threads, as requested.
I0000 00:00:1781149542.456978   77491 train_oblique_forest.cc:657] Configuring oblique splits
I0000 00:00:1781149542.456983   77491 train_oblique_forest.cc:742] Using Dynamic Random Histogram with 64 samples
I0000 00:00:1781149542.457463   77491 abstract_learner.cc:171] No input feature explicitly specified. Using all the available input features.
I0000 00:00:1781149542.457475   77491 abstract_learner.cc:185] The label "y" was removed from the input feature set.
I0000 00:00:1781149542.458422   77491 random_forest.c
CSV written to benchmarks/results/per_function_timing/Intel(R) Core(TM) Ultra 9 185H/Oblique | Dynamic Random Histogram/trunk_750000_x_4096/dualfp32_rm625_5trees_750k_pcore_2026-06-10.csv

Cleaning up: Restoring CPU configuration...
[0;32m[INFO][0m Restoring full CPU configuration...
[0;32m[INFO][0m Re-enabling hyperthreading siblings...
[0;32m[INFO][0m Re-enabling E-cores...
[0;32m[INFO][0m Re-enabling turbo boost...
[0;32m[INFO][0m All cores and turbo boost enabled

--- rm625_750k exit=0 Wed Jun 10 11:48:22 PM EDT 2026 ---
--- rm1250_750k start Wed Jun 10 11:48:22 PM EDT 2026 ---
[32mINFO: [0mOptions provided by the client:
  Inherited 'common' options: --isatty=0 --terminal_columns=80
[32mINFO: [0mReading rc options for 'build' from /home/ariel/prog/ydf/yggdrasil-oblique-forests/.bazelrc:
  'build' options: --repo_env=CC=icx --repo_env=CXX=icpx --cxxopt=-std=c++17 --host_cxxopt=-std=c++17 --ui_event_filters=-warning,-debug --action_env=CUDA_PATH=/usr/local/cuda --repo_env=CUDA_HOME=/usr/local/cuda --action_env=NVCC_PREPEND_FLAGS=-ccbin=/usr/bin/g++-13 --incompatible_enable_cc_toolchain_resolution -c opt --announce_rc --noincompatible_strict_action_env --copt=-w --host_copt=-w --define=use_fast_cpp_protos=true --define=allow_oversize_protos=true --define=grpc_no_ares=true --color=yes --define=use_ydf_tensorflow_proto=1
[32mINFO: [0mFound applicable config definition build:enable_std_upper_bound_avx2 in file /home/ariel/prog/ydf/yggdrasil-oblique-forests/.bazelrc: --cxxopt=-mavx2 --cxxopt=-mfma --cxxopt=-DENABLE_STD_UPPER_BOUND_VECTORIZATION=1
[32mINFO: [0mFound applicable config definition build:chrono_profile in file /home/ariel/prog/ydf/yggdrasil-oblique-forests/.bazelrc: --cxxopt=-DCHRONO_ENABLED
[32mINFO: [0mFound applicable config definition build:projection_matrix_control in file /home/ariel/prog/ydf/yggdrasil-oblique-forests/.bazelrc: --cxxopt=-DPROJECTION_MATRIX_CONTROL=1
[32mINFO: [0mFound applicable config definition build:row_major_dataset_layout in file /home/ariel/prog/ydf/yggdrasil-oblique-forests/.bazelrc: --cxxopt=-DROW_MAJOR_DATASET_LAYOUT=1
[32mComputing main repo mapping:[0m 
[32mLoading:[0m 
[32mLoading:[0m 0 packages loaded
[32mAnalyzing:[0m target //examples:train_oblique_forest (0 packages loaded, 0 targets configured)
[32mAnalyzing:[0m target //examples:train_oblique_forest (0 packages loaded, 0 targets configured)

[32mINFO: [0mAnalyzed target //examples:train_oblique_forest (0 packages loaded, 0 targets configured).
[32mINFO: [0mFound 1 target...
Target //examples:train_oblique_forest up-to-date:
  bazel-bin/examples/train_oblique_forest
[32mINFO: [0mElapsed time: 0.074s, Critical Path: 0.00s
[32mINFO: [0m1 process: 1 internal.
[32mINFO: [0mBuild completed successfully, 1 total action
[0mBuilding binary...
Running: bazel build --ui_event_filters=-warning -c opt --config=enable_std_upper_bound_avx2 --config=chrono_profile --config=projection_matrix_control --config=row_major_dataset_layout --ui_event_filters=-warning --repo_env=CC=/opt/intel/oneapi/compiler/latest/bin/icx --repo_env=CXX=/opt/intel/oneapi/compiler/latest/bin/icpx //examples:train_oblique_forest
✅ Build succeeded!

Running binary with command:
 ./bazel-bin/examples/train_oblique_forest --num_trees=5 --feature_split_type=Oblique --compute_oob_performances=false --histogram_num_bins=64 --num_threads=1 --tree_depth=-1 --numerical_split_type=Dynamic Random Histogram --input_mode=trunk --rows=750000 --cols=4096 --dataset_layout=dual_fp32 


[0;32m[INFO][0m Enabling P-cores only mode (no HT, no E-cores, no turbo)...
[0;32m[INFO][0m Disabling hyperthreading siblings...
[0;32m[INFO][0m Disabling E-cores...
[0;32m[INFO][0m Disabling turbo boost...
[0;32m[INFO][0m P-cores only mode enabled (CPUs 0,1,3,6,8,10 active, no turbo)

E-cores: DISABLED (default — use --no-disable_ecores to keep on)

⏱  Training block took 157.9020 s   (subprocess wall: 178.7028 s)

── CHRONO coverage ─────────────────────────────────
  Training block (wall):         157.9020 s
  CPU budget (wall × min(trees, threads) = 157.902 × min(5,1)):   157.9020 s
  Σ TreeTrain (DFS top-level):   157.8986 s  (100.0% of CPU budget)
  Unaccounted (CPU budget − Σ TreeTrain):     0.0034 s  (  0.0%)
────────────────────────────────────────────────────

WARNING: All log messages before absl::InitializeLog() is called are written to STDERR
I0000 00:00:1781149702.629641   77894 train_oblique_forest.cc:415] Generating trunk synthetic dataset: rows=750000, cols=4096, layout=dynamic_row_col_major
I0000 00:00:1781149722.222976   77894 train_oblique_forest.cc:528] Dynamic_Row_Col_Major fp32 matrices allocated: 22.8882 GiB total
I0000 00:00:1781149722.223059   77894 train_oblique_forest.cc:581] Running with 1 threads, as requested.
I0000 00:00:1781149722.223073   77894 train_oblique_forest.cc:657] Configuring oblique splits
I0000 00:00:1781149722.223077   77894 train_oblique_forest.cc:742] Using Dynamic Random Histogram with 64 samples
I0000 00:00:1781149722.223537   77894 abstract_learner.cc:171] No input feature explicitly specified. Using all the available input features.
I0000 00:00:1781149722.223548   77894 abstract_learner.cc:185] The label "y" was removed from the input feature set.
I0000 00:00:1781149722.224430   77894 random_forest.c
CSV written to benchmarks/results/per_function_timing/Intel(R) Core(TM) Ultra 9 185H/Oblique | Dynamic Random Histogram/trunk_750000_x_4096/dualfp32_rm1250_5trees_750k_pcore_2026-06-10.csv

Cleaning up: Restoring CPU configuration...
[0;32m[INFO][0m Restoring full CPU configuration...
[0;32m[INFO][0m Re-enabling hyperthreading siblings...
[0;32m[INFO][0m Re-enabling E-cores...
[0;32m[INFO][0m Re-enabling turbo boost...
[0;32m[INFO][0m All cores and turbo boost enabled

--- rm1250_750k exit=0 Wed Jun 10 11:51:21 PM EDT 2026 ---
--- rm2500_750k start Wed Jun 10 11:51:21 PM EDT 2026 ---
[32mINFO: [0mOptions provided by the client:
  Inherited 'common' options: --isatty=0 --terminal_columns=80
[32mINFO: [0mReading rc options for 'build' from /home/ariel/prog/ydf/yggdrasil-oblique-forests/.bazelrc:
  'build' options: --repo_env=CC=icx --repo_env=CXX=icpx --cxxopt=-std=c++17 --host_cxxopt=-std=c++17 --ui_event_filters=-warning,-debug --action_env=CUDA_PATH=/usr/local/cuda --repo_env=CUDA_HOME=/usr/local/cuda --action_env=NVCC_PREPEND_FLAGS=-ccbin=/usr/bin/g++-13 --incompatible_enable_cc_toolchain_resolution -c opt --announce_rc --noincompatible_strict_action_env --copt=-w --host_copt=-w --define=use_fast_cpp_protos=true --define=allow_oversize_protos=true --define=grpc_no_ares=true --color=yes --define=use_ydf_tensorflow_proto=1
[32mINFO: [0mFound applicable config definition build:enable_std_upper_bound_avx2 in file /home/ariel/prog/ydf/yggdrasil-oblique-forests/.bazelrc: --cxxopt=-mavx2 --cxxopt=-mfma --cxxopt=-DENABLE_STD_UPPER_BOUND_VECTORIZATION=1
[32mINFO: [0mFound applicable config definition build:chrono_profile in file /home/ariel/prog/ydf/yggdrasil-oblique-forests/.bazelrc: --cxxopt=-DCHRONO_ENABLED
[32mINFO: [0mFound applicable config definition build:projection_matrix_control in file /home/ariel/prog/ydf/yggdrasil-oblique-forests/.bazelrc: --cxxopt=-DPROJECTION_MATRIX_CONTROL=1
[32mINFO: [0mFound applicable config definition build:row_major_dataset_layout in file /home/ariel/prog/ydf/yggdrasil-oblique-forests/.bazelrc: --cxxopt=-DROW_MAJOR_DATASET_LAYOUT=1
[32mComputing main repo mapping:[0m 
[32mLoading:[0m 
[32mLoading:[0m 0 packages loaded
[32mAnalyzing:[0m target //examples:train_oblique_forest (0 packages loaded, 0 targets configured)
[32mAnalyzing:[0m target //examples:train_oblique_forest (0 packages loaded, 0 targets configured)

[32mINFO: [0mAnalyzed target //examples:train_oblique_forest (0 packages loaded, 0 targets configured).
[32mINFO: [0mFound 1 target...
Target //examples:train_oblique_forest up-to-date:
  bazel-bin/examples/train_oblique_forest
[32mINFO: [0mElapsed time: 0.095s, Critical Path: 0.00s
[32mINFO: [0m1 process: 1 internal.
[32mINFO: [0mBuild completed successfully, 1 total action
[0mBuilding binary...
Running: bazel build --ui_event_filters=-warning -c opt --config=enable_std_upper_bound_avx2 --config=chrono_profile --config=projection_matrix_control --config=row_major_dataset_layout --ui_event_filters=-warning --repo_env=CC=/opt/intel/oneapi/compiler/latest/bin/icx --repo_env=CXX=/opt/intel/oneapi/compiler/latest/bin/icpx //examples:train_oblique_forest
✅ Build succeeded!

Running binary with command:
 ./bazel-bin/examples/train_oblique_forest --num_trees=5 --feature_split_type=Oblique --compute_oob_performances=false --histogram_num_bins=64 --num_threads=1 --tree_depth=-1 --numerical_split_type=Dynamic Random Histogram --input_mode=trunk --rows=750000 --cols=4096 --dataset_layout=dual_fp32 


[0;32m[INFO][0m Enabling P-cores only mode (no HT, no E-cores, no turbo)...
[0;32m[INFO][0m Disabling hyperthreading siblings...
[0;32m[INFO][0m Disabling E-cores...
[0;32m[INFO][0m Disabling turbo boost...
[0;32m[INFO][0m P-cores only mode enabled (CPUs 0,1,3,6,8,10 active, no turbo)

E-cores: DISABLED (default — use --no-disable_ecores to keep on)

⏱  Training block took 158.7300 s   (subprocess wall: 179.5252 s)

── CHRONO coverage ─────────────────────────────────
  Training block (wall):         158.7300 s
  CPU budget (wall × min(trees, threads) = 158.730 × min(5,1)):   158.7300 s
  Σ TreeTrain (DFS top-level):   158.7263 s  (100.0% of CPU budget)
  Unaccounted (CPU budget − Σ TreeTrain):     0.0037 s  (  0.0%)
────────────────────────────────────────────────────

WARNING: All log messages before absl::InitializeLog() is called are written to STDERR
I0000 00:00:1781149882.558661   78290 train_oblique_forest.cc:415] Generating trunk synthetic dataset: rows=750000, cols=4096, layout=dynamic_row_col_major
I0000 00:00:1781149902.143604   78290 train_oblique_forest.cc:528] Dynamic_Row_Col_Major fp32 matrices allocated: 22.8882 GiB total
I0000 00:00:1781149902.143683   78290 train_oblique_forest.cc:581] Running with 1 threads, as requested.
I0000 00:00:1781149902.143698   78290 train_oblique_forest.cc:657] Configuring oblique splits
I0000 00:00:1781149902.143703   78290 train_oblique_forest.cc:742] Using Dynamic Random Histogram with 64 samples
I0000 00:00:1781149902.144175   78290 abstract_learner.cc:171] No input feature explicitly specified. Using all the available input features.
I0000 00:00:1781149902.144187   78290 abstract_learner.cc:185] The label "y" was removed from the input feature set.
I0000 00:00:1781149902.145187   78290 random_forest.c
CSV written to benchmarks/results/per_function_timing/Intel(R) Core(TM) Ultra 9 185H/Oblique | Dynamic Random Histogram/trunk_750000_x_4096/dualfp32_rm2500_5trees_750k_pcore_2026-06-10.csv

Cleaning up: Restoring CPU configuration...
[0;32m[INFO][0m Restoring full CPU configuration...
[0;32m[INFO][0m Re-enabling hyperthreading siblings...
[0;32m[INFO][0m Re-enabling E-cores...
[0;32m[INFO][0m Re-enabling turbo boost...
[0;32m[INFO][0m All cores and turbo boost enabled

--- rm2500_750k exit=0 Wed Jun 10 11:54:22 PM EDT 2026 ---
--- rm5000_750k start Wed Jun 10 11:54:22 PM EDT 2026 ---
[32mINFO: [0mOptions provided by the client:
  Inherited 'common' options: --isatty=0 --terminal_columns=80
[32mINFO: [0mReading rc options for 'build' from /home/ariel/prog/ydf/yggdrasil-oblique-forests/.bazelrc:
  'build' options: --repo_env=CC=icx --repo_env=CXX=icpx --cxxopt=-std=c++17 --host_cxxopt=-std=c++17 --ui_event_filters=-warning,-debug --action_env=CUDA_PATH=/usr/local/cuda --repo_env=CUDA_HOME=/usr/local/cuda --action_env=NVCC_PREPEND_FLAGS=-ccbin=/usr/bin/g++-13 --incompatible_enable_cc_toolchain_resolution -c opt --announce_rc --noincompatible_strict_action_env --copt=-w --host_copt=-w --define=use_fast_cpp_protos=true --define=allow_oversize_protos=true --define=grpc_no_ares=true --color=yes --define=use_ydf_tensorflow_proto=1
[32mINFO: [0mFound applicable config definition build:enable_std_upper_bound_avx2 in file /home/ariel/prog/ydf/yggdrasil-oblique-forests/.bazelrc: --cxxopt=-mavx2 --cxxopt=-mfma --cxxopt=-DENABLE_STD_UPPER_BOUND_VECTORIZATION=1
[32mINFO: [0mFound applicable config definition build:chrono_profile in file /home/ariel/prog/ydf/yggdrasil-oblique-forests/.bazelrc: --cxxopt=-DCHRONO_ENABLED
[32mINFO: [0mFound applicable config definition build:projection_matrix_control in file /home/ariel/prog/ydf/yggdrasil-oblique-forests/.bazelrc: --cxxopt=-DPROJECTION_MATRIX_CONTROL=1
[32mINFO: [0mFound applicable config definition build:row_major_dataset_layout in file /home/ariel/prog/ydf/yggdrasil-oblique-forests/.bazelrc: --cxxopt=-DROW_MAJOR_DATASET_LAYOUT=1
[32mComputing main repo mapping:[0m 
[32mLoading:[0m 
[32mLoading:[0m 0 packages loaded
[32mAnalyzing:[0m target //examples:train_oblique_forest (0 packages loaded, 0 targets configured)
[32mAnalyzing:[0m target //examples:train_oblique_forest (0 packages loaded, 0 targets configured)

[32mINFO: [0mAnalyzed target //examples:train_oblique_forest (0 packages loaded, 0 targets configured).
[32mINFO: [0mFound 1 target...
Target //examples:train_oblique_forest up-to-date:
  bazel-bin/examples/train_oblique_forest
[32mINFO: [0mElapsed time: 0.068s, Critical Path: 0.00s
[32mINFO: [0m1 process: 1 internal.
[32mINFO: [0mBuild completed successfully, 1 total action
[0mBuilding binary...
Running: bazel build --ui_event_filters=-warning -c opt --config=enable_std_upper_bound_avx2 --config=chrono_profile --config=projection_matrix_control --config=row_major_dataset_layout --ui_event_filters=-warning --repo_env=CC=/opt/intel/oneapi/compiler/latest/bin/icx --repo_env=CXX=/opt/intel/oneapi/compiler/latest/bin/icpx //examples:train_oblique_forest
✅ Build succeeded!

Running binary with command:
 ./bazel-bin/examples/train_oblique_forest --num_trees=5 --feature_split_type=Oblique --compute_oob_performances=false --histogram_num_bins=64 --num_threads=1 --tree_depth=-1 --numerical_split_type=Dynamic Random Histogram --input_mode=trunk --rows=750000 --cols=4096 --dataset_layout=dual_fp32 


[0;32m[INFO][0m Enabling P-cores only mode (no HT, no E-cores, no turbo)...
[0;32m[INFO][0m Disabling hyperthreading siblings...
[0;32m[INFO][0m Disabling E-cores...
[0;32m[INFO][0m Disabling turbo boost...
[0;32m[INFO][0m P-cores only mode enabled (CPUs 0,1,3,6,8,10 active, no turbo)

E-cores: DISABLED (default — use --no-disable_ecores to keep on)

⏱  Training block took 158.9210 s   (subprocess wall: 179.7455 s)

── CHRONO coverage ─────────────────────────────────
  Training block (wall):         158.9210 s
  CPU budget (wall × min(trees, threads) = 158.921 × min(5,1)):   158.9210 s
  Σ TreeTrain (DFS top-level):   158.9180 s  (100.0% of CPU budget)
  Unaccounted (CPU budget − Σ TreeTrain):     0.0030 s  (  0.0%)
────────────────────────────────────────────────────

WARNING: All log messages before absl::InitializeLog() is called are written to STDERR
I0000 00:00:1781150063.374211   78690 train_oblique_forest.cc:415] Generating trunk synthetic dataset: rows=750000, cols=4096, layout=dynamic_row_col_major
I0000 00:00:1781150082.985453   78690 train_oblique_forest.cc:528] Dynamic_Row_Col_Major fp32 matrices allocated: 22.8882 GiB total
I0000 00:00:1781150082.985538   78690 train_oblique_forest.cc:581] Running with 1 threads, as requested.
I0000 00:00:1781150082.985554   78690 train_oblique_forest.cc:657] Configuring oblique splits
I0000 00:00:1781150082.985560   78690 train_oblique_forest.cc:742] Using Dynamic Random Histogram with 64 samples
I0000 00:00:1781150082.986045   78690 abstract_learner.cc:171] No input feature explicitly specified. Using all the available input features.
I0000 00:00:1781150082.986056   78690 abstract_learner.cc:185] The label "y" was removed from the input feature set.
I0000 00:00:1781150082.987005   78690 random_forest.c
CSV written to benchmarks/results/per_function_timing/Intel(R) Core(TM) Ultra 9 185H/Oblique | Dynamic Random Histogram/trunk_750000_x_4096/dualfp32_rm5000_5trees_750k_pcore_2026-06-10.csv

Cleaning up: Restoring CPU configuration...
[0;32m[INFO][0m Restoring full CPU configuration...
[0;32m[INFO][0m Re-enabling hyperthreading siblings...
[0;32m[INFO][0m Re-enabling E-cores...
[0;32m[INFO][0m Re-enabling turbo boost...
[0;32m[INFO][0m All cores and turbo boost enabled

--- rm5000_750k exit=0 Wed Jun 10 11:57:23 PM EDT 2026 ---
--- rmINF_750k start Wed Jun 10 11:57:23 PM EDT 2026 ---
[32mINFO: [0mOptions provided by the client:
  Inherited 'common' options: --isatty=0 --terminal_columns=80
[32mINFO: [0mReading rc options for 'build' from /home/ariel/prog/ydf/yggdrasil-oblique-forests/.bazelrc:
  'build' options: --repo_env=CC=icx --repo_env=CXX=icpx --cxxopt=-std=c++17 --host_cxxopt=-std=c++17 --ui_event_filters=-warning,-debug --action_env=CUDA_PATH=/usr/local/cuda --repo_env=CUDA_HOME=/usr/local/cuda --action_env=NVCC_PREPEND_FLAGS=-ccbin=/usr/bin/g++-13 --incompatible_enable_cc_toolchain_resolution -c opt --announce_rc --noincompatible_strict_action_env --copt=-w --host_copt=-w --define=use_fast_cpp_protos=true --define=allow_oversize_protos=true --define=grpc_no_ares=true --color=yes --define=use_ydf_tensorflow_proto=1
[32mINFO: [0mFound applicable config definition build:enable_std_upper_bound_avx2 in file /home/ariel/prog/ydf/yggdrasil-oblique-forests/.bazelrc: --cxxopt=-mavx2 --cxxopt=-mfma --cxxopt=-DENABLE_STD_UPPER_BOUND_VECTORIZATION=1
[32mINFO: [0mFound applicable config definition build:chrono_profile in file /home/ariel/prog/ydf/yggdrasil-oblique-forests/.bazelrc: --cxxopt=-DCHRONO_ENABLED
[32mINFO: [0mFound applicable config definition build:projection_matrix_control in file /home/ariel/prog/ydf/yggdrasil-oblique-forests/.bazelrc: --cxxopt=-DPROJECTION_MATRIX_CONTROL=1
[32mINFO: [0mFound applicable config definition build:row_major_dataset_layout in file /home/ariel/prog/ydf/yggdrasil-oblique-forests/.bazelrc: --cxxopt=-DROW_MAJOR_DATASET_LAYOUT=1
[32mComputing main repo mapping:[0m 
[32mLoading:[0m 
[32mLoading:[0m 0 packages loaded
[32mAnalyzing:[0m target //examples:train_oblique_forest (0 packages loaded, 0 targets configured)
[32mAnalyzing:[0m target //examples:train_oblique_forest (0 packages loaded, 0 targets configured)

[32mINFO: [0mAnalyzed target //examples:train_oblique_forest (0 packages loaded, 0 targets configured).
[32mINFO: [0mFound 1 target...
Target //examples:train_oblique_forest up-to-date:
  bazel-bin/examples/train_oblique_forest
[32mINFO: [0mElapsed time: 0.070s, Critical Path: 0.00s
[32mINFO: [0m1 process: 1 internal.
[32mINFO: [0mBuild completed successfully, 1 total action
[0mBuilding binary...
Running: bazel build --ui_event_filters=-warning -c opt --config=enable_std_upper_bound_avx2 --config=chrono_profile --config=projection_matrix_control --config=row_major_dataset_layout --ui_event_filters=-warning --repo_env=CC=/opt/intel/oneapi/compiler/latest/bin/icx --repo_env=CXX=/opt/intel/oneapi/compiler/latest/bin/icpx //examples:train_oblique_forest
✅ Build succeeded!

Running binary with command:
 ./bazel-bin/examples/train_oblique_forest --num_trees=5 --feature_split_type=Oblique --compute_oob_performances=false --histogram_num_bins=64 --num_threads=1 --tree_depth=-1 --numerical_split_type=Dynamic Random Histogram --input_mode=trunk --rows=750000 --cols=4096 --dataset_layout=dual_fp32 


[0;32m[INFO][0m Enabling P-cores only mode (no HT, no E-cores, no turbo)...
[0;32m[INFO][0m Disabling hyperthreading siblings...
[0;32m[INFO][0m Disabling E-cores...
[0;32m[INFO][0m Disabling turbo boost...
[0;32m[INFO][0m P-cores only mode enabled (CPUs 0,1,3,6,8,10 active, no turbo)

E-cores: DISABLED (default — use --no-disable_ecores to keep on)

⏱  Training block took 169.8990 s   (subprocess wall: 190.6968 s)

── CHRONO coverage ─────────────────────────────────
  Training block (wall):         169.8990 s
  CPU budget (wall × min(trees, threads) = 169.899 × min(5,1)):   169.8990 s
  Σ TreeTrain (DFS top-level):   169.8956 s  (100.0% of CPU budget)
  Unaccounted (CPU budget − Σ TreeTrain):     0.0034 s  (  0.0%)
────────────────────────────────────────────────────

WARNING: All log messages before absl::InitializeLog() is called are written to STDERR
I0000 00:00:1781150243.994687   79079 train_oblique_forest.cc:415] Generating trunk synthetic dataset: rows=750000, cols=4096, layout=dynamic_row_col_major
I0000 00:00:1781150263.567202   79079 train_oblique_forest.cc:528] Dynamic_Row_Col_Major fp32 matrices allocated: 22.8882 GiB total
I0000 00:00:1781150263.567286   79079 train_oblique_forest.cc:581] Running with 1 threads, as requested.
I0000 00:00:1781150263.567301   79079 train_oblique_forest.cc:657] Configuring oblique splits
I0000 00:00:1781150263.567307   79079 train_oblique_forest.cc:742] Using Dynamic Random Histogram with 64 samples
I0000 00:00:1781150263.567766   79079 abstract_learner.cc:171] No input feature explicitly specified. Using all the available input features.
I0000 00:00:1781150263.567780   79079 abstract_learner.cc:185] The label "y" was removed from the input feature set.
I0000 00:00:1781150263.568744   79079 random_forest.c
CSV written to benchmarks/results/per_function_timing/Intel(R) Core(TM) Ultra 9 185H/Oblique | Dynamic Random Histogram/trunk_750000_x_4096/dualfp32_rmINF_5trees_750k_pcore_2026-06-10.csv

Cleaning up: Restoring CPU configuration...
[0;32m[INFO][0m Restoring full CPU configuration...
[0;32m[INFO][0m Re-enabling hyperthreading siblings...
[0;32m[INFO][0m Re-enabling E-cores...
[0;32m[INFO][0m Re-enabling turbo boost...
[0;32m[INFO][0m All cores and turbo boost enabled

--- rmINF_750k exit=0 Thu Jun 11 12:00:35 AM EDT 2026 ---
=== batch3 done Thu Jun 11 12:00:35 AM EDT 2026 ===
=== batch4 start Thu Jun 11 12:01:27 AM EDT 2026 ===
--- rm312_1500k start Thu Jun 11 12:01:27 AM EDT 2026 ---
[32mINFO: [0mOptions provided by the client:
  Inherited 'common' options: --isatty=0 --terminal_columns=80
[32mINFO: [0mReading rc options for 'build' from /home/ariel/prog/ydf/yggdrasil-oblique-forests/.bazelrc:
  'build' options: --repo_env=CC=icx --repo_env=CXX=icpx --cxxopt=-std=c++17 --host_cxxopt=-std=c++17 --ui_event_filters=-warning,-debug --action_env=CUDA_PATH=/usr/local/cuda --repo_env=CUDA_HOME=/usr/local/cuda --action_env=NVCC_PREPEND_FLAGS=-ccbin=/usr/bin/g++-13 --incompatible_enable_cc_toolchain_resolution -c opt --announce_rc --noincompatible_strict_action_env --copt=-w --host_copt=-w --define=use_fast_cpp_protos=true --define=allow_oversize_protos=true --define=grpc_no_ares=true --color=yes --define=use_ydf_tensorflow_proto=1
[32mINFO: [0mFound applicable config definition build:enable_std_upper_bound_avx2 in file /home/ariel/prog/ydf/yggdrasil-oblique-forests/.bazelrc: --cxxopt=-mavx2 --cxxopt=-mfma --cxxopt=-DENABLE_STD_UPPER_BOUND_VECTORIZATION=1
[32mINFO: [0mFound applicable config definition build:chrono_profile in file /home/ariel/prog/ydf/yggdrasil-oblique-forests/.bazelrc: --cxxopt=-DCHRONO_ENABLED
[32mINFO: [0mFound applicable config definition build:projection_matrix_control in file /home/ariel/prog/ydf/yggdrasil-oblique-forests/.bazelrc: --cxxopt=-DPROJECTION_MATRIX_CONTROL=1
[32mINFO: [0mFound applicable config definition build:row_major_dataset_layout in file /home/ariel/prog/ydf/yggdrasil-oblique-forests/.bazelrc: --cxxopt=-DROW_MAJOR_DATASET_LAYOUT=1
[32mComputing main repo mapping:[0m 
[32mLoading:[0m 
[32mLoading:[0m 0 packages loaded
[32mAnalyzing:[0m target //examples:train_oblique_forest (0 packages loaded, 0 targets configured)
[32mAnalyzing:[0m target //examples:train_oblique_forest (0 packages loaded, 0 targets configured)

[32mINFO: [0mAnalyzed target //examples:train_oblique_forest (0 packages loaded, 0 targets configured).
[32mINFO: [0mFound 1 target...
Target //examples:train_oblique_forest up-to-date:
  bazel-bin/examples/train_oblique_forest
[32mINFO: [0mElapsed time: 0.074s, Critical Path: 0.00s
[32mINFO: [0m1 process: 1 internal.
[32mINFO: [0mBuild completed successfully, 1 total action
[0mBuilding binary...
Running: bazel build --ui_event_filters=-warning -c opt --config=enable_std_upper_bound_avx2 --config=chrono_profile --config=projection_matrix_control --config=row_major_dataset_layout --ui_event_filters=-warning --repo_env=CC=/opt/intel/oneapi/compiler/latest/bin/icx --repo_env=CXX=/opt/intel/oneapi/compiler/latest/bin/icpx //examples:train_oblique_forest
✅ Build succeeded!

Running binary with command:
 ./bazel-bin/examples/train_oblique_forest --num_trees=5 --feature_split_type=Oblique --compute_oob_performances=false --histogram_num_bins=64 --num_threads=1 --tree_depth=-1 --numerical_split_type=Dynamic Random Histogram --input_mode=trunk --rows=1500000 --cols=4096 --dataset_layout=dual_fp32 


[0;32m[INFO][0m Enabling P-cores only mode (no HT, no E-cores, no turbo)...
[0;32m[INFO][0m Disabling hyperthreading siblings...
[0;32m[INFO][0m Disabling E-cores...
[0;32m[INFO][0m Disabling turbo boost...
[0;32m[INFO][0m P-cores only mode enabled (CPUs 0,1,3,6,8,10 active, no turbo)

E-cores: DISABLED (default — use --no-disable_ecores to keep on)

⏱  Training block took 329.1980 s   (subprocess wall: 370.4807 s)

── CHRONO coverage ─────────────────────────────────
  Training block (wall):         329.1980 s
  CPU budget (wall × min(trees, threads) = 329.198 × min(5,1)):   329.1980 s
  Σ TreeTrain (DFS top-level):   329.1943 s  (100.0% of CPU budget)
  Unaccounted (CPU budget − Σ TreeTrain):     0.0037 s  (  0.0%)
────────────────────────────────────────────────────

WARNING: All log messages before absl::InitializeLog() is called are written to STDERR
I0000 00:00:1781150487.653594   80488 train_oblique_forest.cc:415] Generating trunk synthetic dataset: rows=1500000, cols=4096, layout=dynamic_row_col_major
I0000 00:00:1781150526.619691   80488 train_oblique_forest.cc:528] Dynamic_Row_Col_Major fp32 matrices allocated: 45.7764 GiB total
I0000 00:00:1781150526.619767   80488 train_oblique_forest.cc:581] Running with 1 threads, as requested.
I0000 00:00:1781150526.619781   80488 train_oblique_forest.cc:657] Configuring oblique splits
I0000 00:00:1781150526.619786   80488 train_oblique_forest.cc:742] Using Dynamic Random Histogram with 64 samples
I0000 00:00:1781150526.620257   80488 abstract_learner.cc:171] No input feature explicitly specified. Using all the available input features.
I0000 00:00:1781150526.620269   80488 abstract_learner.cc:185] The label "y" was removed from the input feature set.
I0000 00:00:1781150526.621274   80488 random_forest.
CSV written to benchmarks/results/per_function_timing/Intel(R) Core(TM) Ultra 9 185H/Oblique | Dynamic Random Histogram/trunk_1500000_x_4096/dualfp32_rm312_5trees_1500k_pcore_2026-06-10.csv

Cleaning up: Restoring CPU configuration...
[0;32m[INFO][0m Restoring full CPU configuration...
[0;32m[INFO][0m Re-enabling hyperthreading siblings...
[0;32m[INFO][0m Re-enabling E-cores...
[0;32m[INFO][0m Re-enabling turbo boost...
[0;32m[INFO][0m All cores and turbo boost enabled

--- rm312_1500k exit=0 Thu Jun 11 12:07:38 AM EDT 2026 ---
--- rm312_750k start Thu Jun 11 12:07:38 AM EDT 2026 ---
[32mINFO: [0mOptions provided by the client:
  Inherited 'common' options: --isatty=0 --terminal_columns=80
[32mINFO: [0mReading rc options for 'build' from /home/ariel/prog/ydf/yggdrasil-oblique-forests/.bazelrc:
  'build' options: --repo_env=CC=icx --repo_env=CXX=icpx --cxxopt=-std=c++17 --host_cxxopt=-std=c++17 --ui_event_filters=-warning,-debug --action_env=CUDA_PATH=/usr/local/cuda --repo_env=CUDA_HOME=/usr/local/cuda --action_env=NVCC_PREPEND_FLAGS=-ccbin=/usr/bin/g++-13 --incompatible_enable_cc_toolchain_resolution -c opt --announce_rc --noincompatible_strict_action_env --copt=-w --host_copt=-w --define=use_fast_cpp_protos=true --define=allow_oversize_protos=true --define=grpc_no_ares=true --color=yes --define=use_ydf_tensorflow_proto=1
[32mINFO: [0mFound applicable config definition build:enable_std_upper_bound_avx2 in file /home/ariel/prog/ydf/yggdrasil-oblique-forests/.bazelrc: --cxxopt=-mavx2 --cxxopt=-mfma --cxxopt=-DENABLE_STD_UPPER_BOUND_VECTORIZATION=1
[32mINFO: [0mFound applicable config definition build:chrono_profile in file /home/ariel/prog/ydf/yggdrasil-oblique-forests/.bazelrc: --cxxopt=-DCHRONO_ENABLED
[32mINFO: [0mFound applicable config definition build:projection_matrix_control in file /home/ariel/prog/ydf/yggdrasil-oblique-forests/.bazelrc: --cxxopt=-DPROJECTION_MATRIX_CONTROL=1
[32mINFO: [0mFound applicable config definition build:row_major_dataset_layout in file /home/ariel/prog/ydf/yggdrasil-oblique-forests/.bazelrc: --cxxopt=-DROW_MAJOR_DATASET_LAYOUT=1
[32mComputing main repo mapping:[0m 
[32mLoading:[0m 
[32mLoading:[0m 0 packages loaded
[32mAnalyzing:[0m target //examples:train_oblique_forest (0 packages loaded, 0 targets configured)
[32mAnalyzing:[0m target //examples:train_oblique_forest (0 packages loaded, 0 targets configured)

[32mINFO: [0mAnalyzed target //examples:train_oblique_forest (0 packages loaded, 0 targets configured).
[32mINFO: [0mFound 1 target...
Target //examples:train_oblique_forest up-to-date:
  bazel-bin/examples/train_oblique_forest
[32mINFO: [0mElapsed time: 0.074s, Critical Path: 0.00s
[32mINFO: [0m1 process: 1 internal.
[32mINFO: [0mBuild completed successfully, 1 total action
[0mBuilding binary...
Running: bazel build --ui_event_filters=-warning -c opt --config=enable_std_upper_bound_avx2 --config=chrono_profile --config=projection_matrix_control --config=row_major_dataset_layout --ui_event_filters=-warning --repo_env=CC=/opt/intel/oneapi/compiler/latest/bin/icx --repo_env=CXX=/opt/intel/oneapi/compiler/latest/bin/icpx //examples:train_oblique_forest
✅ Build succeeded!

Running binary with command:
 ./bazel-bin/examples/train_oblique_forest --num_trees=5 --feature_split_type=Oblique --compute_oob_performances=false --histogram_num_bins=64 --num_threads=1 --tree_depth=-1 --numerical_split_type=Dynamic Random Histogram --input_mode=trunk --rows=750000 --cols=4096 --dataset_layout=dual_fp32 


[0;32m[INFO][0m Enabling P-cores only mode (no HT, no E-cores, no turbo)...
[0;32m[INFO][0m Disabling hyperthreading siblings...
[0;32m[INFO][0m Disabling E-cores...
[0;32m[INFO][0m Disabling turbo boost...
[0;32m[INFO][0m P-cores only mode enabled (CPUs 0,1,3,6,8,10 active, no turbo)

E-cores: DISABLED (default — use --no-disable_ecores to keep on)

⏱  Training block took 157.9670 s   (subprocess wall: 178.6029 s)

── CHRONO coverage ─────────────────────────────────
  Training block (wall):         157.9670 s
  CPU budget (wall × min(trees, threads) = 157.967 × min(5,1)):   157.9670 s
  Σ TreeTrain (DFS top-level):   157.9641 s  (100.0% of CPU budget)
  Unaccounted (CPU budget − Σ TreeTrain):     0.0029 s  (  0.0%)
────────────────────────────────────────────────────

WARNING: All log messages before absl::InitializeLog() is called are written to STDERR
I0000 00:00:1781150859.126794   81089 train_oblique_forest.cc:415] Generating trunk synthetic dataset: rows=750000, cols=4096, layout=dynamic_row_col_major
I0000 00:00:1781150878.548697   81089 train_oblique_forest.cc:528] Dynamic_Row_Col_Major fp32 matrices allocated: 22.8882 GiB total
I0000 00:00:1781150878.548778   81089 train_oblique_forest.cc:581] Running with 1 threads, as requested.
I0000 00:00:1781150878.548791   81089 train_oblique_forest.cc:657] Configuring oblique splits
I0000 00:00:1781150878.548796   81089 train_oblique_forest.cc:742] Using Dynamic Random Histogram with 64 samples
I0000 00:00:1781150878.549258   81089 abstract_learner.cc:171] No input feature explicitly specified. Using all the available input features.
I0000 00:00:1781150878.549269   81089 abstract_learner.cc:185] The label "y" was removed from the input feature set.
I0000 00:00:1781150878.550266   81089 random_forest.c
CSV written to benchmarks/results/per_function_timing/Intel(R) Core(TM) Ultra 9 185H/Oblique | Dynamic Random Histogram/trunk_750000_x_4096/dualfp32_rm312_5trees_750k_pcore_2026-06-10.csv

Cleaning up: Restoring CPU configuration...
[0;32m[INFO][0m Restoring full CPU configuration...
[0;32m[INFO][0m Re-enabling hyperthreading siblings...
[0;32m[INFO][0m Re-enabling E-cores...
[0;32m[INFO][0m Re-enabling turbo boost...
[0;32m[INFO][0m All cores and turbo boost enabled

--- rm312_750k exit=0 Thu Jun 11 12:10:38 AM EDT 2026 ---
--- rm156_750k start Thu Jun 11 12:10:38 AM EDT 2026 ---
[32mINFO: [0mOptions provided by the client:
  Inherited 'common' options: --isatty=0 --terminal_columns=80
[32mINFO: [0mReading rc options for 'build' from /home/ariel/prog/ydf/yggdrasil-oblique-forests/.bazelrc:
  'build' options: --repo_env=CC=icx --repo_env=CXX=icpx --cxxopt=-std=c++17 --host_cxxopt=-std=c++17 --ui_event_filters=-warning,-debug --action_env=CUDA_PATH=/usr/local/cuda --repo_env=CUDA_HOME=/usr/local/cuda --action_env=NVCC_PREPEND_FLAGS=-ccbin=/usr/bin/g++-13 --incompatible_enable_cc_toolchain_resolution -c opt --announce_rc --noincompatible_strict_action_env --copt=-w --host_copt=-w --define=use_fast_cpp_protos=true --define=allow_oversize_protos=true --define=grpc_no_ares=true --color=yes --define=use_ydf_tensorflow_proto=1
[32mINFO: [0mFound applicable config definition build:enable_std_upper_bound_avx2 in file /home/ariel/prog/ydf/yggdrasil-oblique-forests/.bazelrc: --cxxopt=-mavx2 --cxxopt=-mfma --cxxopt=-DENABLE_STD_UPPER_BOUND_VECTORIZATION=1
[32mINFO: [0mFound applicable config definition build:chrono_profile in file /home/ariel/prog/ydf/yggdrasil-oblique-forests/.bazelrc: --cxxopt=-DCHRONO_ENABLED
[32mINFO: [0mFound applicable config definition build:projection_matrix_control in file /home/ariel/prog/ydf/yggdrasil-oblique-forests/.bazelrc: --cxxopt=-DPROJECTION_MATRIX_CONTROL=1
[32mINFO: [0mFound applicable config definition build:row_major_dataset_layout in file /home/ariel/prog/ydf/yggdrasil-oblique-forests/.bazelrc: --cxxopt=-DROW_MAJOR_DATASET_LAYOUT=1
[32mComputing main repo mapping:[0m 
[32mLoading:[0m 
[32mLoading:[0m 0 packages loaded
[32mAnalyzing:[0m target //examples:train_oblique_forest (0 packages loaded, 0 targets configured)
[32mAnalyzing:[0m target //examples:train_oblique_forest (0 packages loaded, 0 targets configured)

[32mINFO: [0mAnalyzed target //examples:train_oblique_forest (0 packages loaded, 0 targets configured).
[32mINFO: [0mFound 1 target...
Target //examples:train_oblique_forest up-to-date:
  bazel-bin/examples/train_oblique_forest
[32mINFO: [0mElapsed time: 0.075s, Critical Path: 0.00s
[32mINFO: [0m1 process: 1 internal.
[32mINFO: [0mBuild completed successfully, 1 total action
[0mBuilding binary...
Running: bazel build --ui_event_filters=-warning -c opt --config=enable_std_upper_bound_avx2 --config=chrono_profile --config=projection_matrix_control --config=row_major_dataset_layout --ui_event_filters=-warning --repo_env=CC=/opt/intel/oneapi/compiler/latest/bin/icx --repo_env=CXX=/opt/intel/oneapi/compiler/latest/bin/icpx //examples:train_oblique_forest
✅ Build succeeded!

Running binary with command:
 ./bazel-bin/examples/train_oblique_forest --num_trees=5 --feature_split_type=Oblique --compute_oob_performances=false --histogram_num_bins=64 --num_threads=1 --tree_depth=-1 --numerical_split_type=Dynamic Random Histogram --input_mode=trunk --rows=750000 --cols=4096 --dataset_layout=dual_fp32 


[0;32m[INFO][0m Enabling P-cores only mode (no HT, no E-cores, no turbo)...
[0;32m[INFO][0m Disabling hyperthreading siblings...
[0;32m[INFO][0m Disabling E-cores...
[0;32m[INFO][0m Disabling turbo boost...
[0;32m[INFO][0m P-cores only mode enabled (CPUs 0,1,3,6,8,10 active, no turbo)

E-cores: DISABLED (default — use --no-disable_ecores to keep on)

⏱  Training block took 157.4860 s   (subprocess wall: 178.1445 s)

── CHRONO coverage ─────────────────────────────────
  Training block (wall):         157.4860 s
  CPU budget (wall × min(trees, threads) = 157.486 × min(5,1)):   157.4860 s
  Σ TreeTrain (DFS top-level):   157.4824 s  (100.0% of CPU budget)
  Unaccounted (CPU budget − Σ TreeTrain):     0.0036 s  (  0.0%)
────────────────────────────────────────────────────

WARNING: All log messages before absl::InitializeLog() is called are written to STDERR
I0000 00:00:1781151039.013084   81519 train_oblique_forest.cc:415] Generating trunk synthetic dataset: rows=750000, cols=4096, layout=dynamic_row_col_major
I0000 00:00:1781151058.464698   81519 train_oblique_forest.cc:528] Dynamic_Row_Col_Major fp32 matrices allocated: 22.8882 GiB total
I0000 00:00:1781151058.464778   81519 train_oblique_forest.cc:581] Running with 1 threads, as requested.
I0000 00:00:1781151058.464792   81519 train_oblique_forest.cc:657] Configuring oblique splits
I0000 00:00:1781151058.464796   81519 train_oblique_forest.cc:742] Using Dynamic Random Histogram with 64 samples
I0000 00:00:1781151058.465273   81519 abstract_learner.cc:171] No input feature explicitly specified. Using all the available input features.
I0000 00:00:1781151058.465284   81519 abstract_learner.cc:185] The label "y" was removed from the input feature set.
I0000 00:00:1781151058.466255   81519 random_forest.c
CSV written to benchmarks/results/per_function_timing/Intel(R) Core(TM) Ultra 9 185H/Oblique | Dynamic Random Histogram/trunk_750000_x_4096/dualfp32_rm156_5trees_750k_pcore_2026-06-10.csv

Cleaning up: Restoring CPU configuration...
[0;32m[INFO][0m Restoring full CPU configuration...
[0;32m[INFO][0m Re-enabling hyperthreading siblings...
[0;32m[INFO][0m Re-enabling E-cores...
[0;32m[INFO][0m Re-enabling turbo boost...
[0;32m[INFO][0m All cores and turbo boost enabled

--- rm156_750k exit=0 Thu Jun 11 12:13:37 AM EDT 2026 ---
=== batch4 done Thu Jun 11 12:13:37 AM EDT 2026 ===
