

======== Skipping CPU experiments (RUN_CPU=false) ========



======== VECTORIZED EXPERIMENTS [AVX2] histogram_num_bins=64 ========

USING INSTRUCTION SET: AVX2


======== Running Dynamic Random Histogram [Oblique] [VECTORIZE: AVX2] with 64 bins threshold=250 ========

./bazel-bin/examples/train_oblique_forest --input_mode csv --train_csv "benchmarks/data/HIGGS_with_header.csv" --label_col "class" --feature_split_type "Oblique" --numerical_split_type "Dynamic Random Histogram" --num_trees=30 --num_threads=-1 --compute_oob_performances=false --histogram_num_bins=64 --dynamic_split_threshold=250 
----- Run 1/1 -----
WARNING: All log messages before absl::InitializeLog() is called are written to STDERR
I0000 00:00:1780700296.370284  551321 train_oblique_forest.cc:352] Inferring DataSpec from CSV: benchmarks/data/HIGGS_with_header.csv
I0000 00:00:1780700296.376436  551321 csv_example_reader.cc:216] 0 row(s) processed
I0000 00:00:1780700296.391451  551321 csv_example_reader.cc:225] Stop scanning the csv file to infer the type. Some records were not considered.
I0000 00:00:1780700296.391481  551321 data_spec_inference.cc:518] 29 column(s) found
I0000 00:00:1780700296.391509  551321 csv_example_reader.cc:320] 0 row(s) processed
I0000 00:00:1780700326.391635  551321 csv_example_reader.cc:320] 4303578 row(s) processed
I0000 00:00:1780700356.391760  551321 csv_example_reader.cc:320] 8582854 row(s) processed
I0000 00:00:1780700373.340659  551321 data_spec_inference.cc:557] Finalizing [11000000 row(s) found]
I0000 00:00:1780700373.340737  551321 train_oblique_forest.cc:483] -1 (automatic) threads requested. 6 threads set.
I0000 00:00:1780700373.340752  551321 train_oblique_forest.cc:550] Configuring oblique splits
I0000 00:00:1780700373.340756  551321 train_oblique_forest.cc:635] Using Dynamic Random Histogram with 64 samples
I0000 00:00:1780700373.340818  551321 abstract_learner.cc:171] No input feature explicitly specified. Using all the available input features.
I0000 00:00:1780700373.340822  551321 abstract_learner.cc:185] The label "class" was removed from the input feature set.
I0000 00:00:1780700373.341800  551321 vertical_dataset_io.cc:82] 100 examples scanned.
I0000 00:00:1780700403.342329  551321 vertical_dataset_io.cc:82] 4131900 examples scanned.
I0000 00:00:1780700433.343067  551321 vertical_dataset_io.cc:82] 8259800 examples scanned.
I0000 00:00:1780700454.550030  551321 vertical_dataset_io.cc:91] 11000000 examples read. Memory: usage:1276MB allocated:1276MB. 0 (0%) examples have been skipped.
I0000 00:00:1780700454.550115  551321 abstract_learner.cc:171] No input feature explicitly specified. Using all the available input features.
I0000 00:00:1780700454.550122  551321 abstract_learner.cc:185] The label "class" was removed from the input feature set.
I0000 00:00:1780700454.550142  551321 random_forest.cc:498] Training random forest on 11000000 example(s) and 28 feature(s).
I0000 00:00:1780700454.550155  551321 gpu.cc:93] Cannot initialize GPU: Not compiled with GPU support
I0000 00:00:1780700454.550392  551321 random_forest.cc:667] num_threads being used: 6
I0000 00:00:1780700545.895035  551395 random_forest.cc:962] Train tree 1/30 [index:3 total:1m31.34s tree:1m31.34s]
I0000 00:00:1780700626.701058  551395 random_forest.cc:962] Train tree 7/30 [index:6 total:2m52.15s tree:1m20.80s]
W0000 00:00:1780700631.930053  551394 training.cc:5728] [This message is only shown once] The effective split of examples does not match the expected split returned by the splitter algorithm. This problem can be caused by (1) large floating point values (e.g. value>=10e30) or (2) a bug in the software. You can turn this error in a warning with internal_error_on_wrong_splitter_statistics=false.

Details:
Num examples: 11000000
Num positive examples (from split evaluation): 5645796
Num positive examples (from split learning): 5645797
Num negative examples (from split evaluation): 5354204

Condition: goo.gle/debugstr   
na_value: false
attribute: 3
condition {
  oblique_condition {
    attributes: 3
    attributes: 13
    attributes: 21
    attributes: 22
    weights: 1
    weights: -1
    weights: 1
    weights: -1
    threshold: -1.36425388
    na_replacements: -1.32722525e-05
    na_replacements: 1.00000799
    na_replacements: 1.00000012
    na_replacements: 1.03429031
  }
}
num_training_examples_without_weight: 11000000
num_training_examples_with_weight: 11000000
split_score: 0.000497862406
num_pos_training_examples_without_weight: 5645797
num_pos_training_examples_with_weight: 5645797

Attribute spec: goo.gle/debugstr   
type: NUMERICAL
name: "feature3"
is_manual_type: false
numerical {
  mean: -1.3272252572679215e-05
  min_value: -1.74250829
  max_value: 1.74323595
  standard_deviation: 1.0063462836524466
}

I0000 00:00:1780700706.174319  551395 random_forest.cc:962] Train tree 13/30 [index:12 total:4m11.62s tree:1m19.47s]
I0000 00:00:1780700784.894303  551395 random_forest.cc:962] Train tree 19/30 [index:18 total:5m30.34s tree:1m18.72s]
I0000 00:00:1780700866.455665  551396 random_forest.cc:962] Train tree 25/30 [index:27 total:6m51.91s tree:1m16.93s]
I0000 00:00:1780700869.965861  551321 random_forest.cc:969] random_forest.cc Training block took: 415.416 s
W0000 00:00:1780700869.965902  551321 random_forest.cc:1088] EXITING EARLY TO SPEED UP EXPERIMENTS!
MEDIAN of 1/1 runs: 415.416 s  STDDEV: N/A s  (samples: 415.416)
./bazel-bin/examples/train_oblique_forest --input_mode csv --train_csv "benchmarks/data/SUSY_with_header.csv" --label_col "class" --feature_split_type "Oblique" --numerical_split_type "Dynamic Random Histogram" --num_trees=30 --num_threads=-1 --compute_oob_performances=false --histogram_num_bins=64 --dynamic_split_threshold=250 
----- Run 1/1 -----
WARNING: All log messages before absl::InitializeLog() is called are written to STDERR
I0000 00:00:1780700871.512747  553149 train_oblique_forest.cc:352] Inferring DataSpec from CSV: benchmarks/data/SUSY_with_header.csv
I0000 00:00:1780700871.517217  553149 csv_example_reader.cc:216] 0 row(s) processed
I0000 00:00:1780700871.526760  553149 csv_example_reader.cc:225] Stop scanning the csv file to infer the type. Some records were not considered.
I0000 00:00:1780700871.526793  553149 data_spec_inference.cc:518] 19 column(s) found
I0000 00:00:1780700871.526824  553149 csv_example_reader.cc:320] 0 row(s) processed
I0000 00:00:1780700894.463312  553149 data_spec_inference.cc:557] Finalizing [5000000 row(s) found]
I0000 00:00:1780700894.463390  553149 train_oblique_forest.cc:483] -1 (automatic) threads requested. 6 threads set.
I0000 00:00:1780700894.463407  553149 train_oblique_forest.cc:550] Configuring oblique splits
I0000 00:00:1780700894.463416  553149 train_oblique_forest.cc:635] Using Dynamic Random Histogram with 64 samples
I0000 00:00:1780700894.463483  553149 abstract_learner.cc:171] No input feature explicitly specified. Using all the available input features.
I0000 00:00:1780700894.463487  553149 abstract_learner.cc:185] The label "class" was removed from the input feature set.
I0000 00:00:1780700894.464236  553149 vertical_dataset_io.cc:82] 100 examples scanned.
I0000 00:00:1780700918.401769  553149 vertical_dataset_io.cc:91] 5000000 examples read. Memory: usage:380MB allocated:380MB. 0 (0%) examples have been skipped.
I0000 00:00:1780700918.401854  553149 abstract_learner.cc:171] No input feature explicitly specified. Using all the available input features.
I0000 00:00:1780700918.401860  553149 abstract_learner.cc:185] The label "class" was removed from the input feature set.
I0000 00:00:1780700918.401880  553149 random_forest.cc:498] Training random forest on 5000000 example(s) and 18 feature(s).
I0000 00:00:1780700918.401892  553149 gpu.cc:93] Cannot initialize GPU: Not compiled with GPU support
I0000 00:00:1780700918.402169  553149 random_forest.cc:667] num_threads being used: 6
I0000 00:00:1780700946.038975  553198 random_forest.cc:962] Train tree 1/30 [index:2 total:27.64s tree:27.64s]
W0000 00:00:1780700970.242563  553196 training.cc:5728] [This message is only shown once] The effective split of examples does not match the expected split returned by the splitter algorithm. This problem can be caused by (1) large floating point values (e.g. value>=10e30) or (2) a bug in the software. You can turn this error in a warning with internal_error_on_wrong_splitter_statistics=false.

Details:
Num examples: 24
Num positive examples (from split evaluation): 18
Num positive examples (from split learning): 17
Num negative examples (from split evaluation): 6

Condition: goo.gle/debugstr  
na_value: false
attribute: 5
condition {
  oblique_condition {
    attributes: 5
    attributes: 11
    attributes: 13
    attributes: 14
    weights: 1
    weights: -1
    weights: -1
    weights: 1
    threshold: -3.95603848
    na_replacements: -3.71314e-05
    na_replacements: 1.00036
    na_replacements: 0.999916434
    na_replacements: 1.00042152
  }
}
num_training_examples_without_weight: 24
num_training_examples_with_weight: 24
split_score: 0.0535879657
num_pos_training_examples_without_weight: 17
num_pos_training_examples_with_weight: 17

Attribute spec: goo.gle/debugstr  
type: NUMERICAL
name: "feature5"
is_manual_type: false
numerical {
  mean: -3.713140154082821e-05
  min_value: -2.05930614
  max_value: 2.05972075
  standard_deviation: 1.0028387289443172
}

I0000 00:00:1780700973.871605  553197 random_forest.cc:962] Train tree 7/30 [index:7 total:55.47s tree:27.40s]
I0000 00:00:1780701002.336614  553197 random_forest.cc:962] Train tree 13/30 [index:12 total:1m23.93s tree:28.46s]
I0000 00:00:1780701030.930615  553198 random_forest.cc:962] Train tree 19/30 [index:19 total:1m52.53s tree:28.48s]
I0000 00:00:1780701059.098664  553197 random_forest.cc:962] Train tree 25/30 [index:25 total:2m20.70s tree:27.79s]
I0000 00:00:1780701061.726066  553149 random_forest.cc:969] random_forest.cc Training block took: 143.324 s
W0000 00:00:1780701061.726106  553149 random_forest.cc:1088] EXITING EARLY TO SPEED UP EXPERIMENTS!
MEDIAN of 1/1 runs: 143.324 s  STDDEV: N/A s  (samples: 143.324)
./bazel-bin/examples/train_oblique_forest --input_mode csv --train_csv "benchmarks/data/epsilon_normalized_train.csv" --label_col "label" --feature_split_type "Oblique" --numerical_split_type "Dynamic Random Histogram" --num_trees=30 --num_threads=-1 --compute_oob_performances=false --histogram_num_bins=64 --dynamic_split_threshold=250 
----- Run 1/1 -----
WARNING: All log messages before absl::InitializeLog() is called are written to STDERR
I0000 00:00:1780701062.423409  553244 train_oblique_forest.cc:352] Inferring DataSpec from CSV: benchmarks/data/epsilon_normalized_train.csv
I0000 00:00:1780701062.430800  553244 csv_example_reader.cc:216] 0 row(s) processed
I0000 00:00:1780701063.387414  553244 csv_example_reader.cc:225] Stop scanning the csv file to infer the type. Some records were not considered.
I0000 00:00:1780701063.387737  553244 data_spec_inference.cc:518] 2001 column(s) found
I0000 00:00:1780701063.391995  553244 csv_example_reader.cc:320] 0 row(s) processed
I0000 00:00:1780701093.392645  553244 csv_example_reader.cc:320] 68094 row(s) processed
I0000 00:00:1780701123.393215  553244 csv_example_reader.cc:320] 136272 row(s) processed
I0000 00:00:1780701153.393797  553244 csv_example_reader.cc:320] 204402 row(s) processed
I0000 00:00:1780701183.394402  553244 csv_example_reader.cc:320] 272500 row(s) processed
I0000 00:00:1780701213.395052  553244 csv_example_reader.cc:320] 340714 row(s) processed
I0000 00:00:1780701239.465376  553244 data_spec_inference.cc:557] Finalizing [400000 row(s) found]
I0000 00:00:1780701239.465491  553244 train_oblique_forest.cc:483] -1 (automatic) threads requested. 6 threads set.
I0000 00:00:1780701239.465506  553244 train_oblique_forest.cc:550] Configuring oblique splits
I0000 00:00:1780701239.465511  553244 train_oblique_forest.cc:635] Using Dynamic Random Histogram with 64 samples
I0000 00:00:1780701239.465767  553244 abstract_learner.cc:171] No input feature explicitly specified. Using all the available input features.
I0000 00:00:1780701239.465773  553244 abstract_learner.cc:185] The label "label" was removed from the input feature set.
I0000 00:00:1780701239.517628  553244 vertical_dataset_io.cc:82] 100 examples scanned.
I0000 00:00:1780701269.521776  553244 vertical_dataset_io.cc:82] 65500 examples scanned.
I0000 00:00:1780701299.531749  553244 vertical_dataset_io.cc:82] 130000 examples scanned.
I0000 00:00:1780701329.539621  553244 vertical_dataset_io.cc:82] 193200 examples scanned.
I0000 00:00:1780701359.544654  553244 vertical_dataset_io.cc:82] 257600 examples scanned.
I0000 00:00:1780701390.365131  553244 vertical_dataset_io.cc:82] 319300 examples scanned.
I0000 00:00:1780701420.365700  553244 vertical_dataset_io.cc:82] 383000 examples scanned.
I0000 00:00:1780701429.890186  553244 vertical_dataset_io.cc:91] 400000 examples read. Memory: usage:3201MB allocated:3201MB. 0 (0%) examples have been skipped.
I0000 00:00:1780701429.890692  553244 abstract_learner.cc:171] No input feature explicitly specified. Using all the available input features.
I0000 00:00:1780701429.890758  553244 abstract_learner.cc:185] The label "label" was removed from the input feature set.
I0000 00:00:1780701429.891055  553244 random_forest.cc:498] Training random forest on 400000 example(s) and 2000 feature(s).
I0000 00:00:1780701429.891184  553244 gpu.cc:93] Cannot initialize GPU: Not compiled with GPU support
I0000 00:00:1780701429.891670  553244 random_forest.cc:667] num_threads being used: 6
I0000 00:00:1780701443.309741  553364 random_forest.cc:962] Train tree 1/30 [index:3 total:13.42s tree:13.42s]
I0000 00:00:1780701469.946413  553366 random_forest.cc:962] Train tree 13/30 [index:13 total:40.05s tree:13.21s]
I0000 00:00:1780701496.705645  553366 random_forest.cc:962] Train tree 25/30 [index:24 total:1m6.81s tree:13.20s]
I0000 00:00:1780701497.944129  553244 random_forest.cc:969] random_forest.cc Training block took: 68.0537 s
W0000 00:00:1780701497.944166  553244 random_forest.cc:1088] EXITING EARLY TO SPEED UP EXPERIMENTS!
MEDIAN of 1/1 runs: 68.0537 s  STDDEV: N/A s  (samples: 68.0537)
./bazel-bin/examples/train_oblique_forest --input_mode trunk --rows 50000000 --cols 4 --feature_split_type "Oblique" --numerical_split_type "Dynamic Random Histogram" --num_trees=30 --num_threads=-1 --compute_oob_performances=false --histogram_num_bins=64 --dynamic_split_threshold=250 
----- Run 1/1 -----
WARNING: All log messages before absl::InitializeLog() is called are written to STDERR
I0000 00:00:1780701498.200224  553400 train_oblique_forest.cc:366] Generating trunk synthetic dataset: rows=50000000, cols=4, layout=column
I0000 00:00:1780701501.183268  553400 train_oblique_forest.cc:483] -1 (automatic) threads requested. 6 threads set.
I0000 00:00:1780701501.183296  553400 train_oblique_forest.cc:550] Configuring oblique splits
I0000 00:00:1780701501.183300  553400 train_oblique_forest.cc:635] Using Dynamic Random Histogram with 64 samples
I0000 00:00:1780701501.183368  553400 abstract_learner.cc:171] No input feature explicitly specified. Using all the available input features.
I0000 00:00:1780701501.183371  553400 abstract_learner.cc:185] The label "y" was removed from the input feature set.
I0000 00:00:1780701501.183381  553400 random_forest.cc:498] Training random forest on 50000000 example(s) and 4 feature(s).
I0000 00:00:1780701501.183393  553400 gpu.cc:93] Cannot initialize GPU: Not compiled with GPU support
I0000 00:00:1780701501.184321  553400 random_forest.cc:667] num_threads being used: 6
W0000 00:00:1780701600.042177  553429 training.cc:5728] [This message is only shown once] The effective split of examples does not match the expected split returned by the splitter algorithm. This problem can be caused by (1) large floating point values (e.g. value>=10e30) or (2) a bug in the software. You can turn this error in a warning with internal_error_on_wrong_splitter_statistics=false.

Details:
Num examples: 5694
Num positive examples (from split evaluation): 11
Num positive examples (from split learning): 9
Num negative examples (from split evaluation): 5683

Condition: goo.gle/debugstr  
na_value: false
attribute: 0
condition {
  oblique_condition {
    attributes: 0
    attributes: 1
    attributes: 2
    attributes: 3
    weights: 1
    weights: 1
    weights: -1
    weights: 1
    threshold: -2.30091786
    na_replacements: 0
    na_replacements: 0
    na_replacements: 0
    na_replacements: 0
  }
}
num_training_examples_without_weight: 5694
num_training_examples_with_weight: 5694
split_score: 0.00081381679
num_pos_training_examples_without_weight: 9
num_pos_training_examples_with_weight: 9

Attribute spec: goo.gle/debugstr  
type: NUMERICAL
name: "x0"

I0000 00:00:1780701633.624138  553427 random_forest.cc:962] Train tree 1/30 [index:5 total:2m12.44s tree:2m12.44s]
I0000 00:00:1780701771.331554  553431 random_forest.cc:962] Train tree 7/30 [index:10 total:4m30.15s tree:2m14.00s]
I0000 00:00:1780701905.998421  553431 random_forest.cc:962] Train tree 13/30 [index:12 total:6m44.81s tree:2m14.65s]
I0000 00:00:1780702042.590465  553428 random_forest.cc:962] Train tree 19/30 [index:19 total:9m1.41s tree:2m15.54s]
I0000 00:00:1780702064.063002  553430 random_forest.cc:962] Train tree 24/30 [index:20 total:9m22.88s tree:2m34.03s]
I0000 00:00:1780702192.807775  553431 random_forest.cc:962] Train tree 25/30 [index:25 total:11m31.62s tree:2m23.83s]
I0000 00:00:1780702224.612036  553427 random_forest.cc:962] Train tree 29/30 [index:28 total:12m3.43s tree:2m43.35s]
I0000 00:00:1780702258.099240  553430 random_forest.cc:962] Train tree 30/30 [index:29 total:12m36.91s tree:3m14.02s]
I0000 00:00:1780702258.111488  553400 random_forest.cc:969] random_forest.cc Training block took: 756.928 s
W0000 00:00:1780702258.111808  553400 random_forest.cc:1088] EXITING EARLY TO SPEED UP EXPERIMENTS!
MEDIAN of 1/1 runs: 756.928 s  STDDEV: N/A s  (samples: 756.928)
./bazel-bin/examples/train_oblique_forest --input_mode trunk --rows 3000000 --cols 4096 --feature_split_type "Oblique" --numerical_split_type "Dynamic Random Histogram" --num_trees=30 --num_threads=-1 --compute_oob_performances=false --histogram_num_bins=64 --dynamic_split_threshold=250 
----- Run 1/1 -----
