

======== Skipping CPU experiments (RUN_CPU=false) ========



======== VECTORIZED EXPERIMENTS [AVX2] histogram_num_bins=64 ========

USING INSTRUCTION SET: AVX2


======== Running Dynamic Random Histogram [Oblique] [VECTORIZE: AVX2] with 64 bins threshold=250 ========

./bazel-bin/examples/train_oblique_forest --input_mode csv --train_csv "benchmarks/data/HIGGS_with_header.csv" --label_col "class" --feature_split_type "Oblique" --numerical_split_type "Dynamic Random Histogram" --num_trees=30 --num_threads=-1 --compute_oob_performances=false --histogram_num_bins=64 --dynamic_split_threshold=250 
----- Run 1/1 -----
WARNING: All log messages before absl::InitializeLog() is called are written to STDERR
I0000 00:00:1780696161.909485  541065 train_oblique_forest.cc:352] Inferring DataSpec from CSV: benchmarks/data/HIGGS_with_header.csv
I0000 00:00:1780696161.913579  541065 csv_example_reader.cc:216] 0 row(s) processed
I0000 00:00:1780696161.927763  541065 csv_example_reader.cc:225] Stop scanning the csv file to infer the type. Some records were not considered.
I0000 00:00:1780696161.927794  541065 data_spec_inference.cc:518] 29 column(s) found
I0000 00:00:1780696161.927826  541065 csv_example_reader.cc:320] 0 row(s) processed
I0000 00:00:1780696191.928001  541065 csv_example_reader.cc:320] 4548666 row(s) processed
I0000 00:00:1780696221.928166  541065 csv_example_reader.cc:320] 9066372 row(s) processed
I0000 00:00:1780696234.781231  541065 data_spec_inference.cc:557] Finalizing [11000000 row(s) found]
I0000 00:00:1780696234.781329  541065 train_oblique_forest.cc:483] -1 (automatic) threads requested. 6 threads set.
I0000 00:00:1780696234.781346  541065 train_oblique_forest.cc:550] Configuring oblique splits
I0000 00:00:1780696234.781350  541065 train_oblique_forest.cc:635] Using Dynamic Random Histogram with 64 samples
I0000 00:00:1780696234.781413  541065 abstract_learner.cc:171] No input feature explicitly specified. Using all the available input features.
I0000 00:00:1780696234.781417  541065 abstract_learner.cc:185] The label "class" was removed from the input feature set.
I0000 00:00:1780696234.782427  541065 vertical_dataset_io.cc:82] 100 examples scanned.
I0000 00:00:1780696264.972719  541065 vertical_dataset_io.cc:82] 4194400 examples scanned.
I0000 00:00:1780696295.229389  541065 vertical_dataset_io.cc:82] 8388700 examples scanned.
I0000 00:00:1780696314.459966  541065 vertical_dataset_io.cc:91] 11000000 examples read. Memory: usage:1276MB allocated:1276MB. 0 (0%) examples have been skipped.
I0000 00:00:1780696314.460060  541065 abstract_learner.cc:171] No input feature explicitly specified. Using all the available input features.
I0000 00:00:1780696314.460066  541065 abstract_learner.cc:185] The label "class" was removed from the input feature set.
I0000 00:00:1780696314.460086  541065 random_forest.cc:498] Training random forest on 11000000 example(s) and 28 feature(s).
I0000 00:00:1780696314.460102  541065 gpu.cc:93] Cannot initialize GPU: Not compiled with GPU support
I0000 00:00:1780696314.460339  541065 random_forest.cc:667] num_threads being used: 6
I0000 00:00:1780696393.608652  541143 random_forest.cc:962] Train tree 1/30 [index:0 total:1m19.15s tree:1m19.15s]
I0000 00:00:1780696473.505920  541143 random_forest.cc:962] Train tree 7/30 [index:6 total:2m39.05s tree:1m19.89s]
W0000 00:00:1780696477.805753  541141 training.cc:5728] [This message is only shown once] The effective split of examples does not match the expected split returned by the splitter algorithm. This problem can be caused by (1) large floating point values (e.g. value>=10e30) or (2) a bug in the software. You can turn this error in a warning with internal_error_on_wrong_splitter_statistics=false.

Details:
Num examples: 11000000
Num positive examples (from split evaluation): 5645796
Num positive examples (from split learning): 5645797
Num negative examples (from split evaluation): 5354204

Condition: goo.gle/debugonly  
na_value: false
attribute: 3
condition {
  oblique_condition {
    attributes: 3
    attributes: 13
    attributes: 21
    attributes: 22
    weights: 1
    weights: -1
    weights: 1
    weights: -1
    threshold: -1.36425388
    na_replacements: -1.32722525e-05
    na_replacements: 1.00000799
    na_replacements: 1.00000012
    na_replacements: 1.03429031
  }
}
num_training_examples_without_weight: 11000000
num_training_examples_with_weight: 11000000
split_score: 0.000497862406
num_pos_training_examples_without_weight: 5645797
num_pos_training_examples_with_weight: 5645797

Attribute spec: goo.gle/debugonly  
type: NUMERICAL
name: "feature3"
is_manual_type: false
numerical {
  mean: -1.3272252572679215e-05
  min_value: -1.74250829
  max_value: 1.74323595
  standard_deviation: 1.0063462836524466
}

I0000 00:00:1780696555.437162  541141 random_forest.cc:962] Train tree 13/30 [index:13 total:4m0.98s tree:1m21.11s]
I0000 00:00:1780696634.881630  541141 random_forest.cc:962] Train tree 19/30 [index:18 total:5m20.42s tree:1m19.44s]
I0000 00:00:1780696717.754342  541142 random_forest.cc:962] Train tree 25/30 [index:26 total:6m43.29s tree:1m20.59s]
I0000 00:00:1780696719.802250  541065 random_forest.cc:969] random_forest.cc Training block took: 405.342 s
W0000 00:00:1780696719.802296  541065 random_forest.cc:1088] EXITING EARLY TO SPEED UP EXPERIMENTS!
MEDIAN of 1/1 runs: 405.342 s  STDDEV: N/A s  (samples: 405.342)
./bazel-bin/examples/train_oblique_forest --input_mode csv --train_csv "benchmarks/data/SUSY_with_header.csv" --label_col "class" --feature_split_type "Oblique" --numerical_split_type "Dynamic Random Histogram" --num_trees=30 --num_threads=-1 --compute_oob_performances=false --histogram_num_bins=64 --dynamic_split_threshold=250 
----- Run 1/1 -----
WARNING: All log messages before absl::InitializeLog() is called are written to STDERR
I0000 00:00:1780696721.407572  541328 train_oblique_forest.cc:352] Inferring DataSpec from CSV: benchmarks/data/SUSY_with_header.csv
I0000 00:00:1780696721.419671  541328 csv_example_reader.cc:216] 0 row(s) processed
I0000 00:00:1780696721.428967  541328 csv_example_reader.cc:225] Stop scanning the csv file to infer the type. Some records were not considered.
I0000 00:00:1780696721.428997  541328 data_spec_inference.cc:518] 19 column(s) found
I0000 00:00:1780696721.429025  541328 csv_example_reader.cc:320] 0 row(s) processed
I0000 00:00:1780696743.728405  541328 data_spec_inference.cc:557] Finalizing [5000000 row(s) found]
I0000 00:00:1780696743.728489  541328 train_oblique_forest.cc:483] -1 (automatic) threads requested. 6 threads set.
I0000 00:00:1780696743.728508  541328 train_oblique_forest.cc:550] Configuring oblique splits
I0000 00:00:1780696743.728514  541328 train_oblique_forest.cc:635] Using Dynamic Random Histogram with 64 samples
I0000 00:00:1780696743.728587  541328 abstract_learner.cc:171] No input feature explicitly specified. Using all the available input features.
I0000 00:00:1780696743.728591  541328 abstract_learner.cc:185] The label "class" was removed from the input feature set.
I0000 00:00:1780696743.729310  541328 vertical_dataset_io.cc:82] 100 examples scanned.
I0000 00:00:1780696767.292935  541328 vertical_dataset_io.cc:91] 5000000 examples read. Memory: usage:380MB allocated:380MB. 0 (0%) examples have been skipped.
I0000 00:00:1780696767.293024  541328 abstract_learner.cc:171] No input feature explicitly specified. Using all the available input features.
I0000 00:00:1780696767.293030  541328 abstract_learner.cc:185] The label "class" was removed from the input feature set.
I0000 00:00:1780696767.293049  541328 random_forest.cc:498] Training random forest on 5000000 example(s) and 18 feature(s).
I0000 00:00:1780696767.293065  541328 gpu.cc:93] Cannot initialize GPU: Not compiled with GPU support
I0000 00:00:1780696767.293313  541328 random_forest.cc:667] num_threads being used: 6
I0000 00:00:1780696795.323115  541398 random_forest.cc:962] Train tree 1/30 [index:2 total:28.03s tree:28.03s]
W0000 00:00:1780696819.962168  541401 training.cc:5728] [This message is only shown once] The effective split of examples does not match the expected split returned by the splitter algorithm. This problem can be caused by (1) large floating point values (e.g. value>=10e30) or (2) a bug in the software. You can turn this error in a warning with internal_error_on_wrong_splitter_statistics=false.

Details:
Num examples: 24
Num positive examples (from split evaluation): 18
Num positive examples (from split learning): 17
Num negative examples (from split evaluation): 6

Condition: goo.gle/debugonly  
na_value: false
attribute: 5
condition {
  oblique_condition {
    attributes: 5
    attributes: 11
    attributes: 13
    attributes: 14
    weights: 1
    weights: -1
    weights: -1
    weights: 1
    threshold: -3.95603848
    na_replacements: -3.71314e-05
    na_replacements: 1.00036
    na_replacements: 0.999916434
    na_replacements: 1.00042152
  }
}
num_training_examples_without_weight: 24
num_training_examples_with_weight: 24
split_score: 0.0535879657
num_pos_training_examples_without_weight: 17
num_pos_training_examples_with_weight: 17

Attribute spec: goo.gle/debugonly  
type: NUMERICAL
name: "feature5"
is_manual_type: false
numerical {
  mean: -3.713140154082821e-05
  min_value: -2.05930614
  max_value: 2.05972075
  standard_deviation: 1.0028387289443172
}

I0000 00:00:1780696824.156106  541403 random_forest.cc:962] Train tree 7/30 [index:7 total:56.86s tree:28.41s]
I0000 00:00:1780696853.698927  541398 random_forest.cc:962] Train tree 13/30 [index:13 total:1m26.41s tree:29.53s]
I0000 00:00:1780696882.577809  541403 random_forest.cc:962] Train tree 19/30 [index:19 total:1m55.28s tree:28.73s]
I0000 00:00:1780696910.915895  541398 random_forest.cc:962] Train tree 25/30 [index:25 total:2m23.62s tree:28.03s]
I0000 00:00:1780696913.869558  541328 random_forest.cc:969] random_forest.cc Training block took: 146.577 s
W0000 00:00:1780696913.869612  541328 random_forest.cc:1088] EXITING EARLY TO SPEED UP EXPERIMENTS!
MEDIAN of 1/1 runs: 146.577 s  STDDEV: N/A s  (samples: 146.577)
./bazel-bin/examples/train_oblique_forest --input_mode csv --train_csv "benchmarks/data/epsilon_normalized_train.csv" --label_col "label" --feature_split_type "Oblique" --numerical_split_type "Dynamic Random Histogram" --num_trees=30 --num_threads=-1 --compute_oob_performances=false --histogram_num_bins=64 --dynamic_split_threshold=250 
----- Run 1/1 -----
WARNING: All log messages before absl::InitializeLog() is called are written to STDERR
I0000 00:00:1780696914.570301  541563 train_oblique_forest.cc:352] Inferring DataSpec from CSV: benchmarks/data/epsilon_normalized_train.csv
I0000 00:00:1780696914.580485  541563 csv_example_reader.cc:216] 0 row(s) processed
I0000 00:00:1780696915.539328  541563 csv_example_reader.cc:225] Stop scanning the csv file to infer the type. Some records were not considered.
I0000 00:00:1780696915.539677  541563 data_spec_inference.cc:518] 2001 column(s) found
I0000 00:00:1780696915.543837  541563 csv_example_reader.cc:320] 0 row(s) processed
I0000 00:00:1780696945.544469  541563 csv_example_reader.cc:320] 69674 row(s) processed
I0000 00:00:1780696975.544910  541563 csv_example_reader.cc:320] 139316 row(s) processed
I0000 00:00:1780697005.545281  541563 csv_example_reader.cc:320] 208885 row(s) processed
I0000 00:00:1780697035.545723  541563 csv_example_reader.cc:320] 278613 row(s) processed
I0000 00:00:1780697065.546208  541563 csv_example_reader.cc:320] 349182 row(s) processed
I0000 00:00:1780697087.428784  541563 data_spec_inference.cc:557] Finalizing [400000 row(s) found]
I0000 00:00:1780697087.428892  541563 train_oblique_forest.cc:483] -1 (automatic) threads requested. 6 threads set.
I0000 00:00:1780697087.428908  541563 train_oblique_forest.cc:550] Configuring oblique splits
I0000 00:00:1780697087.428913  541563 train_oblique_forest.cc:635] Using Dynamic Random Histogram with 64 samples
I0000 00:00:1780697087.429167  541563 abstract_learner.cc:171] No input feature explicitly specified. Using all the available input features.
I0000 00:00:1780697087.429172  541563 abstract_learner.cc:185] The label "label" was removed from the input feature set.
I0000 00:00:1780697087.480565  541563 vertical_dataset_io.cc:82] 100 examples scanned.
I0000 00:00:1780697117.508258  541563 vertical_dataset_io.cc:82] 65400 examples scanned.
I0000 00:00:1780697147.553341  541563 vertical_dataset_io.cc:82] 129700 examples scanned.
I0000 00:00:1780697177.560666  541563 vertical_dataset_io.cc:82] 192900 examples scanned.
I0000 00:00:1780697207.562397  541563 vertical_dataset_io.cc:82] 257300 examples scanned.
I0000 00:00:1780697237.597802  541563 vertical_dataset_io.cc:82] 319300 examples scanned.
I0000 00:00:1780697267.637343  541563 vertical_dataset_io.cc:82] 383400 examples scanned.
I0000 00:00:1780697276.968086  541563 vertical_dataset_io.cc:91] 400000 examples read. Memory: usage:3201MB allocated:3201MB. 0 (0%) examples have been skipped.
I0000 00:00:1780697276.968517  541563 abstract_learner.cc:171] No input feature explicitly specified. Using all the available input features.
I0000 00:00:1780697276.968580  541563 abstract_learner.cc:185] The label "label" was removed from the input feature set.
I0000 00:00:1780697276.968845  541563 random_forest.cc:498] Training random forest on 400000 example(s) and 2000 feature(s).
I0000 00:00:1780697276.968941  541563 gpu.cc:93] Cannot initialize GPU: Not compiled with GPU support
I0000 00:00:1780697276.969356  541563 random_forest.cc:667] num_threads being used: 6
I0000 00:00:1780697287.346135  541801 random_forest.cc:962] Train tree 1/30 [index:2 total:10.38s tree:10.38s]
I0000 00:00:1780697308.286669  541802 random_forest.cc:962] Train tree 13/30 [index:13 total:31.32s tree:10.42s]
I0000 00:00:1780697329.084844  541806 random_forest.cc:962] Train tree 25/30 [index:24 total:52.12s tree:10.29s]
I0000 00:00:1780697330.204474  541563 random_forest.cc:969] random_forest.cc Training block took: 53.2362 s
W0000 00:00:1780697330.204521  541563 random_forest.cc:1088] EXITING EARLY TO SPEED UP EXPERIMENTS!
MEDIAN of 1/1 runs: 53.2362 s  STDDEV: N/A s  (samples: 53.2362)
./bazel-bin/examples/train_oblique_forest --input_mode trunk --rows 50000000 --cols 4 --feature_split_type "Oblique" --numerical_split_type "Dynamic Random Histogram" --num_trees=30 --num_threads=-1 --compute_oob_performances=false --histogram_num_bins=64 --dynamic_split_threshold=250 
----- Run 1/1 -----
WARNING: All log messages before absl::InitializeLog() is called are written to STDERR
I0000 00:00:1780697330.472526  541851 train_oblique_forest.cc:366] Generating trunk synthetic dataset: rows=50000000, cols=4, layout=column
I0000 00:00:1780697333.361108  541851 train_oblique_forest.cc:483] -1 (automatic) threads requested. 6 threads set.
I0000 00:00:1780697333.361136  541851 train_oblique_forest.cc:550] Configuring oblique splits
I0000 00:00:1780697333.361141  541851 train_oblique_forest.cc:635] Using Dynamic Random Histogram with 64 samples
I0000 00:00:1780697333.361209  541851 abstract_learner.cc:171] No input feature explicitly specified. Using all the available input features.
I0000 00:00:1780697333.361212  541851 abstract_learner.cc:185] The label "y" was removed from the input feature set.
I0000 00:00:1780697333.361222  541851 random_forest.cc:498] Training random forest on 50000000 example(s) and 4 feature(s).
I0000 00:00:1780697333.361235  541851 gpu.cc:93] Cannot initialize GPU: Not compiled with GPU support
I0000 00:00:1780697333.362153  541851 random_forest.cc:667] num_threads being used: 6
W0000 00:00:1780697462.122099  541874 training.cc:5728] [This message is only shown once] The effective split of examples does not match the expected split returned by the splitter algorithm. This problem can be caused by (1) large floating point values (e.g. value>=10e30) or (2) a bug in the software. You can turn this error in a warning with internal_error_on_wrong_splitter_statistics=false.

Details:
Num examples: 5694
Num positive examples (from split evaluation): 11
Num positive examples (from split learning): 9
Num negative examples (from split evaluation): 5683

Condition: goo.gle/debugonly    
na_value: false
attribute: 0
condition {
  oblique_condition {
    attributes: 0
    attributes: 1
    attributes: 2
    attributes: 3
    weights: 1
    weights: 1
    weights: -1
    weights: 1
    threshold: -2.30091786
    na_replacements: 0
    na_replacements: 0
    na_replacements: 0
    na_replacements: 0
  }
}
num_training_examples_without_weight: 5694
num_training_examples_with_weight: 5694
split_score: 0.00081381679
num_pos_training_examples_without_weight: 9
num_pos_training_examples_with_weight: 9

Attribute spec: goo.gle/debugonly    
type: NUMERICAL
name: "x0"

I0000 00:00:1780697509.598760  541875 random_forest.cc:962] Train tree 1/30 [index:5 total:2m56.24s tree:2m56.24s]
I0000 00:00:1780697686.067204  541871 random_forest.cc:962] Train tree 7/30 [index:11 total:5m52.71s tree:2m54.48s]
I0000 00:00:1780697870.651348  541871 random_forest.cc:962] Train tree 13/30 [index:12 total:8m57.29s tree:3m4.57s]
I0000 00:00:1780698075.518379  541874 random_forest.cc:962] Train tree 19/30 [index:19 total:12m22.16s tree:3m24.16s]
I0000 00:00:1780698108.216868  541872 random_forest.cc:962] Train tree 24/30 [index:23 total:12m54.85s tree:3m43.98s]
I0000 00:00:1780698294.608060  541871 random_forest.cc:962] Train tree 25/30 [index:25 total:16m1.25s tree:3m33.74s]
I0000 00:00:1780698325.626945  541872 random_forest.cc:962] Train tree 30/30 [index:29 total:16m32.26s tree:3m37.39s]
I0000 00:00:1780698325.666250  541851 random_forest.cc:969] random_forest.cc Training block took: 992.305 s
W0000 00:00:1780698325.672553  541851 random_forest.cc:1088] EXITING EARLY TO SPEED UP EXPERIMENTS!
MEDIAN of 1/1 runs: 992.305 s  STDDEV: N/A s  (samples: 992.305)
./bazel-bin/examples/train_oblique_forest --input_mode trunk --rows 3000000 --cols 4096 --feature_split_type "Oblique" --numerical_split_type "Dynamic Random Histogram" --num_trees=30 --num_threads=-1 --compute_oob_performances=false --histogram_num_bins=64 --dynamic_split_threshold=250 
----- Run 1/1 -----
WARNING: All log messages before absl::InitializeLog() is called are written to STDERR
I0000 00:00:1780698331.724911  542246 train_oblique_forest.cc:366] Generating trunk synthetic dataset: rows=3000000, cols=4096, layout=column
I0000 00:00:1780698501.500320  542246 train_oblique_forest.cc:483] -1 (automatic) threads requested. 6 threads set.
I0000 00:00:1780698501.500379  542246 train_oblique_forest.cc:550] Configuring oblique splits
I0000 00:00:1780698501.500383  542246 train_oblique_forest.cc:635] Using Dynamic Random Histogram with 64 samples
I0000 00:00:1780698501.501424  542246 abstract_learner.cc:171] No input feature explicitly specified. Using all the available input features.
I0000 00:00:1780698501.501440  542246 abstract_learner.cc:185] The label "y" was removed from the input feature set.
I0000 00:00:1780698501.502623  542246 random_forest.cc:498] Training random forest on 3000000 example(s) and 4096 feature(s).
I0000 00:00:1780698501.502838  542246 gpu.cc:93] Cannot initialize GPU: Not compiled with GPU support
I0000 00:00:1780698501.504584  542246 random_forest.cc:667] num_threads being used: 6
I0000 00:00:1780698608.847065  542354 random_forest.cc:962] Train tree 1/30 [index:2 total:1m47.34s tree:1m47.34s]
I0000 00:00:1780698715.766306  542354 random_forest.cc:962] Train tree 7/30 [index:6 total:3m34.26s tree:1m46.92s]
I0000 00:00:1780698747.689031  542352 random_forest.cc:962] Train tree 12/30 [index:10 total:4m6.18s tree:2m2.23s]
I0000 00:00:1780698832.162403  542356 random_forest.cc:962] Train tree 13/30 [index:14 total:5m30.66s tree:1m39.74s]
I0000 00:00:1780698856.719228  542355 random_forest.cc:962] Train tree 17/30 [index:16 total:5m55.21s tree:2m1.50s]
I0000 00:00:1780698935.171695  542356 random_forest.cc:962] Train tree 19/30 [index:18 total:7m13.67s tree:1m43.01s]
I0000 00:00:1780698956.706805  542351 random_forest.cc:962] Train tree 20/30 [index:20 total:7m35.20s tree:1m55.21s]
W0000 00:00:1780699003.777356  542352 training.cc:5728] [This message is only shown once] The effective split of examples does not match the expected split returned by the splitter algorithm. This problem can be caused by (1) large floating point values (e.g. value>=10e30) or (2) a bug in the software. You can turn this error in a warning with internal_error_on_wrong_splitter_statistics=false.

Details:
Num examples: 1565
Num positive examples (from split evaluation): 375
Num positive examples (from split learning): 373
Num negative examples (from split evaluation): 1190

Condition: goo.gle/debugstr    
na_value: false
attribute: 611
condition {
  oblique_condition {
    attributes: 611
    attributes: 807
    attributes: 2333
    attributes: 2913
    attributes: 3095
    weights: 1
    weights: 1
    weights: 1
    weights: 1
    weights: -1
    threshold: 1.70872068
    na_replacements: 0
    na_replacements: 0
    na_replacements: 0
    na_replacements: 0
    na_replacements: 0
  }
}
num_training_examples_without_weight: 1565
num_training_examples_with_weight: 1565
split_score: 0.0157457963
num_pos_training_examples_without_weight: 373
num_pos_training_examples_with_weight: 373

Attribute spec: goo.gle/debugstr    
type: NUMERICAL
name: "x611"

I0000 00:00:1780699051.432870  542356 random_forest.cc:962] Train tree 25/30 [index:24 total:9m9.93s tree:1m56.26s]
I0000 00:00:1780699078.528715  542354 random_forest.cc:962] Train tree 28/30 [index:26 total:9m37.02s tree:1m57.22s]
I0000 00:00:1780699095.914072  542246 random_forest.cc:969] random_forest.cc Training block took: 594.413 s
W0000 00:00:1780699095.914122  542246 random_forest.cc:1088] EXITING EARLY TO SPEED UP EXPERIMENTS!
MEDIAN of 1/1 runs: 594.413 s  STDDEV: N/A s  (samples: 594.413)
./bazel-bin/examples/train_oblique_forest --input_mode trunk --rows 3000 --cols 4000000 --feature_split_type "Oblique" --numerical_split_type "Dynamic Random Histogram" --num_trees=30 --num_threads=-1 --compute_oob_performances=false --histogram_num_bins=64 --dynamic_split_threshold=250 
----- Run 1/1 -----
WARNING: All log messages before absl::InitializeLog() is called are written to STDERR
I0000 00:00:1780699098.458874  542579 train_oblique_forest.cc:366] Generating trunk synthetic dataset: rows=3000, cols=4000000, layout=column
I0000 00:00:1780699265.829869  542579 train_oblique_forest.cc:483] -1 (automatic) threads requested. 6 threads set.
I0000 00:00:1780699265.829916  542579 train_oblique_forest.cc:550] Configuring oblique splits
I0000 00:00:1780699265.829921  542579 train_oblique_forest.cc:635] Using Dynamic Random Histogram with 64 samples
I0000 00:00:1780699266.224796  542579 abstract_learner.cc:171] No input feature explicitly specified. Using all the available input features.
I0000 00:00:1780699266.229243  542579 abstract_learner.cc:185] The label "y" was removed from the input feature set.
I0000 00:00:1780699267.149924  542579 random_forest.cc:498] Training random forest on 3000 example(s) and 4000000 feature(s).
I0000 00:00:1780699267.322878  542579 gpu.cc:93] Cannot initialize GPU: Not compiled with GPU support
I0000 00:00:1780699267.668099  542579 random_forest.cc:667] num_threads being used: 6
I0000 00:00:1780699334.935673  542675 random_forest.cc:962] Train tree 1/30 [index:3 total:1m7.27s tree:1m7.27s]
I0000 00:00:1780699406.045206  542675 random_forest.cc:962] Train tree 7/30 [index:6 total:2m18.38s tree:1m11.11s]
I0000 00:00:1780699478.029066  542675 random_forest.cc:962] Train tree 13/30 [index:12 total:3m30.36s tree:1m11.98s]
I0000 00:00:1780699500.164000  542677 random_forest.cc:962] Train tree 18/30 [index:16 total:3m52.50s tree:1m19.73s]
I0000 00:00:1780699549.932243  542675 random_forest.cc:962] Train tree 19/30 [index:18 total:4m42.26s tree:1m11.90s]
I0000 00:00:1780699574.326453  542673 random_forest.cc:962] Train tree 20/30 [index:19 total:5m6.66s tree:1m20.31s]
I0000 00:00:1780699630.793619  542675 random_forest.cc:962] Train tree 25/30 [index:24 total:6m3.13s tree:1m20.86s]
I0000 00:00:1780699650.978510  542673 random_forest.cc:962] Train tree 26/30 [index:25 total:6m23.31s tree:1m16.65s]
I0000 00:00:1780699657.306545  542579 random_forest.cc:969] random_forest.cc Training block took: 391.477 s
W0000 00:00:1780699657.306599  542579 random_forest.cc:1088] EXITING EARLY TO SPEED UP EXPERIMENTS!
MEDIAN of 1/1 runs: 391.477 s  STDDEV: N/A s  (samples: 391.477)
