

======== Skipping CPU experiments (RUN_CPU=false) ========



======== VECTORIZED EXPERIMENTS [AVX2] histogram_num_bins=64 ========

USING INSTRUCTION SET: AVX2


======== Running Dynamic Random Histogram [Oblique] [VECTORIZE: AVX2] with 64 bins threshold=250 ========

./bazel-bin/examples/train_oblique_forest --input_mode csv --train_csv "benchmarks/data/HIGGS_with_header.csv" --label_col "class" --feature_split_type "Oblique" --numerical_split_type "Dynamic Random Histogram" --num_trees=30 --num_threads=-1 --compute_oob_performances=false --histogram_num_bins=64 --dynamic_split_threshold=250 
----- Run 1/3 -----
WARNING: All log messages before absl::InitializeLog() is called are written to STDERR
I0000 00:00:1781123466.124978   14616 train_oblique_forest.cc:397] Inferring DataSpec from CSV: benchmarks/data/HIGGS_with_header.csv
I0000 00:00:1781123466.131717   14616 csv_example_reader.cc:216] 0 row(s) processed
I0000 00:00:1781123466.146632   14616 csv_example_reader.cc:225] Stop scanning the csv file to infer the type. Some records were not considered.
I0000 00:00:1781123466.146660   14616 data_spec_inference.cc:518] 29 column(s) found
I0000 00:00:1781123466.146688   14616 csv_example_reader.cc:320] 0 row(s) processed
I0000 00:00:1781123496.147109   14616 csv_example_reader.cc:320] 4372335 row(s) processed
I0000 00:00:1781123526.147524   14616 csv_example_reader.cc:320] 8734273 row(s) processed
I0000 00:00:1781123541.742382   14616 data_spec_inference.cc:557] Finalizing [11000000 row(s) found]
I0000 00:00:1781123541.742466   14616 train_oblique_forest.cc:590] -1 (automatic) threads requested. 6 threads set.
I0000 00:00:1781123541.742481   14616 train_oblique_forest.cc:657] Configuring oblique splits
I0000 00:00:1781123541.742486   14616 train_oblique_forest.cc:742] Using Dynamic Random Histogram with 64 samples
I0000 00:00:1781123541.742548   14616 abstract_learner.cc:171] No input feature explicitly specified. Using all the available input features.
I0000 00:00:1781123541.742552   14616 abstract_learner.cc:185] The label "class" was removed from the input feature set.
I0000 00:00:1781123541.743526   14616 vertical_dataset_io.cc:82] 100 examples scanned.
I0000 00:00:1781123571.744150   14616 vertical_dataset_io.cc:82] 4168000 examples scanned.
I0000 00:00:1781123601.745129   14616 vertical_dataset_io.cc:82] 8339800 examples scanned.
I0000 00:00:1781123622.258985   14616 vertical_dataset_io.cc:91] 11000000 examples read. Memory: usage:1276MB allocated:1276MB. 0 (0%) examples have been skipped.
I0000 00:00:1781123622.259116   14616 abstract_learner.cc:171] No input feature explicitly specified. Using all the available input features.
I0000 00:00:1781123622.259127   14616 abstract_learner.cc:185] The label "class" was removed from the input feature set.
I0000 00:00:1781123622.259155   14616 random_forest.cc:498] Training random forest on 11000000 example(s) and 28 feature(s).
I0000 00:00:1781123622.259178   14616 gpu.cc:93] Cannot initialize GPU: Not compiled with GPU support
I0000 00:00:1781123622.259443   14616 random_forest.cc:667] num_threads being used: 6
I0000 00:00:1781123715.736849   15589 random_forest.cc:962] Train tree 1/30 [index:1 total:1m33.48s tree:1m33.48s]
I0000 00:00:1781123825.470819   15589 random_forest.cc:962] Train tree 7/30 [index:6 total:3m23.21s tree:1m49.73s]
I0000 00:00:1781123930.556009   15593 random_forest.cc:962] Train tree 13/30 [index:15 total:5m8.30s tree:1m43.85s]
I0000 00:00:1781124034.593714   15593 random_forest.cc:962] Train tree 19/30 [index:18 total:6m52.33s tree:1m44.04s]
I0000 00:00:1781124144.453020   15592 random_forest.cc:962] Train tree 25/30 [index:25 total:8m42.19s tree:1m49.20s]
I0000 00:00:1781124150.028990   14616 random_forest.cc:969] random_forest.cc Training block took: 527.77 s
W0000 00:00:1781124150.029034   14616 random_forest.cc:1188] EXITING EARLY TO SPEED UP EXPERIMENTS!
----- Run 2/3 -----
WARNING: All log messages before absl::InitializeLog() is called are written to STDERR
I0000 00:00:1781124151.531577   17346 train_oblique_forest.cc:397] Inferring DataSpec from CSV: benchmarks/data/HIGGS_with_header.csv
I0000 00:00:1781124151.535645   17346 csv_example_reader.cc:216] 0 row(s) processed
I0000 00:00:1781124151.549685   17346 csv_example_reader.cc:225] Stop scanning the csv file to infer the type. Some records were not considered.
I0000 00:00:1781124151.549713   17346 data_spec_inference.cc:518] 29 column(s) found
I0000 00:00:1781124151.549739   17346 csv_example_reader.cc:320] 0 row(s) processed
I0000 00:00:1781124181.549718   17346 csv_example_reader.cc:320] 4478740 row(s) processed
I0000 00:00:1781124211.549720   17346 csv_example_reader.cc:320] 8960352 row(s) processed
I0000 00:00:1781124225.164248   17346 data_spec_inference.cc:557] Finalizing [11000000 row(s) found]
I0000 00:00:1781124225.164337   17346 train_oblique_forest.cc:590] -1 (automatic) threads requested. 6 threads set.
I0000 00:00:1781124225.164353   17346 train_oblique_forest.cc:657] Configuring oblique splits
I0000 00:00:1781124225.164357   17346 train_oblique_forest.cc:742] Using Dynamic Random Histogram with 64 samples
I0000 00:00:1781124225.164419   17346 abstract_learner.cc:171] No input feature explicitly specified. Using all the available input features.
I0000 00:00:1781124225.164423   17346 abstract_learner.cc:185] The label "class" was removed from the input feature set.
I0000 00:00:1781124225.165375   17346 vertical_dataset_io.cc:82] 100 examples scanned.
I0000 00:00:1781124255.165899   17346 vertical_dataset_io.cc:82] 4188300 examples scanned.
I0000 00:00:1781124285.166561   17346 vertical_dataset_io.cc:82] 8369700 examples scanned.
I0000 00:00:1781124305.251438   17346 vertical_dataset_io.cc:91] 11000000 examples read. Memory: usage:1276MB allocated:1276MB. 0 (0%) examples have been skipped.
I0000 00:00:1781124305.251523   17346 abstract_learner.cc:171] No input feature explicitly specified. Using all the available input features.
I0000 00:00:1781124305.251530   17346 abstract_learner.cc:185] The label "class" was removed from the input feature set.
I0000 00:00:1781124305.251550   17346 random_forest.cc:498] Training random forest on 11000000 example(s) and 28 feature(s).
I0000 00:00:1781124305.251565   17346 gpu.cc:93] Cannot initialize GPU: Not compiled with GPU support
I0000 00:00:1781124305.251807   17346 random_forest.cc:667] num_threads being used: 6
I0000 00:00:1781124397.457778   17448 random_forest.cc:962] Train tree 1/30 [index:2 total:1m32.21s tree:1m32.21s]
I0000 00:00:1781124495.610542   17451 random_forest.cc:962] Train tree 7/30 [index:7 total:3m10.36s tree:1m38.11s]
I0000 00:00:1781124594.171981   17451 random_forest.cc:962] Train tree 13/30 [index:12 total:4m48.92s tree:1m38.56s]
I0000 00:00:1781124698.185100   17451 random_forest.cc:962] Train tree 19/30 [index:18 total:6m32.93s tree:1m44.01s]
I0000 00:00:1781124806.211466   17451 random_forest.cc:962] Train tree 25/30 [index:24 total:8m20.96s tree:1m48.02s]
I0000 00:00:1781124813.072413   17346 random_forest.cc:969] random_forest.cc Training block took: 507.821 s
W0000 00:00:1781124813.072477   17346 random_forest.cc:1188] EXITING EARLY TO SPEED UP EXPERIMENTS!
----- Run 3/3 -----
WARNING: All log messages before absl::InitializeLog() is called are written to STDERR
I0000 00:00:1781124814.647784   18095 train_oblique_forest.cc:397] Inferring DataSpec from CSV: benchmarks/data/HIGGS_with_header.csv
I0000 00:00:1781124814.651954   18095 csv_example_reader.cc:216] 0 row(s) processed
I0000 00:00:1781124814.665977   18095 csv_example_reader.cc:225] Stop scanning the csv file to infer the type. Some records were not considered.
I0000 00:00:1781124814.666006   18095 data_spec_inference.cc:518] 29 column(s) found
I0000 00:00:1781124814.666033   18095 csv_example_reader.cc:320] 0 row(s) processed
I0000 00:00:1781124844.666161   18095 csv_example_reader.cc:320] 4472509 row(s) processed
I0000 00:00:1781124874.666283   18095 csv_example_reader.cc:320] 8940296 row(s) processed
I0000 00:00:1781124888.482375   18095 data_spec_inference.cc:557] Finalizing [11000000 row(s) found]
I0000 00:00:1781124888.482462   18095 train_oblique_forest.cc:590] -1 (automatic) threads requested. 6 threads set.
I0000 00:00:1781124888.482479   18095 train_oblique_forest.cc:657] Configuring oblique splits
I0000 00:00:1781124888.482483   18095 train_oblique_forest.cc:742] Using Dynamic Random Histogram with 64 samples
I0000 00:00:1781124888.482545   18095 abstract_learner.cc:171] No input feature explicitly specified. Using all the available input features.
I0000 00:00:1781124888.482549   18095 abstract_learner.cc:185] The label "class" was removed from the input feature set.
I0000 00:00:1781124888.483525   18095 vertical_dataset_io.cc:82] 100 examples scanned.
I0000 00:00:1781124918.484273   18095 vertical_dataset_io.cc:82] 4176900 examples scanned.
I0000 00:00:1781124948.484943   18095 vertical_dataset_io.cc:82] 8350500 examples scanned.
I0000 00:00:1781124968.885493   18095 vertical_dataset_io.cc:91] 11000000 examples read. Memory: usage:1276MB allocated:1276MB. 0 (0%) examples have been skipped.
I0000 00:00:1781124968.885579   18095 abstract_learner.cc:171] No input feature explicitly specified. Using all the available input features.
I0000 00:00:1781124968.885586   18095 abstract_learner.cc:185] The label "class" was removed from the input feature set.
I0000 00:00:1781124968.885608   18095 random_forest.cc:498] Training random forest on 11000000 example(s) and 28 feature(s).
I0000 00:00:1781124968.885623   18095 gpu.cc:93] Cannot initialize GPU: Not compiled with GPU support
I0000 00:00:1781124968.885864   18095 random_forest.cc:667] num_threads being used: 6
I0000 00:00:1781125061.837528   18592 random_forest.cc:962] Train tree 1/30 [index:1 total:1m32.95s tree:1m32.95s]
I0000 00:00:1781125166.086307   18591 random_forest.cc:962] Train tree 7/30 [index:7 total:3m17.20s tree:1m43.64s]
I0000 00:00:1781125272.749163   18591 random_forest.cc:962] Train tree 13/30 [index:12 total:5m3.86s tree:1m46.66s]
I0000 00:00:1781125377.140216   18591 random_forest.cc:962] Train tree 19/30 [index:18 total:6m48.25s tree:1m44.39s]
I0000 00:00:1781125480.904312   18596 random_forest.cc:962] Train tree 25/30 [index:25 total:8m32.02s tree:1m42.33s]
I0000 00:00:1781125489.002089   18095 random_forest.cc:969] random_forest.cc Training block took: 520.117 s
W0000 00:00:1781125489.002130   18095 random_forest.cc:1188] EXITING EARLY TO SPEED UP EXPERIMENTS!
MEDIAN of 3/3 runs: 520.117 s  STDDEV: 10.064149 s  (samples: 527.77 507.821 520.117)
./bazel-bin/examples/train_oblique_forest --input_mode trunk --rows 3000000 --cols 4096 --feature_split_type "Oblique" --numerical_split_type "Dynamic Random Histogram" --num_trees=30 --num_threads=-1 --compute_oob_performances=false --histogram_num_bins=64 --dynamic_split_threshold=250 
----- Run 1/3 -----
WARNING: All log messages before absl::InitializeLog() is called are written to STDERR
I0000 00:00:1781125490.582941   21334 train_oblique_forest.cc:415] Generating trunk synthetic dataset: rows=3000000, cols=4096, layout=column
I0000 00:00:1781125660.365380   21334 train_oblique_forest.cc:590] -1 (automatic) threads requested. 6 threads set.
I0000 00:00:1781125660.365436   21334 train_oblique_forest.cc:657] Configuring oblique splits
I0000 00:00:1781125660.365442   21334 train_oblique_forest.cc:742] Using Dynamic Random Histogram with 64 samples
I0000 00:00:1781125660.366090   21334 abstract_learner.cc:171] No input feature explicitly specified. Using all the available input features.
I0000 00:00:1781125660.366101   21334 abstract_learner.cc:185] The label "y" was removed from the input feature set.
I0000 00:00:1781125660.366952   21334 random_forest.cc:498] Training random forest on 3000000 example(s) and 4096 feature(s).
I0000 00:00:1781125660.367248   21334 gpu.cc:93] Cannot initialize GPU: Not compiled with GPU support
I0000 00:00:1781125660.368622   21334 random_forest.cc:667] num_threads being used: 6
I0000 00:00:1781125808.174938   22650 random_forest.cc:962] Train tree 1/30 [index:1 total:2m27.81s tree:2m27.81s]
I0000 00:00:1781125968.120261   22650 random_forest.cc:962] Train tree 7/30 [index:6 total:5m7.75s tree:2m39.94s]
I0000 00:00:1781125990.282691   22649 random_forest.cc:962] Train tree 12/30 [index:11 total:5m29.92s tree:2m56.68s]
I0000 00:00:1781126122.372921   22648 random_forest.cc:962] Train tree 13/30 [index:14 total:7m42.00s tree:2m32.80s]
I0000 00:00:1781126159.690131   22649 random_forest.cc:962] Train tree 18/30 [index:17 total:8m19.32s tree:2m49.40s]
I0000 00:00:1781126273.759078   22648 random_forest.cc:962] Train tree 19/30 [index:18 total:10m13.39s tree:2m31.39s]
I0000 00:00:1781126295.364524   22652 random_forest.cc:962] Train tree 23/30 [index:21 total:10m35.00s tree:2m46.79s]
I0000 00:00:1781126321.246797   22649 random_forest.cc:962] Train tree 24/30 [index:23 total:11m0.88s tree:2m41.56s]
I0000 00:00:1781126423.721099   22648 random_forest.cc:962] Train tree 25/30 [index:24 total:12m43.35s tree:2m29.96s]
I0000 00:00:1781126466.508332   22649 random_forest.cc:962] Train tree 30/30 [index:29 total:13m26.14s tree:2m25.26s]
I0000 00:00:1781126466.508623   21334 random_forest.cc:969] random_forest.cc Training block took: 806.143 s
W0000 00:00:1781126466.516487   21334 random_forest.cc:1188] EXITING EARLY TO SPEED UP EXPERIMENTS!
----- Run 2/3 -----
WARNING: All log messages before absl::InitializeLog() is called are written to STDERR
I0000 00:00:1781126469.999620   29771 train_oblique_forest.cc:415] Generating trunk synthetic dataset: rows=3000000, cols=4096, layout=column
I0000 00:00:1781126639.821144   29771 train_oblique_forest.cc:590] -1 (automatic) threads requested. 6 threads set.
I0000 00:00:1781126639.821182   29771 train_oblique_forest.cc:657] Configuring oblique splits
I0000 00:00:1781126639.821187   29771 train_oblique_forest.cc:742] Using Dynamic Random Histogram with 64 samples
I0000 00:00:1781126639.821663   29771 abstract_learner.cc:171] No input feature explicitly specified. Using all the available input features.
I0000 00:00:1781126639.821672   29771 abstract_learner.cc:185] The label "y" was removed from the input feature set.
I0000 00:00:1781126639.822491   29771 random_forest.cc:498] Training random forest on 3000000 example(s) and 4096 feature(s).
I0000 00:00:1781126639.822680   29771 gpu.cc:93] Cannot initialize GPU: Not compiled with GPU support
I0000 00:00:1781126639.824720   29771 random_forest.cc:667] num_threads being used: 6
I0000 00:00:1781126788.349055   30441 random_forest.cc:962] Train tree 1/30 [index:1 total:2m28.52s tree:2m28.52s]
I0000 00:00:1781126933.807481   30441 random_forest.cc:962] Train tree 7/30 [index:6 total:4m53.98s tree:2m25.46s]
I0000 00:00:1781127081.900150   30440 random_forest.cc:962] Train tree 13/30 [index:14 total:7m22.08s tree:2m23.30s]
I0000 00:00:1781127229.389574   30440 random_forest.cc:962] Train tree 19/30 [index:18 total:9m49.56s tree:2m27.49s]
I0000 00:00:1781127378.188998   30441 random_forest.cc:962] Train tree 25/30 [index:25 total:12m18.36s tree:2m23.56s]
I0000 00:00:1781127395.669570   29771 random_forest.cc:969] random_forest.cc Training block took: 755.848 s
W0000 00:00:1781127395.677796   29771 random_forest.cc:1188] EXITING EARLY TO SPEED UP EXPERIMENTS!
----- Run 3/3 -----
WARNING: All log messages before absl::InitializeLog() is called are written to STDERR
I0000 00:00:1781127398.154145   35091 train_oblique_forest.cc:415] Generating trunk synthetic dataset: rows=3000000, cols=4096, layout=column
I0000 00:00:1781127568.220594   35091 train_oblique_forest.cc:590] -1 (automatic) threads requested. 6 threads set.
I0000 00:00:1781127568.220650   35091 train_oblique_forest.cc:657] Configuring oblique splits
I0000 00:00:1781127568.220654   35091 train_oblique_forest.cc:742] Using Dynamic Random Histogram with 64 samples
I0000 00:00:1781127568.221133   35091 abstract_learner.cc:171] No input feature explicitly specified. Using all the available input features.
I0000 00:00:1781127568.221145   35091 abstract_learner.cc:185] The label "y" was removed from the input feature set.
I0000 00:00:1781127568.222147   35091 random_forest.cc:498] Training random forest on 3000000 example(s) and 4096 feature(s).
I0000 00:00:1781127568.222357   35091 gpu.cc:93] Cannot initialize GPU: Not compiled with GPU support
I0000 00:00:1781127568.224487   35091 random_forest.cc:667] num_threads being used: 6
I0000 00:00:1781127714.558680   35255 random_forest.cc:962] Train tree 1/30 [index:1 total:2m26.33s tree:2m26.33s]
I0000 00:00:1781127859.695362   35255 random_forest.cc:962] Train tree 7/30 [index:6 total:4m51.47s tree:2m25.14s]
I0000 00:00:1781128011.662450   35254 random_forest.cc:962] Train tree 13/30 [index:14 total:7m23.44s tree:2m26.13s]
I0000 00:00:1781128161.539548   35253 random_forest.cc:962] Train tree 19/30 [index:19 total:9m53.32s tree:2m29.73s]
I0000 00:00:1781128301.653812   35254 random_forest.cc:962] Train tree 25/30 [index:25 total:12m13.44s tree:2m20.09s]
I0000 00:00:1781128321.551750   35091 random_forest.cc:969] random_forest.cc Training block took: 753.331 s
W0000 00:00:1781128321.559372   35091 random_forest.cc:1188] EXITING EARLY TO SPEED UP EXPERIMENTS!
MEDIAN of 3/3 runs: 755.848 s  STDDEV: 29.791021 s  (samples: 806.143 755.848 753.331)
./bazel-bin/examples/train_oblique_forest --input_mode trunk --rows 30000 --cols 400000 --feature_split_type "Oblique" --numerical_split_type "Dynamic Random Histogram" --num_trees=30 --num_threads=-1 --compute_oob_performances=false --histogram_num_bins=64 --dynamic_split_threshold=250 
----- Run 1/3 -----
WARNING: All log messages before absl::InitializeLog() is called are written to STDERR
I0000 00:00:1781128324.222840   39398 train_oblique_forest.cc:415] Generating trunk synthetic dataset: rows=30000, cols=400000, layout=column
I0000 00:00:1781128489.848307   39398 train_oblique_forest.cc:590] -1 (automatic) threads requested. 6 threads set.
I0000 00:00:1781128489.848350   39398 train_oblique_forest.cc:657] Configuring oblique splits
I0000 00:00:1781128489.848354   39398 train_oblique_forest.cc:742] Using Dynamic Random Histogram with 64 samples
I0000 00:00:1781128489.889238   39398 abstract_learner.cc:171] No input feature explicitly specified. Using all the available input features.
I0000 00:00:1781128489.889624   39398 abstract_learner.cc:185] The label "y" was removed from the input feature set.
I0000 00:00:1781128489.980346   39398 random_forest.cc:498] Training random forest on 30000 example(s) and 400000 feature(s).
I0000 00:00:1781128489.996561   39398 gpu.cc:93] Cannot initialize GPU: Not compiled with GPU support
I0000 00:00:1781128490.034890   39398 random_forest.cc:667] num_threads being used: 6
I0000 00:00:1781128554.516530   39875 random_forest.cc:962] Train tree 1/30 [index:4 total:1m4.48s tree:1m4.48s]
I0000 00:00:1781128616.748854   39876 random_forest.cc:962] Train tree 7/30 [index:7 total:2m6.71s tree:1m1.72s]
I0000 00:00:1781128675.754838   39874 random_forest.cc:962] Train tree 13/30 [index:14 total:3m5.72s tree:58.29s]
I0000 00:00:1781128732.768947   39874 random_forest.cc:962] Train tree 19/30 [index:18 total:4m2.73s tree:57.01s]
I0000 00:00:1781128790.396035   39874 random_forest.cc:962] Train tree 25/30 [index:24 total:5m0.36s tree:57.63s]
I0000 00:00:1781128797.119784   39398 random_forest.cc:969] random_forest.cc Training block took: 307.271 s
W0000 00:00:1781128797.119837   39398 random_forest.cc:1188] EXITING EARLY TO SPEED UP EXPERIMENTS!
----- Run 2/3 -----
