

======== Skipping CPU experiments (RUN_CPU=false) ========



======== VECTORIZED EXPERIMENTS [AVX2] histogram_num_bins=64 ========

USING INSTRUCTION SET: AVX2


======== Running Dynamic Random Histogram [Oblique] [VECTORIZE: AVX2] with 64 bins threshold=250 ========

./bazel-bin/examples/train_oblique_forest --input_mode csv --train_csv "benchmarks/data/HIGGS_with_header.csv" --label_col "class" --feature_split_type "Oblique" --numerical_split_type "Dynamic Random Histogram" --num_trees=30 --num_threads=-1 --compute_oob_performances=false --histogram_num_bins=64 --dynamic_split_threshold=250 
----- Run 1/1 -----
WARNING: All log messages before absl::InitializeLog() is called are written to STDERR
I0000 00:00:1780593939.807515  451952 train_oblique_forest.cc:352] Inferring DataSpec from CSV: benchmarks/data/HIGGS_with_header.csv
I0000 00:00:1780593939.813695  451952 csv_example_reader.cc:216] 0 row(s) processed
I0000 00:00:1780593939.829132  451952 csv_example_reader.cc:225] Stop scanning the csv file to infer the type. Some records were not considered.
I0000 00:00:1780593939.829169  451952 data_spec_inference.cc:518] 29 column(s) found
I0000 00:00:1780593939.829199  451952 csv_example_reader.cc:320] 0 row(s) processed
I0000 00:00:1780593969.829126  451952 csv_example_reader.cc:320] 4375290 row(s) processed
I0000 00:00:1780593999.829051  451952 csv_example_reader.cc:320] 8722649 row(s) processed
I0000 00:00:1780594015.565781  451952 data_spec_inference.cc:557] Finalizing [11000000 row(s) found]
I0000 00:00:1780594015.565871  451952 train_oblique_forest.cc:483] -1 (automatic) threads requested. 6 threads set.
I0000 00:00:1780594015.565887  451952 train_oblique_forest.cc:550] Configuring oblique splits
I0000 00:00:1780594015.565891  451952 train_oblique_forest.cc:635] Using Dynamic Random Histogram with 64 samples
I0000 00:00:1780594015.565960  451952 abstract_learner.cc:171] No input feature explicitly specified. Using all the available input features.
I0000 00:00:1780594015.565964  451952 abstract_learner.cc:185] The label "class" was removed from the input feature set.
I0000 00:00:1780594015.566939  451952 vertical_dataset_io.cc:82] 100 examples scanned.
I0000 00:00:1780594045.567378  451952 vertical_dataset_io.cc:82] 4138100 examples scanned.
I0000 00:00:1780594075.567822  451952 vertical_dataset_io.cc:82] 8278000 examples scanned.
I0000 00:00:1780594096.576806  451952 vertical_dataset_io.cc:91] 11000000 examples read. Memory: usage:1276MB allocated:1276MB. 0 (0%) examples have been skipped.
I0000 00:00:1780594096.576892  451952 abstract_learner.cc:171] No input feature explicitly specified. Using all the available input features.
I0000 00:00:1780594096.576899  451952 abstract_learner.cc:185] The label "class" was removed from the input feature set.
I0000 00:00:1780594096.576922  451952 random_forest.cc:498] Training random forest on 11000000 example(s) and 28 feature(s).
I0000 00:00:1780594096.576937  451952 gpu.cc:93] Cannot initialize GPU: Not compiled with GPU support
I0000 00:00:1780594096.577174  451952 random_forest.cc:667] num_threads being used: 6
W0000 00:00:1780594115.072724  452025 training.cc:5710] [This message is only shown once] The effective split of examples does not match the expected split returned by the splitter algorithm. This problem can be caused by (1) large floating point values (e.g. value>=10e30) or (2) a bug in the software. You can turn this error in a warning with internal_error_on_wrong_splitter_statistics=false.

Details:
Num examples: 1382
Num positive examples (from split evaluation): 1250
Num positive examples (from split learning): 1251
Num negative examples (from split evaluation): 132

Condition: goo.gle/debugstr    
na_value: false
attribute: 8
condition {
  oblique_condition {
    attributes: 8
    attributes: 13
    attributes: 25
    attributes: 27
    weights: 1
    weights: -1
    weights: -1
    weights: 1
    threshold: -3.61614442
    na_replacements: 7.71619943e-06
    na_replacements: 1.00000799
    na_replacements: 1.00974178
    na_replacements: 1.03303552
  }
}
num_training_examples_without_weight: 1382
num_training_examples_with_weight: 1382
split_score: 0.00394306099
num_pos_training_examples_without_weight: 1251
num_pos_training_examples_with_weight: 1251

Attribute spec: goo.gle/debugstr    
type: NUMERICAL
name: "feature8"
is_manual_type: false
numerical {
  mean: 7.71619920710906e-06
  min_value: -1.7412374
  max_value: 1.74145377
  standard_deviation: 1.0059010875653387
}

I0000 00:00:1780594174.133141  452023 random_forest.cc:962] Train tree 1/30 [index:5 total:1m17.56s tree:1m17.56s]
I0000 00:00:1780594255.523616  452023 random_forest.cc:962] Train tree 7/30 [index:6 total:2m38.95s tree:1m21.39s]
I0000 00:00:1780594334.724979  452023 random_forest.cc:962] Train tree 13/30 [index:12 total:3m58.15s tree:1m19.20s]
I0000 00:00:1780594414.546487  452023 random_forest.cc:962] Train tree 19/30 [index:18 total:5m17.97s tree:1m19.82s]
I0000 00:00:1780594495.838470  452023 random_forest.cc:962] Train tree 25/30 [index:24 total:6m39.26s tree:1m21.29s]
I0000 00:00:1780594498.245310  451952 random_forest.cc:969] random_forest.cc Training block took: 401.668 s
W0000 00:00:1780594498.245354  451952 random_forest.cc:1060] EXITING EARLY TO SPEED UP EXPERIMENTS!
MEDIAN of 1/1 runs: 401.668 s  STDDEV: N/A s  (samples: 401.668)
./bazel-bin/examples/train_oblique_forest --input_mode csv --train_csv "benchmarks/data/SUSY_with_header.csv" --label_col "class" --feature_split_type "Oblique" --numerical_split_type "Dynamic Random Histogram" --num_trees=30 --num_threads=-1 --compute_oob_performances=false --histogram_num_bins=64 --dynamic_split_threshold=250 
----- Run 1/1 -----
WARNING: All log messages before absl::InitializeLog() is called are written to STDERR
I0000 00:00:1780594499.745079  452099 train_oblique_forest.cc:352] Inferring DataSpec from CSV: benchmarks/data/SUSY_with_header.csv
I0000 00:00:1780594499.756644  452099 csv_example_reader.cc:216] 0 row(s) processed
I0000 00:00:1780594499.766212  452099 csv_example_reader.cc:225] Stop scanning the csv file to infer the type. Some records were not considered.
I0000 00:00:1780594499.766240  452099 data_spec_inference.cc:518] 19 column(s) found
I0000 00:00:1780594499.766267  452099 csv_example_reader.cc:320] 0 row(s) processed
I0000 00:00:1780594522.444722  452099 data_spec_inference.cc:557] Finalizing [5000000 row(s) found]
I0000 00:00:1780594522.444806  452099 train_oblique_forest.cc:483] -1 (automatic) threads requested. 6 threads set.
I0000 00:00:1780594522.444822  452099 train_oblique_forest.cc:550] Configuring oblique splits
I0000 00:00:1780594522.444826  452099 train_oblique_forest.cc:635] Using Dynamic Random Histogram with 64 samples
I0000 00:00:1780594522.444888  452099 abstract_learner.cc:171] No input feature explicitly specified. Using all the available input features.
I0000 00:00:1780594522.444892  452099 abstract_learner.cc:185] The label "class" was removed from the input feature set.
I0000 00:00:1780594522.445631  452099 vertical_dataset_io.cc:82] 100 examples scanned.
I0000 00:00:1780594546.348141  452099 vertical_dataset_io.cc:91] 5000000 examples read. Memory: usage:380MB allocated:380MB. 0 (0%) examples have been skipped.
I0000 00:00:1780594546.348229  452099 abstract_learner.cc:171] No input feature explicitly specified. Using all the available input features.
I0000 00:00:1780594546.348235  452099 abstract_learner.cc:185] The label "class" was removed from the input feature set.
I0000 00:00:1780594546.348254  452099 random_forest.cc:498] Training random forest on 5000000 example(s) and 18 feature(s).
I0000 00:00:1780594546.348270  452099 gpu.cc:93] Cannot initialize GPU: Not compiled with GPU support
I0000 00:00:1780594546.348515  452099 random_forest.cc:667] num_threads being used: 6
I0000 00:00:1780594573.698750  452156 random_forest.cc:962] Train tree 1/30 [index:2 total:27.35s tree:27.35s]
I0000 00:00:1780594601.245789  452156 random_forest.cc:962] Train tree 7/30 [index:6 total:54.90s tree:27.55s]
I0000 00:00:1780594628.901520  452156 random_forest.cc:962] Train tree 13/30 [index:12 total:1m22.55s tree:27.66s]
I0000 00:00:1780594657.119379  452156 random_forest.cc:962] Train tree 19/30 [index:18 total:1m50.77s tree:28.22s]
W0000 00:00:1780594682.204860  452158 training.cc:5710] [This message is only shown once] The effective split of examples does not match the expected split returned by the splitter algorithm. This problem can be caused by (1) large floating point values (e.g. value>=10e30) or (2) a bug in the software. You can turn this error in a warning with internal_error_on_wrong_splitter_statistics=false.

Details:
Num examples: 252
Num positive examples (from split evaluation): 194
Num positive examples (from split learning): 195
Num negative examples (from split evaluation): 58

Condition: goo.gle/debugproto   
na_value: false
attribute: 4
condition {
  oblique_condition {
    attributes: 4
    attributes: 12
    attributes: 14
    attributes: 17
    weights: 1
    weights: -1
    weights: 1
    weights: -1
    threshold: -0.0283718295
    na_replacements: 0.999430418
    na_replacements: 0.999955893
    na_replacements: 1.00042152
    na_replacements: 0.999485195
  }
}
num_training_examples_without_weight: 252
num_training_examples_with_weight: 252
split_score: 0.0351056531
num_pos_training_examples_without_weight: 195
num_pos_training_examples_with_weight: 195

Attribute spec: goo.gle/debugproto   
type: NUMERICAL
name: "feature4"
is_manual_type: false
numerical {
  mean: 0.99943043014601474
  min_value: 0.428585976
  max_value: 33.0356216
  standard_deviation: 0.654219921112871
}

I0000 00:00:1780594684.861670  452157 random_forest.cc:962] Train tree 25/30 [index:25 total:2m18.51s tree:27.55s]
I0000 00:00:1780594686.423093  452099 random_forest.cc:969] random_forest.cc Training block took: 140.075 s
W0000 00:00:1780594686.423140  452099 random_forest.cc:1060] EXITING EARLY TO SPEED UP EXPERIMENTS!
MEDIAN of 1/1 runs: 140.075 s  STDDEV: N/A s  (samples: 140.075)
./bazel-bin/examples/train_oblique_forest --input_mode csv --train_csv "benchmarks/data/epsilon_normalized_train.csv" --label_col "label" --feature_split_type "Oblique" --numerical_split_type "Dynamic Random Histogram" --num_trees=30 --num_threads=-1 --compute_oob_performances=false --histogram_num_bins=64 --dynamic_split_threshold=250 
----- Run 1/1 -----
WARNING: All log messages before absl::InitializeLog() is called are written to STDERR
I0000 00:00:1780594687.066681  452198 train_oblique_forest.cc:352] Inferring DataSpec from CSV: benchmarks/data/epsilon_normalized_train.csv
I0000 00:00:1780594687.073907  452198 csv_example_reader.cc:216] 0 row(s) processed
I0000 00:00:1780594688.029703  452198 csv_example_reader.cc:225] Stop scanning the csv file to infer the type. Some records were not considered.
I0000 00:00:1780594688.029986  452198 data_spec_inference.cc:518] 2001 column(s) found
I0000 00:00:1780594688.034216  452198 csv_example_reader.cc:320] 0 row(s) processed
I0000 00:00:1780594718.034078  452198 csv_example_reader.cc:320] 68830 row(s) processed
I0000 00:00:1780594748.034036  452198 csv_example_reader.cc:320] 137659 row(s) processed
I0000 00:00:1780594778.034099  452198 csv_example_reader.cc:320] 206496 row(s) processed
I0000 00:00:1780594808.033899  452198 csv_example_reader.cc:320] 275317 row(s) processed
I0000 00:00:1780594838.034034  452198 csv_example_reader.cc:320] 344164 row(s) processed
I0000 00:00:1780594862.400745  452198 data_spec_inference.cc:557] Finalizing [400000 row(s) found]
I0000 00:00:1780594862.400854  452198 train_oblique_forest.cc:483] -1 (automatic) threads requested. 6 threads set.
I0000 00:00:1780594862.400873  452198 train_oblique_forest.cc:550] Configuring oblique splits
I0000 00:00:1780594862.400880  452198 train_oblique_forest.cc:635] Using Dynamic Random Histogram with 64 samples
I0000 00:00:1780594862.401155  452198 abstract_learner.cc:171] No input feature explicitly specified. Using all the available input features.
I0000 00:00:1780594862.401161  452198 abstract_learner.cc:185] The label "label" was removed from the input feature set.
I0000 00:00:1780594862.453275  452198 vertical_dataset_io.cc:82] 100 examples scanned.
I0000 00:00:1780594892.479889  452198 vertical_dataset_io.cc:82] 65300 examples scanned.
I0000 00:00:1780594922.501294  452198 vertical_dataset_io.cc:82] 129700 examples scanned.
I0000 00:00:1780594952.532937  452198 vertical_dataset_io.cc:82] 193000 examples scanned.
I0000 00:00:1780594982.545985  452198 vertical_dataset_io.cc:82] 257300 examples scanned.
I0000 00:00:1780595012.547245  452198 vertical_dataset_io.cc:82] 319100 examples scanned.
I0000 00:00:1780595042.583933  452198 vertical_dataset_io.cc:82] 383200 examples scanned.
I0000 00:00:1780595051.977789  452198 vertical_dataset_io.cc:91] 400000 examples read. Memory: usage:3201MB allocated:3201MB. 0 (0%) examples have been skipped.
I0000 00:00:1780595051.978223  452198 abstract_learner.cc:171] No input feature explicitly specified. Using all the available input features.
I0000 00:00:1780595051.978286  452198 abstract_learner.cc:185] The label "label" was removed from the input feature set.
I0000 00:00:1780595051.978548  452198 random_forest.cc:498] Training random forest on 400000 example(s) and 2000 feature(s).
I0000 00:00:1780595051.978646  452198 gpu.cc:93] Cannot initialize GPU: Not compiled with GPU support
I0000 00:00:1780595051.979087  452198 random_forest.cc:667] num_threads being used: 6
I0000 00:00:1780595066.294406  452294 random_forest.cc:962] Train tree 1/30 [index:2 total:14.32s tree:14.31s]
I0000 00:00:1780595095.204991  452294 random_forest.cc:962] Train tree 13/30 [index:12 total:43.23s tree:14.40s]
I0000 00:00:1780595124.125202  452295 random_forest.cc:962] Train tree 25/30 [index:24 total:1m12.15s tree:14.42s]
I0000 00:00:1780595125.020723  452198 random_forest.cc:969] random_forest.cc Training block took: 73.0427 s
W0000 00:00:1780595125.020767  452198 random_forest.cc:1060] EXITING EARLY TO SPEED UP EXPERIMENTS!
MEDIAN of 1/1 runs: 73.0427 s  STDDEV: N/A s  (samples: 73.0427)
./bazel-bin/examples/train_oblique_forest --input_mode trunk --rows 50000000 --cols 4 --feature_split_type "Oblique" --numerical_split_type "Dynamic Random Histogram" --num_trees=30 --num_threads=-1 --compute_oob_performances=false --histogram_num_bins=64 --dynamic_split_threshold=250 
----- Run 1/1 -----
WARNING: All log messages before absl::InitializeLog() is called are written to STDERR
I0000 00:00:1780595125.260339  452337 train_oblique_forest.cc:366] Generating trunk synthetic dataset: rows=50000000, cols=4, layout=column
I0000 00:00:1780595128.131408  452337 train_oblique_forest.cc:483] -1 (automatic) threads requested. 6 threads set.
I0000 00:00:1780595128.131439  452337 train_oblique_forest.cc:550] Configuring oblique splits
I0000 00:00:1780595128.131443  452337 train_oblique_forest.cc:635] Using Dynamic Random Histogram with 64 samples
I0000 00:00:1780595128.131512  452337 abstract_learner.cc:171] No input feature explicitly specified. Using all the available input features.
I0000 00:00:1780595128.131515  452337 abstract_learner.cc:185] The label "y" was removed from the input feature set.
I0000 00:00:1780595128.131524  452337 random_forest.cc:498] Training random forest on 50000000 example(s) and 4 feature(s).
I0000 00:00:1780595128.131535  452337 gpu.cc:93] Cannot initialize GPU: Not compiled with GPU support
I0000 00:00:1780595128.132454  452337 random_forest.cc:667] num_threads being used: 6
W0000 00:00:1780595150.965428  452365 training.cc:5710] [This message is only shown once] The effective split of examples does not match the expected split returned by the splitter algorithm. This problem can be caused by (1) large floating point values (e.g. value>=10e30) or (2) a bug in the software. You can turn this error in a warning with internal_error_on_wrong_splitter_statistics=false.

Details:
Num examples: 2712
Num positive examples (from split evaluation): 1187
Num positive examples (from split learning): 1185
Num negative examples (from split evaluation): 1525

Condition: goo.gle/debugstr   
na_value: false
attribute: 0
condition {
  oblique_condition {
    attributes: 0
    attributes: 1
    attributes: 2
    attributes: 3
    weights: 1
    weights: 1
    weights: -1
    weights: 1
    threshold: 3.10881472
    na_replacements: 0
    na_replacements: 0
    na_replacements: 0
    na_replacements: 0
  }
}
num_training_examples_without_weight: 2712
num_training_examples_with_weight: 2712
split_score: 0.00631793309
num_pos_training_examples_without_weight: 1185
num_pos_training_examples_with_weight: 1185

Attribute spec: goo.gle/debugstr   
type: NUMERICAL
name: "x0"

I0000 00:00:1780595259.632537  452364 random_forest.cc:962] Train tree 1/30 [index:4 total:2m11.50s tree:2m11.50s]
I0000 00:00:1780595389.136448  452364 random_forest.cc:962] Train tree 7/30 [index:6 total:4m21.00s tree:2m9.49s]
I0000 00:00:1780595514.442226  452367 random_forest.cc:962] Train tree 13/30 [index:13 total:6m26.31s tree:2m3.84s]
I0000 00:00:1780595642.481151  452367 random_forest.cc:962] Train tree 19/30 [index:18 total:8m34.35s tree:2m8.03s]
I0000 00:00:1780595782.928912  452364 random_forest.cc:962] Train tree 25/30 [index:25 total:10m54.80s tree:2m19.80s]
I0000 00:00:1780595789.259267  452337 random_forest.cc:969] random_forest.cc Training block took: 661.128 s
W0000 00:00:1780595789.259437  452337 random_forest.cc:1060] EXITING EARLY TO SPEED UP EXPERIMENTS!
MEDIAN of 1/1 runs: 661.128 s  STDDEV: N/A s  (samples: 661.128)
./bazel-bin/examples/train_oblique_forest --input_mode trunk --rows 3000000 --cols 4096 --feature_split_type "Oblique" --numerical_split_type "Dynamic Random Histogram" --num_trees=30 --num_threads=-1 --compute_oob_performances=false --histogram_num_bins=64 --dynamic_split_threshold=250 
----- Run 1/1 -----
WARNING: All log messages before absl::InitializeLog() is called are written to STDERR
I0000 00:00:1780595792.905953  452452 train_oblique_forest.cc:366] Generating trunk synthetic dataset: rows=3000000, cols=4096, layout=column
I0000 00:00:1780595963.651497  452452 train_oblique_forest.cc:483] -1 (automatic) threads requested. 6 threads set.
I0000 00:00:1780595963.651556  452452 train_oblique_forest.cc:550] Configuring oblique splits
I0000 00:00:1780595963.651561  452452 train_oblique_forest.cc:635] Using Dynamic Random Histogram with 64 samples
I0000 00:00:1780595963.652413  452452 abstract_learner.cc:171] No input feature explicitly specified. Using all the available input features.
I0000 00:00:1780595963.652437  452452 abstract_learner.cc:185] The label "y" was removed from the input feature set.
I0000 00:00:1780595963.653268  452452 random_forest.cc:498] Training random forest on 3000000 example(s) and 4096 feature(s).
I0000 00:00:1780595963.653485  452452 gpu.cc:93] Cannot initialize GPU: Not compiled with GPU support
I0000 00:00:1780595963.655225  452452 random_forest.cc:667] num_threads being used: 6
I0000 00:00:1780596121.504183  452499 random_forest.cc:962] Train tree 1/30 [index:1 total:2m37.85s tree:2m37.85s]
I0000 00:00:1780596282.668772  452504 random_forest.cc:962] Train tree 7/30 [index:8 total:5m19.01s tree:2m35.65s]
I0000 00:00:1780596451.773288  452504 random_forest.cc:962] Train tree 13/30 [index:12 total:8m8.12s tree:2m49.10s]
I0000 00:00:1780596617.425357  452504 random_forest.cc:962] Train tree 19/30 [index:18 total:10m53.77s tree:2m45.65s]
I0000 00:00:1780596775.469626  452499 random_forest.cc:962] Train tree 25/30 [index:25 total:13m31.81s tree:2m35.40s]
I0000 00:00:1780596794.399205  452452 random_forest.cc:969] random_forest.cc Training block took: 830.748 s
W0000 00:00:1780596794.399257  452452 random_forest.cc:1060] EXITING EARLY TO SPEED UP EXPERIMENTS!
MEDIAN of 1/1 runs: 830.748 s  STDDEV: N/A s  (samples: 830.748)
./bazel-bin/examples/train_oblique_forest --input_mode trunk --rows 3000 --cols 4000000 --feature_split_type "Oblique" --numerical_split_type "Dynamic Random Histogram" --num_trees=30 --num_threads=-1 --compute_oob_performances=false --histogram_num_bins=64 --dynamic_split_threshold=250 
----- Run 1/1 -----
WARNING: All log messages before absl::InitializeLog() is called are written to STDERR
I0000 00:00:1780596796.603161  452554 train_oblique_forest.cc:366] Generating trunk synthetic dataset: rows=3000, cols=4000000, layout=column
I0000 00:00:1780596965.535932  452554 train_oblique_forest.cc:483] -1 (automatic) threads requested. 6 threads set.
I0000 00:00:1780596965.535983  452554 train_oblique_forest.cc:550] Configuring oblique splits
I0000 00:00:1780596965.535987  452554 train_oblique_forest.cc:635] Using Dynamic Random Histogram with 64 samples
I0000 00:00:1780596965.933184  452554 abstract_learner.cc:171] No input feature explicitly specified. Using all the available input features.
I0000 00:00:1780596965.937582  452554 abstract_learner.cc:185] The label "y" was removed from the input feature set.
I0000 00:00:1780596966.846290  452554 random_forest.cc:498] Training random forest on 3000 example(s) and 4000000 feature(s).
I0000 00:00:1780596967.021660  452554 gpu.cc:93] Cannot initialize GPU: Not compiled with GPU support
I0000 00:00:1780596967.365348  452554 random_forest.cc:667] num_threads being used: 6
I0000 00:00:1780597033.616480  452735 random_forest.cc:962] Train tree 1/30 [index:1 total:1m6.25s tree:1m6.25s]
I0000 00:00:1780597101.881863  452735 random_forest.cc:962] Train tree 7/30 [index:6 total:2m14.52s tree:1m8.27s]
I0000 00:00:1780597171.985360  452733 random_forest.cc:962] Train tree 13/30 [index:15 total:3m24.62s tree:1m3.55s]
I0000 00:00:1780597241.620680  452735 random_forest.cc:962] Train tree 19/30 [index:19 total:4m34.26s tree:1m8.31s]
I0000 00:00:1780597311.409118  452733 random_forest.cc:962] Train tree 25/30 [index:25 total:5m44.04s tree:1m8.85s]
I0000 00:00:1780597330.660383  452554 random_forest.cc:969] random_forest.cc Training block took: 365.124 s
W0000 00:00:1780597330.660469  452554 random_forest.cc:1060] EXITING EARLY TO SPEED UP EXPERIMENTS!
MEDIAN of 1/1 runs: 365.124 s  STDDEV: N/A s  (samples: 365.124)
