

======== NORMAL EXPERIMENTS (no explicit vector ISA) histogram_num_bins=64 ========



======== OBLIQUE EXPERIMENTS histogram_num_bins=64 ========



======== Running Exact [Oblique] ========

./bazel-bin/examples/train_oblique_forest --input_mode trunk --rows 12500 --cols 16384 --feature_split_type "Oblique" --numerical_split_type "Exact" --num_trees=30 --num_threads=-1 --compute_oob_performances=false  
----- Run 1/7 -----
WARNING: All log messages before absl::InitializeLog() is called are written to STDERR
I0000 00:00:1780160412.892850   44038 train_oblique_forest.cc:271] Generating trunk synthetic dataset: rows=12500, cols=16384
I0000 00:00:1780160415.736768   44038 train_oblique_forest.cc:334] -1 (automatic) threads requested. 6 threads set.
I0000 00:00:1780160415.736802   44038 train_oblique_forest.cc:401] Configuring oblique splits
I0000 00:00:1780160415.736806   44038 train_oblique_forest.cc:469] Using exact splitting
I0000 00:00:1780160415.738509   44038 abstract_learner.cc:171] No input feature explicitly specified. Using all the available input features.
I0000 00:00:1780160415.738528   44038 abstract_learner.cc:185] The label "y" was removed from the input feature set.
I0000 00:00:1780160415.741909   44038 random_forest.cc:498] Training random forest on 12500 example(s) and 16384 feature(s).
I0000 00:00:1780160415.742592   44038 gpu.cc:93] Cannot initialize GPU: Not compiled with GPU support
I0000 00:00:1780160415.745011   44038 random_forest.cc:667] num_threads being used: 6
I0000 00:00:1780160416.763384   44093 random_forest.cc:962] Train tree 1/30 [index:3 total:1.02s tree:1.02s]
I0000 00:00:1780160422.065196   44038 random_forest.cc:969] random_forest.cc Training block took: 6.32837 s
W0000 00:00:1780160422.065248   44038 random_forest.cc:1060] EXITING EARLY TO SPEED UP EXPERIMENTS!
----- Run 2/7 -----
WARNING: All log messages before absl::InitializeLog() is called are written to STDERR
I0000 00:00:1780160422.126876   44160 train_oblique_forest.cc:271] Generating trunk synthetic dataset: rows=12500, cols=16384
I0000 00:00:1780160424.966344   44160 train_oblique_forest.cc:334] -1 (automatic) threads requested. 6 threads set.
I0000 00:00:1780160424.966378   44160 train_oblique_forest.cc:401] Configuring oblique splits
I0000 00:00:1780160424.966382   44160 train_oblique_forest.cc:469] Using exact splitting
I0000 00:00:1780160424.968100   44160 abstract_learner.cc:171] No input feature explicitly specified. Using all the available input features.
I0000 00:00:1780160424.968120   44160 abstract_learner.cc:185] The label "y" was removed from the input feature set.
I0000 00:00:1780160424.971581   44160 random_forest.cc:498] Training random forest on 12500 example(s) and 16384 feature(s).
I0000 00:00:1780160424.972282   44160 gpu.cc:93] Cannot initialize GPU: Not compiled with GPU support
I0000 00:00:1780160424.974787   44160 random_forest.cc:667] num_threads being used: 6
I0000 00:00:1780160425.918409   44218 random_forest.cc:962] Train tree 1/30 [index:3 total:0.94s tree:0.94s]
I0000 00:00:1780160431.477875   44160 random_forest.cc:969] random_forest.cc Training block took: 6.51146 s
W0000 00:00:1780160431.477922   44160 random_forest.cc:1060] EXITING EARLY TO SPEED UP EXPERIMENTS!
----- Run 3/7 -----
WARNING: All log messages before absl::InitializeLog() is called are written to STDERR
I0000 00:00:1780160431.536807   44275 train_oblique_forest.cc:271] Generating trunk synthetic dataset: rows=12500, cols=16384
I0000 00:00:1780160434.392157   44275 train_oblique_forest.cc:334] -1 (automatic) threads requested. 6 threads set.
I0000 00:00:1780160434.392208   44275 train_oblique_forest.cc:401] Configuring oblique splits
I0000 00:00:1780160434.392213   44275 train_oblique_forest.cc:469] Using exact splitting
I0000 00:00:1780160434.393940   44275 abstract_learner.cc:171] No input feature explicitly specified. Using all the available input features.
I0000 00:00:1780160434.393958   44275 abstract_learner.cc:185] The label "y" was removed from the input feature set.
I0000 00:00:1780160434.397506   44275 random_forest.cc:498] Training random forest on 12500 example(s) and 16384 feature(s).
I0000 00:00:1780160434.398185   44275 gpu.cc:93] Cannot initialize GPU: Not compiled with GPU support
I0000 00:00:1780160434.400685   44275 random_forest.cc:667] num_threads being used: 6
I0000 00:00:1780160435.352996   44340 random_forest.cc:962] Train tree 1/30 [index:3 total:0.95s tree:0.95s]
I0000 00:00:1780160440.279957   44275 random_forest.cc:969] random_forest.cc Training block took: 5.88771 s
W0000 00:00:1780160440.280006   44275 random_forest.cc:1060] EXITING EARLY TO SPEED UP EXPERIMENTS!
----- Run 4/7 -----
WARNING: All log messages before absl::InitializeLog() is called are written to STDERR
I0000 00:00:1780160440.341082   44435 train_oblique_forest.cc:271] Generating trunk synthetic dataset: rows=12500, cols=16384
I0000 00:00:1780160443.181013   44435 train_oblique_forest.cc:334] -1 (automatic) threads requested. 6 threads set.
I0000 00:00:1780160443.181066   44435 train_oblique_forest.cc:401] Configuring oblique splits
I0000 00:00:1780160443.181070   44435 train_oblique_forest.cc:469] Using exact splitting
I0000 00:00:1780160443.182795   44435 abstract_learner.cc:171] No input feature explicitly specified. Using all the available input features.
I0000 00:00:1780160443.182813   44435 abstract_learner.cc:185] The label "y" was removed from the input feature set.
I0000 00:00:1780160443.186072   44435 random_forest.cc:498] Training random forest on 12500 example(s) and 16384 feature(s).
I0000 00:00:1780160443.186761   44435 gpu.cc:93] Cannot initialize GPU: Not compiled with GPU support
I0000 00:00:1780160443.189395   44435 random_forest.cc:667] num_threads being used: 6
I0000 00:00:1780160444.132109   44467 random_forest.cc:962] Train tree 1/30 [index:3 total:0.94s tree:0.94s]
I0000 00:00:1780160449.039578   44435 random_forest.cc:969] random_forest.cc Training block took: 5.85847 s
W0000 00:00:1780160449.039630   44435 random_forest.cc:1060] EXITING EARLY TO SPEED UP EXPERIMENTS!
----- Run 5/7 -----
WARNING: All log messages before absl::InitializeLog() is called are written to STDERR
I0000 00:00:1780160449.101807   44534 train_oblique_forest.cc:271] Generating trunk synthetic dataset: rows=12500, cols=16384
I0000 00:00:1780160451.934339   44534 train_oblique_forest.cc:334] -1 (automatic) threads requested. 6 threads set.
I0000 00:00:1780160451.934388   44534 train_oblique_forest.cc:401] Configuring oblique splits
I0000 00:00:1780160451.934393   44534 train_oblique_forest.cc:469] Using exact splitting
I0000 00:00:1780160451.936157   44534 abstract_learner.cc:171] No input feature explicitly specified. Using all the available input features.
I0000 00:00:1780160451.936181   44534 abstract_learner.cc:185] The label "y" was removed from the input feature set.
I0000 00:00:1780160451.939656   44534 random_forest.cc:498] Training random forest on 12500 example(s) and 16384 feature(s).
I0000 00:00:1780160451.940365   44534 gpu.cc:93] Cannot initialize GPU: Not compiled with GPU support
I0000 00:00:1780160451.943078   44534 random_forest.cc:667] num_threads being used: 6
I0000 00:00:1780160452.902483   44568 random_forest.cc:962] Train tree 1/30 [index:3 total:0.96s tree:0.96s]
I0000 00:00:1780160457.688509   44534 random_forest.cc:969] random_forest.cc Training block took: 5.75408 s
W0000 00:00:1780160457.688593   44534 random_forest.cc:1060] EXITING EARLY TO SPEED UP EXPERIMENTS!
----- Run 6/7 -----
WARNING: All log messages before absl::InitializeLog() is called are written to STDERR
I0000 00:00:1780160457.751017   44612 train_oblique_forest.cc:271] Generating trunk synthetic dataset: rows=12500, cols=16384
I0000 00:00:1780160460.598523   44612 train_oblique_forest.cc:334] -1 (automatic) threads requested. 6 threads set.
I0000 00:00:1780160460.598556   44612 train_oblique_forest.cc:401] Configuring oblique splits
I0000 00:00:1780160460.598560   44612 train_oblique_forest.cc:469] Using exact splitting
I0000 00:00:1780160460.600268   44612 abstract_learner.cc:171] No input feature explicitly specified. Using all the available input features.
I0000 00:00:1780160460.600290   44612 abstract_learner.cc:185] The label "y" was removed from the input feature set.
I0000 00:00:1780160460.603896   44612 random_forest.cc:498] Training random forest on 12500 example(s) and 16384 feature(s).
I0000 00:00:1780160460.604575   44612 gpu.cc:93] Cannot initialize GPU: Not compiled with GPU support
I0000 00:00:1780160460.607104   44612 random_forest.cc:667] num_threads being used: 6
I0000 00:00:1780160461.547385   44664 random_forest.cc:962] Train tree 1/30 [index:3 total:0.94s tree:0.94s]
I0000 00:00:1780160466.392222   44612 random_forest.cc:969] random_forest.cc Training block took: 5.79363 s
W0000 00:00:1780160466.392272   44612 random_forest.cc:1060] EXITING EARLY TO SPEED UP EXPERIMENTS!
----- Run 7/7 -----
WARNING: All log messages before absl::InitializeLog() is called are written to STDERR
I0000 00:00:1780160466.453986   44722 train_oblique_forest.cc:271] Generating trunk synthetic dataset: rows=12500, cols=16384
I0000 00:00:1780160469.296169   44722 train_oblique_forest.cc:334] -1 (automatic) threads requested. 6 threads set.
I0000 00:00:1780160469.296202   44722 train_oblique_forest.cc:401] Configuring oblique splits
I0000 00:00:1780160469.296206   44722 train_oblique_forest.cc:469] Using exact splitting
I0000 00:00:1780160469.297868   44722 abstract_learner.cc:171] No input feature explicitly specified. Using all the available input features.
I0000 00:00:1780160469.297885   44722 abstract_learner.cc:185] The label "y" was removed from the input feature set.
I0000 00:00:1780160469.301423   44722 random_forest.cc:498] Training random forest on 12500 example(s) and 16384 feature(s).
I0000 00:00:1780160469.302120   44722 gpu.cc:93] Cannot initialize GPU: Not compiled with GPU support
I0000 00:00:1780160469.304691   44722 random_forest.cc:667] num_threads being used: 6
I0000 00:00:1780160470.278934   44759 random_forest.cc:962] Train tree 1/30 [index:3 total:0.97s tree:0.97s]
I0000 00:00:1780160475.117659   44722 random_forest.cc:969] random_forest.cc Training block took: 5.82143 s
W0000 00:00:1780160475.117710   44722 random_forest.cc:1060] EXITING EARLY TO SPEED UP EXPERIMENTS!
MEDIAN of 7/7 runs: 5.85847 s  STDDEV: 0.299088 s  (samples: 6.32837 6.51146 5.88771 5.85847 5.75408 5.79363 5.82143)
./bazel-bin/examples/train_oblique_forest --input_mode trunk --rows 25000 --cols 8192 --feature_split_type "Oblique" --numerical_split_type "Exact" --num_trees=30 --num_threads=-1 --compute_oob_performances=false  
----- Run 1/7 -----
WARNING: All log messages before absl::InitializeLog() is called are written to STDERR
I0000 00:00:1780160475.185977   44823 train_oblique_forest.cc:271] Generating trunk synthetic dataset: rows=25000, cols=8192
I0000 00:00:1780160478.016187   44823 train_oblique_forest.cc:334] -1 (automatic) threads requested. 6 threads set.
I0000 00:00:1780160478.016235   44823 train_oblique_forest.cc:401] Configuring oblique splits
I0000 00:00:1780160478.016238   44823 train_oblique_forest.cc:469] Using exact splitting
I0000 00:00:1780160478.017142   44823 abstract_learner.cc:171] No input feature explicitly specified. Using all the available input features.
I0000 00:00:1780160478.017155   44823 abstract_learner.cc:185] The label "y" was removed from the input feature set.
I0000 00:00:1780160478.018857   44823 random_forest.cc:498] Training random forest on 25000 example(s) and 8192 feature(s).
I0000 00:00:1780160478.019255   44823 gpu.cc:93] Cannot initialize GPU: Not compiled with GPU support
I0000 00:00:1780160478.021059   44823 random_forest.cc:667] num_threads being used: 6
I0000 00:00:1780160479.509825   44853 random_forest.cc:962] Train tree 1/30 [index:2 total:1.49s tree:1.49s]
I0000 00:00:1780160486.382472   44823 random_forest.cc:969] random_forest.cc Training block took: 8.36619 s
W0000 00:00:1780160486.382520   44823 random_forest.cc:1060] EXITING EARLY TO SPEED UP EXPERIMENTS!
----- Run 2/7 -----
WARNING: All log messages before absl::InitializeLog() is called are written to STDERR
I0000 00:00:1780160486.446159   44950 train_oblique_forest.cc:271] Generating trunk synthetic dataset: rows=25000, cols=8192
I0000 00:00:1780160489.278223   44950 train_oblique_forest.cc:334] -1 (automatic) threads requested. 6 threads set.
I0000 00:00:1780160489.278273   44950 train_oblique_forest.cc:401] Configuring oblique splits
I0000 00:00:1780160489.278278   44950 train_oblique_forest.cc:469] Using exact splitting
I0000 00:00:1780160489.279178   44950 abstract_learner.cc:171] No input feature explicitly specified. Using all the available input features.
I0000 00:00:1780160489.279192   44950 abstract_learner.cc:185] The label "y" was removed from the input feature set.
I0000 00:00:1780160489.280979   44950 random_forest.cc:498] Training random forest on 25000 example(s) and 8192 feature(s).
I0000 00:00:1780160489.281336   44950 gpu.cc:93] Cannot initialize GPU: Not compiled with GPU support
I0000 00:00:1780160489.283100   44950 random_forest.cc:667] num_threads being used: 6
I0000 00:00:1780160490.703948   44979 random_forest.cc:962] Train tree 1/30 [index:2 total:1.42s tree:1.42s]
I0000 00:00:1780160496.905721   44950 random_forest.cc:969] random_forest.cc Training block took: 7.62739 s
W0000 00:00:1780160496.905764   44950 random_forest.cc:1060] EXITING EARLY TO SPEED UP EXPERIMENTS!
----- Run 3/7 -----
WARNING: All log messages before absl::InitializeLog() is called are written to STDERR
I0000 00:00:1780160496.977516   45014 train_oblique_forest.cc:271] Generating trunk synthetic dataset: rows=25000, cols=8192
I0000 00:00:1780160499.807359   45014 train_oblique_forest.cc:334] -1 (automatic) threads requested. 6 threads set.
I0000 00:00:1780160499.807406   45014 train_oblique_forest.cc:401] Configuring oblique splits
I0000 00:00:1780160499.807410   45014 train_oblique_forest.cc:469] Using exact splitting
I0000 00:00:1780160499.808308   45014 abstract_learner.cc:171] No input feature explicitly specified. Using all the available input features.
I0000 00:00:1780160499.808328   45014 abstract_learner.cc:185] The label "y" was removed from the input feature set.
I0000 00:00:1780160499.809995   45014 random_forest.cc:498] Training random forest on 25000 example(s) and 8192 feature(s).
I0000 00:00:1780160499.810352   45014 gpu.cc:93] Cannot initialize GPU: Not compiled with GPU support
I0000 00:00:1780160499.812152   45014 random_forest.cc:667] num_threads being used: 6
I0000 00:00:1780160501.189896   45051 random_forest.cc:962] Train tree 1/30 [index:2 total:1.38s tree:1.38s]
I0000 00:00:1780160507.396080   45014 random_forest.cc:969] random_forest.cc Training block took: 7.58864 s
W0000 00:00:1780160507.396130   45014 random_forest.cc:1060] EXITING EARLY TO SPEED UP EXPERIMENTS!
----- Run 4/7 -----
WARNING: All log messages before absl::InitializeLog() is called are written to STDERR
I0000 00:00:1780160507.472270   45082 train_oblique_forest.cc:271] Generating trunk synthetic dataset: rows=25000, cols=8192
I0000 00:00:1780160510.306593   45082 train_oblique_forest.cc:334] -1 (automatic) threads requested. 6 threads set.
I0000 00:00:1780160510.306626   45082 train_oblique_forest.cc:401] Configuring oblique splits
I0000 00:00:1780160510.306629   45082 train_oblique_forest.cc:469] Using exact splitting
I0000 00:00:1780160510.307514   45082 abstract_learner.cc:171] No input feature explicitly specified. Using all the available input features.
I0000 00:00:1780160510.307525   45082 abstract_learner.cc:185] The label "y" was removed from the input feature set.
I0000 00:00:1780160510.309691   45082 random_forest.cc:498] Training random forest on 25000 example(s) and 8192 feature(s).
I0000 00:00:1780160510.310046   45082 gpu.cc:93] Cannot initialize GPU: Not compiled with GPU support
I0000 00:00:1780160510.311751   45082 random_forest.cc:667] num_threads being used: 6
I0000 00:00:1780160511.960660   45145 random_forest.cc:962] Train tree 1/30 [index:3 total:1.65s tree:1.65s]
I0000 00:00:1780160520.239204   45082 random_forest.cc:969] random_forest.cc Training block took: 9.93255 s
W0000 00:00:1780160520.239255   45082 random_forest.cc:1060] EXITING EARLY TO SPEED UP EXPERIMENTS!
----- Run 5/7 -----
WARNING: All log messages before absl::InitializeLog() is called are written to STDERR
I0000 00:00:1780160520.312204   45248 train_oblique_forest.cc:271] Generating trunk synthetic dataset: rows=25000, cols=8192
I0000 00:00:1780160523.141313   45248 train_oblique_forest.cc:334] -1 (automatic) threads requested. 6 threads set.
I0000 00:00:1780160523.141368   45248 train_oblique_forest.cc:401] Configuring oblique splits
I0000 00:00:1780160523.141371   45248 train_oblique_forest.cc:469] Using exact splitting
I0000 00:00:1780160523.142263   45248 abstract_learner.cc:171] No input feature explicitly specified. Using all the available input features.
I0000 00:00:1780160523.142275   45248 abstract_learner.cc:185] The label "y" was removed from the input feature set.
I0000 00:00:1780160523.143986   45248 random_forest.cc:498] Training random forest on 25000 example(s) and 8192 feature(s).
I0000 00:00:1780160523.144336   45248 gpu.cc:93] Cannot initialize GPU: Not compiled with GPU support
I0000 00:00:1780160523.146000   45248 random_forest.cc:667] num_threads being used: 6
I0000 00:00:1780160524.555037   45272 random_forest.cc:962] Train tree 1/30 [index:2 total:1.41s tree:1.41s]
I0000 00:00:1780160530.892322   45248 random_forest.cc:969] random_forest.cc Training block took: 7.75093 s
W0000 00:00:1780160530.892385   45248 random_forest.cc:1060] EXITING EARLY TO SPEED UP EXPERIMENTS!
----- Run 6/7 -----
WARNING: All log messages before absl::InitializeLog() is called are written to STDERR
I0000 00:00:1780160530.965784   45313 train_oblique_forest.cc:271] Generating trunk synthetic dataset: rows=25000, cols=8192
I0000 00:00:1780160533.803339   45313 train_oblique_forest.cc:334] -1 (automatic) threads requested. 6 threads set.
I0000 00:00:1780160533.803370   45313 train_oblique_forest.cc:401] Configuring oblique splits
I0000 00:00:1780160533.803374   45313 train_oblique_forest.cc:469] Using exact splitting
I0000 00:00:1780160533.804226   45313 abstract_learner.cc:171] No input feature explicitly specified. Using all the available input features.
I0000 00:00:1780160533.804237   45313 abstract_learner.cc:185] The label "y" was removed from the input feature set.
I0000 00:00:1780160533.805943   45313 random_forest.cc:498] Training random forest on 25000 example(s) and 8192 feature(s).
I0000 00:00:1780160533.806341   45313 gpu.cc:93] Cannot initialize GPU: Not compiled with GPU support
I0000 00:00:1780160533.808074   45313 random_forest.cc:667] num_threads being used: 6
I0000 00:00:1780160535.283677   45343 random_forest.cc:962] Train tree 1/30 [index:5 total:1.48s tree:1.48s]
I0000 00:00:1780160541.827671   45313 random_forest.cc:969] random_forest.cc Training block took: 8.02427 s
W0000 00:00:1780160541.827719   45313 random_forest.cc:1060] EXITING EARLY TO SPEED UP EXPERIMENTS!
----- Run 7/7 -----
WARNING: All log messages before absl::InitializeLog() is called are written to STDERR
I0000 00:00:1780160541.907764   45387 train_oblique_forest.cc:271] Generating trunk synthetic dataset: rows=25000, cols=8192
I0000 00:00:1780160544.740182   45387 train_oblique_forest.cc:334] -1 (automatic) threads requested. 6 threads set.
I0000 00:00:1780160544.740227   45387 train_oblique_forest.cc:401] Configuring oblique splits
I0000 00:00:1780160544.740231   45387 train_oblique_forest.cc:469] Using exact splitting
I0000 00:00:1780160544.741150   45387 abstract_learner.cc:171] No input feature explicitly specified. Using all the available input features.
I0000 00:00:1780160544.741162   45387 abstract_learner.cc:185] The label "y" was removed from the input feature set.
I0000 00:00:1780160544.742830   45387 random_forest.cc:498] Training random forest on 25000 example(s) and 8192 feature(s).
I0000 00:00:1780160544.743181   45387 gpu.cc:93] Cannot initialize GPU: Not compiled with GPU support
I0000 00:00:1780160544.744839   45387 random_forest.cc:667] num_threads being used: 6
I0000 00:00:1780160546.128293   45419 random_forest.cc:962] Train tree 1/30 [index:2 total:1.38s tree:1.38s]
I0000 00:00:1780160552.982763   45387 random_forest.cc:969] random_forest.cc Training block took: 8.24249 s
W0000 00:00:1780160552.982814   45387 random_forest.cc:1060] EXITING EARLY TO SPEED UP EXPERIMENTS!
MEDIAN of 7/7 runs: 8.02427 s  STDDEV: 0.812695 s  (samples: 8.36619 7.62739 7.58864 9.93255 7.75093 8.02427 8.24249)
./bazel-bin/examples/train_oblique_forest --input_mode trunk --rows 50000 --cols 4096 --feature_split_type "Oblique" --numerical_split_type "Exact" --num_trees=30 --num_threads=-1 --compute_oob_performances=false  
----- Run 1/7 -----
WARNING: All log messages before absl::InitializeLog() is called are written to STDERR
I0000 00:00:1780160553.063248   45462 train_oblique_forest.cc:271] Generating trunk synthetic dataset: rows=50000, cols=4096
I0000 00:00:1780160555.903876   45462 train_oblique_forest.cc:334] -1 (automatic) threads requested. 6 threads set.
I0000 00:00:1780160555.903926   45462 train_oblique_forest.cc:401] Configuring oblique splits
I0000 00:00:1780160555.903930   45462 train_oblique_forest.cc:469] Using exact splitting
I0000 00:00:1780160555.904428   45462 abstract_learner.cc:171] No input feature explicitly specified. Using all the available input features.
I0000 00:00:1780160555.904445   45462 abstract_learner.cc:185] The label "y" was removed from the input feature set.
I0000 00:00:1780160555.905324   45462 random_forest.cc:498] Training random forest on 50000 example(s) and 4096 feature(s).
I0000 00:00:1780160555.905516   45462 gpu.cc:93] Cannot initialize GPU: Not compiled with GPU support
I0000 00:00:1780160555.906793   45462 random_forest.cc:667] num_threads being used: 6
I0000 00:00:1780160557.709040   45493 random_forest.cc:962] Train tree 1/30 [index:5 total:1.80s tree:1.80s]
I0000 00:00:1780160566.194725   45462 random_forest.cc:969] random_forest.cc Training block took: 10.2908 s
W0000 00:00:1780160566.194778   45462 random_forest.cc:1060] EXITING EARLY TO SPEED UP EXPERIMENTS!
----- Run 2/7 -----
WARNING: All log messages before absl::InitializeLog() is called are written to STDERR
I0000 00:00:1780160566.274523   45528 train_oblique_forest.cc:271] Generating trunk synthetic dataset: rows=50000, cols=4096
I0000 00:00:1780160569.111499   45528 train_oblique_forest.cc:334] -1 (automatic) threads requested. 6 threads set.
I0000 00:00:1780160569.111546   45528 train_oblique_forest.cc:401] Configuring oblique splits
I0000 00:00:1780160569.111550   45528 train_oblique_forest.cc:469] Using exact splitting
I0000 00:00:1780160569.112041   45528 abstract_learner.cc:171] No input feature explicitly specified. Using all the available input features.
I0000 00:00:1780160569.112052   45528 abstract_learner.cc:185] The label "y" was removed from the input feature set.
I0000 00:00:1780160569.112963   45528 random_forest.cc:498] Training random forest on 50000 example(s) and 4096 feature(s).
I0000 00:00:1780160569.113198   45528 gpu.cc:93] Cannot initialize GPU: Not compiled with GPU support
I0000 00:00:1780160569.114495   45528 random_forest.cc:667] num_threads being used: 6
I0000 00:00:1780160570.851755   45562 random_forest.cc:962] Train tree 1/30 [index:5 total:1.74s tree:1.73s]
I0000 00:00:1780160579.343476   45528 random_forest.cc:969] random_forest.cc Training block took: 10.2319 s
W0000 00:00:1780160579.343552   45528 random_forest.cc:1060] EXITING EARLY TO SPEED UP EXPERIMENTS!
----- Run 3/7 -----
WARNING: All log messages before absl::InitializeLog() is called are written to STDERR
I0000 00:00:1780160579.423838   45591 train_oblique_forest.cc:271] Generating trunk synthetic dataset: rows=50000, cols=4096
I0000 00:00:1780160582.259489   45591 train_oblique_forest.cc:334] -1 (automatic) threads requested. 6 threads set.
I0000 00:00:1780160582.259538   45591 train_oblique_forest.cc:401] Configuring oblique splits
I0000 00:00:1780160582.259542   45591 train_oblique_forest.cc:469] Using exact splitting
I0000 00:00:1780160582.260038   45591 abstract_learner.cc:171] No input feature explicitly specified. Using all the available input features.
I0000 00:00:1780160582.260048   45591 abstract_learner.cc:185] The label "y" was removed from the input feature set.
I0000 00:00:1780160582.260919   45591 random_forest.cc:498] Training random forest on 50000 example(s) and 4096 feature(s).
I0000 00:00:1780160582.261107   45591 gpu.cc:93] Cannot initialize GPU: Not compiled with GPU support
I0000 00:00:1780160582.262462   45591 random_forest.cc:667] num_threads being used: 6
I0000 00:00:1780160584.010555   45623 random_forest.cc:962] Train tree 1/30 [index:5 total:1.75s tree:1.75s]
I0000 00:00:1780160592.451772   45591 random_forest.cc:969] random_forest.cc Training block took: 10.1922 s
W0000 00:00:1780160592.451850   45591 random_forest.cc:1060] EXITING EARLY TO SPEED UP EXPERIMENTS!
----- Run 4/7 -----
WARNING: All log messages before absl::InitializeLog() is called are written to STDERR
I0000 00:00:1780160592.526687   45655 train_oblique_forest.cc:271] Generating trunk synthetic dataset: rows=50000, cols=4096
I0000 00:00:1780160595.365467   45655 train_oblique_forest.cc:334] -1 (automatic) threads requested. 6 threads set.
I0000 00:00:1780160595.365519   45655 train_oblique_forest.cc:401] Configuring oblique splits
I0000 00:00:1780160595.365523   45655 train_oblique_forest.cc:469] Using exact splitting
I0000 00:00:1780160595.366036   45655 abstract_learner.cc:171] No input feature explicitly specified. Using all the available input features.
I0000 00:00:1780160595.366046   45655 abstract_learner.cc:185] The label "y" was removed from the input feature set.
I0000 00:00:1780160595.366951   45655 random_forest.cc:498] Training random forest on 50000 example(s) and 4096 feature(s).
I0000 00:00:1780160595.367139   45655 gpu.cc:93] Cannot initialize GPU: Not compiled with GPU support
I0000 00:00:1780160595.368519   45655 random_forest.cc:667] num_threads being used: 6
I0000 00:00:1780160597.129380   45681 random_forest.cc:962] Train tree 1/30 [index:5 total:1.76s tree:1.76s]
I0000 00:00:1780160605.597377   45655 random_forest.cc:969] random_forest.cc Training block took: 10.2319 s
W0000 00:00:1780160605.597562   45655 random_forest.cc:1060] EXITING EARLY TO SPEED UP EXPERIMENTS!
----- Run 5/7 -----
WARNING: All log messages before absl::InitializeLog() is called are written to STDERR
I0000 00:00:1780160605.669991   45716 train_oblique_forest.cc:271] Generating trunk synthetic dataset: rows=50000, cols=4096
I0000 00:00:1780160608.510491   45716 train_oblique_forest.cc:334] -1 (automatic) threads requested. 6 threads set.
I0000 00:00:1780160608.510537   45716 train_oblique_forest.cc:401] Configuring oblique splits
I0000 00:00:1780160608.510541   45716 train_oblique_forest.cc:469] Using exact splitting
I0000 00:00:1780160608.511030   45716 abstract_learner.cc:171] No input feature explicitly specified. Using all the available input features.
I0000 00:00:1780160608.511041   45716 abstract_learner.cc:185] The label "y" was removed from the input feature set.
I0000 00:00:1780160608.511928   45716 random_forest.cc:498] Training random forest on 50000 example(s) and 4096 feature(s).
I0000 00:00:1780160608.512127   45716 gpu.cc:93] Cannot initialize GPU: Not compiled with GPU support
I0000 00:00:1780160608.513502   45716 random_forest.cc:667] num_threads being used: 6
I0000 00:00:1780160610.291310   45744 random_forest.cc:962] Train tree 1/30 [index:5 total:1.78s tree:1.78s]
I0000 00:00:1780160618.851253   45716 random_forest.cc:969] random_forest.cc Training block took: 10.3407 s
W0000 00:00:1780160618.851363   45716 random_forest.cc:1060] EXITING EARLY TO SPEED UP EXPERIMENTS!
----- Run 6/7 -----
WARNING: All log messages before absl::InitializeLog() is called are written to STDERR
I0000 00:00:1780160618.969860   45801 train_oblique_forest.cc:271] Generating trunk synthetic dataset: rows=50000, cols=4096
I0000 00:00:1780160621.806760   45801 train_oblique_forest.cc:334] -1 (automatic) threads requested. 6 threads set.
I0000 00:00:1780160621.806809   45801 train_oblique_forest.cc:401] Configuring oblique splits
I0000 00:00:1780160621.806813   45801 train_oblique_forest.cc:469] Using exact splitting
I0000 00:00:1780160621.807312   45801 abstract_learner.cc:171] No input feature explicitly specified. Using all the available input features.
I0000 00:00:1780160621.807329   45801 abstract_learner.cc:185] The label "y" was removed from the input feature set.
I0000 00:00:1780160621.808201   45801 random_forest.cc:498] Training random forest on 50000 example(s) and 4096 feature(s).
I0000 00:00:1780160621.808435   45801 gpu.cc:93] Cannot initialize GPU: Not compiled with GPU support
I0000 00:00:1780160621.809821   45801 random_forest.cc:667] num_threads being used: 6
I0000 00:00:1780160623.563407   45828 random_forest.cc:962] Train tree 1/30 [index:5 total:1.75s tree:1.75s]
I0000 00:00:1780160632.051605   45801 random_forest.cc:969] random_forest.cc Training block took: 10.2448 s
W0000 00:00:1780160632.051660   45801 random_forest.cc:1060] EXITING EARLY TO SPEED UP EXPERIMENTS!
----- Run 7/7 -----
WARNING: All log messages before absl::InitializeLog() is called are written to STDERR
I0000 00:00:1780160632.124221   45870 train_oblique_forest.cc:271] Generating trunk synthetic dataset: rows=50000, cols=4096
I0000 00:00:1780160634.961911   45870 train_oblique_forest.cc:334] -1 (automatic) threads requested. 6 threads set.
I0000 00:00:1780160634.961960   45870 train_oblique_forest.cc:401] Configuring oblique splits
I0000 00:00:1780160634.961964   45870 train_oblique_forest.cc:469] Using exact splitting
I0000 00:00:1780160634.962470   45870 abstract_learner.cc:171] No input feature explicitly specified. Using all the available input features.
I0000 00:00:1780160634.962481   45870 abstract_learner.cc:185] The label "y" was removed from the input feature set.
I0000 00:00:1780160634.963364   45870 random_forest.cc:498] Training random forest on 50000 example(s) and 4096 feature(s).
I0000 00:00:1780160634.963569   45870 gpu.cc:93] Cannot initialize GPU: Not compiled with GPU support
I0000 00:00:1780160634.965007   45870 random_forest.cc:667] num_threads being used: 6
I0000 00:00:1780160636.693757   45898 random_forest.cc:962] Train tree 1/30 [index:5 total:1.73s tree:1.73s]
I0000 00:00:1780160645.154305   45870 random_forest.cc:969] random_forest.cc Training block took: 10.1923 s
W0000 00:00:1780160645.154385   45870 random_forest.cc:1060] EXITING EARLY TO SPEED UP EXPERIMENTS!
MEDIAN of 7/7 runs: 10.2319 s  STDDEV: 0.053465 s  (samples: 10.2908 10.2319 10.1922 10.2319 10.3407 10.2448 10.1923)
./bazel-bin/examples/train_oblique_forest --input_mode trunk --rows 100000 --cols 2048 --feature_split_type "Oblique" --numerical_split_type "Exact" --num_trees=30 --num_threads=-1 --compute_oob_performances=false  
----- Run 1/7 -----
WARNING: All log messages before absl::InitializeLog() is called are written to STDERR
I0000 00:00:1780160645.241516   45940 train_oblique_forest.cc:271] Generating trunk synthetic dataset: rows=100000, cols=2048
I0000 00:00:1780160648.081644   45940 train_oblique_forest.cc:334] -1 (automatic) threads requested. 6 threads set.
I0000 00:00:1780160648.081697   45940 train_oblique_forest.cc:401] Configuring oblique splits
I0000 00:00:1780160648.081702   45940 train_oblique_forest.cc:469] Using exact splitting
I0000 00:00:1780160648.081991   45940 abstract_learner.cc:171] No input feature explicitly specified. Using all the available input features.
I0000 00:00:1780160648.082001   45940 abstract_learner.cc:185] The label "y" was removed from the input feature set.
I0000 00:00:1780160648.082468   45940 random_forest.cc:498] Training random forest on 100000 example(s) and 2048 feature(s).
I0000 00:00:1780160648.082571   45940 gpu.cc:93] Cannot initialize GPU: Not compiled with GPU support
I0000 00:00:1780160648.083779   45940 random_forest.cc:667] num_threads being used: 6
I0000 00:00:1780160650.821603   45967 random_forest.cc:962] Train tree 1/30 [index:1 total:2.74s tree:2.74s]
I0000 00:00:1780160662.531298   45940 random_forest.cc:969] random_forest.cc Training block took: 14.4496 s
W0000 00:00:1780160662.531381   45940 random_forest.cc:1060] EXITING EARLY TO SPEED UP EXPERIMENTS!
----- Run 2/7 -----
WARNING: All log messages before absl::InitializeLog() is called are written to STDERR
I0000 00:00:1780160662.629229   46003 train_oblique_forest.cc:271] Generating trunk synthetic dataset: rows=100000, cols=2048
I0000 00:00:1780160665.462551   46003 train_oblique_forest.cc:334] -1 (automatic) threads requested. 6 threads set.
I0000 00:00:1780160665.462606   46003 train_oblique_forest.cc:401] Configuring oblique splits
I0000 00:00:1780160665.462610   46003 train_oblique_forest.cc:469] Using exact splitting
I0000 00:00:1780160665.462896   46003 abstract_learner.cc:171] No input feature explicitly specified. Using all the available input features.
I0000 00:00:1780160665.462906   46003 abstract_learner.cc:185] The label "y" was removed from the input feature set.
I0000 00:00:1780160665.463375   46003 random_forest.cc:498] Training random forest on 100000 example(s) and 2048 feature(s).
I0000 00:00:1780160665.463479   46003 gpu.cc:93] Cannot initialize GPU: Not compiled with GPU support
I0000 00:00:1780160665.464655   46003 random_forest.cc:667] num_threads being used: 6
I0000 00:00:1780160668.212955   46029 random_forest.cc:962] Train tree 1/30 [index:1 total:2.75s tree:2.75s]
I0000 00:00:1780160679.998466   46003 random_forest.cc:969] random_forest.cc Training block took: 14.5358 s
W0000 00:00:1780160679.998518   46003 random_forest.cc:1060] EXITING EARLY TO SPEED UP EXPERIMENTS!
----- Run 3/7 -----
WARNING: All log messages before absl::InitializeLog() is called are written to STDERR
I0000 00:00:1780160680.078007   46068 train_oblique_forest.cc:271] Generating trunk synthetic dataset: rows=100000, cols=2048
I0000 00:00:1780160682.913635   46068 train_oblique_forest.cc:334] -1 (automatic) threads requested. 6 threads set.
I0000 00:00:1780160682.913687   46068 train_oblique_forest.cc:401] Configuring oblique splits
I0000 00:00:1780160682.913691   46068 train_oblique_forest.cc:469] Using exact splitting
I0000 00:00:1780160682.913977   46068 abstract_learner.cc:171] No input feature explicitly specified. Using all the available input features.
I0000 00:00:1780160682.913986   46068 abstract_learner.cc:185] The label "y" was removed from the input feature set.
I0000 00:00:1780160682.914453   46068 random_forest.cc:498] Training random forest on 100000 example(s) and 2048 feature(s).
I0000 00:00:1780160682.914563   46068 gpu.cc:93] Cannot initialize GPU: Not compiled with GPU support
I0000 00:00:1780160682.915743   46068 random_forest.cc:667] num_threads being used: 6
I0000 00:00:1780160685.666411   46096 random_forest.cc:962] Train tree 1/30 [index:1 total:2.75s tree:2.75s]
I0000 00:00:1780160697.941236   46068 random_forest.cc:969] random_forest.cc Training block took: 15.0275 s
W0000 00:00:1780160697.941288   46068 random_forest.cc:1060] EXITING EARLY TO SPEED UP EXPERIMENTS!
----- Run 4/7 -----
WARNING: All log messages before absl::InitializeLog() is called are written to STDERR
I0000 00:00:1780160698.023552   46133 train_oblique_forest.cc:271] Generating trunk synthetic dataset: rows=100000, cols=2048
I0000 00:00:1780160700.870966   46133 train_oblique_forest.cc:334] -1 (automatic) threads requested. 6 threads set.
I0000 00:00:1780160700.871018   46133 train_oblique_forest.cc:401] Configuring oblique splits
I0000 00:00:1780160700.871023   46133 train_oblique_forest.cc:469] Using exact splitting
I0000 00:00:1780160700.871307   46133 abstract_learner.cc:171] No input feature explicitly specified. Using all the available input features.
I0000 00:00:1780160700.871327   46133 abstract_learner.cc:185] The label "y" was removed from the input feature set.
I0000 00:00:1780160700.871789   46133 random_forest.cc:498] Training random forest on 100000 example(s) and 2048 feature(s).
I0000 00:00:1780160700.871894   46133 gpu.cc:93] Cannot initialize GPU: Not compiled with GPU support
I0000 00:00:1780160700.873117   46133 random_forest.cc:667] num_threads being used: 6
I0000 00:00:1780160703.660227   46155 random_forest.cc:962] Train tree 1/30 [index:5 total:2.79s tree:2.79s]
I0000 00:00:1780160715.907760   46133 random_forest.cc:969] random_forest.cc Training block took: 15.0367 s
W0000 00:00:1780160715.907810   46133 random_forest.cc:1060] EXITING EARLY TO SPEED UP EXPERIMENTS!
----- Run 5/7 -----
WARNING: All log messages before absl::InitializeLog() is called are written to STDERR
I0000 00:00:1780160715.994859   46192 train_oblique_forest.cc:271] Generating trunk synthetic dataset: rows=100000, cols=2048
I0000 00:00:1780160718.834296   46192 train_oblique_forest.cc:334] -1 (automatic) threads requested. 6 threads set.
I0000 00:00:1780160718.834341   46192 train_oblique_forest.cc:401] Configuring oblique splits
I0000 00:00:1780160718.834345   46192 train_oblique_forest.cc:469] Using exact splitting
I0000 00:00:1780160718.834608   46192 abstract_learner.cc:171] No input feature explicitly specified. Using all the available input features.
I0000 00:00:1780160718.834616   46192 abstract_learner.cc:185] The label "y" was removed from the input feature set.
I0000 00:00:1780160718.835019   46192 random_forest.cc:498] Training random forest on 100000 example(s) and 2048 feature(s).
I0000 00:00:1780160718.835115   46192 gpu.cc:93] Cannot initialize GPU: Not compiled with GPU support
I0000 00:00:1780160718.836205   46192 random_forest.cc:667] num_threads being used: 6
I0000 00:00:1780160721.661383   46212 random_forest.cc:962] Train tree 1/30 [index:1 total:2.83s tree:2.82s]
I0000 00:00:1780160734.387568   46192 random_forest.cc:969] random_forest.cc Training block took: 15.5532 s
W0000 00:00:1780160734.387622   46192 random_forest.cc:1060] EXITING EARLY TO SPEED UP EXPERIMENTS!
----- Run 6/7 -----
WARNING: All log messages before absl::InitializeLog() is called are written to STDERR
I0000 00:00:1780160734.470798   46248 train_oblique_forest.cc:271] Generating trunk synthetic dataset: rows=100000, cols=2048
I0000 00:00:1780160737.318238   46248 train_oblique_forest.cc:334] -1 (automatic) threads requested. 6 threads set.
I0000 00:00:1780160737.318295   46248 train_oblique_forest.cc:401] Configuring oblique splits
I0000 00:00:1780160737.318299   46248 train_oblique_forest.cc:469] Using exact splitting
I0000 00:00:1780160737.318598   46248 abstract_learner.cc:171] No input feature explicitly specified. Using all the available input features.
I0000 00:00:1780160737.318606   46248 abstract_learner.cc:185] The label "y" was removed from the input feature set.
I0000 00:00:1780160737.319016   46248 random_forest.cc:498] Training random forest on 100000 example(s) and 2048 feature(s).
I0000 00:00:1780160737.319112   46248 gpu.cc:93] Cannot initialize GPU: Not compiled with GPU support
I0000 00:00:1780160737.320303   46248 random_forest.cc:667] num_threads being used: 6
I0000 00:00:1780160740.067680   46270 random_forest.cc:962] Train tree 1/30 [index:1 total:2.75s tree:2.75s]
I0000 00:00:1780160751.787043   46248 random_forest.cc:969] random_forest.cc Training block took: 14.4687 s
W0000 00:00:1780160751.787097   46248 random_forest.cc:1060] EXITING EARLY TO SPEED UP EXPERIMENTS!
----- Run 7/7 -----
WARNING: All log messages before absl::InitializeLog() is called are written to STDERR
I0000 00:00:1780160751.868204   46306 train_oblique_forest.cc:271] Generating trunk synthetic dataset: rows=100000, cols=2048
I0000 00:00:1780160754.705985   46306 train_oblique_forest.cc:334] -1 (automatic) threads requested. 6 threads set.
I0000 00:00:1780160754.706035   46306 train_oblique_forest.cc:401] Configuring oblique splits
I0000 00:00:1780160754.706039   46306 train_oblique_forest.cc:469] Using exact splitting
I0000 00:00:1780160754.706339   46306 abstract_learner.cc:171] No input feature explicitly specified. Using all the available input features.
I0000 00:00:1780160754.706349   46306 abstract_learner.cc:185] The label "y" was removed from the input feature set.
I0000 00:00:1780160754.706825   46306 random_forest.cc:498] Training random forest on 100000 example(s) and 2048 feature(s).
I0000 00:00:1780160754.706928   46306 gpu.cc:93] Cannot initialize GPU: Not compiled with GPU support
I0000 00:00:1780160754.708098   46306 random_forest.cc:667] num_threads being used: 6
I0000 00:00:1780160757.433392   46329 random_forest.cc:962] Train tree 1/30 [index:1 total:2.73s tree:2.72s]
I0000 00:00:1780160769.157939   46306 random_forest.cc:969] random_forest.cc Training block took: 14.4519 s
W0000 00:00:1780160769.157993   46306 random_forest.cc:1060] EXITING EARLY TO SPEED UP EXPERIMENTS!
MEDIAN of 7/7 runs: 14.5358 s  STDDEV: 0.427740 s  (samples: 14.4496 14.5358 15.0275 15.0367 15.5532 14.4687 14.4519)
./bazel-bin/examples/train_oblique_forest --input_mode trunk --rows 200000 --cols 1024 --feature_split_type "Oblique" --numerical_split_type "Exact" --num_trees=30 --num_threads=-1 --compute_oob_performances=false  
----- Run 1/7 -----
WARNING: All log messages before absl::InitializeLog() is called are written to STDERR
I0000 00:00:1780160769.251150   46373 train_oblique_forest.cc:271] Generating trunk synthetic dataset: rows=200000, cols=1024
I0000 00:00:1780160772.089684   46373 train_oblique_forest.cc:334] -1 (automatic) threads requested. 6 threads set.
I0000 00:00:1780160772.089732   46373 train_oblique_forest.cc:401] Configuring oblique splits
I0000 00:00:1780160772.089737   46373 train_oblique_forest.cc:469] Using exact splitting
I0000 00:00:1780160772.089923   46373 abstract_learner.cc:171] No input feature explicitly specified. Using all the available input features.
I0000 00:00:1780160772.089932   46373 abstract_learner.cc:185] The label "y" was removed from the input feature set.
I0000 00:00:1780160772.090178   46373 random_forest.cc:498] Training random forest on 200000 example(s) and 1024 feature(s).
I0000 00:00:1780160772.090239   46373 gpu.cc:93] Cannot initialize GPU: Not compiled with GPU support
I0000 00:00:1780160772.091360   46373 random_forest.cc:667] num_threads being used: 6
I0000 00:00:1780160775.999983   46397 random_forest.cc:962] Train tree 1/30 [index:3 total:3.91s tree:3.91s]
I0000 00:00:1780160794.522748   46373 random_forest.cc:969] random_forest.cc Training block took: 22.433 s
W0000 00:00:1780160794.522798   46373 random_forest.cc:1060] EXITING EARLY TO SPEED UP EXPERIMENTS!
----- Run 2/7 -----
WARNING: All log messages before absl::InitializeLog() is called are written to STDERR
I0000 00:00:1780160794.610250   46453 train_oblique_forest.cc:271] Generating trunk synthetic dataset: rows=200000, cols=1024
I0000 00:00:1780160797.465072   46453 train_oblique_forest.cc:334] -1 (automatic) threads requested. 6 threads set.
I0000 00:00:1780160797.465127   46453 train_oblique_forest.cc:401] Configuring oblique splits
I0000 00:00:1780160797.465131   46453 train_oblique_forest.cc:469] Using exact splitting
I0000 00:00:1780160797.465329   46453 abstract_learner.cc:171] No input feature explicitly specified. Using all the available input features.
I0000 00:00:1780160797.465337   46453 abstract_learner.cc:185] The label "y" was removed from the input feature set.
I0000 00:00:1780160797.465587   46453 random_forest.cc:498] Training random forest on 200000 example(s) and 1024 feature(s).
I0000 00:00:1780160797.465650   46453 gpu.cc:93] Cannot initialize GPU: Not compiled with GPU support
I0000 00:00:1780160797.466688   46453 random_forest.cc:667] num_threads being used: 6
I0000 00:00:1780160801.688322   46532 random_forest.cc:962] Train tree 1/30 [index:1 total:4.22s tree:4.22s]
I0000 00:00:1780160819.612764   46453 random_forest.cc:969] random_forest.cc Training block took: 22.1476 s
W0000 00:00:1780160819.612815   46453 random_forest.cc:1060] EXITING EARLY TO SPEED UP EXPERIMENTS!
----- Run 3/7 -----
WARNING: All log messages before absl::InitializeLog() is called are written to STDERR
I0000 00:00:1780160819.708218   46627 train_oblique_forest.cc:271] Generating trunk synthetic dataset: rows=200000, cols=1024
I0000 00:00:1780160822.544145   46627 train_oblique_forest.cc:334] -1 (automatic) threads requested. 6 threads set.
I0000 00:00:1780160822.544181   46627 train_oblique_forest.cc:401] Configuring oblique splits
I0000 00:00:1780160822.544185   46627 train_oblique_forest.cc:469] Using exact splitting
I0000 00:00:1780160822.544358   46627 abstract_learner.cc:171] No input feature explicitly specified. Using all the available input features.
I0000 00:00:1780160822.544365   46627 abstract_learner.cc:185] The label "y" was removed from the input feature set.
I0000 00:00:1780160822.544582   46627 random_forest.cc:498] Training random forest on 200000 example(s) and 1024 feature(s).
I0000 00:00:1780160822.544642   46627 gpu.cc:93] Cannot initialize GPU: Not compiled with GPU support
I0000 00:00:1780160822.545691   46627 random_forest.cc:667] num_threads being used: 6
I0000 00:00:1780160826.391284   46656 random_forest.cc:962] Train tree 1/30 [index:3 total:3.85s tree:3.85s]
I0000 00:00:1780160843.380252   46627 random_forest.cc:969] random_forest.cc Training block took: 20.836 s
W0000 00:00:1780160843.380304   46627 random_forest.cc:1060] EXITING EARLY TO SPEED UP EXPERIMENTS!
----- Run 4/7 -----
WARNING: All log messages before absl::InitializeLog() is called are written to STDERR
I0000 00:00:1780160843.472109   46700 train_oblique_forest.cc:271] Generating trunk synthetic dataset: rows=200000, cols=1024
I0000 00:00:1780160846.319445   46700 train_oblique_forest.cc:334] -1 (automatic) threads requested. 6 threads set.
I0000 00:00:1780160846.319496   46700 train_oblique_forest.cc:401] Configuring oblique splits
I0000 00:00:1780160846.319500   46700 train_oblique_forest.cc:469] Using exact splitting
I0000 00:00:1780160846.319691   46700 abstract_learner.cc:171] No input feature explicitly specified. Using all the available input features.
I0000 00:00:1780160846.319699   46700 abstract_learner.cc:185] The label "y" was removed from the input feature set.
I0000 00:00:1780160846.319948   46700 random_forest.cc:498] Training random forest on 200000 example(s) and 1024 feature(s).
I0000 00:00:1780160846.320011   46700 gpu.cc:93] Cannot initialize GPU: Not compiled with GPU support
I0000 00:00:1780160846.321180   46700 random_forest.cc:667] num_threads being used: 6
I0000 00:00:1780160850.326820   46727 random_forest.cc:962] Train tree 1/30 [index:3 total:4.01s tree:4.01s]
I0000 00:00:1780160867.989004   46700 random_forest.cc:969] random_forest.cc Training block took: 21.6695 s
W0000 00:00:1780160867.989083   46700 random_forest.cc:1060] EXITING EARLY TO SPEED UP EXPERIMENTS!
----- Run 5/7 -----
WARNING: All log messages before absl::InitializeLog() is called are written to STDERR
I0000 00:00:1780160868.081105   46768 train_oblique_forest.cc:271] Generating trunk synthetic dataset: rows=200000, cols=1024
I0000 00:00:1780160870.916653   46768 train_oblique_forest.cc:334] -1 (automatic) threads requested. 6 threads set.
I0000 00:00:1780160870.916709   46768 train_oblique_forest.cc:401] Configuring oblique splits
I0000 00:00:1780160870.916713   46768 train_oblique_forest.cc:469] Using exact splitting
I0000 00:00:1780160870.916904   46768 abstract_learner.cc:171] No input feature explicitly specified. Using all the available input features.
I0000 00:00:1780160870.916912   46768 abstract_learner.cc:185] The label "y" was removed from the input feature set.
I0000 00:00:1780160870.917161   46768 random_forest.cc:498] Training random forest on 200000 example(s) and 1024 feature(s).
I0000 00:00:1780160870.917216   46768 gpu.cc:93] Cannot initialize GPU: Not compiled with GPU support
I0000 00:00:1780160870.918271   46768 random_forest.cc:667] num_threads being used: 6
I0000 00:00:1780160874.908528   46795 random_forest.cc:962] Train tree 1/30 [index:3 total:3.99s tree:3.99s]
I0000 00:00:1780160891.966669   46768 random_forest.cc:969] random_forest.cc Training block took: 21.0499 s
W0000 00:00:1780160891.966724   46768 random_forest.cc:1060] EXITING EARLY TO SPEED UP EXPERIMENTS!
----- Run 6/7 -----
WARNING: All log messages before absl::InitializeLog() is called are written to STDERR
I0000 00:00:1780160892.062989   46832 train_oblique_forest.cc:271] Generating trunk synthetic dataset: rows=200000, cols=1024
I0000 00:00:1780160894.902298   46832 train_oblique_forest.cc:334] -1 (automatic) threads requested. 6 threads set.
I0000 00:00:1780160894.902361   46832 train_oblique_forest.cc:401] Configuring oblique splits
I0000 00:00:1780160894.902365   46832 train_oblique_forest.cc:469] Using exact splitting
I0000 00:00:1780160894.902556   46832 abstract_learner.cc:171] No input feature explicitly specified. Using all the available input features.
I0000 00:00:1780160894.902565   46832 abstract_learner.cc:185] The label "y" was removed from the input feature set.
I0000 00:00:1780160894.902818   46832 random_forest.cc:498] Training random forest on 200000 example(s) and 1024 feature(s).
I0000 00:00:1780160894.902883   46832 gpu.cc:93] Cannot initialize GPU: Not compiled with GPU support
I0000 00:00:1780160894.904014   46832 random_forest.cc:667] num_threads being used: 6
I0000 00:00:1780160898.788899   46863 random_forest.cc:962] Train tree 1/30 [index:3 total:3.88s tree:3.88s]
I0000 00:00:1780160915.996769   46832 random_forest.cc:969] random_forest.cc Training block took: 21.0944 s
W0000 00:00:1780160915.996821   46832 random_forest.cc:1060] EXITING EARLY TO SPEED UP EXPERIMENTS!
----- Run 7/7 -----
WARNING: All log messages before absl::InitializeLog() is called are written to STDERR
I0000 00:00:1780160916.093499   46895 train_oblique_forest.cc:271] Generating trunk synthetic dataset: rows=200000, cols=1024
I0000 00:00:1780160918.941172   46895 train_oblique_forest.cc:334] -1 (automatic) threads requested. 6 threads set.
I0000 00:00:1780160918.941225   46895 train_oblique_forest.cc:401] Configuring oblique splits
I0000 00:00:1780160918.941229   46895 train_oblique_forest.cc:469] Using exact splitting
I0000 00:00:1780160918.941425   46895 abstract_learner.cc:171] No input feature explicitly specified. Using all the available input features.
I0000 00:00:1780160918.941441   46895 abstract_learner.cc:185] The label "y" was removed from the input feature set.
I0000 00:00:1780160918.941679   46895 random_forest.cc:498] Training random forest on 200000 example(s) and 1024 feature(s).
I0000 00:00:1780160918.941746   46895 gpu.cc:93] Cannot initialize GPU: Not compiled with GPU support
I0000 00:00:1780160918.942823   46895 random_forest.cc:667] num_threads being used: 6
I0000 00:00:1780160922.914539   46928 random_forest.cc:962] Train tree 1/30 [index:3 total:3.97s tree:3.97s]
I0000 00:00:1780160939.976140   46895 random_forest.cc:969] random_forest.cc Training block took: 21.0349 s
W0000 00:00:1780160939.976192   46895 random_forest.cc:1060] EXITING EARLY TO SPEED UP EXPERIMENTS!
MEDIAN of 7/7 runs: 21.0944 s  STDDEV: 0.623839 s  (samples: 22.433 22.1476 20.836 21.6695 21.0499 21.0944 21.0349)


======== Running Random [Oblique] with 64 bins ========

./bazel-bin/examples/train_oblique_forest --input_mode trunk --rows 12500 --cols 16384 --feature_split_type "Oblique" --numerical_split_type "Random" --num_trees=30 --num_threads=-1 --compute_oob_performances=false --histogram_num_bins=64 
----- Run 1/7 -----
