### bfs_colmajor_bootstrap_higgs
./bazel-bin/examples/train_oblique_forest --input_mode csv --train_csv benchmarks/data/HIGGS_with_header.csv --label_col class --feature_split_type Oblique --numerical_split_type Dynamic Random Histogram --num_trees=240 --num_threads=-1 --histogram_num_bins=64 --dynamic_split_threshold=250 --bootstrap_training_dataset=true 
WARNING: All log messages before absl::InitializeLog() is called are written to STDERR
I0000 00:00:1782430562.658838   51244 train_oblique_forest.cc:461] Inferring DataSpec from CSV: benchmarks/data/HIGGS_with_header.csv
I0000 00:00:1782430562.662589   51244 csv_example_reader.cc:216] 0 row(s) processed
I0000 00:00:1782430562.671911   51244 csv_example_reader.cc:225] Stop scanning the csv file to infer the type. Some records were not considered.
I0000 00:00:1782430562.671928   51244 data_spec_inference.cc:518] 29 column(s) found
I0000 00:00:1782430562.671941   51244 csv_example_reader.cc:320] 0 row(s) processed
I0000 00:00:1782430592.671935   51244 csv_example_reader.cc:320] 7929107 row(s) processed
I0000 00:00:1782430604.435539   51244 data_spec_inference.cc:557] Finalizing [11000000 row(s) found]
I0000 00:00:1782430604.435579   51244 train_oblique_forest.cc:657] -1 (automatic) threads requested. 48 threads set.
I0000 00:00:1782430604.435588   51244 train_oblique_forest.cc:724] Configuring oblique splits
I0000 00:00:1782430604.435591   51244 train_oblique_forest.cc:809] Using Dynamic Random Histogram with 64 samples
I0000 00:00:1782430604.435626   51244 abstract_learner.cc:171] No input feature explicitly specified. Using all the available input features.
I0000 00:00:1782430604.435628   51244 abstract_learner.cc:185] The label "class" was removed from the input feature set.
I0000 00:00:1782430604.436187   51244 vertical_dataset_io.cc:82] 100 examples scanned.
I0000 00:00:1782430634.436230   51244 vertical_dataset_io.cc:82] 7270000 examples scanned.
I0000 00:00:1782430650.675405   51244 vertical_dataset_io.cc:91] 11000000 examples read. Memory: usage:1276MB allocated:1276MB. 0 (0%) examples have been skipped.
I0000 00:00:1782430650.675485   51244 abstract_learner.cc:171] No input feature explicitly specified. Using all the available input features.
I0000 00:00:1782430650.675489   51244 abstract_learner.cc:185] The label "class" was removed from the input feature set.
I0000 00:00:1782430650.675508   51244 random_forest.cc:498] Training random forest on 11000000 example(s) and 28 feature(s).
I0000 00:00:1782430650.675521   51244 gpu.cc:93] Cannot initialize GPU: Not compiled with GPU support
I0000 00:00:1782430650.675716   51244 random_forest.cc:667] num_threads being used: 48
I0000 00:00:1782430725.859751   51542 random_forest.cc:962] Train tree 1/240 [index:21 total:1m15.18s tree:1m15.18s]
I0000 00:00:1782430802.677009   51560 random_forest.cc:962] Train tree 49/240 [index:61 total:2m32.00s tree:1m15.88s]
I0000 00:00:1782430879.135992   51532 random_forest.cc:962] Train tree 97/240 [index:106 total:3m48.46s tree:1m15.95s]
I0000 00:00:1782430956.035783   51544 random_forest.cc:962] Train tree 145/240 [index:151 total:5m5.36s tree:1m16.34s]
I0000 00:00:1782431032.109201   51544 random_forest.cc:962] Train tree 193/240 [index:192 total:6m21.43s tree:1m16.07s]
I0000 00:00:1782431038.664683   51244 random_forest.cc:969] random_forest.cc Training block took: 387.989 s
W0000 00:00:1782431038.664739   51244 random_forest.cc:1219] EXITING EARLY TO SPEED UP EXPERIMENTS!
bfs_colmajor_bootstrap_higgs finished with exit_0
