### bfs_rowmajor_bootstrap_higgs
./bazel-bin/examples/train_oblique_forest --input_mode csv --train_csv benchmarks/data/HIGGS_with_header.csv --label_col class --feature_split_type Oblique --numerical_split_type Dynamic Random Histogram --num_trees=240 --num_threads=-1 --histogram_num_bins=64 --dynamic_split_threshold=250 --bootstrap_training_dataset=true --dataset_layout=row
WARNING: All log messages before absl::InitializeLog() is called are written to STDERR
I0000 00:00:1782431157.919780   54937 train_oblique_forest.cc:461] Inferring DataSpec from CSV: benchmarks/data/HIGGS_with_header.csv
I0000 00:00:1782431157.923501   54937 csv_example_reader.cc:216] 0 row(s) processed
I0000 00:00:1782431157.932342   54937 csv_example_reader.cc:225] Stop scanning the csv file to infer the type. Some records were not considered.
I0000 00:00:1782431157.932356   54937 data_spec_inference.cc:518] 29 column(s) found
I0000 00:00:1782431157.932368   54937 csv_example_reader.cc:320] 0 row(s) processed
I0000 00:00:1782431187.932377   54937 csv_example_reader.cc:320] 7897527 row(s) processed
I0000 00:00:1782431199.888877   54937 data_spec_inference.cc:557] Finalizing [11000000 row(s) found]
I0000 00:00:1782431199.888918   54937 train_oblique_forest.cc:657] -1 (automatic) threads requested. 48 threads set.
I0000 00:00:1782431199.888927   54937 train_oblique_forest.cc:724] Configuring oblique splits
I0000 00:00:1782431199.888930   54937 train_oblique_forest.cc:809] Using Dynamic Random Histogram with 64 samples
I0000 00:00:1782431199.889484   54937 vertical_dataset_io.cc:82] 100 examples scanned.
I0000 00:00:1782431229.889786   54937 vertical_dataset_io.cc:82] 7351000 examples scanned.
I0000 00:00:1782431245.580712   54937 vertical_dataset_io.cc:91] 11000000 examples read. Memory: usage:1276MB allocated:1276MB. 0 (0%) examples have been skipped.
I0000 00:00:1782431246.027901   54937 train_oblique_forest.cc:882] Row-major CSV matrix: 28 numerical columns, 1.18837 GiB
I0000 00:00:1782431246.028004   54937 abstract_learner.cc:171] No input feature explicitly specified. Using all the available input features.
I0000 00:00:1782431246.028008   54937 abstract_learner.cc:185] The label "class" was removed from the input feature set.
I0000 00:00:1782431246.028025   54937 random_forest.cc:498] Training random forest on 11000000 example(s) and 28 feature(s).
I0000 00:00:1782431246.028035   54937 gpu.cc:93] Cannot initialize GPU: Not compiled with GPU support
I0000 00:00:1782431246.028236   54937 random_forest.cc:667] num_threads being used: 48
W0000 00:00:1782431260.095704   55292 training.cc:5816] [This message is only shown once] The effective split of examples does not match the expected split returned by the splitter algorithm. This problem can be caused by (1) large floating point values (e.g. value>=10e30) or (2) a bug in the software. You can turn this error in a warning with internal_error_on_wrong_splitter_statistics=false.

Details:
Num examples: 4149034
Num positive examples (from split evaluation): 1890717
Num positive examples (from split learning): 1890720
Num negative examples (from split evaluation): 2258317

Condition: goo.gle/debugonly   
na_value: false
attribute: 3
condition {
  oblique_condition {
    attributes: 3
    attributes: 14
    attributes: 17
    attributes: 18
    weights: 1
    weights: 1
    weights: 1
    weights: -1
    threshold: 1.40782142
    na_replacements: -1.32722525e-05
    na_replacements: 0.992259
    na_replacements: 1.00001144
    na_replacements: 0.986108661
  }
}
num_training_examples_without_weight: 4149034
num_training_examples_with_weight: 4149034
split_score: 0.0015712122
num_pos_training_examples_without_weight: 1890720
num_pos_training_examples_with_weight: 1890720

Attribute spec: goo.gle/debugonly   
type: NUMERICAL
name: "feature3"
is_manual_type: false
numerical {
  mean: -1.3272252572679215e-05
  min_value: -1.74250829
  max_value: 1.74323595
  standard_deviation: 1.0063462836524466
}

I0000 00:00:1782431314.585509   55290 random_forest.cc:962] Train tree 1/240 [index:21 total:1m8.56s tree:1m8.56s]
I0000 00:00:1782431384.439941   55291 random_forest.cc:962] Train tree 49/240 [index:70 total:2m18.41s tree:1m8.38s]
I0000 00:00:1782431453.460688   55307 random_forest.cc:962] Train tree 97/240 [index:100 total:3m27.43s tree:1m8.21s]
I0000 00:00:1782431523.478040   55307 random_forest.cc:962] Train tree 145/240 [index:144 total:4m37.45s tree:1m10.02s]
I0000 00:00:1782431592.579184   55307 random_forest.cc:962] Train tree 193/240 [index:192 total:5m46.55s tree:1m9.10s]
I0000 00:00:1782431603.227671   54937 random_forest.cc:969] random_forest.cc Training block took: 357.2 s
W0000 00:00:1782431603.227726   54937 random_forest.cc:1219] EXITING EARLY TO SPEED UP EXPERIMENTS!
bfs_rowmajor_bootstrap_higgs finished with exit_0
