

======== NORMAL EXPERIMENTS (no explicit vector ISA) histogram_num_bins=256 ========



======== OBLIQUE EXPERIMENTS histogram_num_bins=256 ========



======== Running Dynamic Random Histogram [Oblique] with 256 bins threshold=100 ========

./bazel-bin/examples/train_oblique_forest --input_mode csv --train_csv "benchmarks/data/HIGGS_with_header.csv" --label_col "class" --feature_split_type "Oblique" --numerical_split_type "Dynamic Random Histogram" --num_trees=240 --num_threads=-1 --compute_oob_performances=false --histogram_num_bins=256 --dynamic_split_threshold=100


Inferring DataSpec from CSV: benchmarks/data/HIGGS_with_header.csv


WARNING: All log messages before absl::InitializeLog() is called are written to STDERR
I0000 00:00:1770397310.635431   29687 csv_example_reader.cc:212] 0 row(s) processed
I0000 00:00:1770397310.644833   29687 csv_example_reader.cc:216] Stop scanning the csv file to infer the type. Some records were not considered.
I0000 00:00:1770397310.644850   29687 data_spec_inference.cc:457] 29 column(s) found
I0000 00:00:1770397310.644863   29687 csv_example_reader.cc:303] 0 row(s) processed
I0000 00:00:1770397340.644974   29687 csv_example_reader.cc:303] 8273333 row(s) processed
I0000 00:00:1770397350.533617   29687 data_spec_inference.cc:494] Finalizing [11000000 row(s) found]
I0000 00:00:1770397350.533717   29687 abstract_learner.cc:155] No input feature explicitly specified. Using all the available input features.
I0000 00:00:1770397350.533720   29687 abstract_learner.cc:172] The label "class" was removed from the input feature set.
I0000 00:00:1770397350.534262   29687 vertical_dataset_io.cc:82] 100 examples scanned.
I0000 00:00:1770397380.534543   29687 vertical_dataset_io.cc:82] 7595600 examples scanned.
I0000 00:00:1770397394.817417   29687 vertical_dataset_io.cc:88] 11000000 examples read. Memory: usage:1276MB allocated:1276MB. 0 (0%) examples have been skipped.
I0000 00:00:1770397394.817494   29687 abstract_learner.cc:155] No input feature explicitly specified. Using all the available input features.
I0000 00:00:1770397394.817500   29687 abstract_learner.cc:172] The label "class" was removed from the input feature set.
I0000 00:00:1770397394.817520   29687 random_forest.cc:465] Training random forest on 11000000 example(s) and 28 feature(s).
I0000 00:00:1770397394.817530   29687 gpu.cc:93] Cannot initialize GPU: Not compiled with GPU support
I0000 00:00:1770397394.817774   29687 random_forest.cc:659] num_threads being used: 48
I0000 00:00:1770397506.501362   30045 random_forest.cc:981] Train tree 1/240 [index:34 total:1m51.68s tree:1m51.68s]
I0000 00:00:1770397617.792287   30030 random_forest.cc:981] Train tree 49/240 [index:70 total:3m42.97s tree:1m48.88s]
I0000 00:00:1770397732.780823   30043 random_forest.cc:981] Train tree 97/240 [index:107 total:5m37.96s tree:1m50.81s]
I0000 00:00:1770397846.509986   30043 random_forest.cc:981] Train tree 145/240 [index:144 total:7m31.69s tree:1m53.73s]
I0000 00:00:1770397960.241976   30043 random_forest.cc:981] Train tree 193/240 [index:192 total:9m25.42s tree:1m53.73s]
I0000 00:00:1770397972.632450   29687 random_forest.cc:990] random_forest.cc Training block took: 577.815 s
I0000 00:00:1770397972.632503   29687 random_forest.cc:1062] After Random Forest Training block. RETURNING EARLY TO SPEED UP XPS!!
-1 (automatic) threads requested. 48 threads set.
Configuring oblique splits
Using Dynamic Random Histogram with 256 samples


======== Running Dynamic Random Histogram [Oblique] with 256 bins threshold=600 ========

./bazel-bin/examples/train_oblique_forest --input_mode csv --train_csv "benchmarks/data/HIGGS_with_header.csv" --label_col "class" --feature_split_type "Oblique" --numerical_split_type "Dynamic Random Histogram" --num_trees=240 --num_threads=-1 --compute_oob_performances=false --histogram_num_bins=256 --dynamic_split_threshold=600


Inferring DataSpec from CSV: benchmarks/data/HIGGS_with_header.csv


WARNING: All log messages before absl::InitializeLog() is called are written to STDERR
I0000 00:00:1770397980.428489   32281 csv_example_reader.cc:212] 0 row(s) processed
I0000 00:00:1770397980.437466   32281 csv_example_reader.cc:216] Stop scanning the csv file to infer the type. Some records were not considered.
I0000 00:00:1770397980.437484   32281 data_spec_inference.cc:457] 29 column(s) found
I0000 00:00:1770397980.437498   32281 csv_example_reader.cc:303] 0 row(s) processed
I0000 00:00:1770398010.437578   32281 csv_example_reader.cc:303] 8282314 row(s) processed
I0000 00:00:1770398020.280504   32281 data_spec_inference.cc:494] Finalizing [11000000 row(s) found]
I0000 00:00:1770398020.280613   32281 abstract_learner.cc:155] No input feature explicitly specified. Using all the available input features.
I0000 00:00:1770398020.280616   32281 abstract_learner.cc:172] The label "class" was removed from the input feature set.
I0000 00:00:1770398020.281153   32281 vertical_dataset_io.cc:82] 100 examples scanned.
I0000 00:00:1770398050.281345   32281 vertical_dataset_io.cc:82] 7563500 examples scanned.
I0000 00:00:1770398064.738900   32281 vertical_dataset_io.cc:88] 11000000 examples read. Memory: usage:1276MB allocated:1276MB. 0 (0%) examples have been skipped.
I0000 00:00:1770398064.738975   32281 abstract_learner.cc:155] No input feature explicitly specified. Using all the available input features.
I0000 00:00:1770398064.738980   32281 abstract_learner.cc:172] The label "class" was removed from the input feature set.
I0000 00:00:1770398064.739001   32281 random_forest.cc:465] Training random forest on 11000000 example(s) and 28 feature(s).
I0000 00:00:1770398064.739012   32281 gpu.cc:93] Cannot initialize GPU: Not compiled with GPU support
I0000 00:00:1770398064.739258   32281 random_forest.cc:659] num_threads being used: 48
I0000 00:00:1770398150.653658   32627 random_forest.cc:981] Train tree 1/240 [index:24 total:1m25.91s tree:1m25.91s]
I0000 00:00:1770398228.537384   32617 random_forest.cc:981] Train tree 49/240 [index:74 total:2m43.80s tree:1m15.14s]
I0000 00:00:1770398317.378792   32617 random_forest.cc:981] Train tree 97/240 [index:96 total:4m12.64s tree:1m28.84s]
I0000 00:00:1770398405.764852   32617 random_forest.cc:981] Train tree 145/240 [index:144 total:5m41.03s tree:1m28.38s]
I0000 00:00:1770398492.179185   32617 random_forest.cc:981] Train tree 193/240 [index:192 total:7m7.44s tree:1m26.41s]
I0000 00:00:1770398512.977614   32623 random_forest.cc:981] Train tree 240/240 [index:238 total:7m28.24s tree:1m28.92s]
I0000 00:00:1770398512.979562   32281 random_forest.cc:990] random_forest.cc Training block took: 448.241 s
I0000 00:00:1770398512.979601   32281 random_forest.cc:1062] After Random Forest Training block. RETURNING EARLY TO SPEED UP XPS!!
-1 (automatic) threads requested. 48 threads set.
Configuring oblique splits
Using Dynamic Random Histogram with 256 samples


======== Running Dynamic Random Histogram [Oblique] with 256 bins threshold=1100 ========

./bazel-bin/examples/train_oblique_forest --input_mode csv --train_csv "benchmarks/data/HIGGS_with_header.csv" --label_col "class" --feature_split_type "Oblique" --numerical_split_type "Dynamic Random Histogram" --num_trees=240 --num_threads=-1 --compute_oob_performances=false --histogram_num_bins=256 --dynamic_split_threshold=1100


Inferring DataSpec from CSV: benchmarks/data/HIGGS_with_header.csv


WARNING: All log messages before absl::InitializeLog() is called are written to STDERR
I0000 00:00:1770398520.537822   34389 csv_example_reader.cc:212] 0 row(s) processed
I0000 00:00:1770398520.547063   34389 csv_example_reader.cc:216] Stop scanning the csv file to infer the type. Some records were not considered.
I0000 00:00:1770398520.547080   34389 data_spec_inference.cc:457] 29 column(s) found
I0000 00:00:1770398520.547093   34389 csv_example_reader.cc:303] 0 row(s) processed
I0000 00:00:1770398550.547182   34389 csv_example_reader.cc:303] 8267332 row(s) processed
I0000 00:00:1770398560.419512   34389 data_spec_inference.cc:494] Finalizing [11000000 row(s) found]
I0000 00:00:1770398560.419615   34389 abstract_learner.cc:155] No input feature explicitly specified. Using all the available input features.
I0000 00:00:1770398560.419618   34389 abstract_learner.cc:172] The label "class" was removed from the input feature set.
I0000 00:00:1770398560.420164   34389 vertical_dataset_io.cc:82] 100 examples scanned.
I0000 00:00:1770398590.420436   34389 vertical_dataset_io.cc:82] 7607600 examples scanned.
I0000 00:00:1770398604.632321   34389 vertical_dataset_io.cc:88] 11000000 examples read. Memory: usage:1276MB allocated:1276MB. 0 (0%) examples have been skipped.
I0000 00:00:1770398604.632394   34389 abstract_learner.cc:155] No input feature explicitly specified. Using all the available input features.
I0000 00:00:1770398604.632400   34389 abstract_learner.cc:172] The label "class" was removed from the input feature set.
I0000 00:00:1770398604.632420   34389 random_forest.cc:465] Training random forest on 11000000 example(s) and 28 feature(s).
I0000 00:00:1770398604.632430   34389 gpu.cc:93] Cannot initialize GPU: Not compiled with GPU support
I0000 00:00:1770398604.632680   34389 random_forest.cc:659] num_threads being used: 48
I0000 00:00:1770398688.034724   34742 random_forest.cc:981] Train tree 1/240 [index:28 total:1m23.40s tree:1m23.40s]
I0000 00:00:1770398773.821720   34744 random_forest.cc:981] Train tree 49/240 [index:52 total:2m49.19s tree:1m24.45s]
I0000 00:00:1770398859.976744   34734 random_forest.cc:981] Train tree 97/240 [index:98 total:4m15.34s tree:1m25.57s]
I0000 00:00:1770398945.852664   34734 random_forest.cc:981] Train tree 145/240 [index:144 total:5m41.22s tree:1m25.87s]
I0000 00:00:1770399029.932414   34734 random_forest.cc:981] Train tree 193/240 [index:192 total:7m5.30s tree:1m24.08s]
I0000 00:00:1770399041.874719   34389 random_forest.cc:990] random_forest.cc Training block took: 437.242 s
I0000 00:00:1770399041.874763   34389 random_forest.cc:1062] After Random Forest Training block. RETURNING EARLY TO SPEED UP XPS!!
-1 (automatic) threads requested. 48 threads set.
Configuring oblique splits
Using Dynamic Random Histogram with 256 samples


======== Running Dynamic Random Histogram [Oblique] with 256 bins threshold=1600 ========

./bazel-bin/examples/train_oblique_forest --input_mode csv --train_csv "benchmarks/data/HIGGS_with_header.csv" --label_col "class" --feature_split_type "Oblique" --numerical_split_type "Dynamic Random Histogram" --num_trees=240 --num_threads=-1 --compute_oob_performances=false --histogram_num_bins=256 --dynamic_split_threshold=1600


Inferring DataSpec from CSV: benchmarks/data/HIGGS_with_header.csv


WARNING: All log messages before absl::InitializeLog() is called are written to STDERR
I0000 00:00:1770399049.443933   36450 csv_example_reader.cc:212] 0 row(s) processed
I0000 00:00:1770399049.452395   36450 csv_example_reader.cc:216] Stop scanning the csv file to infer the type. Some records were not considered.
I0000 00:00:1770399049.452410   36450 data_spec_inference.cc:457] 29 column(s) found
I0000 00:00:1770399049.452424   36450 csv_example_reader.cc:303] 0 row(s) processed
I0000 00:00:1770399079.452496   36450 csv_example_reader.cc:303] 8234810 row(s) processed
I0000 00:00:1770399089.527489   36450 data_spec_inference.cc:494] Finalizing [11000000 row(s) found]
I0000 00:00:1770399089.527587   36450 abstract_learner.cc:155] No input feature explicitly specified. Using all the available input features.
I0000 00:00:1770399089.527589   36450 abstract_learner.cc:172] The label "class" was removed from the input feature set.
I0000 00:00:1770399089.528131   36450 vertical_dataset_io.cc:82] 100 examples scanned.
I0000 00:00:1770399119.528242   36450 vertical_dataset_io.cc:82] 7596000 examples scanned.
I0000 00:00:1770399133.779400   36450 vertical_dataset_io.cc:88] 11000000 examples read. Memory: usage:1276MB allocated:1276MB. 0 (0%) examples have been skipped.
I0000 00:00:1770399133.779471   36450 abstract_learner.cc:155] No input feature explicitly specified. Using all the available input features.
I0000 00:00:1770399133.779476   36450 abstract_learner.cc:172] The label "class" was removed from the input feature set.
I0000 00:00:1770399133.779500   36450 random_forest.cc:465] Training random forest on 11000000 example(s) and 28 feature(s).
I0000 00:00:1770399133.779509   36450 gpu.cc:93] Cannot initialize GPU: Not compiled with GPU support
I0000 00:00:1770399133.779755   36450 random_forest.cc:659] num_threads being used: 48
I0000 00:00:1770399216.701659   36805 random_forest.cc:981] Train tree 1/240 [index:28 total:1m22.92s tree:1m22.92s]
I0000 00:00:1770399303.747414   36789 random_forest.cc:981] Train tree 49/240 [index:51 total:2m49.97s tree:1m25.59s]
I0000 00:00:1770399388.029924   36827 random_forest.cc:981] Train tree 97/240 [index:99 total:4m14.25s tree:1m23.73s]
I0000 00:00:1770399473.515105   36827 random_forest.cc:981] Train tree 145/240 [index:144 total:5m39.74s tree:1m25.48s]
I0000 00:00:1770399559.168623   36827 random_forest.cc:981] Train tree 193/240 [index:192 total:7m5.39s tree:1m25.65s]
I0000 00:00:1770399572.394344   36450 random_forest.cc:990] random_forest.cc Training block took: 438.615 s
I0000 00:00:1770399572.394392   36450 random_forest.cc:1062] After Random Forest Training block. RETURNING EARLY TO SPEED UP XPS!!
-1 (automatic) threads requested. 48 threads set.
Configuring oblique splits
Using Dynamic Random Histogram with 256 samples


======== Running Dynamic Random Histogram [Oblique] with 256 bins threshold=2100 ========

./bazel-bin/examples/train_oblique_forest --input_mode csv --train_csv "benchmarks/data/HIGGS_with_header.csv" --label_col "class" --feature_split_type "Oblique" --numerical_split_type "Dynamic Random Histogram" --num_trees=240 --num_threads=-1 --compute_oob_performances=false --histogram_num_bins=256 --dynamic_split_threshold=2100


Inferring DataSpec from CSV: benchmarks/data/HIGGS_with_header.csv


WARNING: All log messages before absl::InitializeLog() is called are written to STDERR
I0000 00:00:1770399579.908215   38518 csv_example_reader.cc:212] 0 row(s) processed
I0000 00:00:1770399579.916690   38518 csv_example_reader.cc:216] Stop scanning the csv file to infer the type. Some records were not considered.
I0000 00:00:1770399579.916705   38518 data_spec_inference.cc:457] 29 column(s) found
I0000 00:00:1770399579.916719   38518 csv_example_reader.cc:303] 0 row(s) processed
I0000 00:00:1770399609.916801   38518 csv_example_reader.cc:303] 8275780 row(s) processed
I0000 00:00:1770399619.804637   38518 data_spec_inference.cc:494] Finalizing [11000000 row(s) found]
I0000 00:00:1770399619.804737   38518 abstract_learner.cc:155] No input feature explicitly specified. Using all the available input features.
I0000 00:00:1770399619.804740   38518 abstract_learner.cc:172] The label "class" was removed from the input feature set.
I0000 00:00:1770399619.805288   38518 vertical_dataset_io.cc:82] 100 examples scanned.
I0000 00:00:1770399649.805530   38518 vertical_dataset_io.cc:82] 7578200 examples scanned.
I0000 00:00:1770399664.159073   38518 vertical_dataset_io.cc:88] 11000000 examples read. Memory: usage:1276MB allocated:1276MB. 0 (0%) examples have been skipped.
I0000 00:00:1770399664.159147   38518 abstract_learner.cc:155] No input feature explicitly specified. Using all the available input features.
I0000 00:00:1770399664.159152   38518 abstract_learner.cc:172] The label "class" was removed from the input feature set.
I0000 00:00:1770399664.159173   38518 random_forest.cc:465] Training random forest on 11000000 example(s) and 28 feature(s).
I0000 00:00:1770399664.159183   38518 gpu.cc:93] Cannot initialize GPU: Not compiled with GPU support
I0000 00:00:1770399664.159421   38518 random_forest.cc:659] num_threads being used: 48
I0000 00:00:1770399739.238008   38878 random_forest.cc:981] Train tree 1/240 [index:41 total:1m15.08s tree:1m15.08s]
I0000 00:00:1770399828.720306   38878 random_forest.cc:981] Train tree 49/240 [index:48 total:2m44.56s tree:1m29.48s]
I0000 00:00:1770399915.000548   38878 random_forest.cc:981] Train tree 97/240 [index:96 total:4m10.84s tree:1m26.28s]
I0000 00:00:1770399999.669866   38878 random_forest.cc:981] Train tree 145/240 [index:144 total:5m35.51s tree:1m24.67s]
I0000 00:00:1770400084.102052   38878 random_forest.cc:981] Train tree 193/240 [index:192 total:6m59.94s tree:1m24.43s]
I0000 00:00:1770400102.175395   38518 random_forest.cc:990] random_forest.cc Training block took: 438.016 s
I0000 00:00:1770400102.175440   38518 random_forest.cc:1062] After Random Forest Training block. RETURNING EARLY TO SPEED UP XPS!!
-1 (automatic) threads requested. 48 threads set.
Configuring oblique splits
Using Dynamic Random Histogram with 256 samples


======== Running Dynamic Random Histogram [Oblique] with 256 bins threshold=2600 ========

./bazel-bin/examples/train_oblique_forest --input_mode csv --train_csv "benchmarks/data/HIGGS_with_header.csv" --label_col "class" --feature_split_type "Oblique" --numerical_split_type "Dynamic Random Histogram" --num_trees=240 --num_threads=-1 --compute_oob_performances=false --histogram_num_bins=256 --dynamic_split_threshold=2600


Inferring DataSpec from CSV: benchmarks/data/HIGGS_with_header.csv


WARNING: All log messages before absl::InitializeLog() is called are written to STDERR
I0000 00:00:1770400109.565631   40589 csv_example_reader.cc:212] 0 row(s) processed
I0000 00:00:1770400109.574857   40589 csv_example_reader.cc:216] Stop scanning the csv file to infer the type. Some records were not considered.
I0000 00:00:1770400109.574872   40589 data_spec_inference.cc:457] 29 column(s) found
I0000 00:00:1770400109.574885   40589 csv_example_reader.cc:303] 0 row(s) processed
I0000 00:00:1770400139.574968   40589 csv_example_reader.cc:303] 8220430 row(s) processed
I0000 00:00:1770400149.685440   40589 data_spec_inference.cc:494] Finalizing [11000000 row(s) found]
I0000 00:00:1770400149.685543   40589 abstract_learner.cc:155] No input feature explicitly specified. Using all the available input features.
I0000 00:00:1770400149.685545   40589 abstract_learner.cc:172] The label "class" was removed from the input feature set.
I0000 00:00:1770400149.686087   40589 vertical_dataset_io.cc:82] 100 examples scanned.
I0000 00:00:1770400179.686525   40589 vertical_dataset_io.cc:82] 7608900 examples scanned.
I0000 00:00:1770400193.886101   40589 vertical_dataset_io.cc:88] 11000000 examples read. Memory: usage:1276MB allocated:1276MB. 0 (0%) examples have been skipped.
I0000 00:00:1770400193.886174   40589 abstract_learner.cc:155] No input feature explicitly specified. Using all the available input features.
I0000 00:00:1770400193.886179   40589 abstract_learner.cc:172] The label "class" was removed from the input feature set.
I0000 00:00:1770400193.886199   40589 random_forest.cc:465] Training random forest on 11000000 example(s) and 28 feature(s).
I0000 00:00:1770400193.886210   40589 gpu.cc:93] Cannot initialize GPU: Not compiled with GPU support
I0000 00:00:1770400193.886458   40589 random_forest.cc:659] num_threads being used: 48
I0000 00:00:1770400278.311414   40928 random_forest.cc:981] Train tree 1/240 [index:24 total:1m24.42s tree:1m24.42s]
I0000 00:00:1770400363.832292   40954 random_forest.cc:981] Train tree 49/240 [index:52 total:2m49.95s tree:1m24.98s]
I0000 00:00:1770400448.882338   40955 random_forest.cc:981] Train tree 97/240 [index:115 total:4m15.00s tree:1m21.72s]
I0000 00:00:1770400533.162922   40935 random_forest.cc:981] Train tree 145/240 [index:190 total:5m39.28s tree:1m14.57s]
I0000 00:00:1770400589.763558   40931 random_forest.cc:981] Train tree 193/240 [index:198 total:6m35.88s tree:51.85s]
I0000 00:00:1770400620.225764   40935 random_forest.cc:981] Train tree 194/240 [index:192 total:7m6.34s tree:1m27.06s]
I0000 00:00:1770400633.089867   40589 random_forest.cc:990] random_forest.cc Training block took: 439.204 s
I0000 00:00:1770400633.089911   40589 random_forest.cc:1062] After Random Forest Training block. RETURNING EARLY TO SPEED UP XPS!!
-1 (automatic) threads requested. 48 threads set.
Configuring oblique splits
Using Dynamic Random Histogram with 256 samples


======== Running Dynamic Random Histogram [Oblique] with 256 bins threshold=3100 ========

./bazel-bin/examples/train_oblique_forest --input_mode csv --train_csv "benchmarks/data/HIGGS_with_header.csv" --label_col "class" --feature_split_type "Oblique" --numerical_split_type "Dynamic Random Histogram" --num_trees=240 --num_threads=-1 --compute_oob_performances=false --histogram_num_bins=256 --dynamic_split_threshold=3100


Inferring DataSpec from CSV: benchmarks/data/HIGGS_with_header.csv


WARNING: All log messages before absl::InitializeLog() is called are written to STDERR
I0000 00:00:1770400640.582456   42661 csv_example_reader.cc:212] 0 row(s) processed
I0000 00:00:1770400640.591706   42661 csv_example_reader.cc:216] Stop scanning the csv file to infer the type. Some records were not considered.
I0000 00:00:1770400640.591723   42661 data_spec_inference.cc:457] 29 column(s) found
I0000 00:00:1770400640.591737   42661 csv_example_reader.cc:303] 0 row(s) processed
I0000 00:00:1770400670.591834   42661 csv_example_reader.cc:303] 8264620 row(s) processed
I0000 00:00:1770400680.509717   42661 data_spec_inference.cc:494] Finalizing [11000000 row(s) found]
I0000 00:00:1770400680.509820   42661 abstract_learner.cc:155] No input feature explicitly specified. Using all the available input features.
I0000 00:00:1770400680.509823   42661 abstract_learner.cc:172] The label "class" was removed from the input feature set.
I0000 00:00:1770400680.510373   42661 vertical_dataset_io.cc:82] 100 examples scanned.
I0000 00:00:1770400710.510727   42661 vertical_dataset_io.cc:82] 7604200 examples scanned.
I0000 00:00:1770400724.749154   42661 vertical_dataset_io.cc:88] 11000000 examples read. Memory: usage:1276MB allocated:1276MB. 0 (0%) examples have been skipped.
I0000 00:00:1770400724.749227   42661 abstract_learner.cc:155] No input feature explicitly specified. Using all the available input features.
I0000 00:00:1770400724.749232   42661 abstract_learner.cc:172] The label "class" was removed from the input feature set.
I0000 00:00:1770400724.749254   42661 random_forest.cc:465] Training random forest on 11000000 example(s) and 28 feature(s).
I0000 00:00:1770400724.749264   42661 gpu.cc:93] Cannot initialize GPU: Not compiled with GPU support
I0000 00:00:1770400724.749506   42661 random_forest.cc:659] num_threads being used: 48
I0000 00:00:1770400809.362059   43029 random_forest.cc:981] Train tree 1/240 [index:4 total:1m24.61s tree:1m24.61s]
I0000 00:00:1770400895.181382   43022 random_forest.cc:981] Train tree 49/240 [index:94 total:2m50.43s tree:1m20.52s]
I0000 00:00:1770400982.025946   43004 random_forest.cc:981] Train tree 97/240 [index:98 total:4m17.28s tree:1m25.84s]
I0000 00:00:1770401068.382586   43004 random_forest.cc:981] Train tree 145/240 [index:144 total:5m43.63s tree:1m26.35s]
I0000 00:00:1770401154.950921   43004 random_forest.cc:981] Train tree 193/240 [index:192 total:7m10.20s tree:1m26.57s]
I0000 00:00:1770401166.391049   42661 random_forest.cc:990] random_forest.cc Training block took: 441.642 s
I0000 00:00:1770401166.391096   42661 random_forest.cc:1062] After Random Forest Training block. RETURNING EARLY TO SPEED UP XPS!!
-1 (automatic) threads requested. 48 threads set.
Configuring oblique splits
Using Dynamic Random Histogram with 256 samples


======== Running Dynamic Random Histogram [Oblique] with 256 bins threshold=4100 ========

./bazel-bin/examples/train_oblique_forest --input_mode csv --train_csv "benchmarks/data/HIGGS_with_header.csv" --label_col "class" --feature_split_type "Oblique" --numerical_split_type "Dynamic Random Histogram" --num_trees=240 --num_threads=-1 --compute_oob_performances=false --histogram_num_bins=256 --dynamic_split_threshold=4100


Inferring DataSpec from CSV: benchmarks/data/HIGGS_with_header.csv


WARNING: All log messages before absl::InitializeLog() is called are written to STDERR
I0000 00:00:1770401173.866029   44740 csv_example_reader.cc:212] 0 row(s) processed
I0000 00:00:1770401173.874496   44740 csv_example_reader.cc:216] Stop scanning the csv file to infer the type. Some records were not considered.
I0000 00:00:1770401173.874512   44740 data_spec_inference.cc:457] 29 column(s) found
I0000 00:00:1770401173.874525   44740 csv_example_reader.cc:303] 0 row(s) processed
I0000 00:00:1770401203.874623   44740 csv_example_reader.cc:303] 8265892 row(s) processed
I0000 00:00:1770401213.794080   44740 data_spec_inference.cc:494] Finalizing [11000000 row(s) found]
I0000 00:00:1770401213.794180   44740 abstract_learner.cc:155] No input feature explicitly specified. Using all the available input features.
I0000 00:00:1770401213.794182   44740 abstract_learner.cc:172] The label "class" was removed from the input feature set.
I0000 00:00:1770401213.794729   44740 vertical_dataset_io.cc:82] 100 examples scanned.
I0000 00:00:1770401243.794908   44740 vertical_dataset_io.cc:82] 7608900 examples scanned.
I0000 00:00:1770401257.988861   44740 vertical_dataset_io.cc:88] 11000000 examples read. Memory: usage:1276MB allocated:1276MB. 0 (0%) examples have been skipped.
I0000 00:00:1770401257.988934   44740 abstract_learner.cc:155] No input feature explicitly specified. Using all the available input features.
I0000 00:00:1770401257.988939   44740 abstract_learner.cc:172] The label "class" was removed from the input feature set.
I0000 00:00:1770401257.988959   44740 random_forest.cc:465] Training random forest on 11000000 example(s) and 28 feature(s).
I0000 00:00:1770401257.988970   44740 gpu.cc:93] Cannot initialize GPU: Not compiled with GPU support
I0000 00:00:1770401257.989213   44740 random_forest.cc:659] num_threads being used: 48
I0000 00:00:1770401343.088914   45088 random_forest.cc:981] Train tree 1/240 [index:28 total:1m25.10s tree:1m25.10s]
I0000 00:00:1770401428.980756   45101 random_forest.cc:981] Train tree 49/240 [index:51 total:2m50.99s tree:1m25.26s]
I0000 00:00:1770401515.703857   45101 random_forest.cc:981] Train tree 97/240 [index:96 total:4m17.71s tree:1m26.72s]
I0000 00:00:1770401603.468993   45101 random_forest.cc:981] Train tree 145/240 [index:144 total:5m45.48s tree:1m27.76s]
I0000 00:00:1770401691.221653   45101 random_forest.cc:981] Train tree 193/240 [index:192 total:7m13.23s tree:1m27.75s]
I0000 00:00:1770401704.825381   44740 random_forest.cc:990] random_forest.cc Training block took: 446.836 s
I0000 00:00:1770401704.825431   44740 random_forest.cc:1062] After Random Forest Training block. RETURNING EARLY TO SPEED UP XPS!!
-1 (automatic) threads requested. 48 threads set.
Configuring oblique splits
Using Dynamic Random Histogram with 256 samples


======== VECTORIZED EXPERIMENTS [AVX512] (Oblique only) histogram_num_bins=256 ========

USING INSTRUCTION SET: AVX512


======== Running Dynamic Random Histogram [VECTORIZE: AVX512] with 256 bins threshold=100 ========

./bazel-bin/examples/train_oblique_forest --input_mode csv --train_csv "benchmarks/data/HIGGS_with_header.csv" --label_col "class" --numerical_split_type "Dynamic Random Histogram" --num_trees=240 --num_threads=-1 --compute_oob_performances=false --histogram_num_bins=256 --dynamic_split_threshold=100


Inferring DataSpec from CSV: benchmarks/data/HIGGS_with_header.csv


WARNING: All log messages before absl::InitializeLog() is called are written to STDERR
I0000 00:00:1770401748.025835   48480 csv_example_reader.cc:212] 0 row(s) processed
I0000 00:00:1770401748.035383   48480 csv_example_reader.cc:216] Stop scanning the csv file to infer the type. Some records were not considered.
I0000 00:00:1770401748.035398   48480 data_spec_inference.cc:457] 29 column(s) found
I0000 00:00:1770401748.035413   48480 csv_example_reader.cc:303] 0 row(s) processed
I0000 00:00:1770401778.035507   48480 csv_example_reader.cc:303] 8339483 row(s) processed
I0000 00:00:1770401787.607832   48480 data_spec_inference.cc:494] Finalizing [11000000 row(s) found]
I0000 00:00:1770401787.607924   48480 abstract_learner.cc:155] No input feature explicitly specified. Using all the available input features.
I0000 00:00:1770401787.607927   48480 abstract_learner.cc:172] The label "class" was removed from the input feature set.
I0000 00:00:1770401787.608465   48480 vertical_dataset_io.cc:82] 100 examples scanned.
I0000 00:00:1770401817.608776   48480 vertical_dataset_io.cc:82] 7624900 examples scanned.
I0000 00:00:1770401831.700981   48480 vertical_dataset_io.cc:88] 11000000 examples read. Memory: usage:1276MB allocated:1276MB. 0 (0%) examples have been skipped.
I0000 00:00:1770401831.701058   48480 abstract_learner.cc:155] No input feature explicitly specified. Using all the available input features.
I0000 00:00:1770401831.701064   48480 abstract_learner.cc:172] The label "class" was removed from the input feature set.
I0000 00:00:1770401831.701084   48480 random_forest.cc:465] Training random forest on 11000000 example(s) and 28 feature(s).
I0000 00:00:1770401831.701096   48480 gpu.cc:93] Cannot initialize GPU: Not compiled with GPU support
I0000 00:00:1770401831.701336   48480 random_forest.cc:659] num_threads being used: 48
I0000 00:00:1770401919.625001   48839 random_forest.cc:981] Train tree 1/240 [index:34 total:1m27.92s tree:1m27.92s]
I0000 00:00:1770402006.002902   48835 random_forest.cc:981] Train tree 49/240 [index:70 total:2m54.30s tree:1m24.87s]
I0000 00:00:1770402096.081467   48835 random_forest.cc:981] Train tree 97/240 [index:96 total:4m24.38s tree:1m30.08s]
I0000 00:00:1770402186.181085   48835 random_forest.cc:981] Train tree 145/240 [index:144 total:5m54.48s tree:1m30.10s]
I0000 00:00:1770402275.412872   48835 random_forest.cc:981] Train tree 193/240 [index:192 total:7m23.71s tree:1m29.23s]
I0000 00:00:1770402283.719061   48480 random_forest.cc:990] random_forest.cc Training block took: 452.018 s
I0000 00:00:1770402283.719107   48480 random_forest.cc:1062] After Random Forest Training block. RETURNING EARLY TO SPEED UP XPS!!
-1 (automatic) threads requested. 48 threads set.
Configuring oblique splits
Using Dynamic Random Histogram with 256 samples


======== Running Dynamic Random Histogram [VECTORIZE: AVX512] with 256 bins threshold=600 ========

./bazel-bin/examples/train_oblique_forest --input_mode csv --train_csv "benchmarks/data/HIGGS_with_header.csv" --label_col "class" --numerical_split_type "Dynamic Random Histogram" --num_trees=240 --num_threads=-1 --compute_oob_performances=false --histogram_num_bins=256 --dynamic_split_threshold=600


Inferring DataSpec from CSV: benchmarks/data/HIGGS_with_header.csv


WARNING: All log messages before absl::InitializeLog() is called are written to STDERR
I0000 00:00:1770402291.520751   50599 csv_example_reader.cc:212] 0 row(s) processed
I0000 00:00:1770402291.529086   50599 csv_example_reader.cc:216] Stop scanning the csv file to infer the type. Some records were not considered.
I0000 00:00:1770402291.529103   50599 data_spec_inference.cc:457] 29 column(s) found
I0000 00:00:1770402291.529116   50599 csv_example_reader.cc:303] 0 row(s) processed
I0000 00:00:1770402321.529207   50599 csv_example_reader.cc:303] 8356515 row(s) processed
I0000 00:00:1770402331.015900   50599 data_spec_inference.cc:494] Finalizing [11000000 row(s) found]
I0000 00:00:1770402331.016004   50599 abstract_learner.cc:155] No input feature explicitly specified. Using all the available input features.
I0000 00:00:1770402331.016006   50599 abstract_learner.cc:172] The label "class" was removed from the input feature set.
I0000 00:00:1770402331.016564   50599 vertical_dataset_io.cc:82] 100 examples scanned.
I0000 00:00:1770402361.016627   50599 vertical_dataset_io.cc:82] 7597100 examples scanned.
I0000 00:00:1770402375.250697   50599 vertical_dataset_io.cc:88] 11000000 examples read. Memory: usage:1276MB allocated:1276MB. 0 (0%) examples have been skipped.
I0000 00:00:1770402375.250769   50599 abstract_learner.cc:155] No input feature explicitly specified. Using all the available input features.
I0000 00:00:1770402375.250774   50599 abstract_learner.cc:172] The label "class" was removed from the input feature set.
I0000 00:00:1770402375.250795   50599 random_forest.cc:465] Training random forest on 11000000 example(s) and 28 feature(s).
I0000 00:00:1770402375.250805   50599 gpu.cc:93] Cannot initialize GPU: Not compiled with GPU support
I0000 00:00:1770402375.251046   50599 random_forest.cc:659] num_threads being used: 48
I0000 00:00:1770402437.295645   50966 random_forest.cc:981] Train tree 1/240 [index:36 total:1m2.04s tree:1m2.04s]
I0000 00:00:1770402492.541755   50945 random_forest.cc:981] Train tree 49/240 [index:74 total:1m57.29s tree:53.39s]
I0000 00:00:1770402556.361588   50945 random_forest.cc:981] Train tree 97/240 [index:96 total:3m1.11s tree:1m3.82s]
I0000 00:00:1770402620.300520   50945 random_forest.cc:981] Train tree 145/240 [index:144 total:4m5.05s tree:1m3.94s]
I0000 00:00:1770402683.718170   50945 random_forest.cc:981] Train tree 193/240 [index:192 total:5m8.47s tree:1m3.41s]
I0000 00:00:1770402696.420534   50599 random_forest.cc:990] random_forest.cc Training block took: 321.17 s
I0000 00:00:1770402696.420581   50599 random_forest.cc:1062] After Random Forest Training block. RETURNING EARLY TO SPEED UP XPS!!
-1 (automatic) threads requested. 48 threads set.
Configuring oblique splits
Using Dynamic Random Histogram with 256 samples


======== Running Dynamic Random Histogram [VECTORIZE: AVX512] with 256 bins threshold=1100 ========

./bazel-bin/examples/train_oblique_forest --input_mode csv --train_csv "benchmarks/data/HIGGS_with_header.csv" --label_col "class" --numerical_split_type "Dynamic Random Histogram" --num_trees=240 --num_threads=-1 --compute_oob_performances=false --histogram_num_bins=256 --dynamic_split_threshold=1100


Inferring DataSpec from CSV: benchmarks/data/HIGGS_with_header.csv


WARNING: All log messages before absl::InitializeLog() is called are written to STDERR
I0000 00:00:1770402704.095764   52216 csv_example_reader.cc:212] 0 row(s) processed
I0000 00:00:1770402704.103948   52216 csv_example_reader.cc:216] Stop scanning the csv file to infer the type. Some records were not considered.
I0000 00:00:1770402704.103964   52216 data_spec_inference.cc:457] 29 column(s) found
I0000 00:00:1770402704.103978   52216 csv_example_reader.cc:303] 0 row(s) processed
I0000 00:00:1770402734.104069   52216 csv_example_reader.cc:303] 8351681 row(s) processed
I0000 00:00:1770402743.591270   52216 data_spec_inference.cc:494] Finalizing [11000000 row(s) found]
I0000 00:00:1770402743.591373   52216 abstract_learner.cc:155] No input feature explicitly specified. Using all the available input features.
I0000 00:00:1770402743.591375   52216 abstract_learner.cc:172] The label "class" was removed from the input feature set.
I0000 00:00:1770402743.591925   52216 vertical_dataset_io.cc:82] 100 examples scanned.
I0000 00:00:1770402773.592246   52216 vertical_dataset_io.cc:82] 7630400 examples scanned.
I0000 00:00:1770402787.663711   52216 vertical_dataset_io.cc:88] 11000000 examples read. Memory: usage:1276MB allocated:1276MB. 0 (0%) examples have been skipped.
I0000 00:00:1770402787.663788   52216 abstract_learner.cc:155] No input feature explicitly specified. Using all the available input features.
I0000 00:00:1770402787.663793   52216 abstract_learner.cc:172] The label "class" was removed from the input feature set.
I0000 00:00:1770402787.663813   52216 random_forest.cc:465] Training random forest on 11000000 example(s) and 28 feature(s).
I0000 00:00:1770402787.663823   52216 gpu.cc:93] Cannot initialize GPU: Not compiled with GPU support
I0000 00:00:1770402787.664067   52216 random_forest.cc:659] num_threads being used: 48
I0000 00:00:1770402850.136087   52563 random_forest.cc:981] Train tree 1/240 [index:34 total:1m2.47s tree:1m2.47s]
I0000 00:00:1770402913.197504   52575 random_forest.cc:981] Train tree 49/240 [index:79 total:2m5.53s tree:1m1.77s]
I0000 00:00:1770402976.410622   52565 random_forest.cc:981] Train tree 97/240 [index:98 total:3m8.75s tree:1m3.05s]
I0000 00:00:1770403040.038439   52568 random_forest.cc:981] Train tree 145/240 [index:152 total:4m12.37s tree:1m2.57s]
I0000 00:00:1770403100.355598   52573 random_forest.cc:981] Train tree 193/240 [index:206 total:5m12.69s tree:58.69s]
I0000 00:00:1770403109.962321   52216 random_forest.cc:990] random_forest.cc Training block took: 322.299 s
I0000 00:00:1770403109.962369   52216 random_forest.cc:1062] After Random Forest Training block. RETURNING EARLY TO SPEED UP XPS!!
-1 (automatic) threads requested. 48 threads set.
Configuring oblique splits
Using Dynamic Random Histogram with 256 samples


======== Running Dynamic Random Histogram [VECTORIZE: AVX512] with 256 bins threshold=1600 ========

./bazel-bin/examples/train_oblique_forest --input_mode csv --train_csv "benchmarks/data/HIGGS_with_header.csv" --label_col "class" --numerical_split_type "Dynamic Random Histogram" --num_trees=240 --num_threads=-1 --compute_oob_performances=false --histogram_num_bins=256 --dynamic_split_threshold=1600


Inferring DataSpec from CSV: benchmarks/data/HIGGS_with_header.csv


WARNING: All log messages before absl::InitializeLog() is called are written to STDERR
I0000 00:00:1770403117.589258   53850 csv_example_reader.cc:212] 0 row(s) processed
I0000 00:00:1770403117.597449   53850 csv_example_reader.cc:216] Stop scanning the csv file to infer the type. Some records were not considered.
I0000 00:00:1770403117.597464   53850 data_spec_inference.cc:457] 29 column(s) found
I0000 00:00:1770403117.597476   53850 csv_example_reader.cc:303] 0 row(s) processed
I0000 00:00:1770403147.597565   53850 csv_example_reader.cc:303] 8341541 row(s) processed
I0000 00:00:1770403157.162995   53850 data_spec_inference.cc:494] Finalizing [11000000 row(s) found]
I0000 00:00:1770403157.163097   53850 abstract_learner.cc:155] No input feature explicitly specified. Using all the available input features.
I0000 00:00:1770403157.163099   53850 abstract_learner.cc:172] The label "class" was removed from the input feature set.
I0000 00:00:1770403157.163644   53850 vertical_dataset_io.cc:82] 100 examples scanned.
I0000 00:00:1770403187.163855   53850 vertical_dataset_io.cc:82] 7625800 examples scanned.
I0000 00:00:1770403201.266151   53850 vertical_dataset_io.cc:88] 11000000 examples read. Memory: usage:1276MB allocated:1276MB. 0 (0%) examples have been skipped.
I0000 00:00:1770403201.266226   53850 abstract_learner.cc:155] No input feature explicitly specified. Using all the available input features.
I0000 00:00:1770403201.266232   53850 abstract_learner.cc:172] The label "class" was removed from the input feature set.
I0000 00:00:1770403201.266253   53850 random_forest.cc:465] Training random forest on 11000000 example(s) and 28 feature(s).
I0000 00:00:1770403201.266263   53850 gpu.cc:93] Cannot initialize GPU: Not compiled with GPU support
I0000 00:00:1770403201.266507   53850 random_forest.cc:659] num_threads being used: 48
I0000 00:00:1770403264.294473   54194 random_forest.cc:981] Train tree 1/240 [index:28 total:1m3.03s tree:1m3.02s]
I0000 00:00:1770403328.650845   54206 random_forest.cc:981] Train tree 49/240 [index:66 total:2m7.38s tree:1m3.14s]
I0000 00:00:1770403392.239331   54206 random_forest.cc:981] Train tree 97/240 [index:96 total:3m10.97s tree:1m3.59s]
I0000 00:00:1770403455.816818   54206 random_forest.cc:981] Train tree 145/240 [index:144 total:4m14.55s tree:1m3.57s]
I0000 00:00:1770403519.618904   54206 random_forest.cc:981] Train tree 193/240 [index:192 total:5m18.35s tree:1m3.80s]
I0000 00:00:1770403527.842596   53850 random_forest.cc:990] random_forest.cc Training block took: 326.576 s
I0000 00:00:1770403527.842644   53850 random_forest.cc:1062] After Random Forest Training block. RETURNING EARLY TO SPEED UP XPS!!
-1 (automatic) threads requested. 48 threads set.
Configuring oblique splits
Using Dynamic Random Histogram with 256 samples


======== Running Dynamic Random Histogram [VECTORIZE: AVX512] with 256 bins threshold=2100 ========

./bazel-bin/examples/train_oblique_forest --input_mode csv --train_csv "benchmarks/data/HIGGS_with_header.csv" --label_col "class" --numerical_split_type "Dynamic Random Histogram" --num_trees=240 --num_threads=-1 --compute_oob_performances=false --histogram_num_bins=256 --dynamic_split_threshold=2100


Inferring DataSpec from CSV: benchmarks/data/HIGGS_with_header.csv


WARNING: All log messages before absl::InitializeLog() is called are written to STDERR
I0000 00:00:1770403535.471364   55491 csv_example_reader.cc:212] 0 row(s) processed
I0000 00:00:1770403535.479543   55491 csv_example_reader.cc:216] Stop scanning the csv file to infer the type. Some records were not considered.
I0000 00:00:1770403535.479559   55491 data_spec_inference.cc:457] 29 column(s) found
I0000 00:00:1770403535.479572   55491 csv_example_reader.cc:303] 0 row(s) processed
I0000 00:00:1770403565.479645   55491 csv_example_reader.cc:303] 8320312 row(s) processed
I0000 00:00:1770403575.124463   55491 data_spec_inference.cc:494] Finalizing [11000000 row(s) found]
I0000 00:00:1770403575.124565   55491 abstract_learner.cc:155] No input feature explicitly specified. Using all the available input features.
I0000 00:00:1770403575.124567   55491 abstract_learner.cc:172] The label "class" was removed from the input feature set.
I0000 00:00:1770403575.125107   55491 vertical_dataset_io.cc:82] 100 examples scanned.
I0000 00:00:1770403605.125580   55491 vertical_dataset_io.cc:82] 7671800 examples scanned.
I0000 00:00:1770403618.936775   55491 vertical_dataset_io.cc:88] 11000000 examples read. Memory: usage:1276MB allocated:1276MB. 0 (0%) examples have been skipped.
I0000 00:00:1770403618.936845   55491 abstract_learner.cc:155] No input feature explicitly specified. Using all the available input features.
I0000 00:00:1770403618.936850   55491 abstract_learner.cc:172] The label "class" was removed from the input feature set.
I0000 00:00:1770403618.936870   55491 random_forest.cc:465] Training random forest on 11000000 example(s) and 28 feature(s).
I0000 00:00:1770403618.936879   55491 gpu.cc:93] Cannot initialize GPU: Not compiled with GPU support
I0000 00:00:1770403618.937111   55491 random_forest.cc:659] num_threads being used: 48
I0000 00:00:1770403675.326117   55850 random_forest.cc:981] Train tree 1/240 [index:41 total:56.39s tree:56.39s]
I0000 00:00:1770403741.664628   55850 random_forest.cc:981] Train tree 49/240 [index:48 total:2m2.73s tree:1m6.34s]
I0000 00:00:1770403806.821868   55850 random_forest.cc:981] Train tree 97/240 [index:96 total:3m7.88s tree:1m5.15s]
I0000 00:00:1770403871.481902   55850 random_forest.cc:981] Train tree 145/240 [index:144 total:4m12.54s tree:1m4.66s]
I0000 00:00:1770403935.338840   55850 random_forest.cc:981] Train tree 193/240 [index:192 total:5m16.40s tree:1m3.85s]
I0000 00:00:1770403949.206705   55491 random_forest.cc:990] random_forest.cc Training block took: 330.27 s
I0000 00:00:1770403949.206752   55491 random_forest.cc:1062] After Random Forest Training block. RETURNING EARLY TO SPEED UP XPS!!
-1 (automatic) threads requested. 48 threads set.
Configuring oblique splits
Using Dynamic Random Histogram with 256 samples


======== Running Dynamic Random Histogram [VECTORIZE: AVX512] with 256 bins threshold=2600 ========

./bazel-bin/examples/train_oblique_forest --input_mode csv --train_csv "benchmarks/data/HIGGS_with_header.csv" --label_col "class" --numerical_split_type "Dynamic Random Histogram" --num_trees=240 --num_threads=-1 --compute_oob_performances=false --histogram_num_bins=256 --dynamic_split_threshold=2600


Inferring DataSpec from CSV: benchmarks/data/HIGGS_with_header.csv


WARNING: All log messages before absl::InitializeLog() is called are written to STDERR
I0000 00:00:1770403956.793744   57144 csv_example_reader.cc:212] 0 row(s) processed
I0000 00:00:1770403956.801964   57144 csv_example_reader.cc:216] Stop scanning the csv file to infer the type. Some records were not considered.
I0000 00:00:1770403956.801988   57144 data_spec_inference.cc:457] 29 column(s) found
I0000 00:00:1770403956.802009   57144 csv_example_reader.cc:303] 0 row(s) processed
I0000 00:00:1770403986.802081   57144 csv_example_reader.cc:303] 8320789 row(s) processed
I0000 00:00:1770403996.434892   57144 data_spec_inference.cc:494] Finalizing [11000000 row(s) found]
I0000 00:00:1770403996.434995   57144 abstract_learner.cc:155] No input feature explicitly specified. Using all the available input features.
I0000 00:00:1770403996.434998   57144 abstract_learner.cc:172] The label "class" was removed from the input feature set.
I0000 00:00:1770403996.435529   57144 vertical_dataset_io.cc:82] 100 examples scanned.
I0000 00:00:1770404026.435702   57144 vertical_dataset_io.cc:82] 7591300 examples scanned.
I0000 00:00:1770404040.739076   57144 vertical_dataset_io.cc:88] 11000000 examples read. Memory: usage:1276MB allocated:1276MB. 0 (0%) examples have been skipped.
I0000 00:00:1770404040.739152   57144 abstract_learner.cc:155] No input feature explicitly specified. Using all the available input features.
I0000 00:00:1770404040.739156   57144 abstract_learner.cc:172] The label "class" was removed from the input feature set.
I0000 00:00:1770404040.739176   57144 random_forest.cc:465] Training random forest on 11000000 example(s) and 28 feature(s).
I0000 00:00:1770404040.739191   57144 gpu.cc:93] Cannot initialize GPU: Not compiled with GPU support
I0000 00:00:1770404040.739435   57144 random_forest.cc:659] num_threads being used: 48
I0000 00:00:1770404105.644555   57467 random_forest.cc:981] Train tree 1/240 [index:4 total:1m4.91s tree:1m4.90s]
I0000 00:00:1770404171.032888   57494 random_forest.cc:981] Train tree 49/240 [index:52 total:2m10.29s tree:1m5.06s]
I0000 00:00:1770404234.255281   57483 random_forest.cc:981] Train tree 97/240 [index:115 total:3m13.52s tree:1m1.68s]
I0000 00:00:1770404298.412657   57480 random_forest.cc:981] Train tree 145/240 [index:190 total:4m17.67s tree:55.86s]
I0000 00:00:1770404343.355475   57500 random_forest.cc:981] Train tree 193/240 [index:198 total:5m2.62s tree:39.77s]
I0000 00:00:1770404364.942477   57480 random_forest.cc:981] Train tree 194/240 [index:192 total:5m24.20s tree:1m6.53s]
I0000 00:00:1770404375.925044   57144 random_forest.cc:990] random_forest.cc Training block took: 335.186 s
I0000 00:00:1770404375.925091   57144 random_forest.cc:1062] After Random Forest Training block. RETURNING EARLY TO SPEED UP XPS!!
-1 (automatic) threads requested. 48 threads set.
Configuring oblique splits
Using Dynamic Random Histogram with 256 samples


======== Running Dynamic Random Histogram [VECTORIZE: AVX512] with 256 bins threshold=3100 ========

./bazel-bin/examples/train_oblique_forest --input_mode csv --train_csv "benchmarks/data/HIGGS_with_header.csv" --label_col "class" --numerical_split_type "Dynamic Random Histogram" --num_trees=240 --num_threads=-1 --compute_oob_performances=false --histogram_num_bins=256 --dynamic_split_threshold=3100


Inferring DataSpec from CSV: benchmarks/data/HIGGS_with_header.csv


WARNING: All log messages before absl::InitializeLog() is called are written to STDERR
I0000 00:00:1770404383.503703   58812 csv_example_reader.cc:212] 0 row(s) processed
I0000 00:00:1770404383.511919   58812 csv_example_reader.cc:216] Stop scanning the csv file to infer the type. Some records were not considered.
I0000 00:00:1770404383.511935   58812 data_spec_inference.cc:457] 29 column(s) found
I0000 00:00:1770404383.511948   58812 csv_example_reader.cc:303] 0 row(s) processed
I0000 00:00:1770404413.512037   58812 csv_example_reader.cc:303] 8344240 row(s) processed
I0000 00:00:1770404423.069176   58812 data_spec_inference.cc:494] Finalizing [11000000 row(s) found]
I0000 00:00:1770404423.069275   58812 abstract_learner.cc:155] No input feature explicitly specified. Using all the available input features.
I0000 00:00:1770404423.069278   58812 abstract_learner.cc:172] The label "class" was removed from the input feature set.
I0000 00:00:1770404423.069815   58812 vertical_dataset_io.cc:82] 100 examples scanned.
I0000 00:00:1770404453.070281   58812 vertical_dataset_io.cc:82] 7621400 examples scanned.
I0000 00:00:1770404467.184243   58812 vertical_dataset_io.cc:88] 11000000 examples read. Memory: usage:1276MB allocated:1276MB. 0 (0%) examples have been skipped.
I0000 00:00:1770404467.184317   58812 abstract_learner.cc:155] No input feature explicitly specified. Using all the available input features.
I0000 00:00:1770404467.184322   58812 abstract_learner.cc:172] The label "class" was removed from the input feature set.
I0000 00:00:1770404467.184341   58812 random_forest.cc:465] Training random forest on 11000000 example(s) and 28 feature(s).
I0000 00:00:1770404467.184352   58812 gpu.cc:93] Cannot initialize GPU: Not compiled with GPU support
I0000 00:00:1770404467.184604   58812 random_forest.cc:659] num_threads being used: 48
I0000 00:00:1770404531.890223   59182 random_forest.cc:981] Train tree 1/240 [index:41 total:1m4.71s tree:1m4.70s]
I0000 00:00:1770404596.879642   59174 random_forest.cc:981] Train tree 49/240 [index:94 total:2m9.70s tree:1m1.88s]
I0000 00:00:1770404663.234780   59174 random_forest.cc:981] Train tree 97/240 [index:96 total:3m16.05s tree:1m6.35s]
I0000 00:00:1770404729.782746   59174 random_forest.cc:981] Train tree 145/240 [index:144 total:4m22.60s tree:1m6.55s]
I0000 00:00:1770404796.717346   59174 random_forest.cc:981] Train tree 193/240 [index:192 total:5m29.53s tree:1m6.93s]
I0000 00:00:1770404804.081213   58812 random_forest.cc:990] random_forest.cc Training block took: 336.897 s
I0000 00:00:1770404804.081260   58812 random_forest.cc:1062] After Random Forest Training block. RETURNING EARLY TO SPEED UP XPS!!
-1 (automatic) threads requested. 48 threads set.
Configuring oblique splits
Using Dynamic Random Histogram with 256 samples


======== Running Dynamic Random Histogram [VECTORIZE: AVX512] with 256 bins threshold=4100 ========

./bazel-bin/examples/train_oblique_forest --input_mode csv --train_csv "benchmarks/data/HIGGS_with_header.csv" --label_col "class" --numerical_split_type "Dynamic Random Histogram" --num_trees=240 --num_threads=-1 --compute_oob_performances=false --histogram_num_bins=256 --dynamic_split_threshold=4100


Inferring DataSpec from CSV: benchmarks/data/HIGGS_with_header.csv


WARNING: All log messages before absl::InitializeLog() is called are written to STDERR
I0000 00:00:1770404811.653788   60499 csv_example_reader.cc:212] 0 row(s) processed
I0000 00:00:1770404811.661994   60499 csv_example_reader.cc:216] Stop scanning the csv file to infer the type. Some records were not considered.
I0000 00:00:1770404811.662009   60499 data_spec_inference.cc:457] 29 column(s) found
I0000 00:00:1770404811.662022   60499 csv_example_reader.cc:303] 0 row(s) processed
I0000 00:00:1770404841.662120   60499 csv_example_reader.cc:303] 8351382 row(s) processed
I0000 00:00:1770404851.177115   60499 data_spec_inference.cc:494] Finalizing [11000000 row(s) found]
I0000 00:00:1770404851.177219   60499 abstract_learner.cc:155] No input feature explicitly specified. Using all the available input features.
I0000 00:00:1770404851.177222   60499 abstract_learner.cc:172] The label "class" was removed from the input feature set.
I0000 00:00:1770404851.177759   60499 vertical_dataset_io.cc:82] 100 examples scanned.
I0000 00:00:1770404881.177890   60499 vertical_dataset_io.cc:82] 7608000 examples scanned.
I0000 00:00:1770404895.381041   60499 vertical_dataset_io.cc:88] 11000000 examples read. Memory: usage:1276MB allocated:1276MB. 0 (0%) examples have been skipped.
I0000 00:00:1770404895.381109   60499 abstract_learner.cc:155] No input feature explicitly specified. Using all the available input features.
I0000 00:00:1770404895.381114   60499 abstract_learner.cc:172] The label "class" was removed from the input feature set.
I0000 00:00:1770404895.381133   60499 random_forest.cc:465] Training random forest on 11000000 example(s) and 28 feature(s).
I0000 00:00:1770404895.381142   60499 gpu.cc:93] Cannot initialize GPU: Not compiled with GPU support
I0000 00:00:1770404895.381382   60499 random_forest.cc:659] num_threads being used: 48
I0000 00:00:1770404962.460475   60816 random_forest.cc:981] Train tree 1/240 [index:4 total:1m7.08s tree:1m7.08s]
I0000 00:00:1770405030.219301   60835 random_forest.cc:981] Train tree 49/240 [index:51 total:2m14.84s tree:1m7.42s]
I0000 00:00:1770405098.362854   60820 random_forest.cc:981] Train tree 97/240 [index:97 total:3m22.98s tree:1m8.06s]
I0000 00:00:1770405166.063147   60815 random_forest.cc:981] Train tree 145/240 [index:152 total:4m30.68s tree:1m6.64s]
I0000 00:00:1770405234.538957   60825 random_forest.cc:981] Train tree 193/240 [index:195 total:5m39.16s tree:1m7.46s]
I0000 00:00:1770405239.048859   60499 random_forest.cc:990] random_forest.cc Training block took: 343.668 s
I0000 00:00:1770405239.048907   60499 random_forest.cc:1062] After Random Forest Training block. RETURNING EARLY TO SPEED UP XPS!!
-1 (automatic) threads requested. 48 threads set.
Configuring oblique splits
Using Dynamic Random Histogram with 256 samples
