=== 2026-09-06T23:46:45Z BITID
bitid exit 0
| task | trees | result |
|---|---:|---|
| task_10093_banknote-authentication | 30 | TREES IDENTICAL (metadata differs; expected for GBT headers) |
| task_37_diabetes | 30 | TREES IDENTICAL (metadata differs; expected for GBT headers) |
| task_9946_wdbc | 30 | TREES IDENTICAL (metadata differs; expected for GBT headers) |
| task_3917_kc1 | 30 | TREES IDENTICAL (metadata differs; expected for GBT headers) |
| task_3902_pc4 | 30 | TREES IDENTICAL (metadata differs; expected for GBT headers) |
| task_9957_qsar-biodeg | 30 | TREES IDENTICAL (metadata differs; expected for GBT headers) |
| task_43_spambase | 30 | TREES IDENTICAL (metadata differs; expected for GBT headers) |
| task_9976_madelon | 30 | TREES IDENTICAL (metadata differs; expected for GBT headers) |
| task_9910_Bioresponse | 30 | TREES IDENTICAL (metadata differs; expected for GBT headers) |
| task_9952_phoneme | 30 | TREES IDENTICAL (metadata differs; expected for GBT headers) |
=== 2026-09-06T23:46:57Z ACCURACY A
acc A exit 0
=== 2026-09-06T23:49:37Z RUNTIME A
rt A exit 0
=== 2026-09-07T00:09:51Z ACCURACY B
acc B exit 0
=== 2026-09-07T00:11:43Z RUNTIME B
rt B exit 0
=== 2026-09-07T00:18:01Z DONE
