

======== NORMAL EXPERIMENTS (no explicit vector ISA) histogram_num_bins=256 ========



======== AXIS ALIGNED EXPERIMENTS feature_split_type=Axis Aligned histogram_num_bins=256 ========



======== Running Exact [Axis Aligned] ========

./bazel-bin/examples/train_oblique_forest --input_mode csv --train_csv "benchmarks/data/HIGGS_with_header.csv" --label_col "class" --feature_split_type "Axis Aligned" --numerical_split_type "Exact" --num_trees=240 --num_threads=-1 --compute_oob_performances=false 


Inferring DataSpec from CSV: benchmarks/data/HIGGS_with_header.csv


WARNING: All log messages before absl::InitializeLog() is called are written to STDERR
I0000 00:00:1770327677.910552    6025 csv_example_reader.cc:212] 0 row(s) processed
I0000 00:00:1770327677.919422    6025 csv_example_reader.cc:216] Stop scanning the csv file to infer the type. Some records were not considered.
I0000 00:00:1770327677.919437    6025 data_spec_inference.cc:457] 29 column(s) found
I0000 00:00:1770327677.919451    6025 csv_example_reader.cc:303] 0 row(s) processed
I0000 00:00:1770327707.919435    6025 csv_example_reader.cc:303] 8252858 row(s) processed
I0000 00:00:1770327717.907390    6025 data_spec_inference.cc:494] Finalizing [11000000 row(s) found]
I0000 00:00:1770327717.907451    6025 train_oblique_forest.cc:381] Num Candidate Attributes: 6
I0000 00:00:1770327717.907494    6025 abstract_learner.cc:155] No input feature explicitly specified. Using all the available input features.
I0000 00:00:1770327717.907496    6025 abstract_learner.cc:172] The label "class" was removed from the input feature set.
I0000 00:00:1770327717.908040    6025 vertical_dataset_io.cc:82] 100 examples scanned.
I0000 00:00:1770327747.908184    6025 vertical_dataset_io.cc:82] 7587700 examples scanned.
I0000 00:00:1770327762.226909    6025 vertical_dataset_io.cc:88] 11000000 examples read. Memory: usage:1276MB allocated:1276MB. 0 (0%) examples have been skipped.
I0000 00:00:1770327762.226984    6025 abstract_learner.cc:155] No input feature explicitly specified. Using all the available input features.
I0000 00:00:1770327762.226989    6025 abstract_learner.cc:172] The label "class" was removed from the input feature set.
I0000 00:00:1770327762.227008    6025 random_forest.cc:465] Training random forest on 11000000 example(s) and 28 feature(s).
I0000 00:00:1770327763.502778    6025 gpu.cc:93] Cannot initialize GPU: Not compiled with GPU support
I0000 00:00:1770327763.503077    6025 random_forest.cc:659] num_threads being used: 48
I0000 00:00:1770327883.250510    6387 random_forest.cc:981] Train tree 1/240 [index:9 total:1m59.75s tree:1m59.75s]
I0000 00:00:1770328003.273627    6426 random_forest.cc:981] Train tree 49/240 [index:51 total:3m59.77s tree:1m59.52s]
I0000 00:00:1770328123.829149    6426 random_forest.cc:981] Train tree 97/240 [index:96 total:6m0.33s tree:2m0.55s]
I0000 00:00:1770328244.848383    6426 random_forest.cc:981] Train tree 145/240 [index:144 total:8m1.35s tree:2m1.02s]
I0000 00:00:1770328366.505592    6426 random_forest.cc:981] Train tree 193/240 [index:192 total:10m3.00s tree:2m1.66s]
I0000 00:00:1770328377.268747    6025 random_forest.cc:990] random_forest.cc Training block took: 615.042 s
I0000 00:00:1770328377.268809    6025 random_forest.cc:1062] After Random Forest Training block. RETURNING EARLY TO SPEED UP XPS!!
-1 (automatic) threads requested. 48 threads set.
Using axis-aligned splits (default behavior)
Using exact splitting
./bazel-bin/examples/train_oblique_forest --input_mode csv --train_csv "benchmarks/data/SUSY_with_header.csv" --label_col "class" --feature_split_type "Axis Aligned" --numerical_split_type "Exact" --num_trees=240 --num_threads=-1 --compute_oob_performances=false 


Inferring DataSpec from CSV: benchmarks/data/SUSY_with_header.csv


WARNING: All log messages before absl::InitializeLog() is called are written to STDERR
I0000 00:00:1770328383.181571    8783 csv_example_reader.cc:212] 0 row(s) processed
I0000 00:00:1770328383.187603    8783 csv_example_reader.cc:216] Stop scanning the csv file to infer the type. Some records were not considered.
I0000 00:00:1770328383.187620    8783 data_spec_inference.cc:457] 19 column(s) found
I0000 00:00:1770328383.187630    8783 csv_example_reader.cc:303] 0 row(s) processed
I0000 00:00:1770328400.414595    8783 data_spec_inference.cc:494] Finalizing [5000000 row(s) found]
I0000 00:00:1770328400.414684    8783 train_oblique_forest.cc:381] Num Candidate Attributes: 5
I0000 00:00:1770328400.414735    8783 abstract_learner.cc:155] No input feature explicitly specified. Using all the available input features.
I0000 00:00:1770328400.414737    8783 abstract_learner.cc:172] The label "class" was removed from the input feature set.
I0000 00:00:1770328400.415150    8783 vertical_dataset_io.cc:82] 100 examples scanned.
I0000 00:00:1770328413.507713    8783 vertical_dataset_io.cc:88] 5000000 examples read. Memory: usage:380MB allocated:380MB. 0 (0%) examples have been skipped.
I0000 00:00:1770328413.507786    8783 abstract_learner.cc:155] No input feature explicitly specified. Using all the available input features.
I0000 00:00:1770328413.507791    8783 abstract_learner.cc:172] The label "class" was removed from the input feature set.
I0000 00:00:1770328413.507810    8783 random_forest.cc:465] Training random forest on 5000000 example(s) and 18 feature(s).
I0000 00:00:1770328414.028739    8783 gpu.cc:93] Cannot initialize GPU: Not compiled with GPU support
I0000 00:00:1770328414.029026    8783 random_forest.cc:659] num_threads being used: 48
I0000 00:00:1770328463.767777    8935 random_forest.cc:981] Train tree 1/240 [index:12 total:49.74s tree:49.74s]
I0000 00:00:1770328512.798045    8940 random_forest.cc:981] Train tree 49/240 [index:50 total:1m38.77s tree:48.88s]
I0000 00:00:1770328561.613794    8940 random_forest.cc:981] Train tree 97/240 [index:96 total:2m27.58s tree:48.82s]
I0000 00:00:1770328610.984664    8970 random_forest.cc:981] Train tree 145/240 [index:152 total:3m16.96s tree:47.73s]
I0000 00:00:1770328659.223818    8970 random_forest.cc:981] Train tree 193/240 [index:192 total:4m5.19s tree:48.24s]
I0000 00:00:1770328667.135934    8783 random_forest.cc:990] random_forest.cc Training block took: 253.628 s
I0000 00:00:1770328667.135986    8783 random_forest.cc:1062] After Random Forest Training block. RETURNING EARLY TO SPEED UP XPS!!
-1 (automatic) threads requested. 48 threads set.
Using axis-aligned splits (default behavior)
Using exact splitting
./bazel-bin/examples/train_oblique_forest --input_mode csv --train_csv "benchmarks/data/epsilon_normalized_train.csv" --label_col "label" --feature_split_type "Axis Aligned" --numerical_split_type "Exact" --num_trees=240 --num_threads=-1 --compute_oob_performances=false 


Inferring DataSpec from CSV: benchmarks/data/epsilon_normalized_train.csv


WARNING: All log messages before absl::InitializeLog() is called are written to STDERR
I0000 00:00:1770328669.601922    9939 csv_example_reader.cc:212] 0 row(s) processed
I0000 00:00:1770328670.154095    9939 csv_example_reader.cc:216] Stop scanning the csv file to infer the type. Some records were not considered.
I0000 00:00:1770328670.154283    9939 data_spec_inference.cc:457] 2001 column(s) found
I0000 00:00:1770328670.156865    9939 csv_example_reader.cc:303] 0 row(s) processed
I0000 00:00:1770328700.156927    9939 csv_example_reader.cc:303] 103800 row(s) processed
I0000 00:00:1770328730.157059    9939 csv_example_reader.cc:303] 204044 row(s) processed
I0000 00:00:1770328760.157403    9939 csv_example_reader.cc:303] 304288 row(s) processed
I0000 00:00:1770328788.802927    9939 data_spec_inference.cc:494] Finalizing [400000 row(s) found]
I0000 00:00:1770328788.803023    9939 train_oblique_forest.cc:381] Num Candidate Attributes: 45
I0000 00:00:1770328788.803181    9939 abstract_learner.cc:155] No input feature explicitly specified. Using all the available input features.
I0000 00:00:1770328788.803185    9939 abstract_learner.cc:172] The label "label" was removed from the input feature set.
I0000 00:00:1770328788.832733    9939 vertical_dataset_io.cc:82] 100 examples scanned.
I0000 00:00:1770328818.846512    9939 vertical_dataset_io.cc:82] 102900 examples scanned.
I0000 00:00:1770328848.872730    9939 vertical_dataset_io.cc:82] 196400 examples scanned.
I0000 00:00:1770328878.897146    9939 vertical_dataset_io.cc:82] 287400 examples scanned.
I0000 00:00:1770328908.902533    9939 vertical_dataset_io.cc:82] 380200 examples scanned.
I0000 00:00:1770328916.564622    9939 vertical_dataset_io.cc:88] 400000 examples read. Memory: usage:3201MB allocated:3201MB. 0 (0%) examples have been skipped.
I0000 00:00:1770328916.565121    9939 abstract_learner.cc:155] No input feature explicitly specified. Using all the available input features.
I0000 00:00:1770328916.565166    9939 abstract_learner.cc:172] The label "label" was removed from the input feature set.
I0000 00:00:1770328916.565371    9939 random_forest.cc:465] Training random forest on 400000 example(s) and 2000 feature(s).
I0000 00:00:1770328918.032710    9939 gpu.cc:93] Cannot initialize GPU: Not compiled with GPU support
I0000 00:00:1770328918.033215    9939 random_forest.cc:659] num_threads being used: 48
I0000 00:00:1770328937.535552   10949 random_forest.cc:981] Train tree 1/240 [index:3 total:19.50s tree:19.50s]
I0000 00:00:1770328957.536151   10975 random_forest.cc:981] Train tree 64/240 [index:60 total:39.50s tree:19.81s]
I0000 00:00:1770328977.560088   10988 random_forest.cc:981] Train tree 123/240 [index:122 total:59.53s tree:19.92s]
I0000 00:00:1770328997.569661   10958 random_forest.cc:981] Train tree 178/240 [index:183 total:1m19.54s tree:19.79s]
I0000 00:00:1770329017.616325   10973 random_forest.cc:981] Train tree 234/240 [index:234 total:1m39.58s tree:19.78s]
I0000 00:00:1770329019.288814    9939 random_forest.cc:990] random_forest.cc Training block took: 102.724 s
I0000 00:00:1770329019.288866    9939 random_forest.cc:1062] After Random Forest Training block. RETURNING EARLY TO SPEED UP XPS!!
-1 (automatic) threads requested. 48 threads set.
Using axis-aligned splits (default behavior)
Using exact splitting
./bazel-bin/examples/train_oblique_forest --input_mode csv --train_csv "benchmarks/data/cc18_binary_csv/task_14965_bank-marketing/repeat0_fold0_sample0_train.csv" --label_col "Class" --feature_split_type "Axis Aligned" --numerical_split_type "Exact" --num_trees=240 --num_threads=-1 --compute_oob_performances=false 


Inferring DataSpec from CSV: benchmarks/data/cc18_binary_csv/task_14965_bank-marketing/repeat0_fold0_sample0_train.csv


WARNING: All log messages before absl::InitializeLog() is called are written to STDERR
I0000 00:00:1770329019.708368   11381 csv_example_reader.cc:212] 0 row(s) processed
I0000 00:00:1770329019.711366   11381 csv_example_reader.cc:216] Stop scanning the csv file to infer the type. Some records were not considered.
I0000 00:00:1770329019.711380   11381 data_spec_inference.cc:457] 17 column(s) found
I0000 00:00:1770329019.711390   11381 csv_example_reader.cc:303] 0 row(s) processed
I0000 00:00:1770329019.752977   11381 data_spec_inference.cc:494] Finalizing [40689 row(s) found]
I0000 00:00:1770329019.753021   11381 train_oblique_forest.cc:381] Num Candidate Attributes: 3
I0000 00:00:1770329019.753063   11381 abstract_learner.cc:155] No input feature explicitly specified. Using all the available input features.
I0000 00:00:1770329019.753065   11381 abstract_learner.cc:172] The label "Class" was removed from the input feature set.
I0000 00:00:1770329019.753358   11381 vertical_dataset_io.cc:82] 100 examples scanned.
I0000 00:00:1770329019.793193   11381 vertical_dataset_io.cc:88] 40689 examples read. Memory: usage:2MB allocated:2MB. 0 (0%) examples have been skipped.
I0000 00:00:1770329019.793226   11381 abstract_learner.cc:155] No input feature explicitly specified. Using all the available input features.
I0000 00:00:1770329019.793230   11381 abstract_learner.cc:172] The label "Class" was removed from the input feature set.
I0000 00:00:1770329019.793247   11381 random_forest.cc:465] Training random forest on 40689 example(s) and 16 feature(s).
I0000 00:00:1770329019.797169   11381 gpu.cc:93] Cannot initialize GPU: Not compiled with GPU support
I0000 00:00:1770329019.797386   11381 random_forest.cc:659] num_threads being used: 48
I0000 00:00:1770329019.843210   11439 random_forest.cc:981] Train tree 1/240 [index:35 total:0.05s tree:0.04s]
I0000 00:00:1770329020.044019   11381 random_forest.cc:990] random_forest.cc Training block took: 0.250817 s
I0000 00:00:1770329020.044057   11381 random_forest.cc:1062] After Random Forest Training block. RETURNING EARLY TO SPEED UP XPS!!
-1 (automatic) threads requested. 48 threads set.
Using axis-aligned splits (default behavior)
Using exact splitting
./bazel-bin/examples/train_oblique_forest --input_mode csv --train_csv "benchmarks/data/cc18_binary_csv/task_14952_PhishingWebsites/repeat0_fold0_sample0_train.csv" --label_col "Result" --feature_split_type "Axis Aligned" --numerical_split_type "Exact" --num_trees=240 --num_threads=-1 --compute_oob_performances=false 


Inferring DataSpec from CSV: benchmarks/data/cc18_binary_csv/task_14952_PhishingWebsites/repeat0_fold0_sample0_train.csv


WARNING: All log messages before absl::InitializeLog() is called are written to STDERR
I0000 00:00:1770329020.073176   11449 csv_example_reader.cc:212] 0 row(s) processed
I0000 00:00:1770329020.077515   11449 csv_example_reader.cc:216] Stop scanning the csv file to infer the type. Some records were not considered.
I0000 00:00:1770329020.077531   11449 data_spec_inference.cc:457] 31 column(s) found
I0000 00:00:1770329020.077543   11449 csv_example_reader.cc:303] 0 row(s) processed
I0000 00:00:1770329020.090533   11449 data_spec_inference.cc:494] Finalizing [9949 row(s) found]
I0000 00:00:1770329020.090568   11449 train_oblique_forest.cc:381] Num Candidate Attributes: 6
I0000 00:00:1770329020.090609   11449 abstract_learner.cc:155] No input feature explicitly specified. Using all the available input features.
I0000 00:00:1770329020.090611   11449 abstract_learner.cc:172] The label "Result" was removed from the input feature set.
I0000 00:00:1770329020.090936   11449 vertical_dataset_io.cc:82] 100 examples scanned.
I0000 00:00:1770329020.105946   11449 vertical_dataset_io.cc:88] 9949 examples read. Memory: usage:1MB allocated:1MB. 0 (0%) examples have been skipped.
I0000 00:00:1770329020.105977   11449 abstract_learner.cc:155] No input feature explicitly specified. Using all the available input features.
I0000 00:00:1770329020.105981   11449 abstract_learner.cc:172] The label "Result" was removed from the input feature set.
I0000 00:00:1770329020.105993   11449 random_forest.cc:465] Training random forest on 9949 example(s) and 30 feature(s).
I0000 00:00:1770329020.107983   11449 gpu.cc:93] Cannot initialize GPU: Not compiled with GPU support
I0000 00:00:1770329020.108204   11449 random_forest.cc:659] num_threads being used: 48
I0000 00:00:1770329020.118490   11496 random_forest.cc:981] Train tree 1/240 [index:9 total:0.01s tree:0.01s]
I0000 00:00:1770329020.167066   11449 random_forest.cc:990] random_forest.cc Training block took: 0.0611139 s
I0000 00:00:1770329020.167095   11449 random_forest.cc:1062] After Random Forest Training block. RETURNING EARLY TO SPEED UP XPS!!
-1 (automatic) threads requested. 48 threads set.
Using axis-aligned splits (default behavior)
Using exact splitting
./bazel-bin/examples/train_oblique_forest --input_mode csv --train_csv "benchmarks/data/cc18_binary_csv/task_29_credit-approval/repeat0_fold0_sample0_train.csv" --label_col "class" --feature_split_type "Axis Aligned" --numerical_split_type "Exact" --num_trees=240 --num_threads=-1 --compute_oob_performances=false 


Inferring DataSpec from CSV: benchmarks/data/cc18_binary_csv/task_29_credit-approval/repeat0_fold0_sample0_train.csv


WARNING: All log messages before absl::InitializeLog() is called are written to STDERR
I0000 00:00:1770329020.180053   11531 csv_example_reader.cc:212] 0 row(s) processed
I0000 00:00:1770329020.181646   11531 data_spec_inference.cc:457] 16 column(s) found
I0000 00:00:1770329020.181658   11531 csv_example_reader.cc:303] 0 row(s) processed
I0000 00:00:1770329020.182341   11531 data_spec_inference.cc:354] 1 item(s) have been pruned (i.e. they are considered out of dictionary) for the column A4 (2 item(s) left) because min_value_count=5 and max_number_of_unique_values=2000
I0000 00:00:1770329020.182347   11531 data_spec_inference.cc:354] 1 item(s) have been pruned (i.e. they are considered out of dictionary) for the column A5 (2 item(s) left) because min_value_count=5 and max_number_of_unique_values=2000
I0000 00:00:1770329020.182351   11531 data_spec_inference.cc:354] 1 item(s) have been pruned (i.e. they are considered out of dictionary) for the column A6 (13 item(s) left) because min_value_count=5 and max_number_of_unique_values=2000
I0000 00:00:1770329020.182357   11531 data_spec_inference.cc:354] 2 item(s) have been pruned (i.e. they are considered out of dictionary) for the column A7 (7 item(s) left) because min_value_count=5 and max_number_of_unique_values=2000
I0000 00:00:1770329020.182367   11531 data_spec_inference.cc:494] Finalizing [621 row(s) found]
I0000 00:00:1770329020.182394   11531 train_oblique_forest.cc:381] Num Candidate Attributes: 3
I0000 00:00:1770329020.182430   11531 abstract_learner.cc:155] No input feature explicitly specified. Using all the available input features.
I0000 00:00:1770329020.182433   11531 abstract_learner.cc:172] The label "class" was removed from the input feature set.
I0000 00:00:1770329020.182725   11531 vertical_dataset_io.cc:82] 100 examples scanned.
I0000 00:00:1770329020.183265   11531 vertical_dataset_io.cc:88] 621 examples read. Memory: usage:0MB allocated:0MB. 0 (0%) examples have been skipped.
I0000 00:00:1770329020.183286   11531 abstract_learner.cc:155] No input feature explicitly specified. Using all the available input features.
I0000 00:00:1770329020.183290   11531 abstract_learner.cc:172] The label "class" was removed from the input feature set.
I0000 00:00:1770329020.183303   11531 random_forest.cc:465] Training random forest on 621 example(s) and 15 feature(s).
I0000 00:00:1770329020.184057   11531 gpu.cc:93] Cannot initialize GPU: Not compiled with GPU support
I0000 00:00:1770329020.184303   11531 random_forest.cc:659] num_threads being used: 48
I0000 00:00:1770329020.185930   11548 random_forest.cc:981] Train tree 1/240 [index:0 total:0.00s tree:0.00s]
I0000 00:00:1770329020.190086   11531 random_forest.cc:990] random_forest.cc Training block took: 0.00681694 s
I0000 00:00:1770329020.190113   11531 random_forest.cc:1062] After Random Forest Training block. RETURNING EARLY TO SPEED UP XPS!!
-1 (automatic) threads requested. 48 threads set.
Using axis-aligned splits (default behavior)
Using exact splitting
./bazel-bin/examples/train_oblique_forest --input_mode csv --train_csv "benchmarks/data/cc18_binary_csv/task_167125_Internet-Advertisements/repeat0_fold0_sample0_train.csv" --label_col "class" --feature_split_type "Axis Aligned" --numerical_split_type "Exact" --num_trees=240 --num_threads=-1 --compute_oob_performances=false 


Inferring DataSpec from CSV: benchmarks/data/cc18_binary_csv/task_167125_Internet-Advertisements/repeat0_fold0_sample0_train.csv


WARNING: All log messages before absl::InitializeLog() is called are written to STDERR
I0000 00:00:1770329020.201788   11598 csv_example_reader.cc:212] 0 row(s) processed
I0000 00:00:1770329020.355162   11598 csv_example_reader.cc:216] Stop scanning the csv file to infer the type. Some records were not considered.
I0000 00:00:1770329020.355324   11598 data_spec_inference.cc:457] 1559 column(s) found
I0000 00:00:1770329020.356135   11598 csv_example_reader.cc:303] 0 row(s) processed
I0000 00:00:1770329020.481977   11598 data_spec_inference.cc:494] Finalizing [2951 row(s) found]
I0000 00:00:1770329020.482028   11598 train_oblique_forest.cc:381] Num Candidate Attributes: 2
I0000 00:00:1770329020.482141   11598 abstract_learner.cc:155] No input feature explicitly specified. Using all the available input features.
I0000 00:00:1770329020.482144   11598 abstract_learner.cc:172] The label "class" was removed from the input feature set.
I0000 00:00:1770329020.489517   11598 vertical_dataset_io.cc:82] 100 examples scanned.
I0000 00:00:1770329020.657205   11598 vertical_dataset_io.cc:88] 2951 examples read. Memory: usage:4MB allocated:4MB. 0 (0%) examples have been skipped.
I0000 00:00:1770329020.657471   11598 abstract_learner.cc:155] No input feature explicitly specified. Using all the available input features.
I0000 00:00:1770329020.657511   11598 abstract_learner.cc:172] The label "class" was removed from the input feature set.
I0000 00:00:1770329020.657629   11598 random_forest.cc:465] Training random forest on 2951 example(s) and 1558 feature(s).
I0000 00:00:1770329020.660022   11598 gpu.cc:93] Cannot initialize GPU: Not compiled with GPU support
I0000 00:00:1770329020.660368   11598 random_forest.cc:659] num_threads being used: 48
I0000 00:00:1770329020.681664   11695 random_forest.cc:981] Train tree 1/240 [index:1 total:0.02s tree:0.02s]
I0000 00:00:1770329020.805994   11598 random_forest.cc:990] random_forest.cc Training block took: 0.148675 s
I0000 00:00:1770329020.806021   11598 random_forest.cc:1062] After Random Forest Training block. RETURNING EARLY TO SPEED UP XPS!!
-1 (automatic) threads requested. 48 threads set.
Using axis-aligned splits (default behavior)
Using exact splitting
./bazel-bin/examples/train_oblique_forest --input_mode trunk --rows 10000 --feature_split_type "Axis Aligned" --numerical_split_type "Exact" --num_trees=240 --num_threads=-1 --compute_oob_performances=false 
WARNING: All log messages before absl::InitializeLog() is called are written to STDERR
I0000 00:00:1770329021.157632   11698 train_oblique_forest.cc:381] Num Candidate Attributes: 64
I0000 00:00:1770329021.157959   11698 abstract_learner.cc:155] No input feature explicitly specified. Using all the available input features.
I0000 00:00:1770329021.157966   11698 abstract_learner.cc:172] The label "y" was removed from the input feature set.
I0000 00:00:1770329021.158502   11698 random_forest.cc:465] Training random forest on 10000 example(s) and 4096 feature(s).
I0000 00:00:1770329021.217764   11698 gpu.cc:93] Cannot initialize GPU: Not compiled with GPU support
I0000 00:00:1770329021.218733   11698 random_forest.cc:659] num_threads being used: 48
I0000 00:00:1770329021.543070   11758 random_forest.cc:981] Train tree 1/240 [index:10 total:0.32s tree:0.32s]
I0000 00:00:1770329023.046925   11698 random_forest.cc:990] random_forest.cc Training block took: 1.88926 s
I0000 00:00:1770329023.046979   11698 random_forest.cc:1062] After Random Forest Training block. RETURNING EARLY TO SPEED UP XPS!!

Generating trunk synthetic dataset: rows=10000, cols=4096
-1 (automatic) threads requested. 48 threads set.
Using axis-aligned splits (default behavior)
Using exact splitting
./bazel-bin/examples/train_oblique_forest --input_mode trunk --rows 100000 --feature_split_type "Axis Aligned" --numerical_split_type "Exact" --num_trees=240 --num_threads=-1 --compute_oob_performances=false 
WARNING: All log messages before absl::InitializeLog() is called are written to STDERR
I0000 00:00:1770329026.499835   11806 train_oblique_forest.cc:381] Num Candidate Attributes: 64
I0000 00:00:1770329026.500266   11806 abstract_learner.cc:155] No input feature explicitly specified. Using all the available input features.
I0000 00:00:1770329026.500273   11806 abstract_learner.cc:172] The label "y" was removed from the input feature set.
I0000 00:00:1770329026.500861   11806 random_forest.cc:465] Training random forest on 100000 example(s) and 4096 feature(s).
I0000 00:00:1770329027.161326   11806 gpu.cc:93] Cannot initialize GPU: Not compiled with GPU support
I0000 00:00:1770329027.162361   11806 random_forest.cc:659] num_threads being used: 48
I0000 00:00:1770329032.249448   11878 random_forest.cc:981] Train tree 1/240 [index:7 total:5.09s tree:5.09s]
I0000 00:00:1770329054.126544   11876 random_forest.cc:981] Train tree 193/240 [index:193 total:26.96s tree:5.37s]
I0000 00:00:1770329055.246309   11806 random_forest.cc:990] random_forest.cc Training block took: 28.7464 s
I0000 00:00:1770329055.246371   11806 random_forest.cc:1062] After Random Forest Training block. RETURNING EARLY TO SPEED UP XPS!!

Generating trunk synthetic dataset: rows=100000, cols=4096
-1 (automatic) threads requested. 48 threads set.
Using axis-aligned splits (default behavior)
Using exact splitting
./bazel-bin/examples/train_oblique_forest --input_mode trunk --rows 1000000 --feature_split_type "Axis Aligned" --numerical_split_type "Exact" --num_trees=240 --num_threads=-1 --compute_oob_performances=false 
WARNING: All log messages before absl::InitializeLog() is called are written to STDERR
I0000 00:00:1770329089.595323   12028 train_oblique_forest.cc:381] Num Candidate Attributes: 64
I0000 00:00:1770329089.595776   12028 abstract_learner.cc:155] No input feature explicitly specified. Using all the available input features.
I0000 00:00:1770329089.595784   12028 abstract_learner.cc:172] The label "y" was removed from the input feature set.
I0000 00:00:1770329089.596355   12028 random_forest.cc:465] Training random forest on 1000000 example(s) and 4096 feature(s).
I0000 00:00:1770329097.482988   12028 gpu.cc:93] Cannot initialize GPU: Not compiled with GPU support
I0000 00:00:1770329097.483952   12028 random_forest.cc:659] num_threads being used: 48
I0000 00:00:1770329169.878837   12280 random_forest.cc:981] Train tree 1/240 [index:46 total:1m12.39s tree:1m12.39s]
I0000 00:00:1770329246.254503   12280 random_forest.cc:981] Train tree 49/240 [index:48 total:2m28.77s tree:1m16.38s]
I0000 00:00:1770329323.128203   12288 random_forest.cc:981] Train tree 97/240 [index:109 total:3m45.64s tree:1m13.59s]
I0000 00:00:1770329399.426416   12269 random_forest.cc:981] Train tree 145/240 [index:151 total:5m1.94s tree:1m14.93s]
I0000 00:00:1770329473.607180   12255 random_forest.cc:981] Train tree 193/240 [index:194 total:6m16.12s tree:1m13.78s]
I0000 00:00:1770329482.573399   12028 random_forest.cc:990] random_forest.cc Training block took: 392.978 s
I0000 00:00:1770329482.573461   12028 random_forest.cc:1062] After Random Forest Training block. RETURNING EARLY TO SPEED UP XPS!!

Generating trunk synthetic dataset: rows=1000000, cols=4096
-1 (automatic) threads requested. 48 threads set.
Using axis-aligned splits (default behavior)
Using exact splitting


======== Running Random [Axis Aligned] with 256 bins ========

./bazel-bin/examples/train_oblique_forest --input_mode csv --train_csv "benchmarks/data/HIGGS_with_header.csv" --label_col "class" --feature_split_type "Axis Aligned" --numerical_split_type "Random" --num_trees=240 --num_threads=-1 --compute_oob_performances=false --histogram_num_bins 256


Inferring DataSpec from CSV: benchmarks/data/HIGGS_with_header.csv


WARNING: All log messages before absl::InitializeLog() is called are written to STDERR
I0000 00:00:1770329483.694273   13754 csv_example_reader.cc:212] 0 row(s) processed
I0000 00:00:1770329483.702994   13754 csv_example_reader.cc:216] Stop scanning the csv file to infer the type. Some records were not considered.
I0000 00:00:1770329483.703010   13754 data_spec_inference.cc:457] 29 column(s) found
I0000 00:00:1770329483.703023   13754 csv_example_reader.cc:303] 0 row(s) processed
I0000 00:00:1770329513.703033   13754 csv_example_reader.cc:303] 8225413 row(s) processed
I0000 00:00:1770329523.852197   13754 data_spec_inference.cc:494] Finalizing [11000000 row(s) found]
I0000 00:00:1770329523.852255   13754 train_oblique_forest.cc:381] Num Candidate Attributes: 6
I0000 00:00:1770329523.852306   13754 abstract_learner.cc:155] No input feature explicitly specified. Using all the available input features.
I0000 00:00:1770329523.852308   13754 abstract_learner.cc:172] The label "class" was removed from the input feature set.
I0000 00:00:1770329523.852856   13754 vertical_dataset_io.cc:82] 100 examples scanned.
I0000 00:00:1770329553.852948   13754 vertical_dataset_io.cc:82] 7581700 examples scanned.
I0000 00:00:1770329568.178391   13754 vertical_dataset_io.cc:88] 11000000 examples read. Memory: usage:1276MB allocated:1276MB. 0 (0%) examples have been skipped.
I0000 00:00:1770329568.178465   13754 abstract_learner.cc:155] No input feature explicitly specified. Using all the available input features.
I0000 00:00:1770329568.178470   13754 abstract_learner.cc:172] The label "class" was removed from the input feature set.
I0000 00:00:1770329568.178489   13754 random_forest.cc:465] Training random forest on 11000000 example(s) and 28 feature(s).
I0000 00:00:1770329569.443149   13754 gpu.cc:93] Cannot initialize GPU: Not compiled with GPU support
I0000 00:00:1770329569.443448   13754 random_forest.cc:659] num_threads being used: 48
I0000 00:00:1770330037.128131   14157 random_forest.cc:981] Train tree 1/240 [index:41 total:7m47.68s tree:7m47.68s]
I0000 00:00:1770330506.339789   14155 random_forest.cc:981] Train tree 49/240 [index:50 total:15m36.90s tree:7m48.73s]
I0000 00:00:1770330974.221915   14155 random_forest.cc:981] Train tree 97/240 [index:96 total:23m24.78s tree:7m47.88s]
I0000 00:00:1770331444.960196   14124 random_forest.cc:981] Train tree 145/240 [index:145 total:31m15.52s tree:7m49.16s]
I0000 00:00:1770331913.805785   14136 random_forest.cc:981] Train tree 193/240 [index:194 total:39m4.36s tree:7m48.40s]
I0000 00:00:1770331933.973553   14147 random_forest.cc:981] Train tree 240/240 [index:239 total:39m24.53s tree:7m49.79s]
I0000 00:00:1770331933.974976   13754 random_forest.cc:990] random_forest.cc Training block took: 2365.8 s
I0000 00:00:1770331933.975018   13754 random_forest.cc:1062] After Random Forest Training block. RETURNING EARLY TO SPEED UP XPS!!
-1 (automatic) threads requested. 48 threads set.
Using axis-aligned splits (default behavior)
Using histogram splitting: Random with 256 bins
./bazel-bin/examples/train_oblique_forest --input_mode csv --train_csv "benchmarks/data/SUSY_with_header.csv" --label_col "class" --feature_split_type "Axis Aligned" --numerical_split_type "Random" --num_trees=240 --num_threads=-1 --compute_oob_performances=false --histogram_num_bins 256


Inferring DataSpec from CSV: benchmarks/data/SUSY_with_header.csv


WARNING: All log messages before absl::InitializeLog() is called are written to STDERR
I0000 00:00:1770331940.142643   23179 csv_example_reader.cc:212] 0 row(s) processed
I0000 00:00:1770331940.148163   23179 csv_example_reader.cc:216] Stop scanning the csv file to infer the type. Some records were not considered.
I0000 00:00:1770331940.148177   23179 data_spec_inference.cc:457] 19 column(s) found
I0000 00:00:1770331940.148190   23179 csv_example_reader.cc:303] 0 row(s) processed
I0000 00:00:1770331952.165714   23179 data_spec_inference.cc:494] Finalizing [5000000 row(s) found]
I0000 00:00:1770331952.165772   23179 train_oblique_forest.cc:381] Num Candidate Attributes: 5
I0000 00:00:1770331952.165820   23179 abstract_learner.cc:155] No input feature explicitly specified. Using all the available input features.
I0000 00:00:1770331952.165822   23179 abstract_learner.cc:172] The label "class" was removed from the input feature set.
I0000 00:00:1770331952.166224   23179 vertical_dataset_io.cc:82] 100 examples scanned.
I0000 00:00:1770331965.339369   23179 vertical_dataset_io.cc:88] 5000000 examples read. Memory: usage:380MB allocated:380MB. 0 (0%) examples have been skipped.
I0000 00:00:1770331965.339441   23179 abstract_learner.cc:155] No input feature explicitly specified. Using all the available input features.
I0000 00:00:1770331965.339446   23179 abstract_learner.cc:172] The label "class" was removed from the input feature set.
I0000 00:00:1770331965.339464   23179 random_forest.cc:465] Training random forest on 5000000 example(s) and 18 feature(s).
I0000 00:00:1770331965.859518   23179 gpu.cc:93] Cannot initialize GPU: Not compiled with GPU support
I0000 00:00:1770331965.859804   23179 random_forest.cc:659] num_threads being used: 48
I0000 00:00:1770332131.543990   23341 random_forest.cc:981] Train tree 1/240 [index:47 total:2m45.68s tree:2m45.68s]
I0000 00:00:1770332297.701709   23335 random_forest.cc:981] Train tree 49/240 [index:50 total:5m31.84s tree:2m46.00s]
I0000 00:00:1770332463.371340   23301 random_forest.cc:981] Train tree 97/240 [index:97 total:8m17.51s tree:2m45.61s]
I0000 00:00:1770332629.373721   23301 random_forest.cc:981] Train tree 145/240 [index:144 total:11m3.51s tree:2m46.00s]
I0000 00:00:1770332795.368191   23301 random_forest.cc:981] Train tree 193/240 [index:192 total:13m49.51s tree:2m45.99s]
I0000 00:00:1770332801.211884   23179 random_forest.cc:990] random_forest.cc Training block took: 835.872 s
I0000 00:00:1770332801.211925   23179 random_forest.cc:1062] After Random Forest Training block. RETURNING EARLY TO SPEED UP XPS!!
-1 (automatic) threads requested. 48 threads set.
Using axis-aligned splits (default behavior)
Using histogram splitting: Random with 256 bins
./bazel-bin/examples/train_oblique_forest --input_mode csv --train_csv "benchmarks/data/epsilon_normalized_train.csv" --label_col "label" --feature_split_type "Axis Aligned" --numerical_split_type "Random" --num_trees=240 --num_threads=-1 --compute_oob_performances=false --histogram_num_bins 256


Inferring DataSpec from CSV: benchmarks/data/epsilon_normalized_train.csv


WARNING: All log messages before absl::InitializeLog() is called are written to STDERR
I0000 00:00:1770332803.777762   26528 csv_example_reader.cc:212] 0 row(s) processed
I0000 00:00:1770332804.336264   26528 csv_example_reader.cc:216] Stop scanning the csv file to infer the type. Some records were not considered.
I0000 00:00:1770332804.336454   26528 data_spec_inference.cc:457] 2001 column(s) found
I0000 00:00:1770332804.339038   26528 csv_example_reader.cc:303] 0 row(s) processed
I0000 00:00:1770332834.339196   26528 csv_example_reader.cc:303] 127404 row(s) processed
I0000 00:00:1770332864.339209   26528 csv_example_reader.cc:303] 254798 row(s) processed
I0000 00:00:1770332894.339252   26528 csv_example_reader.cc:303] 382428 row(s) processed
I0000 00:00:1770332898.470919   26528 data_spec_inference.cc:494] Finalizing [400000 row(s) found]
I0000 00:00:1770332898.470993   26528 train_oblique_forest.cc:381] Num Candidate Attributes: 45
I0000 00:00:1770332898.471147   26528 abstract_learner.cc:155] No input feature explicitly specified. Using all the available input features.
I0000 00:00:1770332898.471151   26528 abstract_learner.cc:172] The label "label" was removed from the input feature set.
I0000 00:00:1770332898.500566   26528 vertical_dataset_io.cc:82] 100 examples scanned.
I0000 00:00:1770332928.526715   26528 vertical_dataset_io.cc:82] 104100 examples scanned.
I0000 00:00:1770332958.543732   26528 vertical_dataset_io.cc:82] 199600 examples scanned.
I0000 00:00:1770332988.548686   26528 vertical_dataset_io.cc:82] 292600 examples scanned.
I0000 00:00:1770333018.468558   26528 vertical_dataset_io.cc:88] 400000 examples read. Memory: usage:3201MB allocated:3201MB. 0 (0%) examples have been skipped.
I0000 00:00:1770333018.468912   26528 abstract_learner.cc:155] No input feature explicitly specified. Using all the available input features.
I0000 00:00:1770333018.468951   26528 abstract_learner.cc:172] The label "label" was removed from the input feature set.
I0000 00:00:1770333018.469140   26528 random_forest.cc:465] Training random forest on 400000 example(s) and 2000 feature(s).
I0000 00:00:1770333019.933073   26528 gpu.cc:93] Cannot initialize GPU: Not compiled with GPU support
I0000 00:00:1770333019.933568   26528 random_forest.cc:659] num_threads being used: 48
I0000 00:00:1770333106.677221   27406 random_forest.cc:981] Train tree 1/240 [index:9 total:1m26.74s tree:1m26.74s]
I0000 00:00:1770333194.271099   27404 random_forest.cc:981] Train tree 49/240 [index:52 total:2m54.34s tree:1m26.67s]
I0000 00:00:1770333283.304683   27404 random_forest.cc:981] Train tree 97/240 [index:96 total:4m23.37s tree:1m29.03s]
I0000 00:00:1770333371.783123   27420 random_forest.cc:981] Train tree 145/240 [index:160 total:5m51.85s tree:1m26.33s]
I0000 00:00:1770333460.389198   27406 random_forest.cc:981] Train tree 193/240 [index:193 total:7m20.46s tree:1m28.53s]
I0000 00:00:1770333466.740806   26528 random_forest.cc:990] random_forest.cc Training block took: 448.272 s
I0000 00:00:1770333466.740849   26528 random_forest.cc:1062] After Random Forest Training block. RETURNING EARLY TO SPEED UP XPS!!
-1 (automatic) threads requested. 48 threads set.
Using axis-aligned splits (default behavior)
Using histogram splitting: Random with 256 bins
./bazel-bin/examples/train_oblique_forest --input_mode csv --train_csv "benchmarks/data/cc18_binary_csv/task_14965_bank-marketing/repeat0_fold0_sample0_train.csv" --label_col "Class" --feature_split_type "Axis Aligned" --numerical_split_type "Random" --num_trees=240 --num_threads=-1 --compute_oob_performances=false --histogram_num_bins 256


Inferring DataSpec from CSV: benchmarks/data/cc18_binary_csv/task_14965_bank-marketing/repeat0_fold0_sample0_train.csv


WARNING: All log messages before absl::InitializeLog() is called are written to STDERR
I0000 00:00:1770333467.178691   29154 csv_example_reader.cc:212] 0 row(s) processed
I0000 00:00:1770333467.181129   29154 csv_example_reader.cc:216] Stop scanning the csv file to infer the type. Some records were not considered.
I0000 00:00:1770333467.181142   29154 data_spec_inference.cc:457] 17 column(s) found
I0000 00:00:1770333467.181152   29154 csv_example_reader.cc:303] 0 row(s) processed
I0000 00:00:1770333467.221851   29154 data_spec_inference.cc:494] Finalizing [40689 row(s) found]
I0000 00:00:1770333467.221896   29154 train_oblique_forest.cc:381] Num Candidate Attributes: 3
I0000 00:00:1770333467.221938   29154 abstract_learner.cc:155] No input feature explicitly specified. Using all the available input features.
I0000 00:00:1770333467.221940   29154 abstract_learner.cc:172] The label "Class" was removed from the input feature set.
I0000 00:00:1770333467.222237   29154 vertical_dataset_io.cc:82] 100 examples scanned.
I0000 00:00:1770333467.262101   29154 vertical_dataset_io.cc:88] 40689 examples read. Memory: usage:2MB allocated:2MB. 0 (0%) examples have been skipped.
I0000 00:00:1770333467.262136   29154 abstract_learner.cc:155] No input feature explicitly specified. Using all the available input features.
I0000 00:00:1770333467.262141   29154 abstract_learner.cc:172] The label "Class" was removed from the input feature set.
I0000 00:00:1770333467.262157   29154 random_forest.cc:465] Training random forest on 40689 example(s) and 16 feature(s).
I0000 00:00:1770333467.266058   29154 gpu.cc:93] Cannot initialize GPU: Not compiled with GPU support
I0000 00:00:1770333467.266278   29154 random_forest.cc:659] num_threads being used: 48
I0000 00:00:1770333467.572693   29207 random_forest.cc:981] Train tree 1/240 [index:37 total:0.31s tree:0.30s]
I0000 00:00:1770333468.942151   29154 random_forest.cc:990] random_forest.cc Training block took: 1.68004 s
I0000 00:00:1770333468.942184   29154 random_forest.cc:1062] After Random Forest Training block. RETURNING EARLY TO SPEED UP XPS!!
-1 (automatic) threads requested. 48 threads set.
Using axis-aligned splits (default behavior)
Using histogram splitting: Random with 256 bins
./bazel-bin/examples/train_oblique_forest --input_mode csv --train_csv "benchmarks/data/cc18_binary_csv/task_14952_PhishingWebsites/repeat0_fold0_sample0_train.csv" --label_col "Result" --feature_split_type "Axis Aligned" --numerical_split_type "Random" --num_trees=240 --num_threads=-1 --compute_oob_performances=false --histogram_num_bins 256


Inferring DataSpec from CSV: benchmarks/data/cc18_binary_csv/task_14952_PhishingWebsites/repeat0_fold0_sample0_train.csv


WARNING: All log messages before absl::InitializeLog() is called are written to STDERR
I0000 00:00:1770333468.966436   29230 csv_example_reader.cc:212] 0 row(s) processed
I0000 00:00:1770333468.970431   29230 csv_example_reader.cc:216] Stop scanning the csv file to infer the type. Some records were not considered.
I0000 00:00:1770333468.970445   29230 data_spec_inference.cc:457] 31 column(s) found
I0000 00:00:1770333468.970456   29230 csv_example_reader.cc:303] 0 row(s) processed
I0000 00:00:1770333468.983267   29230 data_spec_inference.cc:494] Finalizing [9949 row(s) found]
I0000 00:00:1770333468.983299   29230 train_oblique_forest.cc:381] Num Candidate Attributes: 6
I0000 00:00:1770333468.983338   29230 abstract_learner.cc:155] No input feature explicitly specified. Using all the available input features.
I0000 00:00:1770333468.983341   29230 abstract_learner.cc:172] The label "Result" was removed from the input feature set.
I0000 00:00:1770333468.983657   29230 vertical_dataset_io.cc:82] 100 examples scanned.
I0000 00:00:1770333468.998659   29230 vertical_dataset_io.cc:88] 9949 examples read. Memory: usage:1MB allocated:1MB. 0 (0%) examples have been skipped.
I0000 00:00:1770333468.998693   29230 abstract_learner.cc:155] No input feature explicitly specified. Using all the available input features.
I0000 00:00:1770333468.998696   29230 abstract_learner.cc:172] The label "Result" was removed from the input feature set.
I0000 00:00:1770333468.998709   29230 random_forest.cc:465] Training random forest on 9949 example(s) and 30 feature(s).
I0000 00:00:1770333469.000525   29230 gpu.cc:93] Cannot initialize GPU: Not compiled with GPU support
I0000 00:00:1770333469.000751   29230 random_forest.cc:659] num_threads being used: 48
I0000 00:00:1770333469.101379   29290 random_forest.cc:981] Train tree 1/240 [index:29 total:0.10s tree:0.10s]
I0000 00:00:1770333469.604231   29230 random_forest.cc:990] random_forest.cc Training block took: 0.605563 s
I0000 00:00:1770333469.604259   29230 random_forest.cc:1062] After Random Forest Training block. RETURNING EARLY TO SPEED UP XPS!!
-1 (automatic) threads requested. 48 threads set.
Using axis-aligned splits (default behavior)
Using histogram splitting: Random with 256 bins
./bazel-bin/examples/train_oblique_forest --input_mode csv --train_csv "benchmarks/data/cc18_binary_csv/task_29_credit-approval/repeat0_fold0_sample0_train.csv" --label_col "class" --feature_split_type "Axis Aligned" --numerical_split_type "Random" --num_trees=240 --num_threads=-1 --compute_oob_performances=false --histogram_num_bins 256


Inferring DataSpec from CSV: benchmarks/data/cc18_binary_csv/task_29_credit-approval/repeat0_fold0_sample0_train.csv


WARNING: All log messages before absl::InitializeLog() is called are written to STDERR
I0000 00:00:1770333469.615761   29312 csv_example_reader.cc:212] 0 row(s) processed
I0000 00:00:1770333469.617113   29312 data_spec_inference.cc:457] 16 column(s) found
I0000 00:00:1770333469.617123   29312 csv_example_reader.cc:303] 0 row(s) processed
I0000 00:00:1770333469.617685   29312 data_spec_inference.cc:354] 1 item(s) have been pruned (i.e. they are considered out of dictionary) for the column A4 (2 item(s) left) because min_value_count=5 and max_number_of_unique_values=2000
I0000 00:00:1770333469.617690   29312 data_spec_inference.cc:354] 1 item(s) have been pruned (i.e. they are considered out of dictionary) for the column A5 (2 item(s) left) because min_value_count=5 and max_number_of_unique_values=2000
I0000 00:00:1770333469.617694   29312 data_spec_inference.cc:354] 1 item(s) have been pruned (i.e. they are considered out of dictionary) for the column A6 (13 item(s) left) because min_value_count=5 and max_number_of_unique_values=2000
I0000 00:00:1770333469.617699   29312 data_spec_inference.cc:354] 2 item(s) have been pruned (i.e. they are considered out of dictionary) for the column A7 (7 item(s) left) because min_value_count=5 and max_number_of_unique_values=2000
I0000 00:00:1770333469.617708   29312 data_spec_inference.cc:494] Finalizing [621 row(s) found]
I0000 00:00:1770333469.617735   29312 train_oblique_forest.cc:381] Num Candidate Attributes: 3
I0000 00:00:1770333469.617770   29312 abstract_learner.cc:155] No input feature explicitly specified. Using all the available input features.
I0000 00:00:1770333469.617773   29312 abstract_learner.cc:172] The label "class" was removed from the input feature set.
I0000 00:00:1770333469.618022   29312 vertical_dataset_io.cc:82] 100 examples scanned.
I0000 00:00:1770333469.618472   29312 vertical_dataset_io.cc:88] 621 examples read. Memory: usage:0MB allocated:0MB. 0 (0%) examples have been skipped.
I0000 00:00:1770333469.618491   29312 abstract_learner.cc:155] No input feature explicitly specified. Using all the available input features.
I0000 00:00:1770333469.618495   29312 abstract_learner.cc:172] The label "class" was removed from the input feature set.
I0000 00:00:1770333469.618505   29312 random_forest.cc:465] Training random forest on 621 example(s) and 15 feature(s).
I0000 00:00:1770333469.619239   29312 gpu.cc:93] Cannot initialize GPU: Not compiled with GPU support
I0000 00:00:1770333469.619467   29312 random_forest.cc:659] num_threads being used: 48
W0000 00:00:1770333469.621346   29334 training.cc:5918] [This message is only shown once] The effective split of examples does not match the expected split returned by the splitter algorithm. This problem can be caused by (1) large floating point values (e.g. value>=10e30) or (2) a bug in the software. You can turn this error in a warning with internal_error_on_wrong_splitter_statistics=false.

Details:
Num examples: 54
Num positive examples (from split evaluation): 22
Num positive examples (from split learning): 27
Num negative examples (from split evaluation): 32

Condition: na_value: false
attribute: 13
condition {
  higher_condition {
    threshold: 300.416046
  }
}
num_training_examples_without_weight: 54
num_training_examples_with_weight: 54
split_score: 0.0689126402
num_pos_training_examples_without_weight: 27
num_pos_training_examples_with_weight: 27

Attribute spec: type: NUMERICAL
name: "A14"
is_manual_type: false
numerical {
  mean: 184.30756578947367
  min_value: 0
  max_value: 2000
  standard_deviation: 176.4030573061855
}
count_nas: 13

I0000 00:00:1770333469.626377   29343 random_forest.cc:981] Train tree 1/240 [index:9 total:0.01s tree:0.01s]
I0000 00:00:1770333469.660285   29312 random_forest.cc:990] random_forest.cc Training block took: 0.0418086 s
I0000 00:00:1770333469.660308   29312 random_forest.cc:1062] After Random Forest Training block. RETURNING EARLY TO SPEED UP XPS!!
-1 (automatic) threads requested. 48 threads set.
Using axis-aligned splits (default behavior)
Using histogram splitting: Random with 256 bins
./bazel-bin/examples/train_oblique_forest --input_mode csv --train_csv "benchmarks/data/cc18_binary_csv/task_167125_Internet-Advertisements/repeat0_fold0_sample0_train.csv" --label_col "class" --feature_split_type "Axis Aligned" --numerical_split_type "Random" --num_trees=240 --num_threads=-1 --compute_oob_performances=false --histogram_num_bins 256


Inferring DataSpec from CSV: benchmarks/data/cc18_binary_csv/task_167125_Internet-Advertisements/repeat0_fold0_sample0_train.csv


WARNING: All log messages before absl::InitializeLog() is called are written to STDERR
I0000 00:00:1770333469.670485   29379 csv_example_reader.cc:212] 0 row(s) processed
I0000 00:00:1770333469.823536   29379 csv_example_reader.cc:216] Stop scanning the csv file to infer the type. Some records were not considered.
I0000 00:00:1770333469.823727   29379 data_spec_inference.cc:457] 1559 column(s) found
I0000 00:00:1770333469.824529   29379 csv_example_reader.cc:303] 0 row(s) processed
I0000 00:00:1770333469.949036   29379 data_spec_inference.cc:494] Finalizing [2951 row(s) found]
I0000 00:00:1770333469.949087   29379 train_oblique_forest.cc:381] Num Candidate Attributes: 2
I0000 00:00:1770333469.949202   29379 abstract_learner.cc:155] No input feature explicitly specified. Using all the available input features.
I0000 00:00:1770333469.949204   29379 abstract_learner.cc:172] The label "class" was removed from the input feature set.
I0000 00:00:1770333469.956598   29379 vertical_dataset_io.cc:82] 100 examples scanned.
I0000 00:00:1770333470.124973   29379 vertical_dataset_io.cc:88] 2951 examples read. Memory: usage:4MB allocated:4MB. 0 (0%) examples have been skipped.
I0000 00:00:1770333470.125294   29379 abstract_learner.cc:155] No input feature explicitly specified. Using all the available input features.
I0000 00:00:1770333470.125336   29379 abstract_learner.cc:172] The label "class" was removed from the input feature set.
I0000 00:00:1770333470.125462   29379 random_forest.cc:465] Training random forest on 2951 example(s) and 1558 feature(s).
I0000 00:00:1770333470.127284   29379 gpu.cc:93] Cannot initialize GPU: Not compiled with GPU support
I0000 00:00:1770333470.127649   29379 random_forest.cc:659] num_threads being used: 48
I0000 00:00:1770333470.152087   29467 random_forest.cc:981] Train tree 1/240 [index:39 total:0.02s tree:0.02s]
I0000 00:00:1770333470.292802   29379 random_forest.cc:990] random_forest.cc Training block took: 0.167699 s
I0000 00:00:1770333470.292830   29379 random_forest.cc:1062] After Random Forest Training block. RETURNING EARLY TO SPEED UP XPS!!
-1 (automatic) threads requested. 48 threads set.
Using axis-aligned splits (default behavior)
Using histogram splitting: Random with 256 bins
./bazel-bin/examples/train_oblique_forest --input_mode trunk --rows 10000 --feature_split_type "Axis Aligned" --numerical_split_type "Random" --num_trees=240 --num_threads=-1 --compute_oob_performances=false --histogram_num_bins 256
WARNING: All log messages before absl::InitializeLog() is called are written to STDERR
I0000 00:00:1770333470.643252   29479 train_oblique_forest.cc:381] Num Candidate Attributes: 64
I0000 00:00:1770333470.643658   29479 abstract_learner.cc:155] No input feature explicitly specified. Using all the available input features.
I0000 00:00:1770333470.643665   29479 abstract_learner.cc:172] The label "y" was removed from the input feature set.
I0000 00:00:1770333470.644246   29479 random_forest.cc:465] Training random forest on 10000 example(s) and 4096 feature(s).
I0000 00:00:1770333470.703772   29479 gpu.cc:93] Cannot initialize GPU: Not compiled with GPU support
I0000 00:00:1770333470.704804   29479 random_forest.cc:659] num_threads being used: 48
I0000 00:00:1770333472.874660   29537 random_forest.cc:981] Train tree 1/240 [index:1 total:2.17s tree:2.17s]
I0000 00:00:1770333483.669354   29479 random_forest.cc:990] random_forest.cc Training block took: 13.0261 s
I0000 00:00:1770333483.669411   29479 random_forest.cc:1062] After Random Forest Training block. RETURNING EARLY TO SPEED UP XPS!!

Generating trunk synthetic dataset: rows=10000, cols=4096
-1 (automatic) threads requested. 48 threads set.
Using axis-aligned splits (default behavior)
Using histogram splitting: Random with 256 bins
./bazel-bin/examples/train_oblique_forest --input_mode trunk --rows 100000 --feature_split_type "Axis Aligned" --numerical_split_type "Random" --num_trees=240 --num_threads=-1 --compute_oob_performances=false --histogram_num_bins 256
WARNING: All log messages before absl::InitializeLog() is called are written to STDERR
I0000 00:00:1770333487.122096   29635 train_oblique_forest.cc:381] Num Candidate Attributes: 64
I0000 00:00:1770333487.122537   29635 abstract_learner.cc:155] No input feature explicitly specified. Using all the available input features.
I0000 00:00:1770333487.122545   29635 abstract_learner.cc:172] The label "y" was removed from the input feature set.
I0000 00:00:1770333487.123126   29635 random_forest.cc:465] Training random forest on 100000 example(s) and 4096 feature(s).
I0000 00:00:1770333487.785339   29635 gpu.cc:93] Cannot initialize GPU: Not compiled with GPU support
I0000 00:00:1770333487.786362   29635 random_forest.cc:659] num_threads being used: 48
I0000 00:00:1770333506.794267   29715 random_forest.cc:981] Train tree 1/240 [index:15 total:19.01s tree:19.01s]
I0000 00:00:1770333531.033714   29739 random_forest.cc:981] Train tree 49/240 [index:95 total:43.25s tree:17.10s]
I0000 00:00:1770333554.847441   29717 random_forest.cc:981] Train tree 97/240 [index:132 total:1m7.06s tree:17.49s]
I0000 00:00:1770333576.812345   29747 random_forest.cc:981] Train tree 145/240 [index:155 total:1m29.03s tree:18.52s]
I0000 00:00:1770333600.483131   29747 random_forest.cc:981] Train tree 193/240 [index:192 total:1m52.70s tree:23.67s]
I0000 00:00:1770333613.683298   29635 random_forest.cc:990] random_forest.cc Training block took: 126.561 s
I0000 00:00:1770333613.683348   29635 random_forest.cc:1062] After Random Forest Training block. RETURNING EARLY TO SPEED UP XPS!!

Generating trunk synthetic dataset: rows=100000, cols=4096
-1 (automatic) threads requested. 48 threads set.
Using axis-aligned splits (default behavior)
Using histogram splitting: Random with 256 bins
./bazel-bin/examples/train_oblique_forest --input_mode trunk --rows 1000000 --feature_split_type "Axis Aligned" --numerical_split_type "Random" --num_trees=240 --num_threads=-1 --compute_oob_performances=false --histogram_num_bins 256
WARNING: All log messages before absl::InitializeLog() is called are written to STDERR
I0000 00:00:1770333648.065594   30224 train_oblique_forest.cc:381] Num Candidate Attributes: 64
I0000 00:00:1770333648.066057   30224 abstract_learner.cc:155] No input feature explicitly specified. Using all the available input features.
I0000 00:00:1770333648.066064   30224 abstract_learner.cc:172] The label "y" was removed from the input feature set.
I0000 00:00:1770333648.066635   30224 random_forest.cc:465] Training random forest on 1000000 example(s) and 4096 feature(s).
I0000 00:00:1770333655.952174   30224 gpu.cc:93] Cannot initialize GPU: Not compiled with GPU support
I0000 00:00:1770333655.953140   30224 random_forest.cc:659] num_threads being used: 48
I0000 00:00:1770333841.565865   30483 random_forest.cc:981] Train tree 1/240 [index:46 total:3m5.61s tree:3m5.61s]
I0000 00:00:1770333865.945006   30452 random_forest.cc:981] Train tree 3/240 [index:13 total:3m29.99s tree:3m29.99s]
I0000 00:00:1770333888.204574   30458 random_forest.cc:981] Train tree 7/240 [index:29 total:3m52.25s tree:3m52.25s]
I0000 00:00:1770333908.532128   30469 random_forest.cc:981] Train tree 41/240 [index:44 total:4m12.58s tree:4m12.58s]
I0000 00:00:1770334090.902319   30483 random_forest.cc:981] Train tree 49/240 [index:48 total:7m14.95s tree:4m9.34s]
I0000 00:00:1770334110.908675   30475 random_forest.cc:981] Train tree 52/240 [index:56 total:7m34.96s tree:3m41.62s]
I0000 00:00:1770334133.602624   30450 random_forest.cc:981] Train tree 59/240 [index:65 total:7m57.65s tree:3m58.42s]
I0000 00:00:1770334154.818701   30445 random_forest.cc:981] Train tree 89/240 [index:69 total:8m18.87s tree:4m14.00s]
I0000 00:00:1770334319.300419   30460 random_forest.cc:981] Train tree 97/240 [index:109 total:11m3.35s tree:3m5.23s]
I0000 00:00:1770334342.232312   30452 random_forest.cc:981] Train tree 101/240 [index:100 total:11m26.28s tree:3m49.64s]
I0000 00:00:1770334364.437830   30468 random_forest.cc:981] Train tree 107/240 [index:119 total:11m48.48s tree:3m39.86s]
I0000 00:00:1770334384.540706   30463 random_forest.cc:981] Train tree 119/240 [index:116 total:12m8.59s tree:4m2.99s]
I0000 00:00:1770334405.863095   30441 random_forest.cc:981] Train tree 141/240 [index:130 total:12m29.91s tree:4m15.57s]
I0000 00:00:1770334564.384587   30457 random_forest.cc:981] Train tree 145/240 [index:147 total:15m8.43s tree:3m53.85s]
I0000 00:00:1770334585.671030   30475 random_forest.cc:981] Train tree 151/240 [index:149 total:15m29.72s tree:4m1.57s]
I0000 00:00:1770334606.992069   30467 random_forest.cc:981] Train tree 158/240 [index:160 total:15m51.04s tree:3m53.17s]
I0000 00:00:1770334629.124560   30484 random_forest.cc:981] Train tree 170/240 [index:164 total:16m13.17s tree:4m6.30s]
I0000 00:00:1770334651.244991   30441 random_forest.cc:981] Train tree 188/240 [index:188 total:16m35.29s tree:4m5.38s]
I0000 00:00:1770334814.922846   30457 random_forest.cc:981] Train tree 193/240 [index:192 total:19m18.97s tree:4m10.54s]
I0000 00:00:1770334837.839255   30458 random_forest.cc:981] Train tree 202/240 [index:199 total:19m41.89s tree:4m5.16s]
I0000 00:00:1770334859.865644   30455 random_forest.cc:981] Train tree 211/240 [index:211 total:20m3.91s tree:3m59.67s]
I0000 00:00:1770334880.125648   30445 random_forest.cc:981] Train tree 229/240 [index:229 total:20m24.17s tree:4m0.02s]
I0000 00:00:1770334901.337621   30456 random_forest.cc:981] Train tree 240/240 [index:239 total:20m45.38s tree:3m54.32s]
I0000 00:00:1770334901.338194   30224 random_forest.cc:990] random_forest.cc Training block took: 1253.27 s
I0000 00:00:1770334901.338252   30224 random_forest.cc:1062] After Random Forest Training block. RETURNING EARLY TO SPEED UP XPS!!

Generating trunk synthetic dataset: rows=1000000, cols=4096
-1 (automatic) threads requested. 48 threads set.
Using axis-aligned splits (default behavior)
Using histogram splitting: Random with 256 bins


======== No vectorizable Oblique methods selected; skipping vectorized experiments ========

