==== PROVENANCE ====
date_utc: 2026-09-23T05:50:28Z
git_sha: 7c2cef51
git_branch: rebased-main
machine: Intel(R) Xeon(R) Platinum 8488C (nproc=48)
machine_serial: ec2345d6-e74b-012e-4435-8c757e5c589e
compiler: Intel(R) oneAPI DPC++/C++ Compiler 2025.2.1 (2025.2.0.20250806)
EXTRA_BAZEL_CONFIGS: <none>
EXTRA_TRAIN_ARGS: --feature_split_type Oblique --numerical_split_type "Dynamic Random Histogram" --histogram_num_bins 256
NUM_TREES_DIVISOR: 1
NUM_TREES: 240  NUM_RUNS: 1
DYNAMIC_SPLIT_THRESHOLDS: 100 200 300 400 500 600 700 800 900 1000 1200 1400 1600 1800 2000 2500 3000 3500 4000 4500 5000 6000 7000 8000 9000 10000
CSV_DATASETS: benchmarks/data/epsilon_normalized_train.csv|label  TRUNK_DATASETS: <none>
====================


======== DYNAMIC THRESHOLD SWEEP  configs: <none>  args: --feature_split_type Oblique --numerical_split_type "Dynamic Random Histogram" --histogram_num_bins 256 ========



======== Threshold 100 ========

./bazel-bin/examples/train_oblique_forest --input_mode csv --train_csv "benchmarks/data/epsilon_normalized_train.csv" --label_col "label" --num_trees=240 --dynamic_split_threshold=100 --feature_split_type Oblique --numerical_split_type "Dynamic Random Histogram" --histogram_num_bins 256
----- Run 1/1 -----
WARNING: All log messages before absl::InitializeLog() is called are written to STDERR
I0000 00:00:1790142628.538345   68691 train_oblique_forest.cc:1101] Loading CSV in a single pass: benchmarks/data/epsilon_normalized_train.csv
I0000 00:00:1790142630.281301   68691 train_oblique_forest.cc:1108] Single-pass CSV load complete: 400000 rows, 2001 columns.
I0000 00:00:1790142630.281374   68691 train_oblique_forest.cc:1229] -1 (automatic) threads requested. 48 threads set.
I0000 00:00:1790142630.281383   68691 train_oblique_forest.cc:1304] Configuring oblique splits
I0000 00:00:1790142630.281386   68691 train_oblique_forest.cc:1313] dynamic_split_threshold = 100 (from flag)
I0000 00:00:1790142630.281388   68691 train_oblique_forest.cc:1398] Using Dynamic Random Histogram with 256 samples
I0000 00:00:1790142630.281397   68691 train_oblique_forest.cc:1428] train_oblique_forest wall-time - Loading/Init (pre-train): 1.74308s
I0000 00:00:1790142630.281544   68691 abstract_learner.cc:171] No input feature explicitly specified. Using all the available input features.
I0000 00:00:1790142630.281551   68691 abstract_learner.cc:185] The label "label" was removed from the input feature set.
I0000 00:00:1790142630.281889   68691 random_forest.cc:534] Training random forest on 400000 example(s) and 2000 feature(s).
I0000 00:00:1790142630.281960   68691 gpu.cc:93] Cannot initialize GPU: Not compiled with GPU support
I0000 00:00:1790142630.282664   68691 random_forest.cc:663] num_threads being used: 48
I0000 00:00:1790142641.005122   68871 random_forest.cc:881] Train tree 1/240  [index:18 total:10.72s tree:10.72s]
I0000 00:00:1790142662.767445   68881 random_forest.cc:881] Train tree 97/240  [index:96 total:32.48s tree:10.85s]
I0000 00:00:1790142684.404774   68881 random_forest.cc:881] Train tree 193/240  [index:192 total:54.12s tree:10.86s]
I0000 00:00:1790142685.554684   68691 random_forest.cc:899] random_forest.cc Training block took: 55.2733 s
W0000 00:00:1790142685.554720   68691 random_forest.cc:1220] EXITING EARLY TO SPEED UP EXPERIMENTS!
RESULT dataset=epsilon_normalized_train threshold=100 median=55.2733s stddev=N/As n=1


======== Threshold 200 ========

./bazel-bin/examples/train_oblique_forest --input_mode csv --train_csv "benchmarks/data/epsilon_normalized_train.csv" --label_col "label" --num_trees=240 --dynamic_split_threshold=200 --feature_split_type Oblique --numerical_split_type "Dynamic Random Histogram" --histogram_num_bins 256
----- Run 1/1 -----
WARNING: All log messages before absl::InitializeLog() is called are written to STDERR
I0000 00:00:1790142685.853233   68943 train_oblique_forest.cc:1101] Loading CSV in a single pass: benchmarks/data/epsilon_normalized_train.csv
I0000 00:00:1790142687.618101   68943 train_oblique_forest.cc:1108] Single-pass CSV load complete: 400000 rows, 2001 columns.
I0000 00:00:1790142687.618168   68943 train_oblique_forest.cc:1229] -1 (automatic) threads requested. 48 threads set.
I0000 00:00:1790142687.618177   68943 train_oblique_forest.cc:1304] Configuring oblique splits
I0000 00:00:1790142687.618181   68943 train_oblique_forest.cc:1313] dynamic_split_threshold = 200 (from flag)
I0000 00:00:1790142687.618183   68943 train_oblique_forest.cc:1398] Using Dynamic Random Histogram with 256 samples
I0000 00:00:1790142687.618192   68943 train_oblique_forest.cc:1428] train_oblique_forest wall-time - Loading/Init (pre-train): 1.76498s
I0000 00:00:1790142687.618342   68943 abstract_learner.cc:171] No input feature explicitly specified. Using all the available input features.
I0000 00:00:1790142687.618349   68943 abstract_learner.cc:185] The label "label" was removed from the input feature set.
I0000 00:00:1790142687.618677   68943 random_forest.cc:534] Training random forest on 400000 example(s) and 2000 feature(s).
I0000 00:00:1790142687.618741   68943 gpu.cc:93] Cannot initialize GPU: Not compiled with GPU support
I0000 00:00:1790142687.619444   68943 random_forest.cc:663] num_threads being used: 48
I0000 00:00:1790142697.738557   69139 random_forest.cc:881] Train tree 1/240  [index:10 total:10.12s tree:10.12s]
I0000 00:00:1790142718.096841   69116 random_forest.cc:881] Train tree 97/240  [index:98 total:30.48s tree:10.18s]
I0000 00:00:1790142738.436424   69144 random_forest.cc:881] Train tree 193/240  [index:197 total:50.82s tree:10.09s]
I0000 00:00:1790142739.460721   68943 random_forest.cc:899] random_forest.cc Training block took: 51.8425 s
W0000 00:00:1790142739.460758   68943 random_forest.cc:1220] EXITING EARLY TO SPEED UP EXPERIMENTS!
RESULT dataset=epsilon_normalized_train threshold=200 median=51.8425s stddev=N/As n=1


======== Threshold 300 ========

./bazel-bin/examples/train_oblique_forest --input_mode csv --train_csv "benchmarks/data/epsilon_normalized_train.csv" --label_col "label" --num_trees=240 --dynamic_split_threshold=300 --feature_split_type Oblique --numerical_split_type "Dynamic Random Histogram" --histogram_num_bins 256
----- Run 1/1 -----
WARNING: All log messages before absl::InitializeLog() is called are written to STDERR
I0000 00:00:1790142739.764839   69172 train_oblique_forest.cc:1101] Loading CSV in a single pass: benchmarks/data/epsilon_normalized_train.csv
I0000 00:00:1790142741.517983   69172 train_oblique_forest.cc:1108] Single-pass CSV load complete: 400000 rows, 2001 columns.
I0000 00:00:1790142741.518052   69172 train_oblique_forest.cc:1229] -1 (automatic) threads requested. 48 threads set.
I0000 00:00:1790142741.518060   69172 train_oblique_forest.cc:1304] Configuring oblique splits
I0000 00:00:1790142741.518063   69172 train_oblique_forest.cc:1313] dynamic_split_threshold = 300 (from flag)
I0000 00:00:1790142741.518065   69172 train_oblique_forest.cc:1398] Using Dynamic Random Histogram with 256 samples
I0000 00:00:1790142741.518074   69172 train_oblique_forest.cc:1428] train_oblique_forest wall-time - Loading/Init (pre-train): 1.75326s
I0000 00:00:1790142741.518218   69172 abstract_learner.cc:171] No input feature explicitly specified. Using all the available input features.
I0000 00:00:1790142741.518225   69172 abstract_learner.cc:185] The label "label" was removed from the input feature set.
I0000 00:00:1790142741.518565   69172 random_forest.cc:534] Training random forest on 400000 example(s) and 2000 feature(s).
I0000 00:00:1790142741.518629   69172 gpu.cc:93] Cannot initialize GPU: Not compiled with GPU support
I0000 00:00:1790142741.519321   69172 random_forest.cc:663] num_threads being used: 48
I0000 00:00:1790142751.343883   69334 random_forest.cc:881] Train tree 1/240  [index:36 total:9.82s tree:9.82s]
I0000 00:00:1790142771.346356   69363 random_forest.cc:881] Train tree 100/240  [index:110 total:29.83s tree:9.87s]
I0000 00:00:1790142791.350518   69347 random_forest.cc:881] Train tree 200/240  [index:204 total:49.83s tree:9.95s]
I0000 00:00:1790142792.056730   69172 random_forest.cc:899] random_forest.cc Training block took: 50.5386 s
W0000 00:00:1790142792.056766   69172 random_forest.cc:1220] EXITING EARLY TO SPEED UP EXPERIMENTS!
RESULT dataset=epsilon_normalized_train threshold=300 median=50.5386s stddev=N/As n=1


======== Threshold 400 ========

./bazel-bin/examples/train_oblique_forest --input_mode csv --train_csv "benchmarks/data/epsilon_normalized_train.csv" --label_col "label" --num_trees=240 --dynamic_split_threshold=400 --feature_split_type Oblique --numerical_split_type "Dynamic Random Histogram" --histogram_num_bins 256
----- Run 1/1 -----
WARNING: All log messages before absl::InitializeLog() is called are written to STDERR
I0000 00:00:1790142792.352804   69405 train_oblique_forest.cc:1101] Loading CSV in a single pass: benchmarks/data/epsilon_normalized_train.csv
I0000 00:00:1790142794.069797   69405 train_oblique_forest.cc:1108] Single-pass CSV load complete: 400000 rows, 2001 columns.
I0000 00:00:1790142794.069861   69405 train_oblique_forest.cc:1229] -1 (automatic) threads requested. 48 threads set.
I0000 00:00:1790142794.069870   69405 train_oblique_forest.cc:1304] Configuring oblique splits
I0000 00:00:1790142794.069873   69405 train_oblique_forest.cc:1313] dynamic_split_threshold = 400 (from flag)
I0000 00:00:1790142794.069875   69405 train_oblique_forest.cc:1398] Using Dynamic Random Histogram with 256 samples
I0000 00:00:1790142794.069884   69405 train_oblique_forest.cc:1428] train_oblique_forest wall-time - Loading/Init (pre-train): 1.7171s
I0000 00:00:1790142794.070031   69405 abstract_learner.cc:171] No input feature explicitly specified. Using all the available input features.
I0000 00:00:1790142794.070038   69405 abstract_learner.cc:185] The label "label" was removed from the input feature set.
I0000 00:00:1790142794.070370   69405 random_forest.cc:534] Training random forest on 400000 example(s) and 2000 feature(s).
I0000 00:00:1790142794.070433   69405 gpu.cc:93] Cannot initialize GPU: Not compiled with GPU support
I0000 00:00:1790142794.071124   69405 random_forest.cc:663] num_threads being used: 48
I0000 00:00:1790142803.827804   69582 random_forest.cc:881] Train tree 1/240  [index:45 total:9.76s tree:9.75s]
I0000 00:00:1790142823.834308   69588 random_forest.cc:881] Train tree 117/240  [index:122 total:29.76s tree:9.93s]
I0000 00:00:1790142843.836532   69601 random_forest.cc:881] Train tree 228/240  [index:228 total:49.77s tree:9.85s]
I0000 00:00:1790142844.322624   69405 random_forest.cc:899] random_forest.cc Training block took: 50.2527 s
W0000 00:00:1790142844.322662   69405 random_forest.cc:1220] EXITING EARLY TO SPEED UP EXPERIMENTS!
RESULT dataset=epsilon_normalized_train threshold=400 median=50.2527s stddev=N/As n=1


======== Threshold 500 ========

./bazel-bin/examples/train_oblique_forest --input_mode csv --train_csv "benchmarks/data/epsilon_normalized_train.csv" --label_col "label" --num_trees=240 --dynamic_split_threshold=500 --feature_split_type Oblique --numerical_split_type "Dynamic Random Histogram" --histogram_num_bins 256
----- Run 1/1 -----
WARNING: All log messages before absl::InitializeLog() is called are written to STDERR
I0000 00:00:1790142844.615985   69636 train_oblique_forest.cc:1101] Loading CSV in a single pass: benchmarks/data/epsilon_normalized_train.csv
I0000 00:00:1790142846.343079   69636 train_oblique_forest.cc:1108] Single-pass CSV load complete: 400000 rows, 2001 columns.
I0000 00:00:1790142846.343141   69636 train_oblique_forest.cc:1229] -1 (automatic) threads requested. 48 threads set.
I0000 00:00:1790142846.343150   69636 train_oblique_forest.cc:1304] Configuring oblique splits
I0000 00:00:1790142846.343153   69636 train_oblique_forest.cc:1313] dynamic_split_threshold = 500 (from flag)
I0000 00:00:1790142846.343155   69636 train_oblique_forest.cc:1398] Using Dynamic Random Histogram with 256 samples
I0000 00:00:1790142846.343163   69636 train_oblique_forest.cc:1428] train_oblique_forest wall-time - Loading/Init (pre-train): 1.7272s
I0000 00:00:1790142846.343307   69636 abstract_learner.cc:171] No input feature explicitly specified. Using all the available input features.
I0000 00:00:1790142846.343313   69636 abstract_learner.cc:185] The label "label" was removed from the input feature set.
I0000 00:00:1790142846.343644   69636 random_forest.cc:534] Training random forest on 400000 example(s) and 2000 feature(s).
I0000 00:00:1790142846.343709   69636 gpu.cc:93] Cannot initialize GPU: Not compiled with GPU support
I0000 00:00:1790142846.344408   69636 random_forest.cc:663] num_threads being used: 48
I0000 00:00:1790142856.045711   69816 random_forest.cc:881] Train tree 1/240  [index:35 total:9.70s tree:9.70s]
I0000 00:00:1790142876.062713   69829 random_forest.cc:881] Train tree 133/240  [index:136 total:29.72s tree:9.86s]
I0000 00:00:1790142896.263273   69827 random_forest.cc:881] Train tree 240/240  [index:239 total:49.92s tree:9.79s]
I0000 00:00:1790142896.263568   69636 random_forest.cc:899] random_forest.cc Training block took: 49.9204 s
W0000 00:00:1790142896.263609   69636 random_forest.cc:1220] EXITING EARLY TO SPEED UP EXPERIMENTS!
RESULT dataset=epsilon_normalized_train threshold=500 median=49.9204s stddev=N/As n=1


======== Threshold 600 ========

./bazel-bin/examples/train_oblique_forest --input_mode csv --train_csv "benchmarks/data/epsilon_normalized_train.csv" --label_col "label" --num_trees=240 --dynamic_split_threshold=600 --feature_split_type Oblique --numerical_split_type "Dynamic Random Histogram" --histogram_num_bins 256
----- Run 1/1 -----
WARNING: All log messages before absl::InitializeLog() is called are written to STDERR
I0000 00:00:1790142896.556310   69864 train_oblique_forest.cc:1101] Loading CSV in a single pass: benchmarks/data/epsilon_normalized_train.csv
I0000 00:00:1790142898.286868   69864 train_oblique_forest.cc:1108] Single-pass CSV load complete: 400000 rows, 2001 columns.
I0000 00:00:1790142898.286929   69864 train_oblique_forest.cc:1229] -1 (automatic) threads requested. 48 threads set.
I0000 00:00:1790142898.286939   69864 train_oblique_forest.cc:1304] Configuring oblique splits
I0000 00:00:1790142898.286942   69864 train_oblique_forest.cc:1313] dynamic_split_threshold = 600 (from flag)
I0000 00:00:1790142898.286944   69864 train_oblique_forest.cc:1398] Using Dynamic Random Histogram with 256 samples
I0000 00:00:1790142898.286953   69864 train_oblique_forest.cc:1428] train_oblique_forest wall-time - Loading/Init (pre-train): 1.73066s
I0000 00:00:1790142898.287101   69864 abstract_learner.cc:171] No input feature explicitly specified. Using all the available input features.
I0000 00:00:1790142898.287108   69864 abstract_learner.cc:185] The label "label" was removed from the input feature set.
I0000 00:00:1790142898.287451   69864 random_forest.cc:534] Training random forest on 400000 example(s) and 2000 feature(s).
I0000 00:00:1790142898.287517   69864 gpu.cc:93] Cannot initialize GPU: Not compiled with GPU support
I0000 00:00:1790142898.288216   69864 random_forest.cc:663] num_threads being used: 48
I0000 00:00:1790142907.911736   70056 random_forest.cc:881] Train tree 1/240  [index:24 total:9.62s tree:9.62s]
I0000 00:00:1790142927.937329   70029 random_forest.cc:881] Train tree 132/240  [index:126 total:29.65s tree:9.94s]
I0000 00:00:1790142948.040838   70024 random_forest.cc:881] Train tree 240/240  [index:239 total:49.75s tree:9.80s]
I0000 00:00:1790142948.041535   69864 random_forest.cc:899] random_forest.cc Training block took: 49.7546 s
W0000 00:00:1790142948.041574   69864 random_forest.cc:1220] EXITING EARLY TO SPEED UP EXPERIMENTS!
RESULT dataset=epsilon_normalized_train threshold=600 median=49.7546s stddev=N/As n=1


======== Threshold 700 ========

./bazel-bin/examples/train_oblique_forest --input_mode csv --train_csv "benchmarks/data/epsilon_normalized_train.csv" --label_col "label" --num_trees=240 --dynamic_split_threshold=700 --feature_split_type Oblique --numerical_split_type "Dynamic Random Histogram" --histogram_num_bins 256
----- Run 1/1 -----
WARNING: All log messages before absl::InitializeLog() is called are written to STDERR
I0000 00:00:1790142948.335253   70093 train_oblique_forest.cc:1101] Loading CSV in a single pass: benchmarks/data/epsilon_normalized_train.csv
I0000 00:00:1790142950.089158   70093 train_oblique_forest.cc:1108] Single-pass CSV load complete: 400000 rows, 2001 columns.
I0000 00:00:1790142950.089225   70093 train_oblique_forest.cc:1229] -1 (automatic) threads requested. 48 threads set.
I0000 00:00:1790142950.089234   70093 train_oblique_forest.cc:1304] Configuring oblique splits
I0000 00:00:1790142950.089239   70093 train_oblique_forest.cc:1313] dynamic_split_threshold = 700 (from flag)
I0000 00:00:1790142950.089241   70093 train_oblique_forest.cc:1398] Using Dynamic Random Histogram with 256 samples
I0000 00:00:1790142950.089250   70093 train_oblique_forest.cc:1428] train_oblique_forest wall-time - Loading/Init (pre-train): 1.75402s
I0000 00:00:1790142950.089400   70093 abstract_learner.cc:171] No input feature explicitly specified. Using all the available input features.
I0000 00:00:1790142950.089406   70093 abstract_learner.cc:185] The label "label" was removed from the input feature set.
I0000 00:00:1790142950.089742   70093 random_forest.cc:534] Training random forest on 400000 example(s) and 2000 feature(s).
I0000 00:00:1790142950.089806   70093 gpu.cc:93] Cannot initialize GPU: Not compiled with GPU support
I0000 00:00:1790142950.090515   70093 random_forest.cc:663] num_threads being used: 48
I0000 00:00:1790142959.757595   70259 random_forest.cc:881] Train tree 1/240  [index:18 total:9.67s tree:9.67s]
I0000 00:00:1790142979.765497   70292 random_forest.cc:881] Train tree 136/240  [index:136 total:29.67s tree:9.86s]
I0000 00:00:1790142999.741981   70093 random_forest.cc:899] random_forest.cc Training block took: 49.6527 s
W0000 00:00:1790142999.742014   70093 random_forest.cc:1220] EXITING EARLY TO SPEED UP EXPERIMENTS!
RESULT dataset=epsilon_normalized_train threshold=700 median=49.6527s stddev=N/As n=1


======== Threshold 800 ========

./bazel-bin/examples/train_oblique_forest --input_mode csv --train_csv "benchmarks/data/epsilon_normalized_train.csv" --label_col "label" --num_trees=240 --dynamic_split_threshold=800 --feature_split_type Oblique --numerical_split_type "Dynamic Random Histogram" --histogram_num_bins 256
----- Run 1/1 -----
WARNING: All log messages before absl::InitializeLog() is called are written to STDERR
I0000 00:00:1790143000.038815   70323 train_oblique_forest.cc:1101] Loading CSV in a single pass: benchmarks/data/epsilon_normalized_train.csv
I0000 00:00:1790143001.780074   70323 train_oblique_forest.cc:1108] Single-pass CSV load complete: 400000 rows, 2001 columns.
I0000 00:00:1790143001.780140   70323 train_oblique_forest.cc:1229] -1 (automatic) threads requested. 48 threads set.
I0000 00:00:1790143001.780150   70323 train_oblique_forest.cc:1304] Configuring oblique splits
I0000 00:00:1790143001.780152   70323 train_oblique_forest.cc:1313] dynamic_split_threshold = 800 (from flag)
I0000 00:00:1790143001.780155   70323 train_oblique_forest.cc:1398] Using Dynamic Random Histogram with 256 samples
I0000 00:00:1790143001.780163   70323 train_oblique_forest.cc:1428] train_oblique_forest wall-time - Loading/Init (pre-train): 1.74137s
I0000 00:00:1790143001.780313   70323 abstract_learner.cc:171] No input feature explicitly specified. Using all the available input features.
I0000 00:00:1790143001.780320   70323 abstract_learner.cc:185] The label "label" was removed from the input feature set.
I0000 00:00:1790143001.780658   70323 random_forest.cc:534] Training random forest on 400000 example(s) and 2000 feature(s).
I0000 00:00:1790143001.780724   70323 gpu.cc:93] Cannot initialize GPU: Not compiled with GPU support
I0000 00:00:1790143001.781422   70323 random_forest.cc:663] num_threads being used: 48
I0000 00:00:1790143011.436680   70515 random_forest.cc:881] Train tree 1/240  [index:30 total:9.66s tree:9.65s]
I0000 00:00:1790143031.440553   70516 random_forest.cc:881] Train tree 137/240  [index:127 total:29.66s tree:9.97s]
I0000 00:00:1790143051.525431   70482 random_forest.cc:881] Train tree 240/240  [index:239 total:49.74s tree:9.81s]
I0000 00:00:1790143051.526086   70323 random_forest.cc:899] random_forest.cc Training block took: 49.7459 s
W0000 00:00:1790143051.526127   70323 random_forest.cc:1220] EXITING EARLY TO SPEED UP EXPERIMENTS!
RESULT dataset=epsilon_normalized_train threshold=800 median=49.7459s stddev=N/As n=1


======== Threshold 900 ========

./bazel-bin/examples/train_oblique_forest --input_mode csv --train_csv "benchmarks/data/epsilon_normalized_train.csv" --label_col "label" --num_trees=240 --dynamic_split_threshold=900 --feature_split_type Oblique --numerical_split_type "Dynamic Random Histogram" --histogram_num_bins 256
----- Run 1/1 -----
WARNING: All log messages before absl::InitializeLog() is called are written to STDERR
I0000 00:00:1790143051.818464   70554 train_oblique_forest.cc:1101] Loading CSV in a single pass: benchmarks/data/epsilon_normalized_train.csv
I0000 00:00:1790143053.620215   70554 train_oblique_forest.cc:1108] Single-pass CSV load complete: 400000 rows, 2001 columns.
I0000 00:00:1790143053.620278   70554 train_oblique_forest.cc:1229] -1 (automatic) threads requested. 48 threads set.
I0000 00:00:1790143053.620287   70554 train_oblique_forest.cc:1304] Configuring oblique splits
I0000 00:00:1790143053.620290   70554 train_oblique_forest.cc:1313] dynamic_split_threshold = 900 (from flag)
I0000 00:00:1790143053.620292   70554 train_oblique_forest.cc:1398] Using Dynamic Random Histogram with 256 samples
I0000 00:00:1790143053.620301   70554 train_oblique_forest.cc:1428] train_oblique_forest wall-time - Loading/Init (pre-train): 1.80186s
I0000 00:00:1790143053.620450   70554 abstract_learner.cc:171] No input feature explicitly specified. Using all the available input features.
I0000 00:00:1790143053.620456   70554 abstract_learner.cc:185] The label "label" was removed from the input feature set.
I0000 00:00:1790143053.620781   70554 random_forest.cc:534] Training random forest on 400000 example(s) and 2000 feature(s).
I0000 00:00:1790143053.620844   70554 gpu.cc:93] Cannot initialize GPU: Not compiled with GPU support
I0000 00:00:1790143053.621533   70554 random_forest.cc:663] num_threads being used: 48
I0000 00:00:1790143063.237261   70721 random_forest.cc:881] Train tree 1/240  [index:18 total:9.62s tree:9.61s]
I0000 00:00:1790143083.262414   70717 random_forest.cc:881] Train tree 139/240  [index:137 total:29.64s tree:9.89s]
I0000 00:00:1790143103.094621   70554 random_forest.cc:899] random_forest.cc Training block took: 49.4743 s
W0000 00:00:1790143103.094655   70554 random_forest.cc:1220] EXITING EARLY TO SPEED UP EXPERIMENTS!
RESULT dataset=epsilon_normalized_train threshold=900 median=49.4743s stddev=N/As n=1


======== Threshold 1000 ========

./bazel-bin/examples/train_oblique_forest --input_mode csv --train_csv "benchmarks/data/epsilon_normalized_train.csv" --label_col "label" --num_trees=240 --dynamic_split_threshold=1000 --feature_split_type Oblique --numerical_split_type "Dynamic Random Histogram" --histogram_num_bins 256
----- Run 1/1 -----
WARNING: All log messages before absl::InitializeLog() is called are written to STDERR
I0000 00:00:1790143103.387937   70783 train_oblique_forest.cc:1101] Loading CSV in a single pass: benchmarks/data/epsilon_normalized_train.csv
I0000 00:00:1790143105.150080   70783 train_oblique_forest.cc:1108] Single-pass CSV load complete: 400000 rows, 2001 columns.
I0000 00:00:1790143105.150150   70783 train_oblique_forest.cc:1229] -1 (automatic) threads requested. 48 threads set.
I0000 00:00:1790143105.150160   70783 train_oblique_forest.cc:1304] Configuring oblique splits
I0000 00:00:1790143105.150162   70783 train_oblique_forest.cc:1313] dynamic_split_threshold = 1000 (from flag)
I0000 00:00:1790143105.150164   70783 train_oblique_forest.cc:1398] Using Dynamic Random Histogram with 256 samples
I0000 00:00:1790143105.150173   70783 train_oblique_forest.cc:1428] train_oblique_forest wall-time - Loading/Init (pre-train): 1.76226s
I0000 00:00:1790143105.150319   70783 abstract_learner.cc:171] No input feature explicitly specified. Using all the available input features.
I0000 00:00:1790143105.150325   70783 abstract_learner.cc:185] The label "label" was removed from the input feature set.
I0000 00:00:1790143105.150661   70783 random_forest.cc:534] Training random forest on 400000 example(s) and 2000 feature(s).
I0000 00:00:1790143105.150723   70783 gpu.cc:93] Cannot initialize GPU: Not compiled with GPU support
I0000 00:00:1790143105.151434   70783 random_forest.cc:663] num_threads being used: 48
I0000 00:00:1790143114.806214   70950 random_forest.cc:881] Train tree 1/240  [index:18 total:9.65s tree:9.65s]
I0000 00:00:1790143134.815535   70984 random_forest.cc:881] Train tree 136/240  [index:132 total:29.66s tree:9.93s]
I0000 00:00:1790143154.673005   70783 random_forest.cc:899] random_forest.cc Training block took: 49.5228 s
W0000 00:00:1790143154.673041   70783 random_forest.cc:1220] EXITING EARLY TO SPEED UP EXPERIMENTS!
RESULT dataset=epsilon_normalized_train threshold=1000 median=49.5228s stddev=N/As n=1


======== Threshold 1200 ========

./bazel-bin/examples/train_oblique_forest --input_mode csv --train_csv "benchmarks/data/epsilon_normalized_train.csv" --label_col "label" --num_trees=240 --dynamic_split_threshold=1200 --feature_split_type Oblique --numerical_split_type "Dynamic Random Histogram" --histogram_num_bins 256
----- Run 1/1 -----
WARNING: All log messages before absl::InitializeLog() is called are written to STDERR
I0000 00:00:1790143154.966877   71014 train_oblique_forest.cc:1101] Loading CSV in a single pass: benchmarks/data/epsilon_normalized_train.csv
I0000 00:00:1790143156.719443   71014 train_oblique_forest.cc:1108] Single-pass CSV load complete: 400000 rows, 2001 columns.
I0000 00:00:1790143156.719505   71014 train_oblique_forest.cc:1229] -1 (automatic) threads requested. 48 threads set.
I0000 00:00:1790143156.719514   71014 train_oblique_forest.cc:1304] Configuring oblique splits
I0000 00:00:1790143156.719517   71014 train_oblique_forest.cc:1313] dynamic_split_threshold = 1200 (from flag)
I0000 00:00:1790143156.719519   71014 train_oblique_forest.cc:1398] Using Dynamic Random Histogram with 256 samples
I0000 00:00:1790143156.719528   71014 train_oblique_forest.cc:1428] train_oblique_forest wall-time - Loading/Init (pre-train): 1.75268s
I0000 00:00:1790143156.719672   71014 abstract_learner.cc:171] No input feature explicitly specified. Using all the available input features.
I0000 00:00:1790143156.719679   71014 abstract_learner.cc:185] The label "label" was removed from the input feature set.
I0000 00:00:1790143156.720011   71014 random_forest.cc:534] Training random forest on 400000 example(s) and 2000 feature(s).
I0000 00:00:1790143156.720073   71014 gpu.cc:93] Cannot initialize GPU: Not compiled with GPU support
I0000 00:00:1790143156.720771   71014 random_forest.cc:663] num_threads being used: 48
I0000 00:00:1790143166.414323   71186 random_forest.cc:881] Train tree 1/240  [index:22 total:9.69s tree:9.69s]
I0000 00:00:1790143186.445439   71208 random_forest.cc:881] Train tree 136/240  [index:137 total:29.72s tree:9.90s]
I0000 00:00:1790143206.481293   71172 random_forest.cc:881] Train tree 240/240  [index:239 total:49.76s tree:9.76s]
I0000 00:00:1790143206.481910   71014 random_forest.cc:899] random_forest.cc Training block took: 49.7624 s
W0000 00:00:1790143206.481956   71014 random_forest.cc:1220] EXITING EARLY TO SPEED UP EXPERIMENTS!
RESULT dataset=epsilon_normalized_train threshold=1200 median=49.7624s stddev=N/As n=1


======== Threshold 1400 ========

./bazel-bin/examples/train_oblique_forest --input_mode csv --train_csv "benchmarks/data/epsilon_normalized_train.csv" --label_col "label" --num_trees=240 --dynamic_split_threshold=1400 --feature_split_type Oblique --numerical_split_type "Dynamic Random Histogram" --histogram_num_bins 256
----- Run 1/1 -----
WARNING: All log messages before absl::InitializeLog() is called are written to STDERR
I0000 00:00:1790143206.774996   71246 train_oblique_forest.cc:1101] Loading CSV in a single pass: benchmarks/data/epsilon_normalized_train.csv
I0000 00:00:1790143208.510133   71246 train_oblique_forest.cc:1108] Single-pass CSV load complete: 400000 rows, 2001 columns.
I0000 00:00:1790143208.510196   71246 train_oblique_forest.cc:1229] -1 (automatic) threads requested. 48 threads set.
I0000 00:00:1790143208.510205   71246 train_oblique_forest.cc:1304] Configuring oblique splits
I0000 00:00:1790143208.510208   71246 train_oblique_forest.cc:1313] dynamic_split_threshold = 1400 (from flag)
I0000 00:00:1790143208.510210   71246 train_oblique_forest.cc:1398] Using Dynamic Random Histogram with 256 samples
I0000 00:00:1790143208.510219   71246 train_oblique_forest.cc:1428] train_oblique_forest wall-time - Loading/Init (pre-train): 1.73524s
I0000 00:00:1790143208.510367   71246 abstract_learner.cc:171] No input feature explicitly specified. Using all the available input features.
I0000 00:00:1790143208.510373   71246 abstract_learner.cc:185] The label "label" was removed from the input feature set.
I0000 00:00:1790143208.510707   71246 random_forest.cc:534] Training random forest on 400000 example(s) and 2000 feature(s).
I0000 00:00:1790143208.510769   71246 gpu.cc:93] Cannot initialize GPU: Not compiled with GPU support
I0000 00:00:1790143208.511471   71246 random_forest.cc:663] num_threads being used: 48
I0000 00:00:1790143218.216934   71439 random_forest.cc:881] Train tree 1/240  [index:30 total:9.71s tree:9.70s]
I0000 00:00:1790143238.222237   71411 random_forest.cc:881] Train tree 137/240  [index:140 total:29.71s tree:9.85s]
I0000 00:00:1790143258.085879   71246 random_forest.cc:899] random_forest.cc Training block took: 49.5756 s
W0000 00:00:1790143258.085914   71246 random_forest.cc:1220] EXITING EARLY TO SPEED UP EXPERIMENTS!
RESULT dataset=epsilon_normalized_train threshold=1400 median=49.5756s stddev=N/As n=1


======== Threshold 1600 ========

./bazel-bin/examples/train_oblique_forest --input_mode csv --train_csv "benchmarks/data/epsilon_normalized_train.csv" --label_col "label" --num_trees=240 --dynamic_split_threshold=1600 --feature_split_type Oblique --numerical_split_type "Dynamic Random Histogram" --histogram_num_bins 256
----- Run 1/1 -----
WARNING: All log messages before absl::InitializeLog() is called are written to STDERR
I0000 00:00:1790143258.378724   71482 train_oblique_forest.cc:1101] Loading CSV in a single pass: benchmarks/data/epsilon_normalized_train.csv
I0000 00:00:1790143260.110363   71482 train_oblique_forest.cc:1108] Single-pass CSV load complete: 400000 rows, 2001 columns.
I0000 00:00:1790143260.110433   71482 train_oblique_forest.cc:1229] -1 (automatic) threads requested. 48 threads set.
I0000 00:00:1790143260.110442   71482 train_oblique_forest.cc:1304] Configuring oblique splits
I0000 00:00:1790143260.110444   71482 train_oblique_forest.cc:1313] dynamic_split_threshold = 1600 (from flag)
I0000 00:00:1790143260.110446   71482 train_oblique_forest.cc:1398] Using Dynamic Random Histogram with 256 samples
I0000 00:00:1790143260.110455   71482 train_oblique_forest.cc:1428] train_oblique_forest wall-time - Loading/Init (pre-train): 1.73175s
I0000 00:00:1790143260.110599   71482 abstract_learner.cc:171] No input feature explicitly specified. Using all the available input features.
I0000 00:00:1790143260.110605   71482 abstract_learner.cc:185] The label "label" was removed from the input feature set.
I0000 00:00:1790143260.110935   71482 random_forest.cc:534] Training random forest on 400000 example(s) and 2000 feature(s).
I0000 00:00:1790143260.110997   71482 gpu.cc:93] Cannot initialize GPU: Not compiled with GPU support
I0000 00:00:1790143260.111698   71482 random_forest.cc:663] num_threads being used: 48
I0000 00:00:1790143269.866795   71649 random_forest.cc:881] Train tree 1/240  [index:9 total:9.76s tree:9.75s]
I0000 00:00:1790143289.879082   71667 random_forest.cc:881] Train tree 137/240  [index:131 total:29.77s tree:9.95s]
I0000 00:00:1790143309.917578   71670 random_forest.cc:881] Train tree 239/240  [index:238 total:49.81s tree:9.78s]
I0000 00:00:1790143309.960135   71482 random_forest.cc:899] random_forest.cc Training block took: 49.8497 s
W0000 00:00:1790143309.960170   71482 random_forest.cc:1220] EXITING EARLY TO SPEED UP EXPERIMENTS!
RESULT dataset=epsilon_normalized_train threshold=1600 median=49.8497s stddev=N/As n=1


======== Threshold 1800 ========

./bazel-bin/examples/train_oblique_forest --input_mode csv --train_csv "benchmarks/data/epsilon_normalized_train.csv" --label_col "label" --num_trees=240 --dynamic_split_threshold=1800 --feature_split_type Oblique --numerical_split_type "Dynamic Random Histogram" --histogram_num_bins 256
----- Run 1/1 -----
WARNING: All log messages before absl::InitializeLog() is called are written to STDERR
I0000 00:00:1790143310.252412   71710 train_oblique_forest.cc:1101] Loading CSV in a single pass: benchmarks/data/epsilon_normalized_train.csv
I0000 00:00:1790143311.985162   71710 train_oblique_forest.cc:1108] Single-pass CSV load complete: 400000 rows, 2001 columns.
I0000 00:00:1790143311.985229   71710 train_oblique_forest.cc:1229] -1 (automatic) threads requested. 48 threads set.
I0000 00:00:1790143311.985238   71710 train_oblique_forest.cc:1304] Configuring oblique splits
I0000 00:00:1790143311.985241   71710 train_oblique_forest.cc:1313] dynamic_split_threshold = 1800 (from flag)
I0000 00:00:1790143311.985243   71710 train_oblique_forest.cc:1398] Using Dynamic Random Histogram with 256 samples
I0000 00:00:1790143311.985252   71710 train_oblique_forest.cc:1428] train_oblique_forest wall-time - Loading/Init (pre-train): 1.73286s
I0000 00:00:1790143311.985403   71710 abstract_learner.cc:171] No input feature explicitly specified. Using all the available input features.
I0000 00:00:1790143311.985411   71710 abstract_learner.cc:185] The label "label" was removed from the input feature set.
I0000 00:00:1790143311.985749   71710 random_forest.cc:534] Training random forest on 400000 example(s) and 2000 feature(s).
I0000 00:00:1790143311.985816   71710 gpu.cc:93] Cannot initialize GPU: Not compiled with GPU support
I0000 00:00:1790143311.986523   71710 random_forest.cc:663] num_threads being used: 48
I0000 00:00:1790143321.727967   71878 random_forest.cc:881] Train tree 1/240  [index:18 total:9.74s tree:9.74s]
I0000 00:00:1790143341.734523   71882 random_forest.cc:881] Train tree 133/240  [index:126 total:29.75s tree:9.97s]
I0000 00:00:1790143361.789126   71893 random_forest.cc:881] Train tree 237/240  [index:236 total:49.80s tree:9.78s]
I0000 00:00:1790143361.881404   71710 random_forest.cc:899] random_forest.cc Training block took: 49.8961 s
W0000 00:00:1790143361.881443   71710 random_forest.cc:1220] EXITING EARLY TO SPEED UP EXPERIMENTS!
RESULT dataset=epsilon_normalized_train threshold=1800 median=49.8961s stddev=N/As n=1


======== Threshold 2000 ========

./bazel-bin/examples/train_oblique_forest --input_mode csv --train_csv "benchmarks/data/epsilon_normalized_train.csv" --label_col "label" --num_trees=240 --dynamic_split_threshold=2000 --feature_split_type Oblique --numerical_split_type "Dynamic Random Histogram" --histogram_num_bins 256
----- Run 1/1 -----
WARNING: All log messages before absl::InitializeLog() is called are written to STDERR
I0000 00:00:1790143362.174600   71940 train_oblique_forest.cc:1101] Loading CSV in a single pass: benchmarks/data/epsilon_normalized_train.csv
I0000 00:00:1790143363.926361   71940 train_oblique_forest.cc:1108] Single-pass CSV load complete: 400000 rows, 2001 columns.
I0000 00:00:1790143363.926426   71940 train_oblique_forest.cc:1229] -1 (automatic) threads requested. 48 threads set.
I0000 00:00:1790143363.926435   71940 train_oblique_forest.cc:1304] Configuring oblique splits
I0000 00:00:1790143363.926438   71940 train_oblique_forest.cc:1313] dynamic_split_threshold = 2000 (from flag)
I0000 00:00:1790143363.926440   71940 train_oblique_forest.cc:1398] Using Dynamic Random Histogram with 256 samples
I0000 00:00:1790143363.926448   71940 train_oblique_forest.cc:1428] train_oblique_forest wall-time - Loading/Init (pre-train): 1.75187s
I0000 00:00:1790143363.926591   71940 abstract_learner.cc:171] No input feature explicitly specified. Using all the available input features.
I0000 00:00:1790143363.926597   71940 abstract_learner.cc:185] The label "label" was removed from the input feature set.
I0000 00:00:1790143363.926927   71940 random_forest.cc:534] Training random forest on 400000 example(s) and 2000 feature(s).
I0000 00:00:1790143363.926992   71940 gpu.cc:93] Cannot initialize GPU: Not compiled with GPU support
I0000 00:00:1790143363.927685   71940 random_forest.cc:663] num_threads being used: 48
I0000 00:00:1790143373.638862   72103 random_forest.cc:881] Train tree 1/240  [index:13 total:9.71s tree:9.71s]
I0000 00:00:1790143393.643309   72102 random_forest.cc:881] Train tree 129/240  [index:124 total:29.72s tree:9.94s]
I0000 00:00:1790143413.665252   72124 random_forest.cc:881] Train tree 235/240  [index:234 total:49.74s tree:9.79s]
I0000 00:00:1790143413.909690   71940 random_forest.cc:899] random_forest.cc Training block took: 49.9832 s
W0000 00:00:1790143413.909729   71940 random_forest.cc:1220] EXITING EARLY TO SPEED UP EXPERIMENTS!
RESULT dataset=epsilon_normalized_train threshold=2000 median=49.9832s stddev=N/As n=1


======== Threshold 2500 ========

./bazel-bin/examples/train_oblique_forest --input_mode csv --train_csv "benchmarks/data/epsilon_normalized_train.csv" --label_col "label" --num_trees=240 --dynamic_split_threshold=2500 --feature_split_type Oblique --numerical_split_type "Dynamic Random Histogram" --histogram_num_bins 256
----- Run 1/1 -----
WARNING: All log messages before absl::InitializeLog() is called are written to STDERR
I0000 00:00:1790143414.201965   72170 train_oblique_forest.cc:1101] Loading CSV in a single pass: benchmarks/data/epsilon_normalized_train.csv
I0000 00:00:1790143415.932749   72170 train_oblique_forest.cc:1108] Single-pass CSV load complete: 400000 rows, 2001 columns.
I0000 00:00:1790143415.932813   72170 train_oblique_forest.cc:1229] -1 (automatic) threads requested. 48 threads set.
I0000 00:00:1790143415.932823   72170 train_oblique_forest.cc:1304] Configuring oblique splits
I0000 00:00:1790143415.932825   72170 train_oblique_forest.cc:1313] dynamic_split_threshold = 2500 (from flag)
I0000 00:00:1790143415.932827   72170 train_oblique_forest.cc:1398] Using Dynamic Random Histogram with 256 samples
I0000 00:00:1790143415.932837   72170 train_oblique_forest.cc:1428] train_oblique_forest wall-time - Loading/Init (pre-train): 1.73089s
I0000 00:00:1790143415.932981   72170 abstract_learner.cc:171] No input feature explicitly specified. Using all the available input features.
I0000 00:00:1790143415.932988   72170 abstract_learner.cc:185] The label "label" was removed from the input feature set.
I0000 00:00:1790143415.933316   72170 random_forest.cc:534] Training random forest on 400000 example(s) and 2000 feature(s).
I0000 00:00:1790143415.933384   72170 gpu.cc:93] Cannot initialize GPU: Not compiled with GPU support
I0000 00:00:1790143415.934075   72170 random_forest.cc:663] num_threads being used: 48
I0000 00:00:1790143425.671776   72363 random_forest.cc:881] Train tree 1/240  [index:18 total:9.74s tree:9.74s]
I0000 00:00:1790143445.681545   72371 random_forest.cc:881] Train tree 113/240  [index:113 total:29.75s tree:9.94s]
I0000 00:00:1790143465.695400   72371 random_forest.cc:881] Train tree 209/240  [index:212 total:49.76s tree:9.95s]
I0000 00:00:1790143467.935041   72170 random_forest.cc:899] random_forest.cc Training block took: 52.0022 s
W0000 00:00:1790143467.935079   72170 random_forest.cc:1220] EXITING EARLY TO SPEED UP EXPERIMENTS!
RESULT dataset=epsilon_normalized_train threshold=2500 median=52.0022s stddev=N/As n=1


======== Threshold 3000 ========

./bazel-bin/examples/train_oblique_forest --input_mode csv --train_csv "benchmarks/data/epsilon_normalized_train.csv" --label_col "label" --num_trees=240 --dynamic_split_threshold=3000 --feature_split_type Oblique --numerical_split_type "Dynamic Random Histogram" --histogram_num_bins 256
----- Run 1/1 -----
WARNING: All log messages before absl::InitializeLog() is called are written to STDERR
I0000 00:00:1790143468.238554   77198 train_oblique_forest.cc:1101] Loading CSV in a single pass: benchmarks/data/epsilon_normalized_train.csv
I0000 00:00:1790143470.048059   77198 train_oblique_forest.cc:1108] Single-pass CSV load complete: 400000 rows, 2001 columns.
I0000 00:00:1790143470.048119   77198 train_oblique_forest.cc:1229] -1 (automatic) threads requested. 48 threads set.
I0000 00:00:1790143470.048129   77198 train_oblique_forest.cc:1304] Configuring oblique splits
I0000 00:00:1790143470.048132   77198 train_oblique_forest.cc:1313] dynamic_split_threshold = 3000 (from flag)
I0000 00:00:1790143470.048134   77198 train_oblique_forest.cc:1398] Using Dynamic Random Histogram with 256 samples
I0000 00:00:1790143470.048143   77198 train_oblique_forest.cc:1428] train_oblique_forest wall-time - Loading/Init (pre-train): 1.80961s
I0000 00:00:1790143470.048289   77198 abstract_learner.cc:171] No input feature explicitly specified. Using all the available input features.
I0000 00:00:1790143470.048295   77198 abstract_learner.cc:185] The label "label" was removed from the input feature set.
I0000 00:00:1790143470.048633   77198 random_forest.cc:534] Training random forest on 400000 example(s) and 2000 feature(s).
I0000 00:00:1790143470.048696   77198 gpu.cc:93] Cannot initialize GPU: Not compiled with GPU support
I0000 00:00:1790143470.049401   77198 random_forest.cc:663] num_threads being used: 48
I0000 00:00:1790143479.897758   77366 random_forest.cc:881] Train tree 1/240  [index:18 total:9.85s tree:9.84s]
I0000 00:00:1790143499.933240   77357 random_forest.cc:881] Train tree 103/240  [index:106 total:29.88s tree:9.96s]
I0000 00:00:1790143520.007280   77379 random_forest.cc:881] Train tree 204/240  [index:205 total:49.96s tree:9.88s]
I0000 00:00:1790143521.204428   77198 random_forest.cc:899] random_forest.cc Training block took: 51.1563 s
W0000 00:00:1790143521.204469   77198 random_forest.cc:1220] EXITING EARLY TO SPEED UP EXPERIMENTS!
RESULT dataset=epsilon_normalized_train threshold=3000 median=51.1563s stddev=N/As n=1


======== Threshold 3500 ========

./bazel-bin/examples/train_oblique_forest --input_mode csv --train_csv "benchmarks/data/epsilon_normalized_train.csv" --label_col "label" --num_trees=240 --dynamic_split_threshold=3500 --feature_split_type Oblique --numerical_split_type "Dynamic Random Histogram" --histogram_num_bins 256
----- Run 1/1 -----
WARNING: All log messages before absl::InitializeLog() is called are written to STDERR
I0000 00:00:1790143521.522956   79123 train_oblique_forest.cc:1101] Loading CSV in a single pass: benchmarks/data/epsilon_normalized_train.csv
I0000 00:00:1790143523.244328   79123 train_oblique_forest.cc:1108] Single-pass CSV load complete: 400000 rows, 2001 columns.
I0000 00:00:1790143523.244398   79123 train_oblique_forest.cc:1229] -1 (automatic) threads requested. 48 threads set.
I0000 00:00:1790143523.244407   79123 train_oblique_forest.cc:1304] Configuring oblique splits
I0000 00:00:1790143523.244410   79123 train_oblique_forest.cc:1313] dynamic_split_threshold = 3500 (from flag)
I0000 00:00:1790143523.244412   79123 train_oblique_forest.cc:1398] Using Dynamic Random Histogram with 256 samples
I0000 00:00:1790143523.244421   79123 train_oblique_forest.cc:1428] train_oblique_forest wall-time - Loading/Init (pre-train): 1.72149s
I0000 00:00:1790143523.244566   79123 abstract_learner.cc:171] No input feature explicitly specified. Using all the available input features.
I0000 00:00:1790143523.244572   79123 abstract_learner.cc:185] The label "label" was removed from the input feature set.
I0000 00:00:1790143523.244901   79123 random_forest.cc:534] Training random forest on 400000 example(s) and 2000 feature(s).
I0000 00:00:1790143523.244965   79123 gpu.cc:93] Cannot initialize GPU: Not compiled with GPU support
I0000 00:00:1790143523.245664   79123 random_forest.cc:663] num_threads being used: 48
I0000 00:00:1790143533.050472   79296 random_forest.cc:881] Train tree 1/240  [index:30 total:9.80s tree:9.80s]
I0000 00:00:1790143553.058625   79320 random_forest.cc:881] Train tree 109/240  [index:117 total:29.81s tree:9.86s]
I0000 00:00:1790143573.071605   79318 random_forest.cc:881] Train tree 213/240  [index:213 total:49.83s tree:9.92s]
I0000 00:00:1790143573.524595   79123 random_forest.cc:899] random_forest.cc Training block took: 50.2802 s
W0000 00:00:1790143573.524629   79123 random_forest.cc:1220] EXITING EARLY TO SPEED UP EXPERIMENTS!
RESULT dataset=epsilon_normalized_train threshold=3500 median=50.2802s stddev=N/As n=1


======== Threshold 4000 ========

./bazel-bin/examples/train_oblique_forest --input_mode csv --train_csv "benchmarks/data/epsilon_normalized_train.csv" --label_col "label" --num_trees=240 --dynamic_split_threshold=4000 --feature_split_type Oblique --numerical_split_type "Dynamic Random Histogram" --histogram_num_bins 256
----- Run 1/1 -----
WARNING: All log messages before absl::InitializeLog() is called are written to STDERR
I0000 00:00:1790143573.822531   79353 train_oblique_forest.cc:1101] Loading CSV in a single pass: benchmarks/data/epsilon_normalized_train.csv
I0000 00:00:1790143575.554513   79353 train_oblique_forest.cc:1108] Single-pass CSV load complete: 400000 rows, 2001 columns.
I0000 00:00:1790143575.554573   79353 train_oblique_forest.cc:1229] -1 (automatic) threads requested. 48 threads set.
I0000 00:00:1790143575.554582   79353 train_oblique_forest.cc:1304] Configuring oblique splits
I0000 00:00:1790143575.554585   79353 train_oblique_forest.cc:1313] dynamic_split_threshold = 4000 (from flag)
I0000 00:00:1790143575.554587   79353 train_oblique_forest.cc:1398] Using Dynamic Random Histogram with 256 samples
I0000 00:00:1790143575.554595   79353 train_oblique_forest.cc:1428] train_oblique_forest wall-time - Loading/Init (pre-train): 1.73209s
I0000 00:00:1790143575.554744   79353 abstract_learner.cc:171] No input feature explicitly specified. Using all the available input features.
I0000 00:00:1790143575.554750   79353 abstract_learner.cc:185] The label "label" was removed from the input feature set.
I0000 00:00:1790143575.555077   79353 random_forest.cc:534] Training random forest on 400000 example(s) and 2000 feature(s).
I0000 00:00:1790143575.555140   79353 gpu.cc:93] Cannot initialize GPU: Not compiled with GPU support
I0000 00:00:1790143575.555841   79353 random_forest.cc:663] num_threads being used: 48
I0000 00:00:1790143585.442555   79522 random_forest.cc:881] Train tree 1/240  [index:45 total:9.89s tree:9.88s]
I0000 00:00:1790143605.443139   79545 random_forest.cc:881] Train tree 108/240  [index:122 total:29.89s tree:9.91s]
I0000 00:00:1790143625.473453   79551 random_forest.cc:881] Train tree 215/240  [index:203 total:49.92s tree:10.09s]
I0000 00:00:1790143626.001890   79353 random_forest.cc:899] random_forest.cc Training block took: 50.4473 s
W0000 00:00:1790143626.001929   79353 random_forest.cc:1220] EXITING EARLY TO SPEED UP EXPERIMENTS!
RESULT dataset=epsilon_normalized_train threshold=4000 median=50.4473s stddev=N/As n=1


======== Threshold 4500 ========

./bazel-bin/examples/train_oblique_forest --input_mode csv --train_csv "benchmarks/data/epsilon_normalized_train.csv" --label_col "label" --num_trees=240 --dynamic_split_threshold=4500 --feature_split_type Oblique --numerical_split_type "Dynamic Random Histogram" --histogram_num_bins 256
----- Run 1/1 -----
WARNING: All log messages before absl::InitializeLog() is called are written to STDERR
I0000 00:00:1790143626.304626   79582 train_oblique_forest.cc:1101] Loading CSV in a single pass: benchmarks/data/epsilon_normalized_train.csv
I0000 00:00:1790143628.034805   79582 train_oblique_forest.cc:1108] Single-pass CSV load complete: 400000 rows, 2001 columns.
I0000 00:00:1790143628.034866   79582 train_oblique_forest.cc:1229] -1 (automatic) threads requested. 48 threads set.
I0000 00:00:1790143628.034875   79582 train_oblique_forest.cc:1304] Configuring oblique splits
I0000 00:00:1790143628.034878   79582 train_oblique_forest.cc:1313] dynamic_split_threshold = 4500 (from flag)
I0000 00:00:1790143628.034880   79582 train_oblique_forest.cc:1398] Using Dynamic Random Histogram with 256 samples
I0000 00:00:1790143628.034889   79582 train_oblique_forest.cc:1428] train_oblique_forest wall-time - Loading/Init (pre-train): 1.73029s
I0000 00:00:1790143628.035033   79582 abstract_learner.cc:171] No input feature explicitly specified. Using all the available input features.
I0000 00:00:1790143628.035040   79582 abstract_learner.cc:185] The label "label" was removed from the input feature set.
I0000 00:00:1790143628.035374   79582 random_forest.cc:534] Training random forest on 400000 example(s) and 2000 feature(s).
I0000 00:00:1790143628.035438   79582 gpu.cc:93] Cannot initialize GPU: Not compiled with GPU support
I0000 00:00:1790143628.036134   79582 random_forest.cc:663] num_threads being used: 48
I0000 00:00:1790143637.922369   79761 random_forest.cc:881] Train tree 1/240  [index:23 total:9.89s tree:9.88s]
I0000 00:00:1790143657.953341   79761 random_forest.cc:881] Train tree 102/240  [index:100 total:29.92s tree:10.01s]
I0000 00:00:1790143677.962700   79765 random_forest.cc:881] Train tree 204/240  [index:205 total:49.93s tree:9.98s]
I0000 00:00:1790143678.825764   79582 random_forest.cc:899] random_forest.cc Training block took: 50.7909 s
W0000 00:00:1790143678.825805   79582 random_forest.cc:1220] EXITING EARLY TO SPEED UP EXPERIMENTS!
RESULT dataset=epsilon_normalized_train threshold=4500 median=50.7909s stddev=N/As n=1


======== Threshold 5000 ========

./bazel-bin/examples/train_oblique_forest --input_mode csv --train_csv "benchmarks/data/epsilon_normalized_train.csv" --label_col "label" --num_trees=240 --dynamic_split_threshold=5000 --feature_split_type Oblique --numerical_split_type "Dynamic Random Histogram" --histogram_num_bins 256
----- Run 1/1 -----
WARNING: All log messages before absl::InitializeLog() is called are written to STDERR
I0000 00:00:1790143679.122600   79811 train_oblique_forest.cc:1101] Loading CSV in a single pass: benchmarks/data/epsilon_normalized_train.csv
I0000 00:00:1790143680.859824   79811 train_oblique_forest.cc:1108] Single-pass CSV load complete: 400000 rows, 2001 columns.
I0000 00:00:1790143680.859890   79811 train_oblique_forest.cc:1229] -1 (automatic) threads requested. 48 threads set.
I0000 00:00:1790143680.859900   79811 train_oblique_forest.cc:1304] Configuring oblique splits
I0000 00:00:1790143680.859905   79811 train_oblique_forest.cc:1313] dynamic_split_threshold = 5000 (from flag)
I0000 00:00:1790143680.859906   79811 train_oblique_forest.cc:1398] Using Dynamic Random Histogram with 256 samples
I0000 00:00:1790143680.859915   79811 train_oblique_forest.cc:1428] train_oblique_forest wall-time - Loading/Init (pre-train): 1.73734s
I0000 00:00:1790143680.860060   79811 abstract_learner.cc:171] No input feature explicitly specified. Using all the available input features.
I0000 00:00:1790143680.860067   79811 abstract_learner.cc:185] The label "label" was removed from the input feature set.
I0000 00:00:1790143680.860397   79811 random_forest.cc:534] Training random forest on 400000 example(s) and 2000 feature(s).
I0000 00:00:1790143680.860462   79811 gpu.cc:93] Cannot initialize GPU: Not compiled with GPU support
I0000 00:00:1790143680.861156   79811 random_forest.cc:663] num_threads being used: 48
I0000 00:00:1790143690.733135   79984 random_forest.cc:881] Train tree 1/240  [index:24 total:9.87s tree:9.87s]
I0000 00:00:1790143710.778729   79985 random_forest.cc:881] Train tree 100/240  [index:100 total:29.92s tree:10.03s]
I0000 00:00:1790143730.816817   79992 random_forest.cc:881] Train tree 201/240  [index:199 total:49.96s tree:10.00s]
I0000 00:00:1790143731.521869   79811 random_forest.cc:899] random_forest.cc Training block took: 50.6619 s
W0000 00:00:1790143731.521909   79811 random_forest.cc:1220] EXITING EARLY TO SPEED UP EXPERIMENTS!
RESULT dataset=epsilon_normalized_train threshold=5000 median=50.6619s stddev=N/As n=1


======== Threshold 6000 ========

./bazel-bin/examples/train_oblique_forest --input_mode csv --train_csv "benchmarks/data/epsilon_normalized_train.csv" --label_col "label" --num_trees=240 --dynamic_split_threshold=6000 --feature_split_type Oblique --numerical_split_type "Dynamic Random Histogram" --histogram_num_bins 256
----- Run 1/1 -----
WARNING: All log messages before absl::InitializeLog() is called are written to STDERR
I0000 00:00:1790143731.818704   80040 train_oblique_forest.cc:1101] Loading CSV in a single pass: benchmarks/data/epsilon_normalized_train.csv
I0000 00:00:1790143733.554356   80040 train_oblique_forest.cc:1108] Single-pass CSV load complete: 400000 rows, 2001 columns.
I0000 00:00:1790143733.554422   80040 train_oblique_forest.cc:1229] -1 (automatic) threads requested. 48 threads set.
I0000 00:00:1790143733.554431   80040 train_oblique_forest.cc:1304] Configuring oblique splits
I0000 00:00:1790143733.554434   80040 train_oblique_forest.cc:1313] dynamic_split_threshold = 6000 (from flag)
I0000 00:00:1790143733.554436   80040 train_oblique_forest.cc:1398] Using Dynamic Random Histogram with 256 samples
I0000 00:00:1790143733.554445   80040 train_oblique_forest.cc:1428] train_oblique_forest wall-time - Loading/Init (pre-train): 1.73576s
I0000 00:00:1790143733.554592   80040 abstract_learner.cc:171] No input feature explicitly specified. Using all the available input features.
I0000 00:00:1790143733.554598   80040 abstract_learner.cc:185] The label "label" was removed from the input feature set.
I0000 00:00:1790143733.554929   80040 random_forest.cc:534] Training random forest on 400000 example(s) and 2000 feature(s).
I0000 00:00:1790143733.554992   80040 gpu.cc:93] Cannot initialize GPU: Not compiled with GPU support
I0000 00:00:1790143733.555694   80040 random_forest.cc:663] num_threads being used: 48
I0000 00:00:1790143743.510090   80242 random_forest.cc:881] Train tree 1/240  [index:37 total:9.95s tree:9.95s]
I0000 00:00:1790143763.596538   80245 random_forest.cc:881] Train tree 98/240  [index:107 total:30.04s tree:9.98s]
I0000 00:00:1790143783.625211   80229 random_forest.cc:881] Train tree 194/240  [index:196 total:50.07s tree:9.97s]
I0000 00:00:1790143784.449909   80040 random_forest.cc:899] random_forest.cc Training block took: 50.8954 s
W0000 00:00:1790143784.449948   80040 random_forest.cc:1220] EXITING EARLY TO SPEED UP EXPERIMENTS!
RESULT dataset=epsilon_normalized_train threshold=6000 median=50.8954s stddev=N/As n=1


======== Threshold 7000 ========

./bazel-bin/examples/train_oblique_forest --input_mode csv --train_csv "benchmarks/data/epsilon_normalized_train.csv" --label_col "label" --num_trees=240 --dynamic_split_threshold=7000 --feature_split_type Oblique --numerical_split_type "Dynamic Random Histogram" --histogram_num_bins 256
----- Run 1/1 -----
WARNING: All log messages before absl::InitializeLog() is called are written to STDERR
I0000 00:00:1790143784.747471   80291 train_oblique_forest.cc:1101] Loading CSV in a single pass: benchmarks/data/epsilon_normalized_train.csv
I0000 00:00:1790143786.485375   80291 train_oblique_forest.cc:1108] Single-pass CSV load complete: 400000 rows, 2001 columns.
I0000 00:00:1790143786.485435   80291 train_oblique_forest.cc:1229] -1 (automatic) threads requested. 48 threads set.
I0000 00:00:1790143786.485444   80291 train_oblique_forest.cc:1304] Configuring oblique splits
I0000 00:00:1790143786.485447   80291 train_oblique_forest.cc:1313] dynamic_split_threshold = 7000 (from flag)
I0000 00:00:1790143786.485449   80291 train_oblique_forest.cc:1398] Using Dynamic Random Histogram with 256 samples
I0000 00:00:1790143786.485457   80291 train_oblique_forest.cc:1428] train_oblique_forest wall-time - Loading/Init (pre-train): 1.73801s
I0000 00:00:1790143786.485602   80291 abstract_learner.cc:171] No input feature explicitly specified. Using all the available input features.
I0000 00:00:1790143786.485608   80291 abstract_learner.cc:185] The label "label" was removed from the input feature set.
I0000 00:00:1790143786.485941   80291 random_forest.cc:534] Training random forest on 400000 example(s) and 2000 feature(s).
I0000 00:00:1790143786.486005   80291 gpu.cc:93] Cannot initialize GPU: Not compiled with GPU support
I0000 00:00:1790143786.486687   80291 random_forest.cc:663] num_threads being used: 48
I0000 00:00:1790143796.446185   80475 random_forest.cc:881] Train tree 1/240  [index:34 total:9.96s tree:9.95s]
I0000 00:00:1790143816.526895   80489 random_forest.cc:881] Train tree 97/240  [index:97 total:30.04s tree:10.03s]
I0000 00:00:1790143836.552115   80494 random_forest.cc:881] Train tree 193/240  [index:192 total:50.07s tree:10.05s]
I0000 00:00:1790143837.515644   80291 random_forest.cc:899] random_forest.cc Training block took: 51.0302 s
W0000 00:00:1790143837.515684   80291 random_forest.cc:1220] EXITING EARLY TO SPEED UP EXPERIMENTS!
RESULT dataset=epsilon_normalized_train threshold=7000 median=51.0302s stddev=N/As n=1


======== Threshold 8000 ========

./bazel-bin/examples/train_oblique_forest --input_mode csv --train_csv "benchmarks/data/epsilon_normalized_train.csv" --label_col "label" --num_trees=240 --dynamic_split_threshold=8000 --feature_split_type Oblique --numerical_split_type "Dynamic Random Histogram" --histogram_num_bins 256
----- Run 1/1 -----
WARNING: All log messages before absl::InitializeLog() is called are written to STDERR
I0000 00:00:1790143837.812288   80551 train_oblique_forest.cc:1101] Loading CSV in a single pass: benchmarks/data/epsilon_normalized_train.csv
I0000 00:00:1790143839.535368   80551 train_oblique_forest.cc:1108] Single-pass CSV load complete: 400000 rows, 2001 columns.
I0000 00:00:1790143839.535432   80551 train_oblique_forest.cc:1229] -1 (automatic) threads requested. 48 threads set.
I0000 00:00:1790143839.535442   80551 train_oblique_forest.cc:1304] Configuring oblique splits
I0000 00:00:1790143839.535444   80551 train_oblique_forest.cc:1313] dynamic_split_threshold = 8000 (from flag)
I0000 00:00:1790143839.535446   80551 train_oblique_forest.cc:1398] Using Dynamic Random Histogram with 256 samples
I0000 00:00:1790143839.535454   80551 train_oblique_forest.cc:1428] train_oblique_forest wall-time - Loading/Init (pre-train): 1.72319s
I0000 00:00:1790143839.535606   80551 abstract_learner.cc:171] No input feature explicitly specified. Using all the available input features.
I0000 00:00:1790143839.535612   80551 abstract_learner.cc:185] The label "label" was removed from the input feature set.
I0000 00:00:1790143839.535939   80551 random_forest.cc:534] Training random forest on 400000 example(s) and 2000 feature(s).
I0000 00:00:1790143839.536000   80551 gpu.cc:93] Cannot initialize GPU: Not compiled with GPU support
I0000 00:00:1790143839.536696   80551 random_forest.cc:663] num_threads being used: 48
I0000 00:00:1790143849.578405   80740 random_forest.cc:881] Train tree 1/240  [index:44 total:10.04s tree:10.04s]
I0000 00:00:1790143869.673052   80749 random_forest.cc:881] Train tree 97/240  [index:99 total:30.14s tree:10.01s]
I0000 00:00:1790143889.748542   80724 random_forest.cc:881] Train tree 193/240  [index:194 total:50.21s tree:9.97s]
I0000 00:00:1790143890.754130   80551 random_forest.cc:899] random_forest.cc Training block took: 51.2187 s
W0000 00:00:1790143890.754172   80551 random_forest.cc:1220] EXITING EARLY TO SPEED UP EXPERIMENTS!
RESULT dataset=epsilon_normalized_train threshold=8000 median=51.2187s stddev=N/As n=1


======== Threshold 9000 ========

./bazel-bin/examples/train_oblique_forest --input_mode csv --train_csv "benchmarks/data/epsilon_normalized_train.csv" --label_col "label" --num_trees=240 --dynamic_split_threshold=9000 --feature_split_type Oblique --numerical_split_type "Dynamic Random Histogram" --histogram_num_bins 256
----- Run 1/1 -----
WARNING: All log messages before absl::InitializeLog() is called are written to STDERR
I0000 00:00:1790143891.053563   80797 train_oblique_forest.cc:1101] Loading CSV in a single pass: benchmarks/data/epsilon_normalized_train.csv
I0000 00:00:1790143892.789780   80797 train_oblique_forest.cc:1108] Single-pass CSV load complete: 400000 rows, 2001 columns.
I0000 00:00:1790143892.789843   80797 train_oblique_forest.cc:1229] -1 (automatic) threads requested. 48 threads set.
I0000 00:00:1790143892.789853   80797 train_oblique_forest.cc:1304] Configuring oblique splits
I0000 00:00:1790143892.789856   80797 train_oblique_forest.cc:1313] dynamic_split_threshold = 9000 (from flag)
I0000 00:00:1790143892.789857   80797 train_oblique_forest.cc:1398] Using Dynamic Random Histogram with 256 samples
I0000 00:00:1790143892.789866   80797 train_oblique_forest.cc:1428] train_oblique_forest wall-time - Loading/Init (pre-train): 1.73633s
I0000 00:00:1790143892.790013   80797 abstract_learner.cc:171] No input feature explicitly specified. Using all the available input features.
I0000 00:00:1790143892.790021   80797 abstract_learner.cc:185] The label "label" was removed from the input feature set.
I0000 00:00:1790143892.790353   80797 random_forest.cc:534] Training random forest on 400000 example(s) and 2000 feature(s).
I0000 00:00:1790143892.790420   80797 gpu.cc:93] Cannot initialize GPU: Not compiled with GPU support
I0000 00:00:1790143892.791113   80797 random_forest.cc:663] num_threads being used: 48
I0000 00:00:1790143902.748063   80980 random_forest.cc:881] Train tree 1/240  [index:4 total:9.96s tree:9.95s]
I0000 00:00:1790143922.868976   80980 random_forest.cc:881] Train tree 97/240  [index:96 total:30.08s tree:10.07s]
I0000 00:00:1790143942.990344   80980 random_forest.cc:881] Train tree 193/240  [index:192 total:50.20s tree:10.12s]
I0000 00:00:1790143944.045578   80797 random_forest.cc:899] random_forest.cc Training block took: 51.2557 s
W0000 00:00:1790143944.045615   80797 random_forest.cc:1220] EXITING EARLY TO SPEED UP EXPERIMENTS!
RESULT dataset=epsilon_normalized_train threshold=9000 median=51.2557s stddev=N/As n=1


======== Threshold 10000 ========

./bazel-bin/examples/train_oblique_forest --input_mode csv --train_csv "benchmarks/data/epsilon_normalized_train.csv" --label_col "label" --num_trees=240 --dynamic_split_threshold=10000 --feature_split_type Oblique --numerical_split_type "Dynamic Random Histogram" --histogram_num_bins 256
----- Run 1/1 -----
WARNING: All log messages before absl::InitializeLog() is called are written to STDERR
I0000 00:00:1790143944.343863   81046 train_oblique_forest.cc:1101] Loading CSV in a single pass: benchmarks/data/epsilon_normalized_train.csv
I0000 00:00:1790143946.073685   81046 train_oblique_forest.cc:1108] Single-pass CSV load complete: 400000 rows, 2001 columns.
I0000 00:00:1790143946.073747   81046 train_oblique_forest.cc:1229] -1 (automatic) threads requested. 48 threads set.
I0000 00:00:1790143946.073756   81046 train_oblique_forest.cc:1304] Configuring oblique splits
I0000 00:00:1790143946.073758   81046 train_oblique_forest.cc:1313] dynamic_split_threshold = 10000 (from flag)
I0000 00:00:1790143946.073760   81046 train_oblique_forest.cc:1398] Using Dynamic Random Histogram with 256 samples
I0000 00:00:1790143946.073769   81046 train_oblique_forest.cc:1428] train_oblique_forest wall-time - Loading/Init (pre-train): 1.72993s
I0000 00:00:1790143946.073914   81046 abstract_learner.cc:171] No input feature explicitly specified. Using all the available input features.
I0000 00:00:1790143946.073921   81046 abstract_learner.cc:185] The label "label" was removed from the input feature set.
I0000 00:00:1790143946.074245   81046 random_forest.cc:534] Training random forest on 400000 example(s) and 2000 feature(s).
I0000 00:00:1790143946.074308   81046 gpu.cc:93] Cannot initialize GPU: Not compiled with GPU support
I0000 00:00:1790143946.075007   81046 random_forest.cc:663] num_threads being used: 48
I0000 00:00:1790143956.097948   81212 random_forest.cc:881] Train tree 1/240  [index:45 total:10.02s tree:10.02s]
I0000 00:00:1790143976.336129   81212 random_forest.cc:881] Train tree 97/240  [index:96 total:30.26s tree:10.16s]
I0000 00:00:1790143996.514996   81221 random_forest.cc:881] Train tree 193/240  [index:192 total:50.44s tree:10.07s]
I0000 00:00:1790143997.445306   81046 random_forest.cc:899] random_forest.cc Training block took: 51.3715 s
W0000 00:00:1790143997.445353   81046 random_forest.cc:1220] EXITING EARLY TO SPEED UP EXPERIMENTS!
RESULT dataset=epsilon_normalized_train threshold=10000 median=51.3715s stddev=N/As n=1
