==== PROVENANCE ====
date_utc: 2026-09-22T23:28:29Z
git_sha: 7c2cef51
git_branch: rebased-main
machine: Intel(R) Xeon(R) Platinum 8488C (nproc=48)
machine_serial: ec2345d6-e74b-012e-4435-8c757e5c589e
compiler: Intel(R) oneAPI DPC++/C++ Compiler 2025.2.1 (2025.2.0.20250806)
EXTRA_BAZEL_CONFIGS: <none>
EXTRA_TRAIN_ARGS: --feature_split_type Oblique --numerical_split_type "Dynamic Random Histogram" --histogram_num_bins 64
NUM_TREES_DIVISOR: 1
NUM_TREES: 240  NUM_RUNS: 1
DYNAMIC_SPLIT_THRESHOLDS: 100 200 300 400 500 600 700 800 900 1000 1200 1400 1600 1800 2000 2500 3000 3500 4000 4500 5000 6000 7000 8000 9000 10000
CSV_DATASETS: benchmarks/data/HIGGS_with_header.csv|class  TRUNK_DATASETS: <none>
====================


======== DYNAMIC THRESHOLD SWEEP  configs: <none>  args: --feature_split_type Oblique --numerical_split_type "Dynamic Random Histogram" --histogram_num_bins 64 ========



======== Threshold 100 ========

./bazel-bin/examples/train_oblique_forest --input_mode csv --train_csv "benchmarks/data/HIGGS_with_header.csv" --label_col "class" --num_trees=240 --dynamic_split_threshold=100 --feature_split_type Oblique --numerical_split_type "Dynamic Random Histogram" --histogram_num_bins 64
----- Run 1/1 -----
WARNING: All log messages before absl::InitializeLog() is called are written to STDERR
I0000 00:00:1790119709.322411   34215 train_oblique_forest.cc:1101] Loading CSV in a single pass: benchmarks/data/HIGGS_with_header.csv
I0000 00:00:1790119770.386618   34215 train_oblique_forest.cc:1108] Single-pass CSV load complete: 11000000 rows, 29 columns.
I0000 00:00:1790119770.386689   34215 train_oblique_forest.cc:1229] -1 (automatic) threads requested. 48 threads set.
I0000 00:00:1790119770.386698   34215 train_oblique_forest.cc:1304] Configuring oblique splits
I0000 00:00:1790119770.386700   34215 train_oblique_forest.cc:1313] dynamic_split_threshold = 100 (from flag)
I0000 00:00:1790119770.386702   34215 train_oblique_forest.cc:1398] Using Dynamic Random Histogram with 64 samples
I0000 00:00:1790119770.386711   34215 train_oblique_forest.cc:1428] train_oblique_forest wall-time - Loading/Init (pre-train): 61.0643s
I0000 00:00:1790119770.386773   34215 abstract_learner.cc:171] No input feature explicitly specified. Using all the available input features.
I0000 00:00:1790119770.386775   34215 abstract_learner.cc:185] The label "class" was removed from the input feature set.
I0000 00:00:1790119770.386787   34215 random_forest.cc:534] Training random forest on 11000000 example(s) and 28 feature(s).
I0000 00:00:1790119770.386798   34215 gpu.cc:93] Cannot initialize GPU: Not compiled with GPU support
I0000 00:00:1790119770.387363   34215 random_forest.cc:663] num_threads being used: 48
I0000 00:00:1790119828.383225   34384 random_forest.cc:881] Train tree 1/240  [index:35 total:58.00s tree:57.99s]
I0000 00:00:1790119885.225850   34359 random_forest.cc:881] Train tree 49/240  [index:58 total:1m54.84s tree:56.20s]
I0000 00:00:1790119942.750301   34359 random_forest.cc:881] Train tree 97/240  [index:96 total:2m52.36s tree:57.52s]
I0000 00:00:1790120002.798818   34362 random_forest.cc:881] Train tree 145/240  [index:145 total:3m52.41s tree:58.44s]
I0000 00:00:1790120061.579366   34384 random_forest.cc:881] Train tree 193/240  [index:193 total:4m51.19s tree:58.77s]
I0000 00:00:1790120067.921664   34215 random_forest.cc:899] random_forest.cc Training block took: 297.535 s
W0000 00:00:1790120067.921699   34215 random_forest.cc:1220] EXITING EARLY TO SPEED UP EXPERIMENTS!
RESULT dataset=HIGGS_with_header threshold=100 median=297.535s stddev=N/As n=1


======== Threshold 200 ========

./bazel-bin/examples/train_oblique_forest --input_mode csv --train_csv "benchmarks/data/HIGGS_with_header.csv" --label_col "class" --num_trees=240 --dynamic_split_threshold=200 --feature_split_type Oblique --numerical_split_type "Dynamic Random Histogram" --histogram_num_bins 64
----- Run 1/1 -----
WARNING: All log messages before absl::InitializeLog() is called are written to STDERR
I0000 00:00:1790120074.680979   34435 train_oblique_forest.cc:1101] Loading CSV in a single pass: benchmarks/data/HIGGS_with_header.csv
I0000 00:00:1790120075.603635   34435 train_oblique_forest.cc:1108] Single-pass CSV load complete: 11000000 rows, 29 columns.
I0000 00:00:1790120075.603700   34435 train_oblique_forest.cc:1229] -1 (automatic) threads requested. 48 threads set.
I0000 00:00:1790120075.603710   34435 train_oblique_forest.cc:1304] Configuring oblique splits
I0000 00:00:1790120075.603711   34435 train_oblique_forest.cc:1313] dynamic_split_threshold = 200 (from flag)
I0000 00:00:1790120075.603713   34435 train_oblique_forest.cc:1398] Using Dynamic Random Histogram with 64 samples
I0000 00:00:1790120075.603723   34435 train_oblique_forest.cc:1428] train_oblique_forest wall-time - Loading/Init (pre-train): 0.922767s
I0000 00:00:1790120075.603782   34435 abstract_learner.cc:171] No input feature explicitly specified. Using all the available input features.
I0000 00:00:1790120075.603784   34435 abstract_learner.cc:185] The label "class" was removed from the input feature set.
I0000 00:00:1790120075.603795   34435 random_forest.cc:534] Training random forest on 11000000 example(s) and 28 feature(s).
I0000 00:00:1790120075.603803   34435 gpu.cc:93] Cannot initialize GPU: Not compiled with GPU support
I0000 00:00:1790120075.604369   34435 random_forest.cc:663] num_threads being used: 48
I0000 00:00:1790120132.877804   34600 random_forest.cc:881] Train tree 1/240  [index:34 total:57.27s tree:57.27s]
I0000 00:00:1790120190.403363   34609 random_forest.cc:881] Train tree 49/240  [index:64 total:1m54.80s tree:56.80s]
I0000 00:00:1790120247.238120   34609 random_forest.cc:881] Train tree 97/240  [index:96 total:2m51.63s tree:56.83s]
I0000 00:00:1790120304.427482   34579 random_forest.cc:881] Train tree 145/240  [index:146 total:3m48.82s tree:56.67s]
I0000 00:00:1790120362.894838   34598 random_forest.cc:881] Train tree 193/240  [index:200 total:4m47.29s tree:56.57s]
I0000 00:00:1790120369.600430   34435 random_forest.cc:899] random_forest.cc Training block took: 293.997 s
W0000 00:00:1790120369.600464   34435 random_forest.cc:1220] EXITING EARLY TO SPEED UP EXPERIMENTS!
RESULT dataset=HIGGS_with_header threshold=200 median=293.997s stddev=N/As n=1


======== Threshold 300 ========

./bazel-bin/examples/train_oblique_forest --input_mode csv --train_csv "benchmarks/data/HIGGS_with_header.csv" --label_col "class" --num_trees=240 --dynamic_split_threshold=300 --feature_split_type Oblique --numerical_split_type "Dynamic Random Histogram" --histogram_num_bins 64
----- Run 1/1 -----
WARNING: All log messages before absl::InitializeLog() is called are written to STDERR
I0000 00:00:1790120376.326295   34658 train_oblique_forest.cc:1101] Loading CSV in a single pass: benchmarks/data/HIGGS_with_header.csv
I0000 00:00:1790120377.249973   34658 train_oblique_forest.cc:1108] Single-pass CSV load complete: 11000000 rows, 29 columns.
I0000 00:00:1790120377.250042   34658 train_oblique_forest.cc:1229] -1 (automatic) threads requested. 48 threads set.
I0000 00:00:1790120377.250052   34658 train_oblique_forest.cc:1304] Configuring oblique splits
I0000 00:00:1790120377.250053   34658 train_oblique_forest.cc:1313] dynamic_split_threshold = 300 (from flag)
I0000 00:00:1790120377.250055   34658 train_oblique_forest.cc:1398] Using Dynamic Random Histogram with 64 samples
I0000 00:00:1790120377.250064   34658 train_oblique_forest.cc:1428] train_oblique_forest wall-time - Loading/Init (pre-train): 0.923794s
I0000 00:00:1790120377.250123   34658 abstract_learner.cc:171] No input feature explicitly specified. Using all the available input features.
I0000 00:00:1790120377.250125   34658 abstract_learner.cc:185] The label "class" was removed from the input feature set.
I0000 00:00:1790120377.250136   34658 random_forest.cc:534] Training random forest on 11000000 example(s) and 28 feature(s).
I0000 00:00:1790120377.250144   34658 gpu.cc:93] Cannot initialize GPU: Not compiled with GPU support
I0000 00:00:1790120377.250706   34658 random_forest.cc:663] num_threads being used: 48
I0000 00:00:1790120434.092090   34805 random_forest.cc:881] Train tree 1/240  [index:27 total:56.84s tree:56.84s]
I0000 00:00:1790120491.084070   34805 random_forest.cc:881] Train tree 49/240  [index:48 total:1m53.83s tree:56.99s]
I0000 00:00:1790120548.253408   34805 random_forest.cc:881] Train tree 97/240  [index:96 total:2m51.00s tree:57.17s]
I0000 00:00:1790120606.010740   34796 random_forest.cc:881] Train tree 145/240  [index:145 total:3m48.76s tree:57.21s]
I0000 00:00:1790120663.795285   34834 random_forest.cc:881] Train tree 193/240  [index:196 total:4m46.54s tree:56.66s]
I0000 00:00:1790120669.622874   34658 random_forest.cc:899] random_forest.cc Training block took: 292.373 s
W0000 00:00:1790120669.622909   34658 random_forest.cc:1220] EXITING EARLY TO SPEED UP EXPERIMENTS!
RESULT dataset=HIGGS_with_header threshold=300 median=292.373s stddev=N/As n=1


======== Threshold 400 ========

./bazel-bin/examples/train_oblique_forest --input_mode csv --train_csv "benchmarks/data/HIGGS_with_header.csv" --label_col "class" --num_trees=240 --dynamic_split_threshold=400 --feature_split_type Oblique --numerical_split_type "Dynamic Random Histogram" --histogram_num_bins 64
----- Run 1/1 -----
WARNING: All log messages before absl::InitializeLog() is called are written to STDERR
I0000 00:00:1790120676.309093   34882 train_oblique_forest.cc:1101] Loading CSV in a single pass: benchmarks/data/HIGGS_with_header.csv
I0000 00:00:1790120677.228429   34882 train_oblique_forest.cc:1108] Single-pass CSV load complete: 11000000 rows, 29 columns.
I0000 00:00:1790120677.228501   34882 train_oblique_forest.cc:1229] -1 (automatic) threads requested. 48 threads set.
I0000 00:00:1790120677.228511   34882 train_oblique_forest.cc:1304] Configuring oblique splits
I0000 00:00:1790120677.228512   34882 train_oblique_forest.cc:1313] dynamic_split_threshold = 400 (from flag)
I0000 00:00:1790120677.228514   34882 train_oblique_forest.cc:1398] Using Dynamic Random Histogram with 64 samples
I0000 00:00:1790120677.228523   34882 train_oblique_forest.cc:1428] train_oblique_forest wall-time - Loading/Init (pre-train): 0.919454s
I0000 00:00:1790120677.228584   34882 abstract_learner.cc:171] No input feature explicitly specified. Using all the available input features.
I0000 00:00:1790120677.228586   34882 abstract_learner.cc:185] The label "class" was removed from the input feature set.
I0000 00:00:1790120677.228597   34882 random_forest.cc:534] Training random forest on 11000000 example(s) and 28 feature(s).
I0000 00:00:1790120677.228608   34882 gpu.cc:93] Cannot initialize GPU: Not compiled with GPU support
I0000 00:00:1790120677.229179   34882 random_forest.cc:663] num_threads being used: 48
I0000 00:00:1790120734.393035   35040 random_forest.cc:881] Train tree 1/240  [index:35 total:57.16s tree:57.16s]
I0000 00:00:1790120791.925317   35056 random_forest.cc:881] Train tree 49/240  [index:52 total:1m54.70s tree:57.06s]
I0000 00:00:1790120849.253139   35054 random_forest.cc:881] Train tree 97/240  [index:100 total:2m52.02s tree:56.85s]
I0000 00:00:1790120906.631160   35054 random_forest.cc:881] Train tree 145/240  [index:144 total:3m49.40s tree:57.38s]
I0000 00:00:1790120964.273569   35058 random_forest.cc:881] Train tree 193/240  [index:196 total:4m47.04s tree:56.67s]
I0000 00:00:1790120969.529137   34882 random_forest.cc:899] random_forest.cc Training block took: 292.301 s
W0000 00:00:1790120969.529171   34882 random_forest.cc:1220] EXITING EARLY TO SPEED UP EXPERIMENTS!
RESULT dataset=HIGGS_with_header threshold=400 median=292.301s stddev=N/As n=1


======== Threshold 500 ========

./bazel-bin/examples/train_oblique_forest --input_mode csv --train_csv "benchmarks/data/HIGGS_with_header.csv" --label_col "class" --num_trees=240 --dynamic_split_threshold=500 --feature_split_type Oblique --numerical_split_type "Dynamic Random Histogram" --histogram_num_bins 64
----- Run 1/1 -----
WARNING: All log messages before absl::InitializeLog() is called are written to STDERR
I0000 00:00:1790120976.211896   35110 train_oblique_forest.cc:1101] Loading CSV in a single pass: benchmarks/data/HIGGS_with_header.csv
I0000 00:00:1790120977.134414   35110 train_oblique_forest.cc:1108] Single-pass CSV load complete: 11000000 rows, 29 columns.
I0000 00:00:1790120977.134480   35110 train_oblique_forest.cc:1229] -1 (automatic) threads requested. 48 threads set.
I0000 00:00:1790120977.134489   35110 train_oblique_forest.cc:1304] Configuring oblique splits
I0000 00:00:1790120977.134491   35110 train_oblique_forest.cc:1313] dynamic_split_threshold = 500 (from flag)
I0000 00:00:1790120977.134493   35110 train_oblique_forest.cc:1398] Using Dynamic Random Histogram with 64 samples
I0000 00:00:1790120977.134502   35110 train_oblique_forest.cc:1428] train_oblique_forest wall-time - Loading/Init (pre-train): 0.922629s
I0000 00:00:1790120977.134562   35110 abstract_learner.cc:171] No input feature explicitly specified. Using all the available input features.
I0000 00:00:1790120977.134564   35110 abstract_learner.cc:185] The label "class" was removed from the input feature set.
I0000 00:00:1790120977.134574   35110 random_forest.cc:534] Training random forest on 11000000 example(s) and 28 feature(s).
I0000 00:00:1790120977.134583   35110 gpu.cc:93] Cannot initialize GPU: Not compiled with GPU support
I0000 00:00:1790120977.135144   35110 random_forest.cc:663] num_threads being used: 48
I0000 00:00:1790121034.559012   35249 random_forest.cc:881] Train tree 1/240  [index:21 total:57.42s tree:57.42s]
I0000 00:00:1790121092.607939   35289 random_forest.cc:881] Train tree 49/240  [index:75 total:1m55.47s tree:56.92s]
I0000 00:00:1790121150.051582   35282 random_forest.cc:881] Train tree 97/240  [index:99 total:2m52.92s tree:57.04s]
I0000 00:00:1790121207.644257   35276 random_forest.cc:881] Train tree 145/240  [index:148 total:3m50.51s tree:57.27s]
I0000 00:00:1790121265.246863   35282 random_forest.cc:881] Train tree 193/240  [index:193 total:4m48.11s tree:57.31s]
I0000 00:00:1790121270.444557   35110 random_forest.cc:899] random_forest.cc Training block took: 293.31 s
W0000 00:00:1790121270.444591   35110 random_forest.cc:1220] EXITING EARLY TO SPEED UP EXPERIMENTS!
RESULT dataset=HIGGS_with_header threshold=500 median=293.31s stddev=N/As n=1


======== Threshold 600 ========

./bazel-bin/examples/train_oblique_forest --input_mode csv --train_csv "benchmarks/data/HIGGS_with_header.csv" --label_col "class" --num_trees=240 --dynamic_split_threshold=600 --feature_split_type Oblique --numerical_split_type "Dynamic Random Histogram" --histogram_num_bins 64
----- Run 1/1 -----
WARNING: All log messages before absl::InitializeLog() is called are written to STDERR
I0000 00:00:1790121277.106665   35362 train_oblique_forest.cc:1101] Loading CSV in a single pass: benchmarks/data/HIGGS_with_header.csv
I0000 00:00:1790121278.028501   35362 train_oblique_forest.cc:1108] Single-pass CSV load complete: 11000000 rows, 29 columns.
I0000 00:00:1790121278.028569   35362 train_oblique_forest.cc:1229] -1 (automatic) threads requested. 48 threads set.
I0000 00:00:1790121278.028579   35362 train_oblique_forest.cc:1304] Configuring oblique splits
I0000 00:00:1790121278.028581   35362 train_oblique_forest.cc:1313] dynamic_split_threshold = 600 (from flag)
I0000 00:00:1790121278.028583   35362 train_oblique_forest.cc:1398] Using Dynamic Random Histogram with 64 samples
I0000 00:00:1790121278.028592   35362 train_oblique_forest.cc:1428] train_oblique_forest wall-time - Loading/Init (pre-train): 0.921951s
I0000 00:00:1790121278.028656   35362 abstract_learner.cc:171] No input feature explicitly specified. Using all the available input features.
I0000 00:00:1790121278.028658   35362 abstract_learner.cc:185] The label "class" was removed from the input feature set.
I0000 00:00:1790121278.028670   35362 random_forest.cc:534] Training random forest on 11000000 example(s) and 28 feature(s).
I0000 00:00:1790121278.028679   35362 gpu.cc:93] Cannot initialize GPU: Not compiled with GPU support
I0000 00:00:1790121278.029238   35362 random_forest.cc:663] num_threads being used: 48
I0000 00:00:1790121335.214686   35525 random_forest.cc:881] Train tree 1/240  [index:34 total:57.19s tree:57.18s]
I0000 00:00:1790121392.570774   35535 random_forest.cc:881] Train tree 49/240  [index:51 total:1m54.54s tree:57.00s]
I0000 00:00:1790121450.396829   35509 random_forest.cc:881] Train tree 97/240  [index:101 total:2m52.37s tree:56.80s]
I0000 00:00:1790121508.342497   35509 random_forest.cc:881] Train tree 145/240  [index:144 total:3m50.31s tree:57.95s]
I0000 00:00:1790121566.246457   35528 random_forest.cc:881] Train tree 193/240  [index:195 total:4m48.22s tree:57.37s]
I0000 00:00:1790121571.928719   35362 random_forest.cc:899] random_forest.cc Training block took: 293.9 s
W0000 00:00:1790121571.928755   35362 random_forest.cc:1220] EXITING EARLY TO SPEED UP EXPERIMENTS!
RESULT dataset=HIGGS_with_header threshold=600 median=293.9s stddev=N/As n=1


======== Threshold 700 ========

./bazel-bin/examples/train_oblique_forest --input_mode csv --train_csv "benchmarks/data/HIGGS_with_header.csv" --label_col "class" --num_trees=240 --dynamic_split_threshold=700 --feature_split_type Oblique --numerical_split_type "Dynamic Random Histogram" --histogram_num_bins 64
----- Run 1/1 -----
WARNING: All log messages before absl::InitializeLog() is called are written to STDERR
I0000 00:00:1790121578.581072   35585 train_oblique_forest.cc:1101] Loading CSV in a single pass: benchmarks/data/HIGGS_with_header.csv
I0000 00:00:1790121579.470615   35585 train_oblique_forest.cc:1108] Single-pass CSV load complete: 11000000 rows, 29 columns.
I0000 00:00:1790121579.470681   35585 train_oblique_forest.cc:1229] -1 (automatic) threads requested. 48 threads set.
I0000 00:00:1790121579.470690   35585 train_oblique_forest.cc:1304] Configuring oblique splits
I0000 00:00:1790121579.470691   35585 train_oblique_forest.cc:1313] dynamic_split_threshold = 700 (from flag)
I0000 00:00:1790121579.470693   35585 train_oblique_forest.cc:1398] Using Dynamic Random Histogram with 64 samples
I0000 00:00:1790121579.470702   35585 train_oblique_forest.cc:1428] train_oblique_forest wall-time - Loading/Init (pre-train): 0.889655s
I0000 00:00:1790121579.470761   35585 abstract_learner.cc:171] No input feature explicitly specified. Using all the available input features.
I0000 00:00:1790121579.470763   35585 abstract_learner.cc:185] The label "class" was removed from the input feature set.
I0000 00:00:1790121579.470775   35585 random_forest.cc:534] Training random forest on 11000000 example(s) and 28 feature(s).
I0000 00:00:1790121579.470783   35585 gpu.cc:93] Cannot initialize GPU: Not compiled with GPU support
I0000 00:00:1790121579.471366   35585 random_forest.cc:663] num_threads being used: 48
I0000 00:00:1790121636.851097   35732 random_forest.cc:881] Train tree 1/240  [index:27 total:57.38s tree:57.38s]
I0000 00:00:1790121694.629155   35726 random_forest.cc:881] Train tree 49/240  [index:51 total:1m55.16s tree:57.44s]
I0000 00:00:1790121752.355976   35763 random_forest.cc:881] Train tree 97/240  [index:98 total:2m52.88s tree:57.49s]
I0000 00:00:1790121809.758051   35739 random_forest.cc:881] Train tree 145/240  [index:145 total:3m50.29s tree:57.36s]
I0000 00:00:1790121867.958359   35755 random_forest.cc:881] Train tree 193/240  [index:202 total:4m48.49s tree:56.58s]
I0000 00:00:1790121874.763524   35585 random_forest.cc:899] random_forest.cc Training block took: 295.293 s
W0000 00:00:1790121874.763560   35585 random_forest.cc:1220] EXITING EARLY TO SPEED UP EXPERIMENTS!
RESULT dataset=HIGGS_with_header threshold=700 median=295.293s stddev=N/As n=1


======== Threshold 800 ========

./bazel-bin/examples/train_oblique_forest --input_mode csv --train_csv "benchmarks/data/HIGGS_with_header.csv" --label_col "class" --num_trees=240 --dynamic_split_threshold=800 --feature_split_type Oblique --numerical_split_type "Dynamic Random Histogram" --histogram_num_bins 64
----- Run 1/1 -----
WARNING: All log messages before absl::InitializeLog() is called are written to STDERR
I0000 00:00:1790121881.427692   35881 train_oblique_forest.cc:1101] Loading CSV in a single pass: benchmarks/data/HIGGS_with_header.csv
I0000 00:00:1790121882.348617   35881 train_oblique_forest.cc:1108] Single-pass CSV load complete: 11000000 rows, 29 columns.
I0000 00:00:1790121882.348684   35881 train_oblique_forest.cc:1229] -1 (automatic) threads requested. 48 threads set.
I0000 00:00:1790121882.348693   35881 train_oblique_forest.cc:1304] Configuring oblique splits
I0000 00:00:1790121882.348694   35881 train_oblique_forest.cc:1313] dynamic_split_threshold = 800 (from flag)
I0000 00:00:1790121882.348696   35881 train_oblique_forest.cc:1398] Using Dynamic Random Histogram with 64 samples
I0000 00:00:1790121882.348705   35881 train_oblique_forest.cc:1428] train_oblique_forest wall-time - Loading/Init (pre-train): 0.921037s
I0000 00:00:1790121882.348764   35881 abstract_learner.cc:171] No input feature explicitly specified. Using all the available input features.
I0000 00:00:1790121882.348766   35881 abstract_learner.cc:185] The label "class" was removed from the input feature set.
I0000 00:00:1790121882.348777   35881 random_forest.cc:534] Training random forest on 11000000 example(s) and 28 feature(s).
I0000 00:00:1790121882.348785   35881 gpu.cc:93] Cannot initialize GPU: Not compiled with GPU support
I0000 00:00:1790121882.349352   35881 random_forest.cc:663] num_threads being used: 48
I0000 00:00:1790121939.500032   36042 random_forest.cc:881] Train tree 1/240  [index:35 total:57.15s tree:57.15s]
I0000 00:00:1790121997.334181   36027 random_forest.cc:881] Train tree 49/240  [index:51 total:1m54.98s tree:57.43s]
I0000 00:00:1790122055.041456   36027 random_forest.cc:881] Train tree 97/240  [index:96 total:2m52.69s tree:57.71s]
I0000 00:00:1790122112.633369   36027 random_forest.cc:881] Train tree 145/240  [index:144 total:3m50.28s tree:57.59s]
I0000 00:00:1790122171.088154   36027 random_forest.cc:881] Train tree 193/240  [index:192 total:4m48.74s tree:58.45s]
I0000 00:00:1790122176.319252   35881 random_forest.cc:899] random_forest.cc Training block took: 293.971 s
W0000 00:00:1790122176.319289   35881 random_forest.cc:1220] EXITING EARLY TO SPEED UP EXPERIMENTS!
RESULT dataset=HIGGS_with_header threshold=800 median=293.971s stddev=N/As n=1


======== Threshold 900 ========

./bazel-bin/examples/train_oblique_forest --input_mode csv --train_csv "benchmarks/data/HIGGS_with_header.csv" --label_col "class" --num_trees=240 --dynamic_split_threshold=900 --feature_split_type Oblique --numerical_split_type "Dynamic Random Histogram" --histogram_num_bins 64
----- Run 1/1 -----
WARNING: All log messages before absl::InitializeLog() is called are written to STDERR
I0000 00:00:1790122182.960413   36132 train_oblique_forest.cc:1101] Loading CSV in a single pass: benchmarks/data/HIGGS_with_header.csv
I0000 00:00:1790122183.883129   36132 train_oblique_forest.cc:1108] Single-pass CSV load complete: 11000000 rows, 29 columns.
I0000 00:00:1790122183.883195   36132 train_oblique_forest.cc:1229] -1 (automatic) threads requested. 48 threads set.
I0000 00:00:1790122183.883204   36132 train_oblique_forest.cc:1304] Configuring oblique splits
I0000 00:00:1790122183.883205   36132 train_oblique_forest.cc:1313] dynamic_split_threshold = 900 (from flag)
I0000 00:00:1790122183.883207   36132 train_oblique_forest.cc:1398] Using Dynamic Random Histogram with 64 samples
I0000 00:00:1790122183.883217   36132 train_oblique_forest.cc:1428] train_oblique_forest wall-time - Loading/Init (pre-train): 0.922828s
I0000 00:00:1790122183.883276   36132 abstract_learner.cc:171] No input feature explicitly specified. Using all the available input features.
I0000 00:00:1790122183.883278   36132 abstract_learner.cc:185] The label "class" was removed from the input feature set.
I0000 00:00:1790122183.883289   36132 random_forest.cc:534] Training random forest on 11000000 example(s) and 28 feature(s).
I0000 00:00:1790122183.883298   36132 gpu.cc:93] Cannot initialize GPU: Not compiled with GPU support
I0000 00:00:1790122183.883859   36132 random_forest.cc:663] num_threads being used: 48
I0000 00:00:1790122241.357079   36298 random_forest.cc:881] Train tree 1/240  [index:35 total:57.47s tree:57.47s]
I0000 00:00:1790122299.289897   36277 random_forest.cc:881] Train tree 49/240  [index:58 total:1m55.41s tree:57.25s]
I0000 00:00:1790122356.466942   36269 random_forest.cc:881] Train tree 97/240  [index:98 total:2m52.58s tree:57.10s]
I0000 00:00:1790122414.197212   36269 random_forest.cc:881] Train tree 145/240  [index:144 total:3m50.31s tree:57.73s]
I0000 00:00:1790122473.026964   36275 random_forest.cc:881] Train tree 193/240  [index:202 total:4m49.14s tree:56.98s]
I0000 00:00:1790122478.592495   36132 random_forest.cc:899] random_forest.cc Training block took: 294.709 s
W0000 00:00:1790122478.592529   36132 random_forest.cc:1220] EXITING EARLY TO SPEED UP EXPERIMENTS!
RESULT dataset=HIGGS_with_header threshold=900 median=294.709s stddev=N/As n=1


======== Threshold 1000 ========

./bazel-bin/examples/train_oblique_forest --input_mode csv --train_csv "benchmarks/data/HIGGS_with_header.csv" --label_col "class" --num_trees=240 --dynamic_split_threshold=1000 --feature_split_type Oblique --numerical_split_type "Dynamic Random Histogram" --histogram_num_bins 64
----- Run 1/1 -----
WARNING: All log messages before absl::InitializeLog() is called are written to STDERR
I0000 00:00:1790122485.275093   36356 train_oblique_forest.cc:1101] Loading CSV in a single pass: benchmarks/data/HIGGS_with_header.csv
I0000 00:00:1790122486.194320   36356 train_oblique_forest.cc:1108] Single-pass CSV load complete: 11000000 rows, 29 columns.
I0000 00:00:1790122486.194391   36356 train_oblique_forest.cc:1229] -1 (automatic) threads requested. 48 threads set.
I0000 00:00:1790122486.194400   36356 train_oblique_forest.cc:1304] Configuring oblique splits
I0000 00:00:1790122486.194402   36356 train_oblique_forest.cc:1313] dynamic_split_threshold = 1000 (from flag)
I0000 00:00:1790122486.194404   36356 train_oblique_forest.cc:1398] Using Dynamic Random Histogram with 64 samples
I0000 00:00:1790122486.194413   36356 train_oblique_forest.cc:1428] train_oblique_forest wall-time - Loading/Init (pre-train): 0.919344s
I0000 00:00:1790122486.194472   36356 abstract_learner.cc:171] No input feature explicitly specified. Using all the available input features.
I0000 00:00:1790122486.194474   36356 abstract_learner.cc:185] The label "class" was removed from the input feature set.
I0000 00:00:1790122486.194486   36356 random_forest.cc:534] Training random forest on 11000000 example(s) and 28 feature(s).
I0000 00:00:1790122486.194494   36356 gpu.cc:93] Cannot initialize GPU: Not compiled with GPU support
I0000 00:00:1790122486.195049   36356 random_forest.cc:663] num_threads being used: 48
I0000 00:00:1790122543.647612   36534 random_forest.cc:881] Train tree 1/240  [index:47 total:57.45s tree:57.45s]
I0000 00:00:1790122601.663963   36497 random_forest.cc:881] Train tree 49/240  [index:50 total:1m55.47s tree:57.94s]
I0000 00:00:1790122659.129265   36497 random_forest.cc:881] Train tree 97/240  [index:96 total:2m52.93s tree:57.47s]
I0000 00:00:1790122717.733598   36497 random_forest.cc:881] Train tree 145/240  [index:144 total:3m51.54s tree:58.60s]
I0000 00:00:1790122775.809113   36498 random_forest.cc:881] Train tree 193/240  [index:196 total:4m49.61s tree:57.56s]
I0000 00:00:1790122782.529810   36356 random_forest.cc:899] random_forest.cc Training block took: 296.335 s
W0000 00:00:1790122782.529843   36356 random_forest.cc:1220] EXITING EARLY TO SPEED UP EXPERIMENTS!
RESULT dataset=HIGGS_with_header threshold=1000 median=296.335s stddev=N/As n=1


======== Threshold 1200 ========

./bazel-bin/examples/train_oblique_forest --input_mode csv --train_csv "benchmarks/data/HIGGS_with_header.csv" --label_col "class" --num_trees=240 --dynamic_split_threshold=1200 --feature_split_type Oblique --numerical_split_type "Dynamic Random Histogram" --histogram_num_bins 64
----- Run 1/1 -----
WARNING: All log messages before absl::InitializeLog() is called are written to STDERR
I0000 00:00:1790122789.165832   36611 train_oblique_forest.cc:1101] Loading CSV in a single pass: benchmarks/data/HIGGS_with_header.csv
I0000 00:00:1790122790.076970   36611 train_oblique_forest.cc:1108] Single-pass CSV load complete: 11000000 rows, 29 columns.
I0000 00:00:1790122790.077046   36611 train_oblique_forest.cc:1229] -1 (automatic) threads requested. 48 threads set.
I0000 00:00:1790122790.077056   36611 train_oblique_forest.cc:1304] Configuring oblique splits
I0000 00:00:1790122790.077057   36611 train_oblique_forest.cc:1313] dynamic_split_threshold = 1200 (from flag)
I0000 00:00:1790122790.077059   36611 train_oblique_forest.cc:1398] Using Dynamic Random Histogram with 64 samples
I0000 00:00:1790122790.077068   36611 train_oblique_forest.cc:1428] train_oblique_forest wall-time - Loading/Init (pre-train): 0.911261s
I0000 00:00:1790122790.077127   36611 abstract_learner.cc:171] No input feature explicitly specified. Using all the available input features.
I0000 00:00:1790122790.077130   36611 abstract_learner.cc:185] The label "class" was removed from the input feature set.
I0000 00:00:1790122790.077140   36611 random_forest.cc:534] Training random forest on 11000000 example(s) and 28 feature(s).
I0000 00:00:1790122790.077151   36611 gpu.cc:93] Cannot initialize GPU: Not compiled with GPU support
I0000 00:00:1790122790.077710   36611 random_forest.cc:663] num_threads being used: 48
I0000 00:00:1790122847.215097   36752 random_forest.cc:881] Train tree 1/240  [index:27 total:57.14s tree:57.14s]
I0000 00:00:1790122905.299061   36752 random_forest.cc:881] Train tree 49/240  [index:48 total:1m55.22s tree:58.08s]
I0000 00:00:1790122963.385213   36752 random_forest.cc:881] Train tree 97/240  [index:96 total:2m53.31s tree:58.08s]
I0000 00:00:1790123021.493863   36752 random_forest.cc:881] Train tree 145/240  [index:144 total:3m51.42s tree:58.11s]
I0000 00:00:1790123080.202396   36773 random_forest.cc:881] Train tree 193/240  [index:196 total:4m50.12s tree:57.24s]
I0000 00:00:1790123085.776848   36611 random_forest.cc:899] random_forest.cc Training block took: 295.7 s
W0000 00:00:1790123085.776885   36611 random_forest.cc:1220] EXITING EARLY TO SPEED UP EXPERIMENTS!
RESULT dataset=HIGGS_with_header threshold=1200 median=295.7s stddev=N/As n=1


======== Threshold 1400 ========

./bazel-bin/examples/train_oblique_forest --input_mode csv --train_csv "benchmarks/data/HIGGS_with_header.csv" --label_col "class" --num_trees=240 --dynamic_split_threshold=1400 --feature_split_type Oblique --numerical_split_type "Dynamic Random Histogram" --histogram_num_bins 64
----- Run 1/1 -----
WARNING: All log messages before absl::InitializeLog() is called are written to STDERR
I0000 00:00:1790123092.454912   36954 train_oblique_forest.cc:1101] Loading CSV in a single pass: benchmarks/data/HIGGS_with_header.csv
I0000 00:00:1790123093.375406   36954 train_oblique_forest.cc:1108] Single-pass CSV load complete: 11000000 rows, 29 columns.
I0000 00:00:1790123093.375471   36954 train_oblique_forest.cc:1229] -1 (automatic) threads requested. 48 threads set.
I0000 00:00:1790123093.375481   36954 train_oblique_forest.cc:1304] Configuring oblique splits
I0000 00:00:1790123093.375482   36954 train_oblique_forest.cc:1313] dynamic_split_threshold = 1400 (from flag)
I0000 00:00:1790123093.375484   36954 train_oblique_forest.cc:1398] Using Dynamic Random Histogram with 64 samples
I0000 00:00:1790123093.375494   36954 train_oblique_forest.cc:1428] train_oblique_forest wall-time - Loading/Init (pre-train): 0.920605s
I0000 00:00:1790123093.375552   36954 abstract_learner.cc:171] No input feature explicitly specified. Using all the available input features.
I0000 00:00:1790123093.375554   36954 abstract_learner.cc:185] The label "class" was removed from the input feature set.
I0000 00:00:1790123093.375565   36954 random_forest.cc:534] Training random forest on 11000000 example(s) and 28 feature(s).
I0000 00:00:1790123093.375574   36954 gpu.cc:93] Cannot initialize GPU: Not compiled with GPU support
I0000 00:00:1790123093.376129   36954 random_forest.cc:663] num_threads being used: 48
I0000 00:00:1790123151.554458   37136 random_forest.cc:881] Train tree 1/240  [index:27 total:58.18s tree:58.17s]
I0000 00:00:1790123209.592211   37111 random_forest.cc:881] Train tree 49/240  [index:51 total:1m56.22s tree:57.78s]
I0000 00:00:1790123267.717585   37111 random_forest.cc:881] Train tree 97/240  [index:96 total:2m54.34s tree:58.13s]
I0000 00:00:1790123325.325250   37110 random_forest.cc:881] Train tree 145/240  [index:146 total:3m51.95s tree:57.44s]
I0000 00:00:1790123384.595820   37129 random_forest.cc:881] Train tree 193/240  [index:193 total:4m51.22s tree:58.84s]
I0000 00:00:1790123390.136951   36954 random_forest.cc:899] random_forest.cc Training block took: 296.761 s
W0000 00:00:1790123390.136987   36954 random_forest.cc:1220] EXITING EARLY TO SPEED UP EXPERIMENTS!
RESULT dataset=HIGGS_with_header threshold=1400 median=296.761s stddev=N/As n=1


======== Threshold 1600 ========

./bazel-bin/examples/train_oblique_forest --input_mode csv --train_csv "benchmarks/data/HIGGS_with_header.csv" --label_col "class" --num_trees=240 --dynamic_split_threshold=1600 --feature_split_type Oblique --numerical_split_type "Dynamic Random Histogram" --histogram_num_bins 64
----- Run 1/1 -----
WARNING: All log messages before absl::InitializeLog() is called are written to STDERR
I0000 00:00:1790123396.958340   37177 train_oblique_forest.cc:1101] Loading CSV in a single pass: benchmarks/data/HIGGS_with_header.csv
I0000 00:00:1790123397.881554   37177 train_oblique_forest.cc:1108] Single-pass CSV load complete: 11000000 rows, 29 columns.
I0000 00:00:1790123397.881621   37177 train_oblique_forest.cc:1229] -1 (automatic) threads requested. 48 threads set.
I0000 00:00:1790123397.881631   37177 train_oblique_forest.cc:1304] Configuring oblique splits
I0000 00:00:1790123397.881632   37177 train_oblique_forest.cc:1313] dynamic_split_threshold = 1600 (from flag)
I0000 00:00:1790123397.881634   37177 train_oblique_forest.cc:1398] Using Dynamic Random Histogram with 64 samples
I0000 00:00:1790123397.881643   37177 train_oblique_forest.cc:1428] train_oblique_forest wall-time - Loading/Init (pre-train): 0.92333s
I0000 00:00:1790123397.881702   37177 abstract_learner.cc:171] No input feature explicitly specified. Using all the available input features.
I0000 00:00:1790123397.881704   37177 abstract_learner.cc:185] The label "class" was removed from the input feature set.
I0000 00:00:1790123397.881714   37177 random_forest.cc:534] Training random forest on 11000000 example(s) and 28 feature(s).
I0000 00:00:1790123397.881723   37177 gpu.cc:93] Cannot initialize GPU: Not compiled with GPU support
I0000 00:00:1790123397.882287   37177 random_forest.cc:663] num_threads being used: 48
I0000 00:00:1790123455.695725   37315 random_forest.cc:881] Train tree 1/240  [index:12 total:57.81s tree:57.81s]
I0000 00:00:1790123514.283420   37338 random_forest.cc:881] Train tree 49/240  [index:52 total:1m56.40s tree:58.02s]
I0000 00:00:1790123571.825921   37351 random_forest.cc:881] Train tree 97/240  [index:99 total:2m53.94s tree:57.20s]
I0000 00:00:1790123629.788375   37351 random_forest.cc:881] Train tree 145/240  [index:144 total:3m51.91s tree:57.96s]
I0000 00:00:1790123689.116307   37327 random_forest.cc:881] Train tree 193/240  [index:196 total:4m51.23s tree:57.88s]
I0000 00:00:1790123696.125268   37177 random_forest.cc:899] random_forest.cc Training block took: 298.244 s
W0000 00:00:1790123696.125303   37177 random_forest.cc:1220] EXITING EARLY TO SPEED UP EXPERIMENTS!
RESULT dataset=HIGGS_with_header threshold=1600 median=298.244s stddev=N/As n=1


======== Threshold 1800 ========

./bazel-bin/examples/train_oblique_forest --input_mode csv --train_csv "benchmarks/data/HIGGS_with_header.csv" --label_col "class" --num_trees=240 --dynamic_split_threshold=1800 --feature_split_type Oblique --numerical_split_type "Dynamic Random Histogram" --histogram_num_bins 64
----- Run 1/1 -----
WARNING: All log messages before absl::InitializeLog() is called are written to STDERR
I0000 00:00:1790123702.791486   37403 train_oblique_forest.cc:1101] Loading CSV in a single pass: benchmarks/data/HIGGS_with_header.csv
I0000 00:00:1790123703.710955   37403 train_oblique_forest.cc:1108] Single-pass CSV load complete: 11000000 rows, 29 columns.
I0000 00:00:1790123703.711021   37403 train_oblique_forest.cc:1229] -1 (automatic) threads requested. 48 threads set.
I0000 00:00:1790123703.711030   37403 train_oblique_forest.cc:1304] Configuring oblique splits
I0000 00:00:1790123703.711031   37403 train_oblique_forest.cc:1313] dynamic_split_threshold = 1800 (from flag)
I0000 00:00:1790123703.711033   37403 train_oblique_forest.cc:1398] Using Dynamic Random Histogram with 64 samples
I0000 00:00:1790123703.711042   37403 train_oblique_forest.cc:1428] train_oblique_forest wall-time - Loading/Init (pre-train): 0.919582s
I0000 00:00:1790123703.711099   37403 abstract_learner.cc:171] No input feature explicitly specified. Using all the available input features.
I0000 00:00:1790123703.711101   37403 abstract_learner.cc:185] The label "class" was removed from the input feature set.
I0000 00:00:1790123703.711111   37403 random_forest.cc:534] Training random forest on 11000000 example(s) and 28 feature(s).
I0000 00:00:1790123703.711120   37403 gpu.cc:93] Cannot initialize GPU: Not compiled with GPU support
I0000 00:00:1790123703.711682   37403 random_forest.cc:663] num_threads being used: 48
I0000 00:00:1790123761.551245   37552 random_forest.cc:881] Train tree 1/240  [index:47 total:57.84s tree:57.83s]
I0000 00:00:1790123820.401977   37552 random_forest.cc:881] Train tree 49/240  [index:48 total:1m56.69s tree:58.85s]
I0000 00:00:1790123878.372215   37552 random_forest.cc:881] Train tree 97/240  [index:96 total:2m54.66s tree:57.97s]
I0000 00:00:1790123937.666018   37552 random_forest.cc:881] Train tree 145/240  [index:144 total:3m53.95s tree:59.29s]
I0000 00:00:1790123996.198439   37552 random_forest.cc:881] Train tree 193/240  [index:192 total:4m52.49s tree:58.53s]
I0000 00:00:1790124002.378550   37403 random_forest.cc:899] random_forest.cc Training block took: 298.667 s
W0000 00:00:1790124002.378584   37403 random_forest.cc:1220] EXITING EARLY TO SPEED UP EXPERIMENTS!
RESULT dataset=HIGGS_with_header threshold=1800 median=298.667s stddev=N/As n=1


======== Threshold 2000 ========

./bazel-bin/examples/train_oblique_forest --input_mode csv --train_csv "benchmarks/data/HIGGS_with_header.csv" --label_col "class" --num_trees=240 --dynamic_split_threshold=2000 --feature_split_type Oblique --numerical_split_type "Dynamic Random Histogram" --histogram_num_bins 64
----- Run 1/1 -----
WARNING: All log messages before absl::InitializeLog() is called are written to STDERR
I0000 00:00:1790124009.003498   37628 train_oblique_forest.cc:1101] Loading CSV in a single pass: benchmarks/data/HIGGS_with_header.csv
I0000 00:00:1790124009.929639   37628 train_oblique_forest.cc:1108] Single-pass CSV load complete: 11000000 rows, 29 columns.
I0000 00:00:1790124009.929705   37628 train_oblique_forest.cc:1229] -1 (automatic) threads requested. 48 threads set.
I0000 00:00:1790124009.929714   37628 train_oblique_forest.cc:1304] Configuring oblique splits
I0000 00:00:1790124009.929716   37628 train_oblique_forest.cc:1313] dynamic_split_threshold = 2000 (from flag)
I0000 00:00:1790124009.929718   37628 train_oblique_forest.cc:1398] Using Dynamic Random Histogram with 64 samples
I0000 00:00:1790124009.929727   37628 train_oblique_forest.cc:1428] train_oblique_forest wall-time - Loading/Init (pre-train): 0.926253s
I0000 00:00:1790124009.929788   37628 abstract_learner.cc:171] No input feature explicitly specified. Using all the available input features.
I0000 00:00:1790124009.929790   37628 abstract_learner.cc:185] The label "class" was removed from the input feature set.
I0000 00:00:1790124009.929802   37628 random_forest.cc:534] Training random forest on 11000000 example(s) and 28 feature(s).
I0000 00:00:1790124009.929811   37628 gpu.cc:93] Cannot initialize GPU: Not compiled with GPU support
I0000 00:00:1790124009.930378   37628 random_forest.cc:663] num_threads being used: 48
I0000 00:00:1790124067.942138   37780 random_forest.cc:881] Train tree 1/240  [index:27 total:58.01s tree:58.01s]
I0000 00:00:1790124126.799626   37780 random_forest.cc:881] Train tree 49/240  [index:48 total:1m56.87s tree:58.86s]
I0000 00:00:1790124185.275563   37788 random_forest.cc:881] Train tree 97/240  [index:101 total:2m55.35s tree:57.87s]
I0000 00:00:1790124243.813927   37800 random_forest.cc:881] Train tree 145/240  [index:145 total:3m53.88s tree:58.33s]
I0000 00:00:1790124302.704750   37800 random_forest.cc:881] Train tree 193/240  [index:192 total:4m52.77s tree:58.89s]
I0000 00:00:1790124308.409679   37628 random_forest.cc:899] random_forest.cc Training block took: 298.48 s
W0000 00:00:1790124308.409714   37628 random_forest.cc:1220] EXITING EARLY TO SPEED UP EXPERIMENTS!
RESULT dataset=HIGGS_with_header threshold=2000 median=298.48s stddev=N/As n=1


======== Threshold 2500 ========

./bazel-bin/examples/train_oblique_forest --input_mode csv --train_csv "benchmarks/data/HIGGS_with_header.csv" --label_col "class" --num_trees=240 --dynamic_split_threshold=2500 --feature_split_type Oblique --numerical_split_type "Dynamic Random Histogram" --histogram_num_bins 64
----- Run 1/1 -----
WARNING: All log messages before absl::InitializeLog() is called are written to STDERR
I0000 00:00:1790124315.050662   37856 train_oblique_forest.cc:1101] Loading CSV in a single pass: benchmarks/data/HIGGS_with_header.csv
I0000 00:00:1790124315.969816   37856 train_oblique_forest.cc:1108] Single-pass CSV load complete: 11000000 rows, 29 columns.
I0000 00:00:1790124315.969881   37856 train_oblique_forest.cc:1229] -1 (automatic) threads requested. 48 threads set.
I0000 00:00:1790124315.969891   37856 train_oblique_forest.cc:1304] Configuring oblique splits
I0000 00:00:1790124315.969892   37856 train_oblique_forest.cc:1313] dynamic_split_threshold = 2500 (from flag)
I0000 00:00:1790124315.969894   37856 train_oblique_forest.cc:1398] Using Dynamic Random Histogram with 64 samples
I0000 00:00:1790124315.969904   37856 train_oblique_forest.cc:1428] train_oblique_forest wall-time - Loading/Init (pre-train): 0.919266s
I0000 00:00:1790124315.969962   37856 abstract_learner.cc:171] No input feature explicitly specified. Using all the available input features.
I0000 00:00:1790124315.969964   37856 abstract_learner.cc:185] The label "class" was removed from the input feature set.
I0000 00:00:1790124315.969975   37856 random_forest.cc:534] Training random forest on 11000000 example(s) and 28 feature(s).
I0000 00:00:1790124315.969984   37856 gpu.cc:93] Cannot initialize GPU: Not compiled with GPU support
I0000 00:00:1790124315.970550   37856 random_forest.cc:663] num_threads being used: 48
I0000 00:00:1790124374.884382   38033 random_forest.cc:881] Train tree 1/240  [index:27 total:58.91s tree:58.91s]
I0000 00:00:1790124433.235669   38030 random_forest.cc:881] Train tree 49/240  [index:58 total:1m57.27s tree:57.92s]
I0000 00:00:1790124492.055978   38030 random_forest.cc:881] Train tree 97/240  [index:96 total:2m56.09s tree:58.82s]
I0000 00:00:1790124550.732469   38025 random_forest.cc:881] Train tree 145/240  [index:148 total:3m54.76s tree:58.09s]
I0000 00:00:1790124610.036319   38010 random_forest.cc:881] Train tree 193/240  [index:195 total:4m54.07s tree:58.29s]
I0000 00:00:1790124616.447549   37856 random_forest.cc:899] random_forest.cc Training block took: 300.478 s
W0000 00:00:1790124616.447585   37856 random_forest.cc:1220] EXITING EARLY TO SPEED UP EXPERIMENTS!
RESULT dataset=HIGGS_with_header threshold=2500 median=300.478s stddev=N/As n=1


======== Threshold 3000 ========

./bazel-bin/examples/train_oblique_forest --input_mode csv --train_csv "benchmarks/data/HIGGS_with_header.csv" --label_col "class" --num_trees=240 --dynamic_split_threshold=3000 --feature_split_type Oblique --numerical_split_type "Dynamic Random Histogram" --histogram_num_bins 64
----- Run 1/1 -----
WARNING: All log messages before absl::InitializeLog() is called are written to STDERR
I0000 00:00:1790124623.064790   38106 train_oblique_forest.cc:1101] Loading CSV in a single pass: benchmarks/data/HIGGS_with_header.csv
I0000 00:00:1790124623.988625   38106 train_oblique_forest.cc:1108] Single-pass CSV load complete: 11000000 rows, 29 columns.
I0000 00:00:1790124623.988691   38106 train_oblique_forest.cc:1229] -1 (automatic) threads requested. 48 threads set.
I0000 00:00:1790124623.988701   38106 train_oblique_forest.cc:1304] Configuring oblique splits
I0000 00:00:1790124623.988702   38106 train_oblique_forest.cc:1313] dynamic_split_threshold = 3000 (from flag)
I0000 00:00:1790124623.988704   38106 train_oblique_forest.cc:1398] Using Dynamic Random Histogram with 64 samples
I0000 00:00:1790124623.988714   38106 train_oblique_forest.cc:1428] train_oblique_forest wall-time - Loading/Init (pre-train): 0.923949s
I0000 00:00:1790124623.988774   38106 abstract_learner.cc:171] No input feature explicitly specified. Using all the available input features.
I0000 00:00:1790124623.988776   38106 abstract_learner.cc:185] The label "class" was removed from the input feature set.
I0000 00:00:1790124623.988788   38106 random_forest.cc:534] Training random forest on 11000000 example(s) and 28 feature(s).
I0000 00:00:1790124623.988796   38106 gpu.cc:93] Cannot initialize GPU: Not compiled with GPU support
I0000 00:00:1790124623.989367   38106 random_forest.cc:663] num_threads being used: 48
I0000 00:00:1790124682.471440   38279 random_forest.cc:881] Train tree 1/240  [index:35 total:58.48s tree:58.48s]
I0000 00:00:1790124741.622204   38287 random_forest.cc:881] Train tree 49/240  [index:58 total:1m57.63s tree:58.43s]
I0000 00:00:1790124799.881022   38248 random_forest.cc:881] Train tree 97/240  [index:101 total:2m55.89s tree:58.03s]
I0000 00:00:1790124858.901326   38248 random_forest.cc:881] Train tree 145/240  [index:144 total:3m54.91s tree:59.02s]
I0000 00:00:1790124918.333298   38280 random_forest.cc:881] Train tree 193/240  [index:196 total:4m54.34s tree:58.02s]
I0000 00:00:1790124925.351302   38106 random_forest.cc:899] random_forest.cc Training block took: 301.363 s
W0000 00:00:1790124925.351350   38106 random_forest.cc:1220] EXITING EARLY TO SPEED UP EXPERIMENTS!
RESULT dataset=HIGGS_with_header threshold=3000 median=301.363s stddev=N/As n=1


======== Threshold 3500 ========

./bazel-bin/examples/train_oblique_forest --input_mode csv --train_csv "benchmarks/data/HIGGS_with_header.csv" --label_col "class" --num_trees=240 --dynamic_split_threshold=3500 --feature_split_type Oblique --numerical_split_type "Dynamic Random Histogram" --histogram_num_bins 64
----- Run 1/1 -----
WARNING: All log messages before absl::InitializeLog() is called are written to STDERR
I0000 00:00:1790124931.988708   38327 train_oblique_forest.cc:1101] Loading CSV in a single pass: benchmarks/data/HIGGS_with_header.csv
I0000 00:00:1790124932.909871   38327 train_oblique_forest.cc:1108] Single-pass CSV load complete: 11000000 rows, 29 columns.
I0000 00:00:1790124932.909938   38327 train_oblique_forest.cc:1229] -1 (automatic) threads requested. 48 threads set.
I0000 00:00:1790124932.909948   38327 train_oblique_forest.cc:1304] Configuring oblique splits
I0000 00:00:1790124932.909949   38327 train_oblique_forest.cc:1313] dynamic_split_threshold = 3500 (from flag)
I0000 00:00:1790124932.909951   38327 train_oblique_forest.cc:1398] Using Dynamic Random Histogram with 64 samples
I0000 00:00:1790124932.909960   38327 train_oblique_forest.cc:1428] train_oblique_forest wall-time - Loading/Init (pre-train): 0.921275s
I0000 00:00:1790124932.910018   38327 abstract_learner.cc:171] No input feature explicitly specified. Using all the available input features.
I0000 00:00:1790124932.910020   38327 abstract_learner.cc:185] The label "class" was removed from the input feature set.
I0000 00:00:1790124932.910030   38327 random_forest.cc:534] Training random forest on 11000000 example(s) and 28 feature(s).
I0000 00:00:1790124932.910038   38327 gpu.cc:93] Cannot initialize GPU: Not compiled with GPU support
I0000 00:00:1790124932.910606   38327 random_forest.cc:663] num_threads being used: 48
I0000 00:00:1790124991.555935   38490 random_forest.cc:881] Train tree 1/240  [index:35 total:58.65s tree:58.64s]
I0000 00:00:1790125050.929394   38490 random_forest.cc:881] Train tree 49/240  [index:48 total:1m58.02s tree:59.37s]
I0000 00:00:1790125109.364241   38490 random_forest.cc:881] Train tree 97/240  [index:96 total:2m56.45s tree:58.43s]
I0000 00:00:1790125168.635914   38483 random_forest.cc:881] Train tree 145/240  [index:146 total:3m55.73s tree:58.80s]
I0000 00:00:1790125227.896222   38483 random_forest.cc:881] Train tree 193/240  [index:192 total:4m54.99s tree:59.26s]
I0000 00:00:1790125234.217408   38327 random_forest.cc:899] random_forest.cc Training block took: 301.307 s
W0000 00:00:1790125234.217443   38327 random_forest.cc:1220] EXITING EARLY TO SPEED UP EXPERIMENTS!
RESULT dataset=HIGGS_with_header threshold=3500 median=301.307s stddev=N/As n=1


======== Threshold 4000 ========

./bazel-bin/examples/train_oblique_forest --input_mode csv --train_csv "benchmarks/data/HIGGS_with_header.csv" --label_col "class" --num_trees=240 --dynamic_split_threshold=4000 --feature_split_type Oblique --numerical_split_type "Dynamic Random Histogram" --histogram_num_bins 64
----- Run 1/1 -----
WARNING: All log messages before absl::InitializeLog() is called are written to STDERR
I0000 00:00:1790125240.828921   38553 train_oblique_forest.cc:1101] Loading CSV in a single pass: benchmarks/data/HIGGS_with_header.csv
I0000 00:00:1790125241.750405   38553 train_oblique_forest.cc:1108] Single-pass CSV load complete: 11000000 rows, 29 columns.
I0000 00:00:1790125241.750474   38553 train_oblique_forest.cc:1229] -1 (automatic) threads requested. 48 threads set.
I0000 00:00:1790125241.750484   38553 train_oblique_forest.cc:1304] Configuring oblique splits
I0000 00:00:1790125241.750485   38553 train_oblique_forest.cc:1313] dynamic_split_threshold = 4000 (from flag)
I0000 00:00:1790125241.750487   38553 train_oblique_forest.cc:1398] Using Dynamic Random Histogram with 64 samples
I0000 00:00:1790125241.750497   38553 train_oblique_forest.cc:1428] train_oblique_forest wall-time - Loading/Init (pre-train): 0.921599s
I0000 00:00:1790125241.750555   38553 abstract_learner.cc:171] No input feature explicitly specified. Using all the available input features.
I0000 00:00:1790125241.750557   38553 abstract_learner.cc:185] The label "class" was removed from the input feature set.
I0000 00:00:1790125241.750567   38553 random_forest.cc:534] Training random forest on 11000000 example(s) and 28 feature(s).
I0000 00:00:1790125241.750576   38553 gpu.cc:93] Cannot initialize GPU: Not compiled with GPU support
I0000 00:00:1790125241.751128   38553 random_forest.cc:663] num_threads being used: 48
I0000 00:00:1790125300.548185   38705 random_forest.cc:881] Train tree 1/240  [index:27 total:58.80s tree:58.79s]
I0000 00:00:1790125359.782815   38705 random_forest.cc:881] Train tree 49/240  [index:48 total:1m58.03s tree:59.23s]
I0000 00:00:1790125418.986286   38705 random_forest.cc:881] Train tree 97/240  [index:96 total:2m57.24s tree:59.20s]
I0000 00:00:1790125478.305943   38714 random_forest.cc:881] Train tree 145/240  [index:145 total:3m56.55s tree:59.25s]
I0000 00:00:1790125537.828122   38693 random_forest.cc:881] Train tree 193/240  [index:196 total:4m56.08s tree:58.97s]
I0000 00:00:1790125544.102031   38553 random_forest.cc:899] random_forest.cc Training block took: 302.352 s
W0000 00:00:1790125544.102066   38553 random_forest.cc:1220] EXITING EARLY TO SPEED UP EXPERIMENTS!
RESULT dataset=HIGGS_with_header threshold=4000 median=302.352s stddev=N/As n=1


======== Threshold 4500 ========

./bazel-bin/examples/train_oblique_forest --input_mode csv --train_csv "benchmarks/data/HIGGS_with_header.csv" --label_col "class" --num_trees=240 --dynamic_split_threshold=4500 --feature_split_type Oblique --numerical_split_type "Dynamic Random Histogram" --histogram_num_bins 64
----- Run 1/1 -----
WARNING: All log messages before absl::InitializeLog() is called are written to STDERR
I0000 00:00:1790125550.699303   38771 train_oblique_forest.cc:1101] Loading CSV in a single pass: benchmarks/data/HIGGS_with_header.csv
I0000 00:00:1790125551.621138   38771 train_oblique_forest.cc:1108] Single-pass CSV load complete: 11000000 rows, 29 columns.
I0000 00:00:1790125551.621204   38771 train_oblique_forest.cc:1229] -1 (automatic) threads requested. 48 threads set.
I0000 00:00:1790125551.621214   38771 train_oblique_forest.cc:1304] Configuring oblique splits
I0000 00:00:1790125551.621215   38771 train_oblique_forest.cc:1313] dynamic_split_threshold = 4500 (from flag)
I0000 00:00:1790125551.621217   38771 train_oblique_forest.cc:1398] Using Dynamic Random Histogram with 64 samples
I0000 00:00:1790125551.621226   38771 train_oblique_forest.cc:1428] train_oblique_forest wall-time - Loading/Init (pre-train): 0.921947s
I0000 00:00:1790125551.621287   38771 abstract_learner.cc:171] No input feature explicitly specified. Using all the available input features.
I0000 00:00:1790125551.621289   38771 abstract_learner.cc:185] The label "class" was removed from the input feature set.
I0000 00:00:1790125551.621299   38771 random_forest.cc:534] Training random forest on 11000000 example(s) and 28 feature(s).
I0000 00:00:1790125551.621307   38771 gpu.cc:93] Cannot initialize GPU: Not compiled with GPU support
I0000 00:00:1790125551.621871   38771 random_forest.cc:663] num_threads being used: 48
I0000 00:00:1790125610.813294   38941 random_forest.cc:881] Train tree 1/240  [index:35 total:59.19s tree:59.19s]
I0000 00:00:1790125670.138275   38941 random_forest.cc:881] Train tree 49/240  [index:48 total:1m58.52s tree:59.32s]
I0000 00:00:1790125728.792582   38945 random_forest.cc:881] Train tree 97/240  [index:101 total:2m57.17s tree:58.12s]
I0000 00:00:1790125788.647315   38945 random_forest.cc:881] Train tree 145/240  [index:144 total:3m57.03s tree:59.85s]
I0000 00:00:1790125848.432198   38952 random_forest.cc:881] Train tree 193/240  [index:200 total:4m56.81s tree:58.77s]
I0000 00:00:1790125855.228935   38771 random_forest.cc:899] random_forest.cc Training block took: 303.608 s
W0000 00:00:1790125855.228973   38771 random_forest.cc:1220] EXITING EARLY TO SPEED UP EXPERIMENTS!
RESULT dataset=HIGGS_with_header threshold=4500 median=303.608s stddev=N/As n=1


======== Threshold 5000 ========

./bazel-bin/examples/train_oblique_forest --input_mode csv --train_csv "benchmarks/data/HIGGS_with_header.csv" --label_col "class" --num_trees=240 --dynamic_split_threshold=5000 --feature_split_type Oblique --numerical_split_type "Dynamic Random Histogram" --histogram_num_bins 64
----- Run 1/1 -----
WARNING: All log messages before absl::InitializeLog() is called are written to STDERR
I0000 00:00:1790125861.834264   38995 train_oblique_forest.cc:1101] Loading CSV in a single pass: benchmarks/data/HIGGS_with_header.csv
I0000 00:00:1790125862.756209   38995 train_oblique_forest.cc:1108] Single-pass CSV load complete: 11000000 rows, 29 columns.
I0000 00:00:1790125862.756271   38995 train_oblique_forest.cc:1229] -1 (automatic) threads requested. 48 threads set.
I0000 00:00:1790125862.756280   38995 train_oblique_forest.cc:1304] Configuring oblique splits
I0000 00:00:1790125862.756282   38995 train_oblique_forest.cc:1313] dynamic_split_threshold = 5000 (from flag)
I0000 00:00:1790125862.756284   38995 train_oblique_forest.cc:1398] Using Dynamic Random Histogram with 64 samples
I0000 00:00:1790125862.756293   38995 train_oblique_forest.cc:1428] train_oblique_forest wall-time - Loading/Init (pre-train): 0.922055s
I0000 00:00:1790125862.756357   38995 abstract_learner.cc:171] No input feature explicitly specified. Using all the available input features.
I0000 00:00:1790125862.756359   38995 abstract_learner.cc:185] The label "class" was removed from the input feature set.
I0000 00:00:1790125862.756371   38995 random_forest.cc:534] Training random forest on 11000000 example(s) and 28 feature(s).
I0000 00:00:1790125862.756379   38995 gpu.cc:93] Cannot initialize GPU: Not compiled with GPU support
I0000 00:00:1790125862.756943   38995 random_forest.cc:663] num_threads being used: 48
I0000 00:00:1790125921.623280   39146 random_forest.cc:881] Train tree 1/240  [index:27 total:58.87s tree:58.86s]
I0000 00:00:1790125980.626134   39177 random_forest.cc:881] Train tree 49/240  [index:50 total:1m57.87s tree:58.65s]
I0000 00:00:1790126040.175386   39177 random_forest.cc:881] Train tree 97/240  [index:96 total:2m57.42s tree:59.55s]
I0000 00:00:1790126099.726933   39168 random_forest.cc:881] Train tree 145/240  [index:147 total:3m56.97s tree:59.34s]
I0000 00:00:1790126159.137725   39147 random_forest.cc:881] Train tree 193/240  [index:200 total:4m56.38s tree:58.54s]
I0000 00:00:1790126164.883253   38995 random_forest.cc:899] random_forest.cc Training block took: 302.127 s
W0000 00:00:1790126164.883288   38995 random_forest.cc:1220] EXITING EARLY TO SPEED UP EXPERIMENTS!
RESULT dataset=HIGGS_with_header threshold=5000 median=302.127s stddev=N/As n=1


======== Threshold 6000 ========

./bazel-bin/examples/train_oblique_forest --input_mode csv --train_csv "benchmarks/data/HIGGS_with_header.csv" --label_col "class" --num_trees=240 --dynamic_split_threshold=6000 --feature_split_type Oblique --numerical_split_type "Dynamic Random Histogram" --histogram_num_bins 64
----- Run 1/1 -----
WARNING: All log messages before absl::InitializeLog() is called are written to STDERR
I0000 00:00:1790126171.513725   39217 train_oblique_forest.cc:1101] Loading CSV in a single pass: benchmarks/data/HIGGS_with_header.csv
I0000 00:00:1790126172.436659   39217 train_oblique_forest.cc:1108] Single-pass CSV load complete: 11000000 rows, 29 columns.
I0000 00:00:1790126172.436723   39217 train_oblique_forest.cc:1229] -1 (automatic) threads requested. 48 threads set.
I0000 00:00:1790126172.436732   39217 train_oblique_forest.cc:1304] Configuring oblique splits
I0000 00:00:1790126172.436734   39217 train_oblique_forest.cc:1313] dynamic_split_threshold = 6000 (from flag)
I0000 00:00:1790126172.436736   39217 train_oblique_forest.cc:1398] Using Dynamic Random Histogram with 64 samples
I0000 00:00:1790126172.436745   39217 train_oblique_forest.cc:1428] train_oblique_forest wall-time - Loading/Init (pre-train): 0.923044s
I0000 00:00:1790126172.436803   39217 abstract_learner.cc:171] No input feature explicitly specified. Using all the available input features.
I0000 00:00:1790126172.436805   39217 abstract_learner.cc:185] The label "class" was removed from the input feature set.
I0000 00:00:1790126172.436816   39217 random_forest.cc:534] Training random forest on 11000000 example(s) and 28 feature(s).
I0000 00:00:1790126172.436824   39217 gpu.cc:93] Cannot initialize GPU: Not compiled with GPU support
I0000 00:00:1790126172.437398   39217 random_forest.cc:663] num_threads being used: 48
I0000 00:00:1790126231.815667   39373 random_forest.cc:881] Train tree 1/240  [index:14 total:59.38s tree:59.38s]
I0000 00:00:1790126291.375026   39373 random_forest.cc:881] Train tree 49/240  [index:48 total:1m58.94s tree:59.56s]
I0000 00:00:1790126350.620271   39391 random_forest.cc:881] Train tree 97/240  [index:98 total:2m58.18s tree:58.91s]
I0000 00:00:1790126409.925518   39391 random_forest.cc:881] Train tree 145/240  [index:144 total:3m57.49s tree:59.30s]
I0000 00:00:1790126470.212624   39391 random_forest.cc:881] Train tree 193/240  [index:192 total:4m57.78s tree:1m0.29s]
I0000 00:00:1790126476.801766   39217 random_forest.cc:899] random_forest.cc Training block took: 304.365 s
W0000 00:00:1790126476.801804   39217 random_forest.cc:1220] EXITING EARLY TO SPEED UP EXPERIMENTS!
RESULT dataset=HIGGS_with_header threshold=6000 median=304.365s stddev=N/As n=1


======== Threshold 7000 ========

./bazel-bin/examples/train_oblique_forest --input_mode csv --train_csv "benchmarks/data/HIGGS_with_header.csv" --label_col "class" --num_trees=240 --dynamic_split_threshold=7000 --feature_split_type Oblique --numerical_split_type "Dynamic Random Histogram" --histogram_num_bins 64
----- Run 1/1 -----
WARNING: All log messages before absl::InitializeLog() is called are written to STDERR
I0000 00:00:1790126483.410130   39485 train_oblique_forest.cc:1101] Loading CSV in a single pass: benchmarks/data/HIGGS_with_header.csv
I0000 00:00:1790126484.328691   39485 train_oblique_forest.cc:1108] Single-pass CSV load complete: 11000000 rows, 29 columns.
I0000 00:00:1790126484.328758   39485 train_oblique_forest.cc:1229] -1 (automatic) threads requested. 48 threads set.
I0000 00:00:1790126484.328767   39485 train_oblique_forest.cc:1304] Configuring oblique splits
I0000 00:00:1790126484.328768   39485 train_oblique_forest.cc:1313] dynamic_split_threshold = 7000 (from flag)
I0000 00:00:1790126484.328770   39485 train_oblique_forest.cc:1398] Using Dynamic Random Histogram with 64 samples
I0000 00:00:1790126484.328779   39485 train_oblique_forest.cc:1428] train_oblique_forest wall-time - Loading/Init (pre-train): 0.918673s
I0000 00:00:1790126484.328836   39485 abstract_learner.cc:171] No input feature explicitly specified. Using all the available input features.
I0000 00:00:1790126484.328838   39485 abstract_learner.cc:185] The label "class" was removed from the input feature set.
I0000 00:00:1790126484.328849   39485 random_forest.cc:534] Training random forest on 11000000 example(s) and 28 feature(s).
I0000 00:00:1790126484.328857   39485 gpu.cc:93] Cannot initialize GPU: Not compiled with GPU support
I0000 00:00:1790126484.329421   39485 random_forest.cc:663] num_threads being used: 48
I0000 00:00:1790126543.924493   39662 random_forest.cc:881] Train tree 1/240  [index:16 total:59.60s tree:59.59s]
I0000 00:00:1790126603.489530   39663 random_forest.cc:881] Train tree 49/240  [index:57 total:1m59.16s tree:59.08s]
I0000 00:00:1790126663.126719   39638 random_forest.cc:881] Train tree 97/240  [index:107 total:2m58.80s tree:58.60s]
I0000 00:00:1790126722.452677   39638 random_forest.cc:881] Train tree 145/240  [index:144 total:3m58.12s tree:59.32s]
I0000 00:00:1790126782.337098   39665 random_forest.cc:881] Train tree 193/240  [index:195 total:4m58.01s tree:58.96s]
I0000 00:00:1790126788.875896   39485 random_forest.cc:899] random_forest.cc Training block took: 304.547 s
W0000 00:00:1790126788.875933   39485 random_forest.cc:1220] EXITING EARLY TO SPEED UP EXPERIMENTS!
RESULT dataset=HIGGS_with_header threshold=7000 median=304.547s stddev=N/As n=1


======== Threshold 8000 ========

./bazel-bin/examples/train_oblique_forest --input_mode csv --train_csv "benchmarks/data/HIGGS_with_header.csv" --label_col "class" --num_trees=240 --dynamic_split_threshold=8000 --feature_split_type Oblique --numerical_split_type "Dynamic Random Histogram" --histogram_num_bins 64
----- Run 1/1 -----
WARNING: All log messages before absl::InitializeLog() is called are written to STDERR
I0000 00:00:1790126795.493116   39713 train_oblique_forest.cc:1101] Loading CSV in a single pass: benchmarks/data/HIGGS_with_header.csv
I0000 00:00:1790126796.409968   39713 train_oblique_forest.cc:1108] Single-pass CSV load complete: 11000000 rows, 29 columns.
I0000 00:00:1790126796.410034   39713 train_oblique_forest.cc:1229] -1 (automatic) threads requested. 48 threads set.
I0000 00:00:1790126796.410043   39713 train_oblique_forest.cc:1304] Configuring oblique splits
I0000 00:00:1790126796.410045   39713 train_oblique_forest.cc:1313] dynamic_split_threshold = 8000 (from flag)
I0000 00:00:1790126796.410047   39713 train_oblique_forest.cc:1398] Using Dynamic Random Histogram with 64 samples
I0000 00:00:1790126796.410056   39713 train_oblique_forest.cc:1428] train_oblique_forest wall-time - Loading/Init (pre-train): 0.916963s
I0000 00:00:1790126796.410117   39713 abstract_learner.cc:171] No input feature explicitly specified. Using all the available input features.
I0000 00:00:1790126796.410119   39713 abstract_learner.cc:185] The label "class" was removed from the input feature set.
I0000 00:00:1790126796.410129   39713 random_forest.cc:534] Training random forest on 11000000 example(s) and 28 feature(s).
I0000 00:00:1790126796.410138   39713 gpu.cc:93] Cannot initialize GPU: Not compiled with GPU support
I0000 00:00:1790126796.410700   39713 random_forest.cc:663] num_threads being used: 48
I0000 00:00:1790126855.473977   39895 random_forest.cc:881] Train tree 1/240  [index:47 total:59.06s tree:59.06s]
I0000 00:00:1790126915.364095   39895 random_forest.cc:881] Train tree 49/240  [index:48 total:1m58.95s tree:59.89s]
I0000 00:00:1790126974.916327   39895 random_forest.cc:881] Train tree 97/240  [index:96 total:2m58.51s tree:59.55s]
I0000 00:00:1790127034.799208   39854 random_forest.cc:881] Train tree 145/240  [index:153 total:3m58.39s tree:58.66s]
I0000 00:00:1790127094.527186   39853 random_forest.cc:881] Train tree 193/240  [index:198 total:4m58.12s tree:58.83s]
I0000 00:00:1790127101.764573   39713 random_forest.cc:899] random_forest.cc Training block took: 305.354 s
W0000 00:00:1790127101.764608   39713 random_forest.cc:1220] EXITING EARLY TO SPEED UP EXPERIMENTS!
RESULT dataset=HIGGS_with_header threshold=8000 median=305.354s stddev=N/As n=1


======== Threshold 9000 ========

./bazel-bin/examples/train_oblique_forest --input_mode csv --train_csv "benchmarks/data/HIGGS_with_header.csv" --label_col "class" --num_trees=240 --dynamic_split_threshold=9000 --feature_split_type Oblique --numerical_split_type "Dynamic Random Histogram" --histogram_num_bins 64
----- Run 1/1 -----
WARNING: All log messages before absl::InitializeLog() is called are written to STDERR
I0000 00:00:1790127108.366947   39943 train_oblique_forest.cc:1101] Loading CSV in a single pass: benchmarks/data/HIGGS_with_header.csv
I0000 00:00:1790127109.275487   39943 train_oblique_forest.cc:1108] Single-pass CSV load complete: 11000000 rows, 29 columns.
I0000 00:00:1790127109.275555   39943 train_oblique_forest.cc:1229] -1 (automatic) threads requested. 48 threads set.
I0000 00:00:1790127109.275564   39943 train_oblique_forest.cc:1304] Configuring oblique splits
I0000 00:00:1790127109.275566   39943 train_oblique_forest.cc:1313] dynamic_split_threshold = 9000 (from flag)
I0000 00:00:1790127109.275568   39943 train_oblique_forest.cc:1398] Using Dynamic Random Histogram with 64 samples
I0000 00:00:1790127109.275578   39943 train_oblique_forest.cc:1428] train_oblique_forest wall-time - Loading/Init (pre-train): 0.908654s
I0000 00:00:1790127109.275637   39943 abstract_learner.cc:171] No input feature explicitly specified. Using all the available input features.
I0000 00:00:1790127109.275640   39943 abstract_learner.cc:185] The label "class" was removed from the input feature set.
I0000 00:00:1790127109.275652   39943 random_forest.cc:534] Training random forest on 11000000 example(s) and 28 feature(s).
I0000 00:00:1790127109.275660   39943 gpu.cc:93] Cannot initialize GPU: Not compiled with GPU support
I0000 00:00:1790127109.276217   39943 random_forest.cc:663] num_threads being used: 48
I0000 00:00:1790127168.657475   40100 random_forest.cc:881] Train tree 1/240  [index:34 total:59.38s tree:59.38s]
I0000 00:00:1790127228.354236   40112 random_forest.cc:881] Train tree 49/240  [index:52 total:1m59.08s tree:59.42s]
I0000 00:00:1790127288.583354   40109 random_forest.cc:881] Train tree 97/240  [index:102 total:2m59.31s tree:59.37s]
I0000 00:00:1790127348.361927   40112 random_forest.cc:881] Train tree 145/240  [index:145 total:3m59.09s tree:59.70s]
I0000 00:00:1790127408.534324   40112 random_forest.cc:881] Train tree 193/240  [index:192 total:4m59.26s tree:1m0.17s]
I0000 00:00:1790127413.240324   39943 random_forest.cc:899] random_forest.cc Training block took: 303.965 s
W0000 00:00:1790127413.240364   39943 random_forest.cc:1220] EXITING EARLY TO SPEED UP EXPERIMENTS!
RESULT dataset=HIGGS_with_header threshold=9000 median=303.965s stddev=N/As n=1


======== Threshold 10000 ========

./bazel-bin/examples/train_oblique_forest --input_mode csv --train_csv "benchmarks/data/HIGGS_with_header.csv" --label_col "class" --num_trees=240 --dynamic_split_threshold=10000 --feature_split_type Oblique --numerical_split_type "Dynamic Random Histogram" --histogram_num_bins 64
----- Run 1/1 -----
WARNING: All log messages before absl::InitializeLog() is called are written to STDERR
I0000 00:00:1790127419.833821   40162 train_oblique_forest.cc:1101] Loading CSV in a single pass: benchmarks/data/HIGGS_with_header.csv
I0000 00:00:1790127420.761354   40162 train_oblique_forest.cc:1108] Single-pass CSV load complete: 11000000 rows, 29 columns.
I0000 00:00:1790127420.761421   40162 train_oblique_forest.cc:1229] -1 (automatic) threads requested. 48 threads set.
I0000 00:00:1790127420.761430   40162 train_oblique_forest.cc:1304] Configuring oblique splits
I0000 00:00:1790127420.761432   40162 train_oblique_forest.cc:1313] dynamic_split_threshold = 10000 (from flag)
I0000 00:00:1790127420.761434   40162 train_oblique_forest.cc:1398] Using Dynamic Random Histogram with 64 samples
I0000 00:00:1790127420.761443   40162 train_oblique_forest.cc:1428] train_oblique_forest wall-time - Loading/Init (pre-train): 0.927644s
I0000 00:00:1790127420.761503   40162 abstract_learner.cc:171] No input feature explicitly specified. Using all the available input features.
I0000 00:00:1790127420.761505   40162 abstract_learner.cc:185] The label "class" was removed from the input feature set.
I0000 00:00:1790127420.761518   40162 random_forest.cc:534] Training random forest on 11000000 example(s) and 28 feature(s).
I0000 00:00:1790127420.761526   40162 gpu.cc:93] Cannot initialize GPU: Not compiled with GPU support
I0000 00:00:1790127420.762082   40162 random_forest.cc:663] num_threads being used: 48
I0000 00:00:1790127480.387869   40312 random_forest.cc:881] Train tree 1/240  [index:17 total:59.63s tree:59.62s]
I0000 00:00:1790127540.373374   40312 random_forest.cc:881] Train tree 49/240  [index:48 total:1m59.61s tree:59.98s]
I0000 00:00:1790127600.346876   40309 random_forest.cc:881] Train tree 97/240  [index:99 total:2m59.58s tree:59.68s]
I0000 00:00:1790127660.804209   40321 random_forest.cc:881] Train tree 145/240  [index:151 total:4m0.04s tree:59.51s]
I0000 00:00:1790127720.885866   40299 random_forest.cc:881] Train tree 193/240  [index:199 total:5m0.12s tree:59.24s]
I0000 00:00:1790127726.922332   40162 random_forest.cc:899] random_forest.cc Training block took: 306.161 s
W0000 00:00:1790127726.922376   40162 random_forest.cc:1220] EXITING EARLY TO SPEED UP EXPERIMENTS!
RESULT dataset=HIGGS_with_header threshold=10000 median=306.161s stddev=N/As n=1
