==== PROVENANCE ====
date_utc: 2026-09-23T03:55:46Z
git_sha: 7c2cef51
git_branch: rebased-main
machine: Intel(R) Xeon(R) Platinum 8488C (nproc=48)
machine_serial: ec2345d6-e74b-012e-4435-8c757e5c589e
compiler: Intel(R) oneAPI DPC++/C++ Compiler 2025.2.1 (2025.2.0.20250806)
EXTRA_BAZEL_CONFIGS: <none>
EXTRA_TRAIN_ARGS: --feature_split_type Oblique --numerical_split_type "Dynamic Random Histogram" --histogram_num_bins 64
NUM_TREES_DIVISOR: 1
NUM_TREES: 240  NUM_RUNS: 1
DYNAMIC_SPLIT_THRESHOLDS: 100 200 300 400 500 600 700 800 900 1000 1200 1400 1600 1800 2000 2500 3000 3500 4000 4500 5000 6000 7000 8000 9000 10000
CSV_DATASETS: benchmarks/data/SUSY_with_header.csv|class  TRUNK_DATASETS: <none>
====================


======== DYNAMIC THRESHOLD SWEEP  configs: <none>  args: --feature_split_type Oblique --numerical_split_type "Dynamic Random Histogram" --histogram_num_bins 64 ========



======== Threshold 100 ========

./bazel-bin/examples/train_oblique_forest --input_mode csv --train_csv "benchmarks/data/SUSY_with_header.csv" --label_col "class" --num_trees=240 --dynamic_split_threshold=100 --feature_split_type Oblique --numerical_split_type "Dynamic Random Histogram" --histogram_num_bins 64
----- Run 1/1 -----
WARNING: All log messages before absl::InitializeLog() is called are written to STDERR
I0000 00:00:1790135746.368255   48627 train_oblique_forest.cc:1101] Loading CSV in a single pass: benchmarks/data/SUSY_with_header.csv
I0000 00:00:1790135763.903968   48627 train_oblique_forest.cc:1108] Single-pass CSV load complete: 5000000 rows, 19 columns.
I0000 00:00:1790135763.904032   48627 train_oblique_forest.cc:1229] -1 (automatic) threads requested. 48 threads set.
I0000 00:00:1790135763.904041   48627 train_oblique_forest.cc:1304] Configuring oblique splits
I0000 00:00:1790135763.904043   48627 train_oblique_forest.cc:1313] dynamic_split_threshold = 100 (from flag)
I0000 00:00:1790135763.904045   48627 train_oblique_forest.cc:1398] Using Dynamic Random Histogram with 64 samples
I0000 00:00:1790135763.904054   48627 train_oblique_forest.cc:1428] train_oblique_forest wall-time - Loading/Init (pre-train): 17.5358s
I0000 00:00:1790135763.904112   48627 abstract_learner.cc:171] No input feature explicitly specified. Using all the available input features.
I0000 00:00:1790135763.904115   48627 abstract_learner.cc:185] The label "class" was removed from the input feature set.
I0000 00:00:1790135763.904124   48627 random_forest.cc:534] Training random forest on 5000000 example(s) and 18 feature(s).
I0000 00:00:1790135763.904134   48627 gpu.cc:93] Cannot initialize GPU: Not compiled with GPU support
I0000 00:00:1790135763.904689   48627 random_forest.cc:663] num_threads being used: 48
I0000 00:00:1790135782.834930   48776 random_forest.cc:881] Train tree 1/240  [index:5 total:18.93s tree:18.93s]
I0000 00:00:1790135802.835093   48764 random_forest.cc:881] Train tree 83/240  [index:66 total:38.93s tree:19.54s]
I0000 00:00:1790135822.895371   48778 random_forest.cc:881] Train tree 141/240  [index:134 total:58.99s tree:19.96s]
I0000 00:00:1790135843.421694   48759 random_forest.cc:881] Train tree 192/240  [index:191 total:1m19.52s tree:19.48s]
I0000 00:00:1790135862.344692   48627 random_forest.cc:899] random_forest.cc Training block took: 98.4406 s
W0000 00:00:1790135862.344723   48627 random_forest.cc:1220] EXITING EARLY TO SPEED UP EXPERIMENTS!
RESULT dataset=SUSY_with_header threshold=100 median=98.4406s stddev=N/As n=1


======== Threshold 200 ========

./bazel-bin/examples/train_oblique_forest --input_mode csv --train_csv "benchmarks/data/SUSY_with_header.csv" --label_col "class" --num_trees=240 --dynamic_split_threshold=200 --feature_split_type Oblique --numerical_split_type "Dynamic Random Histogram" --histogram_num_bins 64
----- Run 1/1 -----
WARNING: All log messages before absl::InitializeLog() is called are written to STDERR
I0000 00:00:1790135865.207178   48822 train_oblique_forest.cc:1101] Loading CSV in a single pass: benchmarks/data/SUSY_with_header.csv
I0000 00:00:1790135865.550284   48822 train_oblique_forest.cc:1108] Single-pass CSV load complete: 5000000 rows, 19 columns.
I0000 00:00:1790135865.550349   48822 train_oblique_forest.cc:1229] -1 (automatic) threads requested. 48 threads set.
I0000 00:00:1790135865.550358   48822 train_oblique_forest.cc:1304] Configuring oblique splits
I0000 00:00:1790135865.550360   48822 train_oblique_forest.cc:1313] dynamic_split_threshold = 200 (from flag)
I0000 00:00:1790135865.550362   48822 train_oblique_forest.cc:1398] Using Dynamic Random Histogram with 64 samples
I0000 00:00:1790135865.550371   48822 train_oblique_forest.cc:1428] train_oblique_forest wall-time - Loading/Init (pre-train): 0.343218s
I0000 00:00:1790135865.550428   48822 abstract_learner.cc:171] No input feature explicitly specified. Using all the available input features.
I0000 00:00:1790135865.550430   48822 abstract_learner.cc:185] The label "class" was removed from the input feature set.
I0000 00:00:1790135865.550439   48822 random_forest.cc:534] Training random forest on 5000000 example(s) and 18 feature(s).
I0000 00:00:1790135865.550446   48822 gpu.cc:93] Cannot initialize GPU: Not compiled with GPU support
I0000 00:00:1790135865.551003   48822 random_forest.cc:663] num_threads being used: 48
I0000 00:00:1790135884.347821   48991 random_forest.cc:881] Train tree 1/240  [index:41 total:18.80s tree:18.79s]
I0000 00:00:1790135904.368736   48990 random_forest.cc:881] Train tree 84/240  [index:51 total:38.82s tree:19.84s]
I0000 00:00:1790135924.810712   48950 random_forest.cc:881] Train tree 144/240  [index:143 total:59.26s tree:19.68s]
I0000 00:00:1790135960.513302   48979 random_forest.cc:881] Train tree 193/240  [index:193 total:1m34.96s tree:18.79s]
I0000 00:00:1790135962.859534   48822 random_forest.cc:899] random_forest.cc Training block took: 97.3091 s
W0000 00:00:1790135962.859569   48822 random_forest.cc:1220] EXITING EARLY TO SPEED UP EXPERIMENTS!
RESULT dataset=SUSY_with_header threshold=200 median=97.3091s stddev=N/As n=1


======== Threshold 300 ========

./bazel-bin/examples/train_oblique_forest --input_mode csv --train_csv "benchmarks/data/SUSY_with_header.csv" --label_col "class" --num_trees=240 --dynamic_split_threshold=300 --feature_split_type Oblique --numerical_split_type "Dynamic Random Histogram" --histogram_num_bins 64
----- Run 1/1 -----
WARNING: All log messages before absl::InitializeLog() is called are written to STDERR
I0000 00:00:1790135965.678621   49025 train_oblique_forest.cc:1101] Loading CSV in a single pass: benchmarks/data/SUSY_with_header.csv
I0000 00:00:1790135966.027146   49025 train_oblique_forest.cc:1108] Single-pass CSV load complete: 5000000 rows, 19 columns.
I0000 00:00:1790135966.027208   49025 train_oblique_forest.cc:1229] -1 (automatic) threads requested. 48 threads set.
I0000 00:00:1790135966.027218   49025 train_oblique_forest.cc:1304] Configuring oblique splits
I0000 00:00:1790135966.027219   49025 train_oblique_forest.cc:1313] dynamic_split_threshold = 300 (from flag)
I0000 00:00:1790135966.027221   49025 train_oblique_forest.cc:1398] Using Dynamic Random Histogram with 64 samples
I0000 00:00:1790135966.027230   49025 train_oblique_forest.cc:1428] train_oblique_forest wall-time - Loading/Init (pre-train): 0.348632s
I0000 00:00:1790135966.027285   49025 abstract_learner.cc:171] No input feature explicitly specified. Using all the available input features.
I0000 00:00:1790135966.027287   49025 abstract_learner.cc:185] The label "class" was removed from the input feature set.
I0000 00:00:1790135966.027297   49025 random_forest.cc:534] Training random forest on 5000000 example(s) and 18 feature(s).
I0000 00:00:1790135966.027305   49025 gpu.cc:93] Cannot initialize GPU: Not compiled with GPU support
I0000 00:00:1790135966.027862   49025 random_forest.cc:663] num_threads being used: 48
I0000 00:00:1790135984.822679   49168 random_forest.cc:881] Train tree 1/240  [index:36 total:18.79s tree:18.79s]
I0000 00:00:1790136004.825835   49153 random_forest.cc:881] Train tree 89/240  [index:91 total:38.80s tree:19.18s]
I0000 00:00:1790136025.056164   49174 random_forest.cc:881] Train tree 144/240  [index:143 total:59.03s tree:19.69s]
I0000 00:00:1790136061.077515   49168 random_forest.cc:881] Train tree 193/240  [index:192 total:1m35.05s tree:19.11s]
I0000 00:00:1790136062.827875   49025 random_forest.cc:899] random_forest.cc Training block took: 96.8006 s
W0000 00:00:1790136062.827907   49025 random_forest.cc:1220] EXITING EARLY TO SPEED UP EXPERIMENTS!
RESULT dataset=SUSY_with_header threshold=300 median=96.8006s stddev=N/As n=1


======== Threshold 400 ========

./bazel-bin/examples/train_oblique_forest --input_mode csv --train_csv "benchmarks/data/SUSY_with_header.csv" --label_col "class" --num_trees=240 --dynamic_split_threshold=400 --feature_split_type Oblique --numerical_split_type "Dynamic Random Histogram" --histogram_num_bins 64
----- Run 1/1 -----
WARNING: All log messages before absl::InitializeLog() is called are written to STDERR
I0000 00:00:1790136065.648960   49235 train_oblique_forest.cc:1101] Loading CSV in a single pass: benchmarks/data/SUSY_with_header.csv
I0000 00:00:1790136065.993154   49235 train_oblique_forest.cc:1108] Single-pass CSV load complete: 5000000 rows, 19 columns.
I0000 00:00:1790136065.993216   49235 train_oblique_forest.cc:1229] -1 (automatic) threads requested. 48 threads set.
I0000 00:00:1790136065.993225   49235 train_oblique_forest.cc:1304] Configuring oblique splits
I0000 00:00:1790136065.993226   49235 train_oblique_forest.cc:1313] dynamic_split_threshold = 400 (from flag)
I0000 00:00:1790136065.993228   49235 train_oblique_forest.cc:1398] Using Dynamic Random Histogram with 64 samples
I0000 00:00:1790136065.993237   49235 train_oblique_forest.cc:1428] train_oblique_forest wall-time - Loading/Init (pre-train): 0.3443s
I0000 00:00:1790136065.993293   49235 abstract_learner.cc:171] No input feature explicitly specified. Using all the available input features.
I0000 00:00:1790136065.993295   49235 abstract_learner.cc:185] The label "class" was removed from the input feature set.
I0000 00:00:1790136065.993304   49235 random_forest.cc:534] Training random forest on 5000000 example(s) and 18 feature(s).
I0000 00:00:1790136065.993311   49235 gpu.cc:93] Cannot initialize GPU: Not compiled with GPU support
I0000 00:00:1790136065.993870   49235 random_forest.cc:663] num_threads being used: 48
I0000 00:00:1790136084.833410   49372 random_forest.cc:881] Train tree 1/240  [index:43 total:18.84s tree:18.84s]
I0000 00:00:1790136104.891303   49373 random_forest.cc:881] Train tree 92/240  [index:66 total:38.90s tree:19.67s]
I0000 00:00:1790136125.158206   49386 random_forest.cc:881] Train tree 143/240  [index:142 total:59.16s tree:19.56s]
I0000 00:00:1790136161.236148   49388 random_forest.cc:881] Train tree 193/240  [index:192 total:1m35.24s tree:19.07s]
I0000 00:00:1790136163.079551   49235 random_forest.cc:899] random_forest.cc Training block took: 97.0863 s
W0000 00:00:1790136163.079582   49235 random_forest.cc:1220] EXITING EARLY TO SPEED UP EXPERIMENTS!
RESULT dataset=SUSY_with_header threshold=400 median=97.0863s stddev=N/As n=1


======== Threshold 500 ========

./bazel-bin/examples/train_oblique_forest --input_mode csv --train_csv "benchmarks/data/SUSY_with_header.csv" --label_col "class" --num_trees=240 --dynamic_split_threshold=500 --feature_split_type Oblique --numerical_split_type "Dynamic Random Histogram" --histogram_num_bins 64
----- Run 1/1 -----
WARNING: All log messages before absl::InitializeLog() is called are written to STDERR
I0000 00:00:1790136165.887052   49438 train_oblique_forest.cc:1101] Loading CSV in a single pass: benchmarks/data/SUSY_with_header.csv
I0000 00:00:1790136166.228249   49438 train_oblique_forest.cc:1108] Single-pass CSV load complete: 5000000 rows, 19 columns.
I0000 00:00:1790136166.228310   49438 train_oblique_forest.cc:1229] -1 (automatic) threads requested. 48 threads set.
I0000 00:00:1790136166.228319   49438 train_oblique_forest.cc:1304] Configuring oblique splits
I0000 00:00:1790136166.228321   49438 train_oblique_forest.cc:1313] dynamic_split_threshold = 500 (from flag)
I0000 00:00:1790136166.228323   49438 train_oblique_forest.cc:1398] Using Dynamic Random Histogram with 64 samples
I0000 00:00:1790136166.228331   49438 train_oblique_forest.cc:1428] train_oblique_forest wall-time - Loading/Init (pre-train): 0.341304s
I0000 00:00:1790136166.228390   49438 abstract_learner.cc:171] No input feature explicitly specified. Using all the available input features.
I0000 00:00:1790136166.228392   49438 abstract_learner.cc:185] The label "class" was removed from the input feature set.
I0000 00:00:1790136166.228402   49438 random_forest.cc:534] Training random forest on 5000000 example(s) and 18 feature(s).
I0000 00:00:1790136166.228410   49438 gpu.cc:93] Cannot initialize GPU: Not compiled with GPU support
I0000 00:00:1790136166.228965   49438 random_forest.cc:663] num_threads being used: 48
I0000 00:00:1790136185.139261   49576 random_forest.cc:881] Train tree 1/240  [index:19 total:18.91s tree:18.91s]
I0000 00:00:1790136205.415302   49572 random_forest.cc:881] Train tree 94/240  [index:95 total:39.19s tree:19.32s]
I0000 00:00:1790136242.047690   49588 random_forest.cc:881] Train tree 145/240  [index:144 total:1m15.82s tree:18.92s]
I0000 00:00:1790136262.106749   49602 random_forest.cc:881] Train tree 197/240  [index:200 total:1m35.88s tree:19.14s]
I0000 00:00:1790136263.596431   49438 random_forest.cc:899] random_forest.cc Training block took: 97.3681 s
W0000 00:00:1790136263.596466   49438 random_forest.cc:1220] EXITING EARLY TO SPEED UP EXPERIMENTS!
RESULT dataset=SUSY_with_header threshold=500 median=97.3681s stddev=N/As n=1


======== Threshold 600 ========

./bazel-bin/examples/train_oblique_forest --input_mode csv --train_csv "benchmarks/data/SUSY_with_header.csv" --label_col "class" --num_trees=240 --dynamic_split_threshold=600 --feature_split_type Oblique --numerical_split_type "Dynamic Random Histogram" --histogram_num_bins 64
----- Run 1/1 -----
WARNING: All log messages before absl::InitializeLog() is called are written to STDERR
I0000 00:00:1790136266.393045   49640 train_oblique_forest.cc:1101] Loading CSV in a single pass: benchmarks/data/SUSY_with_header.csv
I0000 00:00:1790136266.732757   49640 train_oblique_forest.cc:1108] Single-pass CSV load complete: 5000000 rows, 19 columns.
I0000 00:00:1790136266.732817   49640 train_oblique_forest.cc:1229] -1 (automatic) threads requested. 48 threads set.
I0000 00:00:1790136266.732826   49640 train_oblique_forest.cc:1304] Configuring oblique splits
I0000 00:00:1790136266.732828   49640 train_oblique_forest.cc:1313] dynamic_split_threshold = 600 (from flag)
I0000 00:00:1790136266.732829   49640 train_oblique_forest.cc:1398] Using Dynamic Random Histogram with 64 samples
I0000 00:00:1790136266.732838   49640 train_oblique_forest.cc:1428] train_oblique_forest wall-time - Loading/Init (pre-train): 0.339816s
I0000 00:00:1790136266.732895   49640 abstract_learner.cc:171] No input feature explicitly specified. Using all the available input features.
I0000 00:00:1790136266.732897   49640 abstract_learner.cc:185] The label "class" was removed from the input feature set.
I0000 00:00:1790136266.732906   49640 random_forest.cc:534] Training random forest on 5000000 example(s) and 18 feature(s).
I0000 00:00:1790136266.732914   49640 gpu.cc:93] Cannot initialize GPU: Not compiled with GPU support
I0000 00:00:1790136266.733476   49640 random_forest.cc:663] num_threads being used: 48
I0000 00:00:1790136285.463745   49780 random_forest.cc:881] Train tree 1/240  [index:24 total:18.73s tree:18.73s]
I0000 00:00:1790136305.476154   49805 random_forest.cc:881] Train tree 77/240  [index:74 total:38.74s tree:19.34s]
I0000 00:00:1790136325.488304   49799 random_forest.cc:881] Train tree 140/240  [index:133 total:58.75s tree:19.78s]
I0000 00:00:1790136362.380087   49777 random_forest.cc:881] Train tree 193/240  [index:195 total:1m35.65s tree:19.19s]
I0000 00:00:1790136364.301081   49640 random_forest.cc:899] random_forest.cc Training block took: 97.5682 s
W0000 00:00:1790136364.301113   49640 random_forest.cc:1220] EXITING EARLY TO SPEED UP EXPERIMENTS!
RESULT dataset=SUSY_with_header threshold=600 median=97.5682s stddev=N/As n=1


======== Threshold 700 ========

./bazel-bin/examples/train_oblique_forest --input_mode csv --train_csv "benchmarks/data/SUSY_with_header.csv" --label_col "class" --num_trees=240 --dynamic_split_threshold=700 --feature_split_type Oblique --numerical_split_type "Dynamic Random Histogram" --histogram_num_bins 64
----- Run 1/1 -----
WARNING: All log messages before absl::InitializeLog() is called are written to STDERR
I0000 00:00:1790136367.129397   49842 train_oblique_forest.cc:1101] Loading CSV in a single pass: benchmarks/data/SUSY_with_header.csv
I0000 00:00:1790136367.471413   49842 train_oblique_forest.cc:1108] Single-pass CSV load complete: 5000000 rows, 19 columns.
I0000 00:00:1790136367.471476   49842 train_oblique_forest.cc:1229] -1 (automatic) threads requested. 48 threads set.
I0000 00:00:1790136367.471485   49842 train_oblique_forest.cc:1304] Configuring oblique splits
I0000 00:00:1790136367.471487   49842 train_oblique_forest.cc:1313] dynamic_split_threshold = 700 (from flag)
I0000 00:00:1790136367.471489   49842 train_oblique_forest.cc:1398] Using Dynamic Random Histogram with 64 samples
I0000 00:00:1790136367.471499   49842 train_oblique_forest.cc:1428] train_oblique_forest wall-time - Loading/Init (pre-train): 0.342124s
I0000 00:00:1790136367.471556   49842 abstract_learner.cc:171] No input feature explicitly specified. Using all the available input features.
I0000 00:00:1790136367.471558   49842 abstract_learner.cc:185] The label "class" was removed from the input feature set.
I0000 00:00:1790136367.471567   49842 random_forest.cc:534] Training random forest on 5000000 example(s) and 18 feature(s).
I0000 00:00:1790136367.471575   49842 gpu.cc:93] Cannot initialize GPU: Not compiled with GPU support
I0000 00:00:1790136367.472134   49842 random_forest.cc:663] num_threads being used: 48
I0000 00:00:1790136386.368710   49973 random_forest.cc:881] Train tree 1/240  [index:19 total:18.90s tree:18.90s]
I0000 00:00:1790136406.393466   49969 random_forest.cc:881] Train tree 79/240  [index:89 total:38.92s tree:19.12s]
I0000 00:00:1790136426.565869   49978 random_forest.cc:881] Train tree 140/240  [index:140 total:59.09s tree:19.43s]
I0000 00:00:1790136463.302857   49973 random_forest.cc:881] Train tree 193/240  [index:193 total:1m35.83s tree:19.06s]
I0000 00:00:1790136466.149173   49842 random_forest.cc:899] random_forest.cc Training block took: 98.6776 s
W0000 00:00:1790136466.149208   49842 random_forest.cc:1220] EXITING EARLY TO SPEED UP EXPERIMENTS!
RESULT dataset=SUSY_with_header threshold=700 median=98.6776s stddev=N/As n=1


======== Threshold 800 ========

./bazel-bin/examples/train_oblique_forest --input_mode csv --train_csv "benchmarks/data/SUSY_with_header.csv" --label_col "class" --num_trees=240 --dynamic_split_threshold=800 --feature_split_type Oblique --numerical_split_type "Dynamic Random Histogram" --histogram_num_bins 64
----- Run 1/1 -----
WARNING: All log messages before absl::InitializeLog() is called are written to STDERR
I0000 00:00:1790136468.943673   50045 train_oblique_forest.cc:1101] Loading CSV in a single pass: benchmarks/data/SUSY_with_header.csv
I0000 00:00:1790136469.285334   50045 train_oblique_forest.cc:1108] Single-pass CSV load complete: 5000000 rows, 19 columns.
I0000 00:00:1790136469.285398   50045 train_oblique_forest.cc:1229] -1 (automatic) threads requested. 48 threads set.
I0000 00:00:1790136469.285408   50045 train_oblique_forest.cc:1304] Configuring oblique splits
I0000 00:00:1790136469.285409   50045 train_oblique_forest.cc:1313] dynamic_split_threshold = 800 (from flag)
I0000 00:00:1790136469.285411   50045 train_oblique_forest.cc:1398] Using Dynamic Random Histogram with 64 samples
I0000 00:00:1790136469.285420   50045 train_oblique_forest.cc:1428] train_oblique_forest wall-time - Loading/Init (pre-train): 0.34177s
I0000 00:00:1790136469.285478   50045 abstract_learner.cc:171] No input feature explicitly specified. Using all the available input features.
I0000 00:00:1790136469.285480   50045 abstract_learner.cc:185] The label "class" was removed from the input feature set.
I0000 00:00:1790136469.285490   50045 random_forest.cc:534] Training random forest on 5000000 example(s) and 18 feature(s).
I0000 00:00:1790136469.285498   50045 gpu.cc:93] Cannot initialize GPU: Not compiled with GPU support
I0000 00:00:1790136469.286050   50045 random_forest.cc:663] num_threads being used: 48
I0000 00:00:1790136488.362882   50206 random_forest.cc:881] Train tree 1/240  [index:29 total:19.08s tree:19.07s]
I0000 00:00:1790136508.378025   50178 random_forest.cc:881] Train tree 80/240  [index:81 total:39.09s tree:19.45s]
I0000 00:00:1790136528.668578   50202 random_forest.cc:881] Train tree 144/240  [index:143 total:59.38s tree:19.36s]
I0000 00:00:1790136565.568818   50177 random_forest.cc:881] Train tree 193/240  [index:196 total:1m36.28s tree:19.10s]
I0000 00:00:1790136567.505200   50045 random_forest.cc:899] random_forest.cc Training block took: 98.2198 s
W0000 00:00:1790136567.505236   50045 random_forest.cc:1220] EXITING EARLY TO SPEED UP EXPERIMENTS!
RESULT dataset=SUSY_with_header threshold=800 median=98.2198s stddev=N/As n=1


======== Threshold 900 ========

./bazel-bin/examples/train_oblique_forest --input_mode csv --train_csv "benchmarks/data/SUSY_with_header.csv" --label_col "class" --num_trees=240 --dynamic_split_threshold=900 --feature_split_type Oblique --numerical_split_type "Dynamic Random Histogram" --histogram_num_bins 64
----- Run 1/1 -----
WARNING: All log messages before absl::InitializeLog() is called are written to STDERR
I0000 00:00:1790136570.297921   50248 train_oblique_forest.cc:1101] Loading CSV in a single pass: benchmarks/data/SUSY_with_header.csv
I0000 00:00:1790136570.644199   50248 train_oblique_forest.cc:1108] Single-pass CSV load complete: 5000000 rows, 19 columns.
I0000 00:00:1790136570.644261   50248 train_oblique_forest.cc:1229] -1 (automatic) threads requested. 48 threads set.
I0000 00:00:1790136570.644270   50248 train_oblique_forest.cc:1304] Configuring oblique splits
I0000 00:00:1790136570.644271   50248 train_oblique_forest.cc:1313] dynamic_split_threshold = 900 (from flag)
I0000 00:00:1790136570.644273   50248 train_oblique_forest.cc:1398] Using Dynamic Random Histogram with 64 samples
I0000 00:00:1790136570.644282   50248 train_oblique_forest.cc:1428] train_oblique_forest wall-time - Loading/Init (pre-train): 0.34639s
I0000 00:00:1790136570.644342   50248 abstract_learner.cc:171] No input feature explicitly specified. Using all the available input features.
I0000 00:00:1790136570.644344   50248 abstract_learner.cc:185] The label "class" was removed from the input feature set.
I0000 00:00:1790136570.644354   50248 random_forest.cc:534] Training random forest on 5000000 example(s) and 18 feature(s).
I0000 00:00:1790136570.644362   50248 gpu.cc:93] Cannot initialize GPU: Not compiled with GPU support
I0000 00:00:1790136570.644908   50248 random_forest.cc:663] num_threads being used: 48
I0000 00:00:1790136589.779778   50409 random_forest.cc:881] Train tree 1/240  [index:41 total:19.13s tree:19.13s]
I0000 00:00:1790136609.781601   50404 random_forest.cc:881] Train tree 82/240  [index:93 total:39.14s tree:19.14s]
I0000 00:00:1790136629.793285   50381 random_forest.cc:881] Train tree 141/240  [index:140 total:59.15s tree:19.41s]
I0000 00:00:1790136666.823326   50387 random_forest.cc:881] Train tree 193/240  [index:200 total:1m36.18s tree:18.92s]
I0000 00:00:1790136669.228085   50248 random_forest.cc:899] random_forest.cc Training block took: 98.5838 s
W0000 00:00:1790136669.228121   50248 random_forest.cc:1220] EXITING EARLY TO SPEED UP EXPERIMENTS!
RESULT dataset=SUSY_with_header threshold=900 median=98.5838s stddev=N/As n=1


======== Threshold 1000 ========

./bazel-bin/examples/train_oblique_forest --input_mode csv --train_csv "benchmarks/data/SUSY_with_header.csv" --label_col "class" --num_trees=240 --dynamic_split_threshold=1000 --feature_split_type Oblique --numerical_split_type "Dynamic Random Histogram" --histogram_num_bins 64
----- Run 1/1 -----
WARNING: All log messages before absl::InitializeLog() is called are written to STDERR
I0000 00:00:1790136672.011255   50458 train_oblique_forest.cc:1101] Loading CSV in a single pass: benchmarks/data/SUSY_with_header.csv
I0000 00:00:1790136672.356788   50458 train_oblique_forest.cc:1108] Single-pass CSV load complete: 5000000 rows, 19 columns.
I0000 00:00:1790136672.356849   50458 train_oblique_forest.cc:1229] -1 (automatic) threads requested. 48 threads set.
I0000 00:00:1790136672.356858   50458 train_oblique_forest.cc:1304] Configuring oblique splits
I0000 00:00:1790136672.356860   50458 train_oblique_forest.cc:1313] dynamic_split_threshold = 1000 (from flag)
I0000 00:00:1790136672.356862   50458 train_oblique_forest.cc:1398] Using Dynamic Random Histogram with 64 samples
I0000 00:00:1790136672.356872   50458 train_oblique_forest.cc:1428] train_oblique_forest wall-time - Loading/Init (pre-train): 0.345641s
I0000 00:00:1790136672.356928   50458 abstract_learner.cc:171] No input feature explicitly specified. Using all the available input features.
I0000 00:00:1790136672.356930   50458 abstract_learner.cc:185] The label "class" was removed from the input feature set.
I0000 00:00:1790136672.356941   50458 random_forest.cc:534] Training random forest on 5000000 example(s) and 18 feature(s).
I0000 00:00:1790136672.356949   50458 gpu.cc:93] Cannot initialize GPU: Not compiled with GPU support
I0000 00:00:1790136672.357511   50458 random_forest.cc:663] num_threads being used: 48
I0000 00:00:1790136691.360242   50610 random_forest.cc:881] Train tree 1/240  [index:36 total:19.00s tree:19.00s]
I0000 00:00:1790136711.366739   50588 random_forest.cc:881] Train tree 74/240  [index:93 total:39.01s tree:18.97s]
I0000 00:00:1790136731.380637   50593 random_forest.cc:881] Train tree 138/240  [index:124 total:59.02s tree:19.97s]
I0000 00:00:1790136768.931340   50624 random_forest.cc:881] Train tree 193/240  [index:200 total:1m36.57s tree:19.08s]
I0000 00:00:1790136770.703354   50458 random_forest.cc:899] random_forest.cc Training block took: 98.3465 s
W0000 00:00:1790136770.703390   50458 random_forest.cc:1220] EXITING EARLY TO SPEED UP EXPERIMENTS!
RESULT dataset=SUSY_with_header threshold=1000 median=98.3465s stddev=N/As n=1


======== Threshold 1200 ========

./bazel-bin/examples/train_oblique_forest --input_mode csv --train_csv "benchmarks/data/SUSY_with_header.csv" --label_col "class" --num_trees=240 --dynamic_split_threshold=1200 --feature_split_type Oblique --numerical_split_type "Dynamic Random Histogram" --histogram_num_bins 64
----- Run 1/1 -----
WARNING: All log messages before absl::InitializeLog() is called are written to STDERR
I0000 00:00:1790136773.484055   50662 train_oblique_forest.cc:1101] Loading CSV in a single pass: benchmarks/data/SUSY_with_header.csv
I0000 00:00:1790136773.825448   50662 train_oblique_forest.cc:1108] Single-pass CSV load complete: 5000000 rows, 19 columns.
I0000 00:00:1790136773.825510   50662 train_oblique_forest.cc:1229] -1 (automatic) threads requested. 48 threads set.
I0000 00:00:1790136773.825519   50662 train_oblique_forest.cc:1304] Configuring oblique splits
I0000 00:00:1790136773.825521   50662 train_oblique_forest.cc:1313] dynamic_split_threshold = 1200 (from flag)
I0000 00:00:1790136773.825523   50662 train_oblique_forest.cc:1398] Using Dynamic Random Histogram with 64 samples
I0000 00:00:1790136773.825532   50662 train_oblique_forest.cc:1428] train_oblique_forest wall-time - Loading/Init (pre-train): 0.341499s
I0000 00:00:1790136773.825589   50662 abstract_learner.cc:171] No input feature explicitly specified. Using all the available input features.
I0000 00:00:1790136773.825591   50662 abstract_learner.cc:185] The label "class" was removed from the input feature set.
I0000 00:00:1790136773.825601   50662 random_forest.cc:534] Training random forest on 5000000 example(s) and 18 feature(s).
I0000 00:00:1790136773.825609   50662 gpu.cc:93] Cannot initialize GPU: Not compiled with GPU support
I0000 00:00:1790136773.826163   50662 random_forest.cc:663] num_threads being used: 48
I0000 00:00:1790136792.928819   50799 random_forest.cc:881] Train tree 1/240  [index:19 total:19.10s tree:19.10s]
I0000 00:00:1790136812.936391   50806 random_forest.cc:881] Train tree 72/240  [index:82 total:39.11s tree:19.35s]
I0000 00:00:1790136832.938828   50804 random_forest.cc:881] Train tree 138/240  [index:137 total:59.11s tree:19.63s]
I0000 00:00:1790136853.002443   50808 random_forest.cc:881] Train tree 190/240  [index:188 total:1m19.18s tree:20.00s]
I0000 00:00:1790136872.874454   50662 random_forest.cc:899] random_forest.cc Training block took: 99.0489 s
W0000 00:00:1790136872.874488   50662 random_forest.cc:1220] EXITING EARLY TO SPEED UP EXPERIMENTS!
RESULT dataset=SUSY_with_header threshold=1200 median=99.0489s stddev=N/As n=1


======== Threshold 1400 ========

./bazel-bin/examples/train_oblique_forest --input_mode csv --train_csv "benchmarks/data/SUSY_with_header.csv" --label_col "class" --num_trees=240 --dynamic_split_threshold=1400 --feature_split_type Oblique --numerical_split_type "Dynamic Random Histogram" --histogram_num_bins 64
----- Run 1/1 -----
WARNING: All log messages before absl::InitializeLog() is called are written to STDERR
I0000 00:00:1790136875.661719   50865 train_oblique_forest.cc:1101] Loading CSV in a single pass: benchmarks/data/SUSY_with_header.csv
I0000 00:00:1790136876.001266   50865 train_oblique_forest.cc:1108] Single-pass CSV load complete: 5000000 rows, 19 columns.
I0000 00:00:1790136876.001325   50865 train_oblique_forest.cc:1229] -1 (automatic) threads requested. 48 threads set.
I0000 00:00:1790136876.001339   50865 train_oblique_forest.cc:1304] Configuring oblique splits
I0000 00:00:1790136876.001341   50865 train_oblique_forest.cc:1313] dynamic_split_threshold = 1400 (from flag)
I0000 00:00:1790136876.001343   50865 train_oblique_forest.cc:1398] Using Dynamic Random Histogram with 64 samples
I0000 00:00:1790136876.001352   50865 train_oblique_forest.cc:1428] train_oblique_forest wall-time - Loading/Init (pre-train): 0.339657s
I0000 00:00:1790136876.001411   50865 abstract_learner.cc:171] No input feature explicitly specified. Using all the available input features.
I0000 00:00:1790136876.001413   50865 abstract_learner.cc:185] The label "class" was removed from the input feature set.
I0000 00:00:1790136876.001423   50865 random_forest.cc:534] Training random forest on 5000000 example(s) and 18 feature(s).
I0000 00:00:1790136876.001431   50865 gpu.cc:93] Cannot initialize GPU: Not compiled with GPU support
I0000 00:00:1790136876.001986   50865 random_forest.cc:663] num_threads being used: 48
I0000 00:00:1790136895.204748   51002 random_forest.cc:881] Train tree 1/240  [index:19 total:19.20s tree:19.20s]
I0000 00:00:1790136915.215296   51020 random_forest.cc:881] Train tree 62/240  [index:77 total:39.21s tree:19.39s]
I0000 00:00:1790136935.220157   51027 random_forest.cc:881] Train tree 135/240  [index:113 total:59.22s tree:19.93s]
I0000 00:00:1790136955.225177   51031 random_forest.cc:881] Train tree 187/240  [index:159 total:1m19.22s tree:20.44s]
I0000 00:00:1790136975.434952   50994 random_forest.cc:881] Train tree 240/240  [index:239 total:1m39.43s tree:19.44s]
I0000 00:00:1790136975.435602   50865 random_forest.cc:899] random_forest.cc Training block took: 99.4342 s
W0000 00:00:1790136975.435638   50865 random_forest.cc:1220] EXITING EARLY TO SPEED UP EXPERIMENTS!
RESULT dataset=SUSY_with_header threshold=1400 median=99.4342s stddev=N/As n=1


======== Threshold 1600 ========

./bazel-bin/examples/train_oblique_forest --input_mode csv --train_csv "benchmarks/data/SUSY_with_header.csv" --label_col "class" --num_trees=240 --dynamic_split_threshold=1600 --feature_split_type Oblique --numerical_split_type "Dynamic Random Histogram" --histogram_num_bins 64
----- Run 1/1 -----
WARNING: All log messages before absl::InitializeLog() is called are written to STDERR
I0000 00:00:1790136978.211545   51069 train_oblique_forest.cc:1101] Loading CSV in a single pass: benchmarks/data/SUSY_with_header.csv
I0000 00:00:1790136978.552323   51069 train_oblique_forest.cc:1108] Single-pass CSV load complete: 5000000 rows, 19 columns.
I0000 00:00:1790136978.552386   51069 train_oblique_forest.cc:1229] -1 (automatic) threads requested. 48 threads set.
I0000 00:00:1790136978.552395   51069 train_oblique_forest.cc:1304] Configuring oblique splits
I0000 00:00:1790136978.552397   51069 train_oblique_forest.cc:1313] dynamic_split_threshold = 1600 (from flag)
I0000 00:00:1790136978.552399   51069 train_oblique_forest.cc:1398] Using Dynamic Random Histogram with 64 samples
I0000 00:00:1790136978.552408   51069 train_oblique_forest.cc:1428] train_oblique_forest wall-time - Loading/Init (pre-train): 0.340887s
I0000 00:00:1790136978.552464   51069 abstract_learner.cc:171] No input feature explicitly specified. Using all the available input features.
I0000 00:00:1790136978.552466   51069 abstract_learner.cc:185] The label "class" was removed from the input feature set.
I0000 00:00:1790136978.552476   51069 random_forest.cc:534] Training random forest on 5000000 example(s) and 18 feature(s).
I0000 00:00:1790136978.552483   51069 gpu.cc:93] Cannot initialize GPU: Not compiled with GPU support
I0000 00:00:1790136978.553037   51069 random_forest.cc:663] num_threads being used: 48
I0000 00:00:1790136997.780409   51232 random_forest.cc:881] Train tree 1/240  [index:19 total:19.23s tree:19.22s]
I0000 00:00:1790137017.783012   51221 random_forest.cc:881] Train tree 69/240  [index:72 total:39.23s tree:19.53s]
I0000 00:00:1790137037.812703   51225 random_forest.cc:881] Train tree 134/240  [index:112 total:59.26s tree:20.06s]
I0000 00:00:1790137058.032693   51206 random_forest.cc:881] Train tree 190/240  [index:189 total:1m19.48s tree:19.91s]
I0000 00:00:1790137077.931452   51069 random_forest.cc:899] random_forest.cc Training block took: 99.379 s
W0000 00:00:1790137077.931489   51069 random_forest.cc:1220] EXITING EARLY TO SPEED UP EXPERIMENTS!
RESULT dataset=SUSY_with_header threshold=1600 median=99.379s stddev=N/As n=1


======== Threshold 1800 ========

./bazel-bin/examples/train_oblique_forest --input_mode csv --train_csv "benchmarks/data/SUSY_with_header.csv" --label_col "class" --num_trees=240 --dynamic_split_threshold=1800 --feature_split_type Oblique --numerical_split_type "Dynamic Random Histogram" --histogram_num_bins 64
----- Run 1/1 -----
WARNING: All log messages before absl::InitializeLog() is called are written to STDERR
I0000 00:00:1790137080.744044   51278 train_oblique_forest.cc:1101] Loading CSV in a single pass: benchmarks/data/SUSY_with_header.csv
I0000 00:00:1790137081.087087   51278 train_oblique_forest.cc:1108] Single-pass CSV load complete: 5000000 rows, 19 columns.
I0000 00:00:1790137081.087146   51278 train_oblique_forest.cc:1229] -1 (automatic) threads requested. 48 threads set.
I0000 00:00:1790137081.087155   51278 train_oblique_forest.cc:1304] Configuring oblique splits
I0000 00:00:1790137081.087157   51278 train_oblique_forest.cc:1313] dynamic_split_threshold = 1800 (from flag)
I0000 00:00:1790137081.087159   51278 train_oblique_forest.cc:1398] Using Dynamic Random Histogram with 64 samples
I0000 00:00:1790137081.087167   51278 train_oblique_forest.cc:1428] train_oblique_forest wall-time - Loading/Init (pre-train): 0.343148s
I0000 00:00:1790137081.087224   51278 abstract_learner.cc:171] No input feature explicitly specified. Using all the available input features.
I0000 00:00:1790137081.087225   51278 abstract_learner.cc:185] The label "class" was removed from the input feature set.
I0000 00:00:1790137081.087234   51278 random_forest.cc:534] Training random forest on 5000000 example(s) and 18 feature(s).
I0000 00:00:1790137081.087243   51278 gpu.cc:93] Cannot initialize GPU: Not compiled with GPU support
I0000 00:00:1790137081.087796   51278 random_forest.cc:663] num_threads being used: 48
I0000 00:00:1790137100.411168   51439 random_forest.cc:881] Train tree 1/240  [index:15 total:19.32s tree:19.32s]
I0000 00:00:1790137120.422584   51448 random_forest.cc:881] Train tree 69/240  [index:79 total:39.33s tree:19.49s]
I0000 00:00:1790137140.474137   51432 random_forest.cc:881] Train tree 130/240  [index:104 total:59.39s tree:20.21s]
I0000 00:00:1790137160.480530   51427 random_forest.cc:881] Train tree 184/240  [index:180 total:1m19.39s tree:19.83s]
I0000 00:00:1790137180.517429   51411 random_forest.cc:881] Train tree 240/240  [index:237 total:1m39.43s tree:19.67s]
I0000 00:00:1790137180.517870   51278 random_forest.cc:899] random_forest.cc Training block took: 99.4307 s
W0000 00:00:1790137180.517905   51278 random_forest.cc:1220] EXITING EARLY TO SPEED UP EXPERIMENTS!
RESULT dataset=SUSY_with_header threshold=1800 median=99.4307s stddev=N/As n=1


======== Threshold 2000 ========

./bazel-bin/examples/train_oblique_forest --input_mode csv --train_csv "benchmarks/data/SUSY_with_header.csv" --label_col "class" --num_trees=240 --dynamic_split_threshold=2000 --feature_split_type Oblique --numerical_split_type "Dynamic Random Histogram" --histogram_num_bins 64
----- Run 1/1 -----
WARNING: All log messages before absl::InitializeLog() is called are written to STDERR
I0000 00:00:1790137183.284010   51481 train_oblique_forest.cc:1101] Loading CSV in a single pass: benchmarks/data/SUSY_with_header.csv
I0000 00:00:1790137183.623581   51481 train_oblique_forest.cc:1108] Single-pass CSV load complete: 5000000 rows, 19 columns.
I0000 00:00:1790137183.623642   51481 train_oblique_forest.cc:1229] -1 (automatic) threads requested. 48 threads set.
I0000 00:00:1790137183.623652   51481 train_oblique_forest.cc:1304] Configuring oblique splits
I0000 00:00:1790137183.623654   51481 train_oblique_forest.cc:1313] dynamic_split_threshold = 2000 (from flag)
I0000 00:00:1790137183.623656   51481 train_oblique_forest.cc:1398] Using Dynamic Random Histogram with 64 samples
I0000 00:00:1790137183.623664   51481 train_oblique_forest.cc:1428] train_oblique_forest wall-time - Loading/Init (pre-train): 0.339679s
I0000 00:00:1790137183.623723   51481 abstract_learner.cc:171] No input feature explicitly specified. Using all the available input features.
I0000 00:00:1790137183.623725   51481 abstract_learner.cc:185] The label "class" was removed from the input feature set.
I0000 00:00:1790137183.623735   51481 random_forest.cc:534] Training random forest on 5000000 example(s) and 18 feature(s).
I0000 00:00:1790137183.623743   51481 gpu.cc:93] Cannot initialize GPU: Not compiled with GPU support
I0000 00:00:1790137183.624300   51481 random_forest.cc:663] num_threads being used: 48
I0000 00:00:1790137202.893523   51624 random_forest.cc:881] Train tree 1/240  [index:25 total:19.27s tree:19.26s]
I0000 00:00:1790137222.898549   51633 random_forest.cc:881] Train tree 60/240  [index:54 total:39.27s tree:19.70s]
I0000 00:00:1790137242.930670   51613 random_forest.cc:881] Train tree 118/240  [index:104 total:59.31s tree:20.07s]
I0000 00:00:1790137262.940847   51628 random_forest.cc:881] Train tree 176/240  [index:170 total:1m19.32s tree:19.84s]
I0000 00:00:1790137283.062711   51619 random_forest.cc:881] Train tree 234/240  [index:229 total:1m39.44s tree:19.98s]
I0000 00:00:1790137283.534583   51481 random_forest.cc:899] random_forest.cc Training block took: 99.9109 s
W0000 00:00:1790137283.534618   51481 random_forest.cc:1220] EXITING EARLY TO SPEED UP EXPERIMENTS!
RESULT dataset=SUSY_with_header threshold=2000 median=99.9109s stddev=N/As n=1


======== Threshold 2500 ========

./bazel-bin/examples/train_oblique_forest --input_mode csv --train_csv "benchmarks/data/SUSY_with_header.csv" --label_col "class" --num_trees=240 --dynamic_split_threshold=2500 --feature_split_type Oblique --numerical_split_type "Dynamic Random Histogram" --histogram_num_bins 64
----- Run 1/1 -----
WARNING: All log messages before absl::InitializeLog() is called are written to STDERR
I0000 00:00:1790137286.298822   51717 train_oblique_forest.cc:1101] Loading CSV in a single pass: benchmarks/data/SUSY_with_header.csv
I0000 00:00:1790137286.640571   51717 train_oblique_forest.cc:1108] Single-pass CSV load complete: 5000000 rows, 19 columns.
I0000 00:00:1790137286.640631   51717 train_oblique_forest.cc:1229] -1 (automatic) threads requested. 48 threads set.
I0000 00:00:1790137286.640641   51717 train_oblique_forest.cc:1304] Configuring oblique splits
I0000 00:00:1790137286.640642   51717 train_oblique_forest.cc:1313] dynamic_split_threshold = 2500 (from flag)
I0000 00:00:1790137286.640644   51717 train_oblique_forest.cc:1398] Using Dynamic Random Histogram with 64 samples
I0000 00:00:1790137286.640653   51717 train_oblique_forest.cc:1428] train_oblique_forest wall-time - Loading/Init (pre-train): 0.341855s
I0000 00:00:1790137286.640709   51717 abstract_learner.cc:171] No input feature explicitly specified. Using all the available input features.
I0000 00:00:1790137286.640711   51717 abstract_learner.cc:185] The label "class" was removed from the input feature set.
I0000 00:00:1790137286.640721   51717 random_forest.cc:534] Training random forest on 5000000 example(s) and 18 feature(s).
I0000 00:00:1790137286.640729   51717 gpu.cc:93] Cannot initialize GPU: Not compiled with GPU support
I0000 00:00:1790137286.641291   51717 random_forest.cc:663] num_threads being used: 48
I0000 00:00:1790137306.066511   51849 random_forest.cc:881] Train tree 1/240  [index:14 total:19.43s tree:19.42s]
I0000 00:00:1790137326.091656   51848 random_forest.cc:881] Train tree 57/240  [index:72 total:39.45s tree:19.53s]
I0000 00:00:1790137346.118811   51877 random_forest.cc:881] Train tree 113/240  [index:114 total:59.48s tree:19.82s]
I0000 00:00:1790137366.119147   51875 random_forest.cc:881] Train tree 165/240  [index:157 total:1m19.48s tree:20.08s]
I0000 00:00:1790137386.122722   51879 random_forest.cc:881] Train tree 219/240  [index:207 total:1m39.48s tree:20.17s]
I0000 00:00:1790137386.952952   51717 random_forest.cc:899] random_forest.cc Training block took: 100.312 s
W0000 00:00:1790137386.952988   51717 random_forest.cc:1220] EXITING EARLY TO SPEED UP EXPERIMENTS!
RESULT dataset=SUSY_with_header threshold=2500 median=100.312s stddev=N/As n=1


======== Threshold 3000 ========

./bazel-bin/examples/train_oblique_forest --input_mode csv --train_csv "benchmarks/data/SUSY_with_header.csv" --label_col "class" --num_trees=240 --dynamic_split_threshold=3000 --feature_split_type Oblique --numerical_split_type "Dynamic Random Histogram" --histogram_num_bins 64
----- Run 1/1 -----
WARNING: All log messages before absl::InitializeLog() is called are written to STDERR
I0000 00:00:1790137389.717295   51922 train_oblique_forest.cc:1101] Loading CSV in a single pass: benchmarks/data/SUSY_with_header.csv
I0000 00:00:1790137390.061301   51922 train_oblique_forest.cc:1108] Single-pass CSV load complete: 5000000 rows, 19 columns.
I0000 00:00:1790137390.061363   51922 train_oblique_forest.cc:1229] -1 (automatic) threads requested. 48 threads set.
I0000 00:00:1790137390.061372   51922 train_oblique_forest.cc:1304] Configuring oblique splits
I0000 00:00:1790137390.061374   51922 train_oblique_forest.cc:1313] dynamic_split_threshold = 3000 (from flag)
I0000 00:00:1790137390.061376   51922 train_oblique_forest.cc:1398] Using Dynamic Random Histogram with 64 samples
I0000 00:00:1790137390.061385   51922 train_oblique_forest.cc:1428] train_oblique_forest wall-time - Loading/Init (pre-train): 0.344113s
I0000 00:00:1790137390.061440   51922 abstract_learner.cc:171] No input feature explicitly specified. Using all the available input features.
I0000 00:00:1790137390.061442   51922 abstract_learner.cc:185] The label "class" was removed from the input feature set.
I0000 00:00:1790137390.061453   51922 random_forest.cc:534] Training random forest on 5000000 example(s) and 18 feature(s).
I0000 00:00:1790137390.061460   51922 gpu.cc:93] Cannot initialize GPU: Not compiled with GPU support
I0000 00:00:1790137390.062014   51922 random_forest.cc:663] num_threads being used: 48
I0000 00:00:1790137409.580901   52053 random_forest.cc:881] Train tree 1/240  [index:9 total:19.52s tree:19.51s]
I0000 00:00:1790137429.677152   52054 random_forest.cc:881] Train tree 57/240  [index:56 total:39.62s tree:19.80s]
I0000 00:00:1790137449.689214   52081 random_forest.cc:881] Train tree 106/240  [index:101 total:59.63s tree:20.15s]
I0000 00:00:1790137469.704254   52074 random_forest.cc:881] Train tree 162/240  [index:168 total:1m19.64s tree:19.71s]
I0000 00:00:1790137489.708969   52067 random_forest.cc:881] Train tree 213/240  [index:201 total:1m39.65s tree:20.17s]
I0000 00:00:1790137491.045260   51922 random_forest.cc:899] random_forest.cc Training block took: 100.984 s
W0000 00:00:1790137491.045296   51922 random_forest.cc:1220] EXITING EARLY TO SPEED UP EXPERIMENTS!
RESULT dataset=SUSY_with_header threshold=3000 median=100.984s stddev=N/As n=1


======== Threshold 3500 ========

./bazel-bin/examples/train_oblique_forest --input_mode csv --train_csv "benchmarks/data/SUSY_with_header.csv" --label_col "class" --num_trees=240 --dynamic_split_threshold=3500 --feature_split_type Oblique --numerical_split_type "Dynamic Random Histogram" --histogram_num_bins 64
----- Run 1/1 -----
WARNING: All log messages before absl::InitializeLog() is called are written to STDERR
I0000 00:00:1790137493.815040   52125 train_oblique_forest.cc:1101] Loading CSV in a single pass: benchmarks/data/SUSY_with_header.csv
I0000 00:00:1790137494.155007   52125 train_oblique_forest.cc:1108] Single-pass CSV load complete: 5000000 rows, 19 columns.
I0000 00:00:1790137494.155068   52125 train_oblique_forest.cc:1229] -1 (automatic) threads requested. 48 threads set.
I0000 00:00:1790137494.155077   52125 train_oblique_forest.cc:1304] Configuring oblique splits
I0000 00:00:1790137494.155079   52125 train_oblique_forest.cc:1313] dynamic_split_threshold = 3500 (from flag)
I0000 00:00:1790137494.155081   52125 train_oblique_forest.cc:1398] Using Dynamic Random Histogram with 64 samples
I0000 00:00:1790137494.155089   52125 train_oblique_forest.cc:1428] train_oblique_forest wall-time - Loading/Init (pre-train): 0.340074s
I0000 00:00:1790137494.155145   52125 abstract_learner.cc:171] No input feature explicitly specified. Using all the available input features.
I0000 00:00:1790137494.155147   52125 abstract_learner.cc:185] The label "class" was removed from the input feature set.
I0000 00:00:1790137494.155157   52125 random_forest.cc:534] Training random forest on 5000000 example(s) and 18 feature(s).
I0000 00:00:1790137494.155165   52125 gpu.cc:93] Cannot initialize GPU: Not compiled with GPU support
I0000 00:00:1790137494.155720   52125 random_forest.cc:663] num_threads being used: 48
I0000 00:00:1790137513.634550   52266 random_forest.cc:881] Train tree 1/240  [index:25 total:19.48s tree:19.47s]
I0000 00:00:1790137533.682411   52298 random_forest.cc:881] Train tree 52/240  [index:62 total:39.53s tree:19.59s]
I0000 00:00:1790137553.758134   52298 random_forest.cc:881] Train tree 99/240  [index:99 total:59.60s tree:20.08s]
I0000 00:00:1790137573.773566   52268 random_forest.cc:881] Train tree 148/240  [index:152 total:1m19.62s tree:19.81s]
I0000 00:00:1790137593.796427   52263 random_forest.cc:881] Train tree 200/240  [index:206 total:1m39.64s tree:19.87s]
I0000 00:00:1790137595.305967   52125 random_forest.cc:899] random_forest.cc Training block took: 101.151 s
W0000 00:00:1790137595.306003   52125 random_forest.cc:1220] EXITING EARLY TO SPEED UP EXPERIMENTS!
RESULT dataset=SUSY_with_header threshold=3500 median=101.151s stddev=N/As n=1


======== Threshold 4000 ========

./bazel-bin/examples/train_oblique_forest --input_mode csv --train_csv "benchmarks/data/SUSY_with_header.csv" --label_col "class" --num_trees=240 --dynamic_split_threshold=4000 --feature_split_type Oblique --numerical_split_type "Dynamic Random Histogram" --histogram_num_bins 64
----- Run 1/1 -----
WARNING: All log messages before absl::InitializeLog() is called are written to STDERR
I0000 00:00:1790137598.083375   52329 train_oblique_forest.cc:1101] Loading CSV in a single pass: benchmarks/data/SUSY_with_header.csv
I0000 00:00:1790137598.425675   52329 train_oblique_forest.cc:1108] Single-pass CSV load complete: 5000000 rows, 19 columns.
I0000 00:00:1790137598.425734   52329 train_oblique_forest.cc:1229] -1 (automatic) threads requested. 48 threads set.
I0000 00:00:1790137598.425743   52329 train_oblique_forest.cc:1304] Configuring oblique splits
I0000 00:00:1790137598.425745   52329 train_oblique_forest.cc:1313] dynamic_split_threshold = 4000 (from flag)
I0000 00:00:1790137598.425747   52329 train_oblique_forest.cc:1398] Using Dynamic Random Histogram with 64 samples
I0000 00:00:1790137598.425756   52329 train_oblique_forest.cc:1428] train_oblique_forest wall-time - Loading/Init (pre-train): 0.342404s
I0000 00:00:1790137598.425811   52329 abstract_learner.cc:171] No input feature explicitly specified. Using all the available input features.
I0000 00:00:1790137598.425813   52329 abstract_learner.cc:185] The label "class" was removed from the input feature set.
I0000 00:00:1790137598.425824   52329 random_forest.cc:534] Training random forest on 5000000 example(s) and 18 feature(s).
I0000 00:00:1790137598.425831   52329 gpu.cc:93] Cannot initialize GPU: Not compiled with GPU support
I0000 00:00:1790137598.426387   52329 random_forest.cc:663] num_threads being used: 48
I0000 00:00:1790137617.914796   52487 random_forest.cc:881] Train tree 1/240  [index:36 total:19.49s tree:19.48s]
I0000 00:00:1790137637.959978   52476 random_forest.cc:881] Train tree 51/240  [index:52 total:39.53s tree:19.71s]
I0000 00:00:1790137657.981868   52487 random_forest.cc:881] Train tree 97/240  [index:96 total:59.56s tree:20.25s]
I0000 00:00:1790137678.201423   52475 random_forest.cc:881] Train tree 146/240  [index:145 total:1m19.78s tree:20.02s]
I0000 00:00:1790137698.227578   52501 random_forest.cc:881] Train tree 193/240  [index:200 total:1m39.80s tree:19.64s]
I0000 00:00:1790137699.848486   52329 random_forest.cc:899] random_forest.cc Training block took: 101.423 s
W0000 00:00:1790137699.848520   52329 random_forest.cc:1220] EXITING EARLY TO SPEED UP EXPERIMENTS!
RESULT dataset=SUSY_with_header threshold=4000 median=101.423s stddev=N/As n=1


======== Threshold 4500 ========

./bazel-bin/examples/train_oblique_forest --input_mode csv --train_csv "benchmarks/data/SUSY_with_header.csv" --label_col "class" --num_trees=240 --dynamic_split_threshold=4500 --feature_split_type Oblique --numerical_split_type "Dynamic Random Histogram" --histogram_num_bins 64
----- Run 1/1 -----
WARNING: All log messages before absl::InitializeLog() is called are written to STDERR
I0000 00:00:1790137702.616204   52539 train_oblique_forest.cc:1101] Loading CSV in a single pass: benchmarks/data/SUSY_with_header.csv
I0000 00:00:1790137702.960036   52539 train_oblique_forest.cc:1108] Single-pass CSV load complete: 5000000 rows, 19 columns.
I0000 00:00:1790137702.960096   52539 train_oblique_forest.cc:1229] -1 (automatic) threads requested. 48 threads set.
I0000 00:00:1790137702.960105   52539 train_oblique_forest.cc:1304] Configuring oblique splits
I0000 00:00:1790137702.960107   52539 train_oblique_forest.cc:1313] dynamic_split_threshold = 4500 (from flag)
I0000 00:00:1790137702.960109   52539 train_oblique_forest.cc:1398] Using Dynamic Random Histogram with 64 samples
I0000 00:00:1790137702.960117   52539 train_oblique_forest.cc:1428] train_oblique_forest wall-time - Loading/Init (pre-train): 0.343937s
I0000 00:00:1790137702.960175   52539 abstract_learner.cc:171] No input feature explicitly specified. Using all the available input features.
I0000 00:00:1790137702.960177   52539 abstract_learner.cc:185] The label "class" was removed from the input feature set.
I0000 00:00:1790137702.960187   52539 random_forest.cc:534] Training random forest on 5000000 example(s) and 18 feature(s).
I0000 00:00:1790137702.960195   52539 gpu.cc:93] Cannot initialize GPU: Not compiled with GPU support
I0000 00:00:1790137702.960762   52539 random_forest.cc:663] num_threads being used: 48
I0000 00:00:1790137722.779105   52679 random_forest.cc:881] Train tree 1/240  [index:15 total:19.82s tree:19.81s]
I0000 00:00:1790137742.784322   52694 random_forest.cc:881] Train tree 50/240  [index:49 total:39.82s tree:19.92s]
I0000 00:00:1790137762.996635   52677 random_forest.cc:881] Train tree 97/240  [index:115 total:1m0.04s tree:19.62s]
I0000 00:00:1790137783.058880   52675 random_forest.cc:881] Train tree 145/240  [index:149 total:1m20.10s tree:19.87s]
I0000 00:00:1790137803.151303   52689 random_forest.cc:881] Train tree 194/240  [index:200 total:1m40.19s tree:19.85s]
I0000 00:00:1790137805.203906   52539 random_forest.cc:899] random_forest.cc Training block took: 102.244 s
W0000 00:00:1790137805.203941   52539 random_forest.cc:1220] EXITING EARLY TO SPEED UP EXPERIMENTS!
RESULT dataset=SUSY_with_header threshold=4500 median=102.244s stddev=N/As n=1


======== Threshold 5000 ========

./bazel-bin/examples/train_oblique_forest --input_mode csv --train_csv "benchmarks/data/SUSY_with_header.csv" --label_col "class" --num_trees=240 --dynamic_split_threshold=5000 --feature_split_type Oblique --numerical_split_type "Dynamic Random Histogram" --histogram_num_bins 64
----- Run 1/1 -----
WARNING: All log messages before absl::InitializeLog() is called are written to STDERR
I0000 00:00:1790137807.970113   52741 train_oblique_forest.cc:1101] Loading CSV in a single pass: benchmarks/data/SUSY_with_header.csv
I0000 00:00:1790137808.310925   52741 train_oblique_forest.cc:1108] Single-pass CSV load complete: 5000000 rows, 19 columns.
I0000 00:00:1790137808.310985   52741 train_oblique_forest.cc:1229] -1 (automatic) threads requested. 48 threads set.
I0000 00:00:1790137808.310994   52741 train_oblique_forest.cc:1304] Configuring oblique splits
I0000 00:00:1790137808.310995   52741 train_oblique_forest.cc:1313] dynamic_split_threshold = 5000 (from flag)
I0000 00:00:1790137808.310997   52741 train_oblique_forest.cc:1398] Using Dynamic Random Histogram with 64 samples
I0000 00:00:1790137808.311006   52741 train_oblique_forest.cc:1428] train_oblique_forest wall-time - Loading/Init (pre-train): 0.340917s
I0000 00:00:1790137808.311064   52741 abstract_learner.cc:171] No input feature explicitly specified. Using all the available input features.
I0000 00:00:1790137808.311066   52741 abstract_learner.cc:185] The label "class" was removed from the input feature set.
I0000 00:00:1790137808.311076   52741 random_forest.cc:534] Training random forest on 5000000 example(s) and 18 feature(s).
I0000 00:00:1790137808.311083   52741 gpu.cc:93] Cannot initialize GPU: Not compiled with GPU support
I0000 00:00:1790137808.311638   52741 random_forest.cc:663] num_threads being used: 48
I0000 00:00:1790137828.128696   52874 random_forest.cc:881] Train tree 1/240  [index:16 total:19.82s tree:19.81s]
I0000 00:00:1790137848.273722   52887 random_forest.cc:881] Train tree 51/240  [index:55 total:39.96s tree:19.94s]
I0000 00:00:1790137868.323475   52886 random_forest.cc:881] Train tree 98/240  [index:109 total:1m0.01s tree:19.80s]
I0000 00:00:1790137888.332846   52897 random_forest.cc:881] Train tree 146/240  [index:144 total:1m20.02s tree:20.17s]
I0000 00:00:1790137908.476942   52897 random_forest.cc:881] Train tree 193/240  [index:193 total:1m40.17s tree:20.14s]
I0000 00:00:1790137910.929760   52741 random_forest.cc:899] random_forest.cc Training block took: 102.619 s
W0000 00:00:1790137910.929796   52741 random_forest.cc:1220] EXITING EARLY TO SPEED UP EXPERIMENTS!
RESULT dataset=SUSY_with_header threshold=5000 median=102.619s stddev=N/As n=1


======== Threshold 6000 ========

./bazel-bin/examples/train_oblique_forest --input_mode csv --train_csv "benchmarks/data/SUSY_with_header.csv" --label_col "class" --num_trees=240 --dynamic_split_threshold=6000 --feature_split_type Oblique --numerical_split_type "Dynamic Random Histogram" --histogram_num_bins 64
----- Run 1/1 -----
WARNING: All log messages before absl::InitializeLog() is called are written to STDERR
I0000 00:00:1790137913.699508   52952 train_oblique_forest.cc:1101] Loading CSV in a single pass: benchmarks/data/SUSY_with_header.csv
I0000 00:00:1790137914.041067   52952 train_oblique_forest.cc:1108] Single-pass CSV load complete: 5000000 rows, 19 columns.
I0000 00:00:1790137914.041126   52952 train_oblique_forest.cc:1229] -1 (automatic) threads requested. 48 threads set.
I0000 00:00:1790137914.041136   52952 train_oblique_forest.cc:1304] Configuring oblique splits
I0000 00:00:1790137914.041138   52952 train_oblique_forest.cc:1313] dynamic_split_threshold = 6000 (from flag)
I0000 00:00:1790137914.041140   52952 train_oblique_forest.cc:1398] Using Dynamic Random Histogram with 64 samples
I0000 00:00:1790137914.041148   52952 train_oblique_forest.cc:1428] train_oblique_forest wall-time - Loading/Init (pre-train): 0.341665s
I0000 00:00:1790137914.041206   52952 abstract_learner.cc:171] No input feature explicitly specified. Using all the available input features.
I0000 00:00:1790137914.041208   52952 abstract_learner.cc:185] The label "class" was removed from the input feature set.
I0000 00:00:1790137914.041218   52952 random_forest.cc:534] Training random forest on 5000000 example(s) and 18 feature(s).
I0000 00:00:1790137914.041225   52952 gpu.cc:93] Cannot initialize GPU: Not compiled with GPU support
I0000 00:00:1790137914.041780   52952 random_forest.cc:663] num_threads being used: 48
I0000 00:00:1790137934.043113   53095 random_forest.cc:881] Train tree 1/240  [index:29 total:20.00s tree:20.00s]
I0000 00:00:1790137954.150047   53121 random_forest.cc:881] Train tree 50/240  [index:52 total:40.11s tree:20.03s]
I0000 00:00:1790137974.419144   53099 random_forest.cc:881] Train tree 97/240  [index:100 total:1m0.38s tree:20.04s]
I0000 00:00:1790137994.668053   53099 random_forest.cc:881] Train tree 146/240  [index:144 total:1m20.63s tree:20.25s]
I0000 00:00:1790138015.089705   53078 random_forest.cc:881] Train tree 193/240  [index:192 total:1m41.05s tree:20.75s]
I0000 00:00:1790138016.663398   52952 random_forest.cc:899] random_forest.cc Training block took: 102.622 s
W0000 00:00:1790138016.663430   52952 random_forest.cc:1220] EXITING EARLY TO SPEED UP EXPERIMENTS!
RESULT dataset=SUSY_with_header threshold=6000 median=102.622s stddev=N/As n=1


======== Threshold 7000 ========

./bazel-bin/examples/train_oblique_forest --input_mode csv --train_csv "benchmarks/data/SUSY_with_header.csv" --label_col "class" --num_trees=240 --dynamic_split_threshold=7000 --feature_split_type Oblique --numerical_split_type "Dynamic Random Histogram" --histogram_num_bins 64
----- Run 1/1 -----
WARNING: All log messages before absl::InitializeLog() is called are written to STDERR
I0000 00:00:1790138019.435815   53155 train_oblique_forest.cc:1101] Loading CSV in a single pass: benchmarks/data/SUSY_with_header.csv
I0000 00:00:1790138019.781195   53155 train_oblique_forest.cc:1108] Single-pass CSV load complete: 5000000 rows, 19 columns.
I0000 00:00:1790138019.781252   53155 train_oblique_forest.cc:1229] -1 (automatic) threads requested. 48 threads set.
I0000 00:00:1790138019.781261   53155 train_oblique_forest.cc:1304] Configuring oblique splits
I0000 00:00:1790138019.781262   53155 train_oblique_forest.cc:1313] dynamic_split_threshold = 7000 (from flag)
I0000 00:00:1790138019.781264   53155 train_oblique_forest.cc:1398] Using Dynamic Random Histogram with 64 samples
I0000 00:00:1790138019.781274   53155 train_oblique_forest.cc:1428] train_oblique_forest wall-time - Loading/Init (pre-train): 0.345482s
I0000 00:00:1790138019.781330   53155 abstract_learner.cc:171] No input feature explicitly specified. Using all the available input features.
I0000 00:00:1790138019.781332   53155 abstract_learner.cc:185] The label "class" was removed from the input feature set.
I0000 00:00:1790138019.781345   53155 random_forest.cc:534] Training random forest on 5000000 example(s) and 18 feature(s).
I0000 00:00:1790138019.781353   53155 gpu.cc:93] Cannot initialize GPU: Not compiled with GPU support
I0000 00:00:1790138019.781904   53155 random_forest.cc:663] num_threads being used: 48
I0000 00:00:1790138039.521677   53318 random_forest.cc:881] Train tree 1/240  [index:43 total:19.74s tree:19.73s]
I0000 00:00:1790138059.793371   53318 random_forest.cc:881] Train tree 49/240  [index:48 total:40.01s tree:20.27s]
I0000 00:00:1790138080.176776   53326 random_forest.cc:881] Train tree 97/240  [index:97 total:1m0.39s tree:20.25s]
I0000 00:00:1790138100.503119   53326 random_forest.cc:881] Train tree 145/240  [index:144 total:1m20.72s tree:20.33s]
I0000 00:00:1790138120.842628   53326 random_forest.cc:881] Train tree 193/240  [index:192 total:1m41.06s tree:20.34s]
I0000 00:00:1790138122.777180   53155 random_forest.cc:899] random_forest.cc Training block took: 102.996 s
W0000 00:00:1790138122.777213   53155 random_forest.cc:1220] EXITING EARLY TO SPEED UP EXPERIMENTS!
RESULT dataset=SUSY_with_header threshold=7000 median=102.996s stddev=N/As n=1


======== Threshold 8000 ========

./bazel-bin/examples/train_oblique_forest --input_mode csv --train_csv "benchmarks/data/SUSY_with_header.csv" --label_col "class" --num_trees=240 --dynamic_split_threshold=8000 --feature_split_type Oblique --numerical_split_type "Dynamic Random Histogram" --histogram_num_bins 64
----- Run 1/1 -----
WARNING: All log messages before absl::InitializeLog() is called are written to STDERR
I0000 00:00:1790138125.537447   53356 train_oblique_forest.cc:1101] Loading CSV in a single pass: benchmarks/data/SUSY_with_header.csv
I0000 00:00:1790138125.876889   53356 train_oblique_forest.cc:1108] Single-pass CSV load complete: 5000000 rows, 19 columns.
I0000 00:00:1790138125.876948   53356 train_oblique_forest.cc:1229] -1 (automatic) threads requested. 48 threads set.
I0000 00:00:1790138125.876958   53356 train_oblique_forest.cc:1304] Configuring oblique splits
I0000 00:00:1790138125.876960   53356 train_oblique_forest.cc:1313] dynamic_split_threshold = 8000 (from flag)
I0000 00:00:1790138125.876962   53356 train_oblique_forest.cc:1398] Using Dynamic Random Histogram with 64 samples
I0000 00:00:1790138125.876971   53356 train_oblique_forest.cc:1428] train_oblique_forest wall-time - Loading/Init (pre-train): 0.33955s
I0000 00:00:1790138125.877028   53356 abstract_learner.cc:171] No input feature explicitly specified. Using all the available input features.
I0000 00:00:1790138125.877030   53356 abstract_learner.cc:185] The label "class" was removed from the input feature set.
I0000 00:00:1790138125.877039   53356 random_forest.cc:534] Training random forest on 5000000 example(s) and 18 feature(s).
I0000 00:00:1790138125.877047   53356 gpu.cc:93] Cannot initialize GPU: Not compiled with GPU support
I0000 00:00:1790138125.877601   53356 random_forest.cc:663] num_threads being used: 48
I0000 00:00:1790138145.921529   53501 random_forest.cc:881] Train tree 1/240  [index:5 total:20.04s tree:20.04s]
I0000 00:00:1790138166.191883   53501 random_forest.cc:881] Train tree 49/240  [index:48 total:40.31s tree:20.27s]
I0000 00:00:1790138186.433716   53486 random_forest.cc:881] Train tree 97/240  [index:98 total:1m0.56s tree:20.14s]
I0000 00:00:1790138206.773350   53486 random_forest.cc:881] Train tree 145/240  [index:144 total:1m20.90s tree:20.34s]
I0000 00:00:1790138227.334760   53486 random_forest.cc:881] Train tree 193/240  [index:192 total:1m41.46s tree:20.56s]
I0000 00:00:1790138229.454293   53356 random_forest.cc:899] random_forest.cc Training block took: 103.577 s
W0000 00:00:1790138229.454331   53356 random_forest.cc:1220] EXITING EARLY TO SPEED UP EXPERIMENTS!
RESULT dataset=SUSY_with_header threshold=8000 median=103.577s stddev=N/As n=1


======== Threshold 9000 ========

./bazel-bin/examples/train_oblique_forest --input_mode csv --train_csv "benchmarks/data/SUSY_with_header.csv" --label_col "class" --num_trees=240 --dynamic_split_threshold=9000 --feature_split_type Oblique --numerical_split_type "Dynamic Random Histogram" --histogram_num_bins 64
----- Run 1/1 -----
WARNING: All log messages before absl::InitializeLog() is called are written to STDERR
I0000 00:00:1790138232.226226   53557 train_oblique_forest.cc:1101] Loading CSV in a single pass: benchmarks/data/SUSY_with_header.csv
I0000 00:00:1790138232.571004   53557 train_oblique_forest.cc:1108] Single-pass CSV load complete: 5000000 rows, 19 columns.
I0000 00:00:1790138232.571065   53557 train_oblique_forest.cc:1229] -1 (automatic) threads requested. 48 threads set.
I0000 00:00:1790138232.571075   53557 train_oblique_forest.cc:1304] Configuring oblique splits
I0000 00:00:1790138232.571076   53557 train_oblique_forest.cc:1313] dynamic_split_threshold = 9000 (from flag)
I0000 00:00:1790138232.571078   53557 train_oblique_forest.cc:1398] Using Dynamic Random Histogram with 64 samples
I0000 00:00:1790138232.571087   53557 train_oblique_forest.cc:1428] train_oblique_forest wall-time - Loading/Init (pre-train): 0.344884s
I0000 00:00:1790138232.571145   53557 abstract_learner.cc:171] No input feature explicitly specified. Using all the available input features.
I0000 00:00:1790138232.571147   53557 abstract_learner.cc:185] The label "class" was removed from the input feature set.
I0000 00:00:1790138232.571157   53557 random_forest.cc:534] Training random forest on 5000000 example(s) and 18 feature(s).
I0000 00:00:1790138232.571164   53557 gpu.cc:93] Cannot initialize GPU: Not compiled with GPU support
I0000 00:00:1790138232.571728   53557 random_forest.cc:663] num_threads being used: 48
I0000 00:00:1790138252.574701   53704 random_forest.cc:881] Train tree 1/240  [index:43 total:20.00s tree:20.00s]
I0000 00:00:1790138272.822229   53724 random_forest.cc:881] Train tree 49/240  [index:50 total:40.25s tree:20.10s]
I0000 00:00:1790138293.382098   53718 random_forest.cc:881] Train tree 97/240  [index:98 total:1m0.81s tree:20.51s]
I0000 00:00:1790138313.837871   53718 random_forest.cc:881] Train tree 145/240  [index:144 total:1m21.27s tree:20.46s]
I0000 00:00:1790138334.099208   53726 random_forest.cc:881] Train tree 193/240  [index:195 total:1m41.53s tree:20.09s]
I0000 00:00:1790138336.288522   53557 random_forest.cc:899] random_forest.cc Training block took: 103.717 s
W0000 00:00:1790138336.288559   53557 random_forest.cc:1220] EXITING EARLY TO SPEED UP EXPERIMENTS!
RESULT dataset=SUSY_with_header threshold=9000 median=103.717s stddev=N/As n=1


======== Threshold 10000 ========

./bazel-bin/examples/train_oblique_forest --input_mode csv --train_csv "benchmarks/data/SUSY_with_header.csv" --label_col "class" --num_trees=240 --dynamic_split_threshold=10000 --feature_split_type Oblique --numerical_split_type "Dynamic Random Histogram" --histogram_num_bins 64
----- Run 1/1 -----
WARNING: All log messages before absl::InitializeLog() is called are written to STDERR
I0000 00:00:1790138339.058137   53761 train_oblique_forest.cc:1101] Loading CSV in a single pass: benchmarks/data/SUSY_with_header.csv
I0000 00:00:1790138339.399073   53761 train_oblique_forest.cc:1108] Single-pass CSV load complete: 5000000 rows, 19 columns.
I0000 00:00:1790138339.399132   53761 train_oblique_forest.cc:1229] -1 (automatic) threads requested. 48 threads set.
I0000 00:00:1790138339.399141   53761 train_oblique_forest.cc:1304] Configuring oblique splits
I0000 00:00:1790138339.399143   53761 train_oblique_forest.cc:1313] dynamic_split_threshold = 10000 (from flag)
I0000 00:00:1790138339.399144   53761 train_oblique_forest.cc:1398] Using Dynamic Random Histogram with 64 samples
I0000 00:00:1790138339.399153   53761 train_oblique_forest.cc:1428] train_oblique_forest wall-time - Loading/Init (pre-train): 0.341038s
I0000 00:00:1790138339.399210   53761 abstract_learner.cc:171] No input feature explicitly specified. Using all the available input features.
I0000 00:00:1790138339.399212   53761 abstract_learner.cc:185] The label "class" was removed from the input feature set.
I0000 00:00:1790138339.399223   53761 random_forest.cc:534] Training random forest on 5000000 example(s) and 18 feature(s).
I0000 00:00:1790138339.399231   53761 gpu.cc:93] Cannot initialize GPU: Not compiled with GPU support
I0000 00:00:1790138339.399790   53761 random_forest.cc:663] num_threads being used: 48
I0000 00:00:1790138359.440437   53930 random_forest.cc:881] Train tree 1/240  [index:43 total:20.04s tree:20.04s]
I0000 00:00:1790138379.681103   53899 random_forest.cc:881] Train tree 49/240  [index:49 total:40.28s tree:20.22s]
I0000 00:00:1790138400.080750   53930 random_forest.cc:881] Train tree 97/240  [index:98 total:1m0.68s tree:20.25s]
I0000 00:00:1790138420.298079   53930 random_forest.cc:881] Train tree 145/240  [index:144 total:1m20.90s tree:20.22s]
I0000 00:00:1790138441.380064   53930 random_forest.cc:881] Train tree 193/240  [index:192 total:1m41.98s tree:21.08s]
I0000 00:00:1790138442.959630   53761 random_forest.cc:899] random_forest.cc Training block took: 103.56 s
W0000 00:00:1790138442.959664   53761 random_forest.cc:1220] EXITING EARLY TO SPEED UP EXPERIMENTS!
RESULT dataset=SUSY_with_header threshold=10000 median=103.56s stddev=N/As n=1
