==== PROVENANCE ====
date_utc: 2026-09-23T01:42:14Z
git_sha: 7c2cef51
git_branch: rebased-main
machine: Intel(R) Xeon(R) Platinum 8488C (nproc=48)
machine_serial: ec2345d6-e74b-012e-4435-8c757e5c589e
compiler: Intel(R) oneAPI DPC++/C++ Compiler 2025.2.1 (2025.2.0.20250806)
EXTRA_BAZEL_CONFIGS: <none>
EXTRA_TRAIN_ARGS: --feature_split_type Oblique --numerical_split_type "Dynamic Random Histogram" --histogram_num_bins 256
NUM_TREES_DIVISOR: 1
NUM_TREES: 240  NUM_RUNS: 1
DYNAMIC_SPLIT_THRESHOLDS: 100 200 300 400 500 600 700 800 900 1000 1200 1400 1600 1800 2000 2500 3000 3500 4000 4500 5000 6000 7000 8000 9000 10000
CSV_DATASETS: benchmarks/data/HIGGS_with_header.csv|class  TRUNK_DATASETS: <none>
====================


======== DYNAMIC THRESHOLD SWEEP  configs: <none>  args: --feature_split_type Oblique --numerical_split_type "Dynamic Random Histogram" --histogram_num_bins 256 ========



======== Threshold 100 ========

./bazel-bin/examples/train_oblique_forest --input_mode csv --train_csv "benchmarks/data/HIGGS_with_header.csv" --label_col "class" --num_trees=240 --dynamic_split_threshold=100 --feature_split_type Oblique --numerical_split_type "Dynamic Random Histogram" --histogram_num_bins 256
----- Run 1/1 -----
WARNING: All log messages before absl::InitializeLog() is called are written to STDERR
I0000 00:00:1790127734.516506   41518 train_oblique_forest.cc:1101] Loading CSV in a single pass: benchmarks/data/HIGGS_with_header.csv
I0000 00:00:1790127735.399459   41518 train_oblique_forest.cc:1108] Single-pass CSV load complete: 11000000 rows, 29 columns.
I0000 00:00:1790127735.399521   41518 train_oblique_forest.cc:1229] -1 (automatic) threads requested. 48 threads set.
I0000 00:00:1790127735.399530   41518 train_oblique_forest.cc:1304] Configuring oblique splits
I0000 00:00:1790127735.399532   41518 train_oblique_forest.cc:1313] dynamic_split_threshold = 100 (from flag)
I0000 00:00:1790127735.399534   41518 train_oblique_forest.cc:1398] Using Dynamic Random Histogram with 256 samples
I0000 00:00:1790127735.399544   41518 train_oblique_forest.cc:1428] train_oblique_forest wall-time - Loading/Init (pre-train): 0.88306s
I0000 00:00:1790127735.399604   41518 abstract_learner.cc:171] No input feature explicitly specified. Using all the available input features.
I0000 00:00:1790127735.399606   41518 abstract_learner.cc:185] The label "class" was removed from the input feature set.
I0000 00:00:1790127735.399617   41518 random_forest.cc:534] Training random forest on 11000000 example(s) and 28 feature(s).
I0000 00:00:1790127735.399625   41518 gpu.cc:93] Cannot initialize GPU: Not compiled with GPU support
I0000 00:00:1790127735.400198   41518 random_forest.cc:663] num_threads being used: 48
I0000 00:00:1790127797.532450   41654 random_forest.cc:881] Train tree 1/240  [index:2 total:1m2.13s tree:1m2.13s]
I0000 00:00:1790127860.038561   41654 random_forest.cc:881] Train tree 49/240  [index:48 total:2m4.64s tree:1m2.50s]
I0000 00:00:1790127922.202489   41687 random_forest.cc:881] Train tree 97/240  [index:97 total:3m6.80s tree:1m1.96s]
I0000 00:00:1790127984.848208   41687 random_forest.cc:881] Train tree 145/240  [index:144 total:4m9.45s tree:1m2.65s]
I0000 00:00:1790128047.742700   41687 random_forest.cc:881] Train tree 193/240  [index:192 total:5m12.34s tree:1m2.89s]
I0000 00:00:1790128052.450657   41518 random_forest.cc:899] random_forest.cc Training block took: 317.051 s
W0000 00:00:1790128052.450689   41518 random_forest.cc:1220] EXITING EARLY TO SPEED UP EXPERIMENTS!
RESULT dataset=HIGGS_with_header threshold=100 median=317.051s stddev=N/As n=1


======== Threshold 200 ========

./bazel-bin/examples/train_oblique_forest --input_mode csv --train_csv "benchmarks/data/HIGGS_with_header.csv" --label_col "class" --num_trees=240 --dynamic_split_threshold=200 --feature_split_type Oblique --numerical_split_type "Dynamic Random Histogram" --histogram_num_bins 256
----- Run 1/1 -----
WARNING: All log messages before absl::InitializeLog() is called are written to STDERR
I0000 00:00:1790128059.341352   41733 train_oblique_forest.cc:1101] Loading CSV in a single pass: benchmarks/data/HIGGS_with_header.csv
I0000 00:00:1790128060.263593   41733 train_oblique_forest.cc:1108] Single-pass CSV load complete: 11000000 rows, 29 columns.
I0000 00:00:1790128060.263661   41733 train_oblique_forest.cc:1229] -1 (automatic) threads requested. 48 threads set.
I0000 00:00:1790128060.263670   41733 train_oblique_forest.cc:1304] Configuring oblique splits
I0000 00:00:1790128060.263672   41733 train_oblique_forest.cc:1313] dynamic_split_threshold = 200 (from flag)
I0000 00:00:1790128060.263674   41733 train_oblique_forest.cc:1398] Using Dynamic Random Histogram with 256 samples
I0000 00:00:1790128060.263683   41733 train_oblique_forest.cc:1428] train_oblique_forest wall-time - Loading/Init (pre-train): 0.922358s
I0000 00:00:1790128060.263741   41733 abstract_learner.cc:171] No input feature explicitly specified. Using all the available input features.
I0000 00:00:1790128060.263743   41733 abstract_learner.cc:185] The label "class" was removed from the input feature set.
I0000 00:00:1790128060.263754   41733 random_forest.cc:534] Training random forest on 11000000 example(s) and 28 feature(s).
I0000 00:00:1790128060.263762   41733 gpu.cc:93] Cannot initialize GPU: Not compiled with GPU support
I0000 00:00:1790128060.264331   41733 random_forest.cc:663] num_threads being used: 48
I0000 00:00:1790128119.915655   41892 random_forest.cc:881] Train tree 1/240  [index:32 total:59.65s tree:59.65s]
I0000 00:00:1790128179.697699   41904 random_forest.cc:881] Train tree 49/240  [index:51 total:1m59.43s tree:59.53s]
I0000 00:00:1790128239.344176   41891 random_forest.cc:881] Train tree 97/240  [index:103 total:2m59.08s tree:58.66s]
I0000 00:00:1790128299.352268   41906 random_forest.cc:881] Train tree 145/240  [index:150 total:3m59.09s tree:58.82s]
I0000 00:00:1790128359.754306   41906 random_forest.cc:881] Train tree 193/240  [index:192 total:4m59.49s tree:1m0.40s]
I0000 00:00:1790128365.230577   41733 random_forest.cc:899] random_forest.cc Training block took: 304.967 s
W0000 00:00:1790128365.230613   41733 random_forest.cc:1220] EXITING EARLY TO SPEED UP EXPERIMENTS!
RESULT dataset=HIGGS_with_header threshold=200 median=304.967s stddev=N/As n=1


======== Threshold 300 ========

./bazel-bin/examples/train_oblique_forest --input_mode csv --train_csv "benchmarks/data/HIGGS_with_header.csv" --label_col "class" --num_trees=240 --dynamic_split_threshold=300 --feature_split_type Oblique --numerical_split_type "Dynamic Random Histogram" --histogram_num_bins 256
----- Run 1/1 -----
WARNING: All log messages before absl::InitializeLog() is called are written to STDERR
I0000 00:00:1790128372.002897   41991 train_oblique_forest.cc:1101] Loading CSV in a single pass: benchmarks/data/HIGGS_with_header.csv
I0000 00:00:1790128372.921024   41991 train_oblique_forest.cc:1108] Single-pass CSV load complete: 11000000 rows, 29 columns.
I0000 00:00:1790128372.921091   41991 train_oblique_forest.cc:1229] -1 (automatic) threads requested. 48 threads set.
I0000 00:00:1790128372.921100   41991 train_oblique_forest.cc:1304] Configuring oblique splits
I0000 00:00:1790128372.921102   41991 train_oblique_forest.cc:1313] dynamic_split_threshold = 300 (from flag)
I0000 00:00:1790128372.921104   41991 train_oblique_forest.cc:1398] Using Dynamic Random Histogram with 256 samples
I0000 00:00:1790128372.921113   41991 train_oblique_forest.cc:1428] train_oblique_forest wall-time - Loading/Init (pre-train): 0.918239s
I0000 00:00:1790128372.921175   41991 abstract_learner.cc:171] No input feature explicitly specified. Using all the available input features.
I0000 00:00:1790128372.921177   41991 abstract_learner.cc:185] The label "class" was removed from the input feature set.
I0000 00:00:1790128372.921189   41991 random_forest.cc:534] Training random forest on 11000000 example(s) and 28 feature(s).
I0000 00:00:1790128372.921199   41991 gpu.cc:93] Cannot initialize GPU: Not compiled with GPU support
I0000 00:00:1790128372.921758   41991 random_forest.cc:663] num_threads being used: 48
I0000 00:00:1790128431.620182   42149 random_forest.cc:881] Train tree 1/240  [index:28 total:58.70s tree:58.70s]
I0000 00:00:1790128489.834339   42149 random_forest.cc:881] Train tree 49/240  [index:48 total:1m56.91s tree:58.21s]
I0000 00:00:1790128548.553418   42149 random_forest.cc:881] Train tree 97/240  [index:96 total:2m55.63s tree:58.72s]
I0000 00:00:1790128607.793074   42149 random_forest.cc:881] Train tree 145/240  [index:144 total:3m54.87s tree:59.24s]
I0000 00:00:1790128667.232083   42149 random_forest.cc:881] Train tree 193/240  [index:192 total:4m54.31s tree:59.44s]
I0000 00:00:1790128671.162736   41991 random_forest.cc:899] random_forest.cc Training block took: 298.242 s
W0000 00:00:1790128671.162770   41991 random_forest.cc:1220] EXITING EARLY TO SPEED UP EXPERIMENTS!
RESULT dataset=HIGGS_with_header threshold=300 median=298.242s stddev=N/As n=1


======== Threshold 400 ========

./bazel-bin/examples/train_oblique_forest --input_mode csv --train_csv "benchmarks/data/HIGGS_with_header.csv" --label_col "class" --num_trees=240 --dynamic_split_threshold=400 --feature_split_type Oblique --numerical_split_type "Dynamic Random Histogram" --histogram_num_bins 256
----- Run 1/1 -----
WARNING: All log messages before absl::InitializeLog() is called are written to STDERR
I0000 00:00:1790128677.916902   42215 train_oblique_forest.cc:1101] Loading CSV in a single pass: benchmarks/data/HIGGS_with_header.csv
I0000 00:00:1790128678.841808   42215 train_oblique_forest.cc:1108] Single-pass CSV load complete: 11000000 rows, 29 columns.
I0000 00:00:1790128678.841874   42215 train_oblique_forest.cc:1229] -1 (automatic) threads requested. 48 threads set.
I0000 00:00:1790128678.841884   42215 train_oblique_forest.cc:1304] Configuring oblique splits
I0000 00:00:1790128678.841886   42215 train_oblique_forest.cc:1313] dynamic_split_threshold = 400 (from flag)
I0000 00:00:1790128678.841888   42215 train_oblique_forest.cc:1398] Using Dynamic Random Histogram with 256 samples
I0000 00:00:1790128678.841897   42215 train_oblique_forest.cc:1428] train_oblique_forest wall-time - Loading/Init (pre-train): 0.92502s
I0000 00:00:1790128678.841957   42215 abstract_learner.cc:171] No input feature explicitly specified. Using all the available input features.
I0000 00:00:1790128678.841959   42215 abstract_learner.cc:185] The label "class" was removed from the input feature set.
I0000 00:00:1790128678.841969   42215 random_forest.cc:534] Training random forest on 11000000 example(s) and 28 feature(s).
I0000 00:00:1790128678.841977   42215 gpu.cc:93] Cannot initialize GPU: Not compiled with GPU support
I0000 00:00:1790128678.842540   42215 random_forest.cc:663] num_threads being used: 48
I0000 00:00:1790128737.221111   42366 random_forest.cc:881] Train tree 1/240  [index:21 total:58.38s tree:58.38s]
I0000 00:00:1790128795.765612   42368 random_forest.cc:881] Train tree 49/240  [index:59 total:1m56.92s tree:58.04s]
I0000 00:00:1790128854.184853   42377 random_forest.cc:881] Train tree 97/240  [index:105 total:2m55.34s tree:57.87s]
I0000 00:00:1790128913.121347   42383 random_forest.cc:881] Train tree 145/240  [index:147 total:3m54.28s tree:58.37s]
I0000 00:00:1790128972.042741   42383 random_forest.cc:881] Train tree 193/240  [index:192 total:4m53.20s tree:58.92s]
I0000 00:00:1790128976.844004   42215 random_forest.cc:899] random_forest.cc Training block took: 298.002 s
W0000 00:00:1790128976.844039   42215 random_forest.cc:1220] EXITING EARLY TO SPEED UP EXPERIMENTS!
RESULT dataset=HIGGS_with_header threshold=400 median=298.002s stddev=N/As n=1


======== Threshold 500 ========

./bazel-bin/examples/train_oblique_forest --input_mode csv --train_csv "benchmarks/data/HIGGS_with_header.csv" --label_col "class" --num_trees=240 --dynamic_split_threshold=500 --feature_split_type Oblique --numerical_split_type "Dynamic Random Histogram" --histogram_num_bins 256
----- Run 1/1 -----
WARNING: All log messages before absl::InitializeLog() is called are written to STDERR
I0000 00:00:1790128983.574214   42442 train_oblique_forest.cc:1101] Loading CSV in a single pass: benchmarks/data/HIGGS_with_header.csv
I0000 00:00:1790128984.478404   42442 train_oblique_forest.cc:1108] Single-pass CSV load complete: 11000000 rows, 29 columns.
I0000 00:00:1790128984.478472   42442 train_oblique_forest.cc:1229] -1 (automatic) threads requested. 48 threads set.
I0000 00:00:1790128984.478481   42442 train_oblique_forest.cc:1304] Configuring oblique splits
I0000 00:00:1790128984.478483   42442 train_oblique_forest.cc:1313] dynamic_split_threshold = 500 (from flag)
I0000 00:00:1790128984.478485   42442 train_oblique_forest.cc:1398] Using Dynamic Random Histogram with 256 samples
I0000 00:00:1790128984.478495   42442 train_oblique_forest.cc:1428] train_oblique_forest wall-time - Loading/Init (pre-train): 0.904303s
I0000 00:00:1790128984.478555   42442 abstract_learner.cc:171] No input feature explicitly specified. Using all the available input features.
I0000 00:00:1790128984.478557   42442 abstract_learner.cc:185] The label "class" was removed from the input feature set.
I0000 00:00:1790128984.478567   42442 random_forest.cc:534] Training random forest on 11000000 example(s) and 28 feature(s).
I0000 00:00:1790128984.478576   42442 gpu.cc:93] Cannot initialize GPU: Not compiled with GPU support
I0000 00:00:1790128984.479142   42442 random_forest.cc:663] num_threads being used: 48
I0000 00:00:1790129042.393530   42578 random_forest.cc:881] Train tree 1/240  [index:7 total:57.91s tree:57.91s]
I0000 00:00:1790129100.696346   42617 random_forest.cc:881] Train tree 49/240  [index:53 total:1m56.22s tree:57.74s]
I0000 00:00:1790129159.505087   42617 random_forest.cc:881] Train tree 97/240  [index:96 total:2m55.03s tree:58.81s]
I0000 00:00:1790129217.581949   42618 random_forest.cc:881] Train tree 145/240  [index:157 total:3m53.10s tree:56.97s]
I0000 00:00:1790129276.199598   42618 random_forest.cc:881] Train tree 193/240  [index:192 total:4m51.72s tree:58.62s]
I0000 00:00:1790129282.171856   42442 random_forest.cc:899] random_forest.cc Training block took: 297.693 s
W0000 00:00:1790129282.171890   42442 random_forest.cc:1220] EXITING EARLY TO SPEED UP EXPERIMENTS!
RESULT dataset=HIGGS_with_header threshold=500 median=297.693s stddev=N/As n=1


======== Threshold 600 ========

./bazel-bin/examples/train_oblique_forest --input_mode csv --train_csv "benchmarks/data/HIGGS_with_header.csv" --label_col "class" --num_trees=240 --dynamic_split_threshold=600 --feature_split_type Oblique --numerical_split_type "Dynamic Random Histogram" --histogram_num_bins 256
----- Run 1/1 -----
WARNING: All log messages before absl::InitializeLog() is called are written to STDERR
I0000 00:00:1790129288.870816   42666 train_oblique_forest.cc:1101] Loading CSV in a single pass: benchmarks/data/HIGGS_with_header.csv
I0000 00:00:1790129289.796247   42666 train_oblique_forest.cc:1108] Single-pass CSV load complete: 11000000 rows, 29 columns.
I0000 00:00:1790129289.796317   42666 train_oblique_forest.cc:1229] -1 (automatic) threads requested. 48 threads set.
I0000 00:00:1790129289.796327   42666 train_oblique_forest.cc:1304] Configuring oblique splits
I0000 00:00:1790129289.796328   42666 train_oblique_forest.cc:1313] dynamic_split_threshold = 600 (from flag)
I0000 00:00:1790129289.796330   42666 train_oblique_forest.cc:1398] Using Dynamic Random Histogram with 256 samples
I0000 00:00:1790129289.796344   42666 train_oblique_forest.cc:1428] train_oblique_forest wall-time - Loading/Init (pre-train): 0.925552s
I0000 00:00:1790129289.796403   42666 abstract_learner.cc:171] No input feature explicitly specified. Using all the available input features.
I0000 00:00:1790129289.796405   42666 abstract_learner.cc:185] The label "class" was removed from the input feature set.
I0000 00:00:1790129289.796416   42666 random_forest.cc:534] Training random forest on 11000000 example(s) and 28 feature(s).
I0000 00:00:1790129289.796424   42666 gpu.cc:93] Cannot initialize GPU: Not compiled with GPU support
I0000 00:00:1790129289.796984   42666 random_forest.cc:663] num_threads being used: 48
I0000 00:00:1790129347.507695   42842 random_forest.cc:881] Train tree 1/240  [index:2 total:57.71s tree:57.71s]
I0000 00:00:1790129405.959058   42842 random_forest.cc:881] Train tree 49/240  [index:48 total:1m56.16s tree:58.45s]
I0000 00:00:1790129464.625383   42842 random_forest.cc:881] Train tree 97/240  [index:96 total:2m54.83s tree:58.66s]
I0000 00:00:1790129523.174994   42823 random_forest.cc:881] Train tree 145/240  [index:157 total:3m53.38s tree:57.53s]
I0000 00:00:1790129581.634845   42828 random_forest.cc:881] Train tree 193/240  [index:201 total:4m51.84s tree:57.62s]
I0000 00:00:1790129587.468421   42666 random_forest.cc:899] random_forest.cc Training block took: 297.672 s
W0000 00:00:1790129587.468454   42666 random_forest.cc:1220] EXITING EARLY TO SPEED UP EXPERIMENTS!
RESULT dataset=HIGGS_with_header threshold=600 median=297.672s stddev=N/As n=1


======== Threshold 700 ========

./bazel-bin/examples/train_oblique_forest --input_mode csv --train_csv "benchmarks/data/HIGGS_with_header.csv" --label_col "class" --num_trees=240 --dynamic_split_threshold=700 --feature_split_type Oblique --numerical_split_type "Dynamic Random Histogram" --histogram_num_bins 256
----- Run 1/1 -----
WARNING: All log messages before absl::InitializeLog() is called are written to STDERR
I0000 00:00:1790129594.165937   42896 train_oblique_forest.cc:1101] Loading CSV in a single pass: benchmarks/data/HIGGS_with_header.csv
I0000 00:00:1790129595.083978   42896 train_oblique_forest.cc:1108] Single-pass CSV load complete: 11000000 rows, 29 columns.
I0000 00:00:1790129595.084044   42896 train_oblique_forest.cc:1229] -1 (automatic) threads requested. 48 threads set.
I0000 00:00:1790129595.084054   42896 train_oblique_forest.cc:1304] Configuring oblique splits
I0000 00:00:1790129595.084056   42896 train_oblique_forest.cc:1313] dynamic_split_threshold = 700 (from flag)
I0000 00:00:1790129595.084058   42896 train_oblique_forest.cc:1398] Using Dynamic Random Histogram with 256 samples
I0000 00:00:1790129595.084068   42896 train_oblique_forest.cc:1428] train_oblique_forest wall-time - Loading/Init (pre-train): 0.918153s
I0000 00:00:1790129595.084126   42896 abstract_learner.cc:171] No input feature explicitly specified. Using all the available input features.
I0000 00:00:1790129595.084128   42896 abstract_learner.cc:185] The label "class" was removed from the input feature set.
I0000 00:00:1790129595.084141   42896 random_forest.cc:534] Training random forest on 11000000 example(s) and 28 feature(s).
I0000 00:00:1790129595.084150   42896 gpu.cc:93] Cannot initialize GPU: Not compiled with GPU support
I0000 00:00:1790129595.084708   42896 random_forest.cc:663] num_threads being used: 48
I0000 00:00:1790129652.934691   43034 random_forest.cc:881] Train tree 1/240  [index:6 total:57.85s tree:57.85s]
I0000 00:00:1790129711.395594   43072 random_forest.cc:881] Train tree 49/240  [index:59 total:1m56.31s tree:57.51s]
I0000 00:00:1790129770.080791   43072 random_forest.cc:881] Train tree 97/240  [index:96 total:2m55.00s tree:58.68s]
I0000 00:00:1790129828.371353   43043 random_forest.cc:881] Train tree 145/240  [index:149 total:3m53.29s tree:57.85s]
I0000 00:00:1790129886.757490   43043 random_forest.cc:881] Train tree 193/240  [index:192 total:4m51.67s tree:58.38s]
I0000 00:00:1790129892.281367   42896 random_forest.cc:899] random_forest.cc Training block took: 297.197 s
W0000 00:00:1790129892.281400   42896 random_forest.cc:1220] EXITING EARLY TO SPEED UP EXPERIMENTS!
RESULT dataset=HIGGS_with_header threshold=700 median=297.197s stddev=N/As n=1


======== Threshold 800 ========

./bazel-bin/examples/train_oblique_forest --input_mode csv --train_csv "benchmarks/data/HIGGS_with_header.csv" --label_col "class" --num_trees=240 --dynamic_split_threshold=800 --feature_split_type Oblique --numerical_split_type "Dynamic Random Histogram" --histogram_num_bins 256
----- Run 1/1 -----
WARNING: All log messages before absl::InitializeLog() is called are written to STDERR
I0000 00:00:1790129898.935404   43121 train_oblique_forest.cc:1101] Loading CSV in a single pass: benchmarks/data/HIGGS_with_header.csv
I0000 00:00:1790129899.856096   43121 train_oblique_forest.cc:1108] Single-pass CSV load complete: 11000000 rows, 29 columns.
I0000 00:00:1790129899.856163   43121 train_oblique_forest.cc:1229] -1 (automatic) threads requested. 48 threads set.
I0000 00:00:1790129899.856173   43121 train_oblique_forest.cc:1304] Configuring oblique splits
I0000 00:00:1790129899.856174   43121 train_oblique_forest.cc:1313] dynamic_split_threshold = 800 (from flag)
I0000 00:00:1790129899.856176   43121 train_oblique_forest.cc:1398] Using Dynamic Random Histogram with 256 samples
I0000 00:00:1790129899.856185   43121 train_oblique_forest.cc:1428] train_oblique_forest wall-time - Loading/Init (pre-train): 0.920806s
I0000 00:00:1790129899.856245   43121 abstract_learner.cc:171] No input feature explicitly specified. Using all the available input features.
I0000 00:00:1790129899.856247   43121 abstract_learner.cc:185] The label "class" was removed from the input feature set.
I0000 00:00:1790129899.856258   43121 random_forest.cc:534] Training random forest on 11000000 example(s) and 28 feature(s).
I0000 00:00:1790129899.856267   43121 gpu.cc:93] Cannot initialize GPU: Not compiled with GPU support
I0000 00:00:1790129899.856988   43121 random_forest.cc:663] num_threads being used: 48
I0000 00:00:1790129957.974374   43263 random_forest.cc:881] Train tree 1/240  [index:6 total:58.12s tree:58.11s]
I0000 00:00:1790130016.475862   43263 random_forest.cc:881] Train tree 49/240  [index:48 total:1m56.62s tree:58.50s]
I0000 00:00:1790130074.730704   43295 random_forest.cc:881] Train tree 97/240  [index:108 total:2m54.87s tree:57.47s]
I0000 00:00:1790130133.662071   43283 random_forest.cc:881] Train tree 145/240  [index:149 total:3m53.81s tree:58.11s]
I0000 00:00:1790130192.179419   43295 random_forest.cc:881] Train tree 193/240  [index:193 total:4m52.32s tree:58.41s]
I0000 00:00:1790130196.847276   43121 random_forest.cc:899] random_forest.cc Training block took: 296.991 s
W0000 00:00:1790130196.847312   43121 random_forest.cc:1220] EXITING EARLY TO SPEED UP EXPERIMENTS!
RESULT dataset=HIGGS_with_header threshold=800 median=296.991s stddev=N/As n=1


======== Threshold 900 ========

./bazel-bin/examples/train_oblique_forest --input_mode csv --train_csv "benchmarks/data/HIGGS_with_header.csv" --label_col "class" --num_trees=240 --dynamic_split_threshold=900 --feature_split_type Oblique --numerical_split_type "Dynamic Random Histogram" --histogram_num_bins 256
----- Run 1/1 -----
WARNING: All log messages before absl::InitializeLog() is called are written to STDERR
I0000 00:00:1790130203.504952   43379 train_oblique_forest.cc:1101] Loading CSV in a single pass: benchmarks/data/HIGGS_with_header.csv
I0000 00:00:1790130204.421619   43379 train_oblique_forest.cc:1108] Single-pass CSV load complete: 11000000 rows, 29 columns.
I0000 00:00:1790130204.421684   43379 train_oblique_forest.cc:1229] -1 (automatic) threads requested. 48 threads set.
I0000 00:00:1790130204.421693   43379 train_oblique_forest.cc:1304] Configuring oblique splits
I0000 00:00:1790130204.421695   43379 train_oblique_forest.cc:1313] dynamic_split_threshold = 900 (from flag)
I0000 00:00:1790130204.421697   43379 train_oblique_forest.cc:1398] Using Dynamic Random Histogram with 256 samples
I0000 00:00:1790130204.421706   43379 train_oblique_forest.cc:1428] train_oblique_forest wall-time - Loading/Init (pre-train): 0.916777s
I0000 00:00:1790130204.421764   43379 abstract_learner.cc:171] No input feature explicitly specified. Using all the available input features.
I0000 00:00:1790130204.421766   43379 abstract_learner.cc:185] The label "class" was removed from the input feature set.
I0000 00:00:1790130204.421776   43379 random_forest.cc:534] Training random forest on 11000000 example(s) and 28 feature(s).
I0000 00:00:1790130204.421785   43379 gpu.cc:93] Cannot initialize GPU: Not compiled with GPU support
I0000 00:00:1790130204.422352   43379 random_forest.cc:663] num_threads being used: 48
I0000 00:00:1790130262.364715   43527 random_forest.cc:881] Train tree 1/240  [index:2 total:57.94s tree:57.94s]
I0000 00:00:1790130319.572611   43537 random_forest.cc:881] Train tree 49/240  [index:50 total:1m55.15s tree:57.15s]
I0000 00:00:1790130378.020896   43537 random_forest.cc:881] Train tree 97/240  [index:96 total:2m53.60s tree:58.45s]
I0000 00:00:1790130436.649162   43518 random_forest.cc:881] Train tree 145/240  [index:147 total:3m52.23s tree:57.57s]
I0000 00:00:1790130494.943368   43518 random_forest.cc:881] Train tree 193/240  [index:192 total:4m50.52s tree:58.29s]
I0000 00:00:1790130501.329965   43379 random_forest.cc:899] random_forest.cc Training block took: 296.908 s
W0000 00:00:1790130501.330000   43379 random_forest.cc:1220] EXITING EARLY TO SPEED UP EXPERIMENTS!
RESULT dataset=HIGGS_with_header threshold=900 median=296.908s stddev=N/As n=1


======== Threshold 1000 ========

./bazel-bin/examples/train_oblique_forest --input_mode csv --train_csv "benchmarks/data/HIGGS_with_header.csv" --label_col "class" --num_trees=240 --dynamic_split_threshold=1000 --feature_split_type Oblique --numerical_split_type "Dynamic Random Histogram" --histogram_num_bins 256
----- Run 1/1 -----
WARNING: All log messages before absl::InitializeLog() is called are written to STDERR
I0000 00:00:1790130507.995522   43597 train_oblique_forest.cc:1101] Loading CSV in a single pass: benchmarks/data/HIGGS_with_header.csv
I0000 00:00:1790130508.919819   43597 train_oblique_forest.cc:1108] Single-pass CSV load complete: 11000000 rows, 29 columns.
I0000 00:00:1790130508.919884   43597 train_oblique_forest.cc:1229] -1 (automatic) threads requested. 48 threads set.
I0000 00:00:1790130508.919894   43597 train_oblique_forest.cc:1304] Configuring oblique splits
I0000 00:00:1790130508.919896   43597 train_oblique_forest.cc:1313] dynamic_split_threshold = 1000 (from flag)
I0000 00:00:1790130508.919898   43597 train_oblique_forest.cc:1398] Using Dynamic Random Histogram with 256 samples
I0000 00:00:1790130508.919908   43597 train_oblique_forest.cc:1428] train_oblique_forest wall-time - Loading/Init (pre-train): 0.924409s
I0000 00:00:1790130508.919968   43597 abstract_learner.cc:171] No input feature explicitly specified. Using all the available input features.
I0000 00:00:1790130508.919971   43597 abstract_learner.cc:185] The label "class" was removed from the input feature set.
I0000 00:00:1790130508.919982   43597 random_forest.cc:534] Training random forest on 11000000 example(s) and 28 feature(s).
I0000 00:00:1790130508.919991   43597 gpu.cc:93] Cannot initialize GPU: Not compiled with GPU support
I0000 00:00:1790130508.920556   43597 random_forest.cc:663] num_threads being used: 48
I0000 00:00:1790130567.063240   43780 random_forest.cc:881] Train tree 1/240  [index:16 total:58.14s tree:58.14s]
I0000 00:00:1790130625.441246   43777 random_forest.cc:881] Train tree 49/240  [index:59 total:1m56.52s tree:57.67s]
I0000 00:00:1790130683.713391   43737 random_forest.cc:881] Train tree 97/240  [index:108 total:2m54.79s tree:57.37s]
I0000 00:00:1790130742.211791   43739 random_forest.cc:881] Train tree 145/240  [index:149 total:3m53.29s tree:57.63s]
I0000 00:00:1790130801.010558   43752 random_forest.cc:881] Train tree 193/240  [index:193 total:4m52.09s tree:58.51s]
I0000 00:00:1790130806.402730   43597 random_forest.cc:899] random_forest.cc Training block took: 297.483 s
W0000 00:00:1790130806.402767   43597 random_forest.cc:1220] EXITING EARLY TO SPEED UP EXPERIMENTS!
RESULT dataset=HIGGS_with_header threshold=1000 median=297.483s stddev=N/As n=1


======== Threshold 1200 ========

./bazel-bin/examples/train_oblique_forest --input_mode csv --train_csv "benchmarks/data/HIGGS_with_header.csv" --label_col "class" --num_trees=240 --dynamic_split_threshold=1200 --feature_split_type Oblique --numerical_split_type "Dynamic Random Histogram" --histogram_num_bins 256
----- Run 1/1 -----
WARNING: All log messages before absl::InitializeLog() is called are written to STDERR
I0000 00:00:1790130813.052390   43832 train_oblique_forest.cc:1101] Loading CSV in a single pass: benchmarks/data/HIGGS_with_header.csv
I0000 00:00:1790130813.973624   43832 train_oblique_forest.cc:1108] Single-pass CSV load complete: 11000000 rows, 29 columns.
I0000 00:00:1790130813.973691   43832 train_oblique_forest.cc:1229] -1 (automatic) threads requested. 48 threads set.
I0000 00:00:1790130813.973700   43832 train_oblique_forest.cc:1304] Configuring oblique splits
I0000 00:00:1790130813.973701   43832 train_oblique_forest.cc:1313] dynamic_split_threshold = 1200 (from flag)
I0000 00:00:1790130813.973703   43832 train_oblique_forest.cc:1398] Using Dynamic Random Histogram with 256 samples
I0000 00:00:1790130813.973713   43832 train_oblique_forest.cc:1428] train_oblique_forest wall-time - Loading/Init (pre-train): 0.921345s
I0000 00:00:1790130813.973772   43832 abstract_learner.cc:171] No input feature explicitly specified. Using all the available input features.
I0000 00:00:1790130813.973773   43832 abstract_learner.cc:185] The label "class" was removed from the input feature set.
I0000 00:00:1790130813.973784   43832 random_forest.cc:534] Training random forest on 11000000 example(s) and 28 feature(s).
I0000 00:00:1790130813.973792   43832 gpu.cc:93] Cannot initialize GPU: Not compiled with GPU support
I0000 00:00:1790130813.974356   43832 random_forest.cc:663] num_threads being used: 48
I0000 00:00:1790130872.222318   43972 random_forest.cc:881] Train tree 1/240  [index:6 total:58.25s tree:58.25s]
I0000 00:00:1790130930.293428   43972 random_forest.cc:881] Train tree 49/240  [index:48 total:1m56.32s tree:58.07s]
I0000 00:00:1790130988.714206   43972 random_forest.cc:881] Train tree 97/240  [index:96 total:2m54.74s tree:58.42s]
I0000 00:00:1790131047.075682   43984 random_forest.cc:881] Train tree 145/240  [index:145 total:3m53.10s tree:58.23s]
I0000 00:00:1790131105.822615   44010 random_forest.cc:881] Train tree 193/240  [index:193 total:4m51.85s tree:58.67s]
I0000 00:00:1790131110.498265   43832 random_forest.cc:899] random_forest.cc Training block took: 296.525 s
W0000 00:00:1790131110.498300   43832 random_forest.cc:1220] EXITING EARLY TO SPEED UP EXPERIMENTS!
RESULT dataset=HIGGS_with_header threshold=1200 median=296.525s stddev=N/As n=1


======== Threshold 1400 ========

./bazel-bin/examples/train_oblique_forest --input_mode csv --train_csv "benchmarks/data/HIGGS_with_header.csv" --label_col "class" --num_trees=240 --dynamic_split_threshold=1400 --feature_split_type Oblique --numerical_split_type "Dynamic Random Histogram" --histogram_num_bins 256
----- Run 1/1 -----
WARNING: All log messages before absl::InitializeLog() is called are written to STDERR
I0000 00:00:1790131117.152871   44052 train_oblique_forest.cc:1101] Loading CSV in a single pass: benchmarks/data/HIGGS_with_header.csv
I0000 00:00:1790131118.073093   44052 train_oblique_forest.cc:1108] Single-pass CSV load complete: 11000000 rows, 29 columns.
I0000 00:00:1790131118.073160   44052 train_oblique_forest.cc:1229] -1 (automatic) threads requested. 48 threads set.
I0000 00:00:1790131118.073170   44052 train_oblique_forest.cc:1304] Configuring oblique splits
I0000 00:00:1790131118.073172   44052 train_oblique_forest.cc:1313] dynamic_split_threshold = 1400 (from flag)
I0000 00:00:1790131118.073175   44052 train_oblique_forest.cc:1398] Using Dynamic Random Histogram with 256 samples
I0000 00:00:1790131118.073184   44052 train_oblique_forest.cc:1428] train_oblique_forest wall-time - Loading/Init (pre-train): 0.920336s
I0000 00:00:1790131118.073245   44052 abstract_learner.cc:171] No input feature explicitly specified. Using all the available input features.
I0000 00:00:1790131118.073247   44052 abstract_learner.cc:185] The label "class" was removed from the input feature set.
I0000 00:00:1790131118.073258   44052 random_forest.cc:534] Training random forest on 11000000 example(s) and 28 feature(s).
I0000 00:00:1790131118.073267   44052 gpu.cc:93] Cannot initialize GPU: Not compiled with GPU support
I0000 00:00:1790131118.073851   44052 random_forest.cc:663] num_threads being used: 48
I0000 00:00:1790131176.309792   44201 random_forest.cc:881] Train tree 1/240  [index:21 total:58.24s tree:58.23s]
I0000 00:00:1790131234.402651   44193 random_forest.cc:881] Train tree 49/240  [index:59 total:1m56.33s tree:57.53s]
I0000 00:00:1790131293.447310   44193 random_forest.cc:881] Train tree 97/240  [index:96 total:2m55.37s tree:59.04s]
I0000 00:00:1790131352.087023   44206 random_forest.cc:881] Train tree 145/240  [index:149 total:3m54.01s tree:58.22s]
I0000 00:00:1790131409.976094   44217 random_forest.cc:881] Train tree 193/240  [index:198 total:4m51.90s tree:57.45s]
I0000 00:00:1790131415.010167   44052 random_forest.cc:899] random_forest.cc Training block took: 296.937 s
W0000 00:00:1790131415.010203   44052 random_forest.cc:1220] EXITING EARLY TO SPEED UP EXPERIMENTS!
RESULT dataset=HIGGS_with_header threshold=1400 median=296.937s stddev=N/As n=1


======== Threshold 1600 ========

./bazel-bin/examples/train_oblique_forest --input_mode csv --train_csv "benchmarks/data/HIGGS_with_header.csv" --label_col "class" --num_trees=240 --dynamic_split_threshold=1600 --feature_split_type Oblique --numerical_split_type "Dynamic Random Histogram" --histogram_num_bins 256
----- Run 1/1 -----
WARNING: All log messages before absl::InitializeLog() is called are written to STDERR
I0000 00:00:1790131421.730584   44283 train_oblique_forest.cc:1101] Loading CSV in a single pass: benchmarks/data/HIGGS_with_header.csv
I0000 00:00:1790131422.654319   44283 train_oblique_forest.cc:1108] Single-pass CSV load complete: 11000000 rows, 29 columns.
I0000 00:00:1790131422.654390   44283 train_oblique_forest.cc:1229] -1 (automatic) threads requested. 48 threads set.
I0000 00:00:1790131422.654399   44283 train_oblique_forest.cc:1304] Configuring oblique splits
I0000 00:00:1790131422.654401   44283 train_oblique_forest.cc:1313] dynamic_split_threshold = 1600 (from flag)
I0000 00:00:1790131422.654403   44283 train_oblique_forest.cc:1398] Using Dynamic Random Histogram with 256 samples
I0000 00:00:1790131422.654412   44283 train_oblique_forest.cc:1428] train_oblique_forest wall-time - Loading/Init (pre-train): 0.923853s
I0000 00:00:1790131422.654473   44283 abstract_learner.cc:171] No input feature explicitly specified. Using all the available input features.
I0000 00:00:1790131422.654474   44283 abstract_learner.cc:185] The label "class" was removed from the input feature set.
I0000 00:00:1790131422.654485   44283 random_forest.cc:534] Training random forest on 11000000 example(s) and 28 feature(s).
I0000 00:00:1790131422.654494   44283 gpu.cc:93] Cannot initialize GPU: Not compiled with GPU support
I0000 00:00:1790131422.655060   44283 random_forest.cc:663] num_threads being used: 48
I0000 00:00:1790131481.079210   44421 random_forest.cc:881] Train tree 1/240  [index:10 total:58.42s tree:58.42s]
I0000 00:00:1790131539.402257   44421 random_forest.cc:881] Train tree 49/240  [index:48 total:1m56.75s tree:58.32s]
I0000 00:00:1790131597.863073   44465 random_forest.cc:881] Train tree 97/240  [index:106 total:2m55.21s tree:57.54s]
I0000 00:00:1790131656.320344   44461 random_forest.cc:881] Train tree 145/240  [index:149 total:3m53.67s tree:57.67s]
I0000 00:00:1790131714.952156   44452 random_forest.cc:881] Train tree 193/240  [index:193 total:4m52.30s tree:57.95s]
I0000 00:00:1790131719.867853   44283 random_forest.cc:899] random_forest.cc Training block took: 297.213 s
W0000 00:00:1790131719.867885   44283 random_forest.cc:1220] EXITING EARLY TO SPEED UP EXPERIMENTS!
RESULT dataset=HIGGS_with_header threshold=1600 median=297.213s stddev=N/As n=1


======== Threshold 1800 ========

./bazel-bin/examples/train_oblique_forest --input_mode csv --train_csv "benchmarks/data/HIGGS_with_header.csv" --label_col "class" --num_trees=240 --dynamic_split_threshold=1800 --feature_split_type Oblique --numerical_split_type "Dynamic Random Histogram" --histogram_num_bins 256
----- Run 1/1 -----
WARNING: All log messages before absl::InitializeLog() is called are written to STDERR
I0000 00:00:1790131726.466007   44499 train_oblique_forest.cc:1101] Loading CSV in a single pass: benchmarks/data/HIGGS_with_header.csv
I0000 00:00:1790131727.358111   44499 train_oblique_forest.cc:1108] Single-pass CSV load complete: 11000000 rows, 29 columns.
I0000 00:00:1790131727.358177   44499 train_oblique_forest.cc:1229] -1 (automatic) threads requested. 48 threads set.
I0000 00:00:1790131727.358187   44499 train_oblique_forest.cc:1304] Configuring oblique splits
I0000 00:00:1790131727.358189   44499 train_oblique_forest.cc:1313] dynamic_split_threshold = 1800 (from flag)
I0000 00:00:1790131727.358191   44499 train_oblique_forest.cc:1398] Using Dynamic Random Histogram with 256 samples
I0000 00:00:1790131727.358200   44499 train_oblique_forest.cc:1428] train_oblique_forest wall-time - Loading/Init (pre-train): 0.892218s
I0000 00:00:1790131727.358260   44499 abstract_learner.cc:171] No input feature explicitly specified. Using all the available input features.
I0000 00:00:1790131727.358262   44499 abstract_learner.cc:185] The label "class" was removed from the input feature set.
I0000 00:00:1790131727.358273   44499 random_forest.cc:534] Training random forest on 11000000 example(s) and 28 feature(s).
I0000 00:00:1790131727.358281   44499 gpu.cc:93] Cannot initialize GPU: Not compiled with GPU support
I0000 00:00:1790131727.358852   44499 random_forest.cc:663] num_threads being used: 48
I0000 00:00:1790131785.586383   44644 random_forest.cc:881] Train tree 1/240  [index:21 total:58.23s tree:58.23s]
I0000 00:00:1790131844.148445   44663 random_forest.cc:881] Train tree 49/240  [index:59 total:1m56.79s tree:57.78s]
I0000 00:00:1790131903.240296   44667 random_forest.cc:881] Train tree 97/240  [index:105 total:2m55.88s tree:58.29s]
I0000 00:00:1790131961.698358   44660 random_forest.cc:881] Train tree 145/240  [index:149 total:3m54.34s tree:58.17s]
I0000 00:00:1790132020.105645   44660 random_forest.cc:881] Train tree 193/240  [index:192 total:4m52.75s tree:58.41s]
I0000 00:00:1790132025.491022   44499 random_forest.cc:899] random_forest.cc Training block took: 298.133 s
W0000 00:00:1790132025.491058   44499 random_forest.cc:1220] EXITING EARLY TO SPEED UP EXPERIMENTS!
RESULT dataset=HIGGS_with_header threshold=1800 median=298.133s stddev=N/As n=1


======== Threshold 2000 ========

./bazel-bin/examples/train_oblique_forest --input_mode csv --train_csv "benchmarks/data/HIGGS_with_header.csv" --label_col "class" --num_trees=240 --dynamic_split_threshold=2000 --feature_split_type Oblique --numerical_split_type "Dynamic Random Histogram" --histogram_num_bins 256
----- Run 1/1 -----
WARNING: All log messages before absl::InitializeLog() is called are written to STDERR
I0000 00:00:1790132032.118823   44756 train_oblique_forest.cc:1101] Loading CSV in a single pass: benchmarks/data/HIGGS_with_header.csv
I0000 00:00:1790132033.043914   44756 train_oblique_forest.cc:1108] Single-pass CSV load complete: 11000000 rows, 29 columns.
I0000 00:00:1790132033.043979   44756 train_oblique_forest.cc:1229] -1 (automatic) threads requested. 48 threads set.
I0000 00:00:1790132033.043989   44756 train_oblique_forest.cc:1304] Configuring oblique splits
I0000 00:00:1790132033.043990   44756 train_oblique_forest.cc:1313] dynamic_split_threshold = 2000 (from flag)
I0000 00:00:1790132033.043992   44756 train_oblique_forest.cc:1398] Using Dynamic Random Histogram with 256 samples
I0000 00:00:1790132033.044002   44756 train_oblique_forest.cc:1428] train_oblique_forest wall-time - Loading/Init (pre-train): 0.925201s
I0000 00:00:1790132033.044061   44756 abstract_learner.cc:171] No input feature explicitly specified. Using all the available input features.
I0000 00:00:1790132033.044063   44756 abstract_learner.cc:185] The label "class" was removed from the input feature set.
I0000 00:00:1790132033.044075   44756 random_forest.cc:534] Training random forest on 11000000 example(s) and 28 feature(s).
I0000 00:00:1790132033.044084   44756 gpu.cc:93] Cannot initialize GPU: Not compiled with GPU support
I0000 00:00:1790132033.044646   44756 random_forest.cc:663] num_threads being used: 48
I0000 00:00:1790132091.367279   44933 random_forest.cc:881] Train tree 1/240  [index:10 total:58.32s tree:58.32s]
I0000 00:00:1790132149.872311   44933 random_forest.cc:881] Train tree 49/240  [index:48 total:1m56.83s tree:58.50s]
I0000 00:00:1790132208.529670   44907 random_forest.cc:881] Train tree 97/240  [index:103 total:2m55.49s tree:58.12s]
I0000 00:00:1790132267.313258   44917 random_forest.cc:881] Train tree 145/240  [index:158 total:3m54.27s tree:57.44s]
I0000 00:00:1790132326.113752   44917 random_forest.cc:881] Train tree 193/240  [index:192 total:4m53.07s tree:58.80s]
I0000 00:00:1790132331.879496   44756 random_forest.cc:899] random_forest.cc Training block took: 298.835 s
W0000 00:00:1790132331.879531   44756 random_forest.cc:1220] EXITING EARLY TO SPEED UP EXPERIMENTS!
RESULT dataset=HIGGS_with_header threshold=2000 median=298.835s stddev=N/As n=1


======== Threshold 2500 ========

./bazel-bin/examples/train_oblique_forest --input_mode csv --train_csv "benchmarks/data/HIGGS_with_header.csv" --label_col "class" --num_trees=240 --dynamic_split_threshold=2500 --feature_split_type Oblique --numerical_split_type "Dynamic Random Histogram" --histogram_num_bins 256
----- Run 1/1 -----
WARNING: All log messages before absl::InitializeLog() is called are written to STDERR
I0000 00:00:1790132338.532564   44975 train_oblique_forest.cc:1101] Loading CSV in a single pass: benchmarks/data/HIGGS_with_header.csv
I0000 00:00:1790132339.436677   44975 train_oblique_forest.cc:1108] Single-pass CSV load complete: 11000000 rows, 29 columns.
I0000 00:00:1790132339.436746   44975 train_oblique_forest.cc:1229] -1 (automatic) threads requested. 48 threads set.
I0000 00:00:1790132339.436756   44975 train_oblique_forest.cc:1304] Configuring oblique splits
I0000 00:00:1790132339.436757   44975 train_oblique_forest.cc:1313] dynamic_split_threshold = 2500 (from flag)
I0000 00:00:1790132339.436759   44975 train_oblique_forest.cc:1398] Using Dynamic Random Histogram with 256 samples
I0000 00:00:1790132339.436768   44975 train_oblique_forest.cc:1428] train_oblique_forest wall-time - Loading/Init (pre-train): 0.904227s
I0000 00:00:1790132339.436829   44975 abstract_learner.cc:171] No input feature explicitly specified. Using all the available input features.
I0000 00:00:1790132339.436831   44975 abstract_learner.cc:185] The label "class" was removed from the input feature set.
I0000 00:00:1790132339.436842   44975 random_forest.cc:534] Training random forest on 11000000 example(s) and 28 feature(s).
I0000 00:00:1790132339.436850   44975 gpu.cc:93] Cannot initialize GPU: Not compiled with GPU support
I0000 00:00:1790132339.437411   44975 random_forest.cc:663] num_threads being used: 48
I0000 00:00:1790132398.159949   45116 random_forest.cc:881] Train tree 1/240  [index:7 total:58.72s tree:58.72s]
I0000 00:00:1790132456.540365   45123 random_forest.cc:881] Train tree 49/240  [index:51 total:1m57.10s tree:58.30s]
I0000 00:00:1790132514.667025   45123 random_forest.cc:881] Train tree 97/240  [index:96 total:2m55.23s tree:58.13s]
I0000 00:00:1790132574.139184   45123 random_forest.cc:881] Train tree 145/240  [index:144 total:3m54.70s tree:59.47s]
I0000 00:00:1790132632.706095   45123 random_forest.cc:881] Train tree 193/240  [index:192 total:4m53.27s tree:58.57s]
I0000 00:00:1790132638.149373   44975 random_forest.cc:899] random_forest.cc Training block took: 298.713 s
W0000 00:00:1790132638.149409   44975 random_forest.cc:1220] EXITING EARLY TO SPEED UP EXPERIMENTS!
RESULT dataset=HIGGS_with_header threshold=2500 median=298.713s stddev=N/As n=1


======== Threshold 3000 ========

./bazel-bin/examples/train_oblique_forest --input_mode csv --train_csv "benchmarks/data/HIGGS_with_header.csv" --label_col "class" --num_trees=240 --dynamic_split_threshold=3000 --feature_split_type Oblique --numerical_split_type "Dynamic Random Histogram" --histogram_num_bins 256
----- Run 1/1 -----
WARNING: All log messages before absl::InitializeLog() is called are written to STDERR
I0000 00:00:1790132644.779438   45202 train_oblique_forest.cc:1101] Loading CSV in a single pass: benchmarks/data/HIGGS_with_header.csv
I0000 00:00:1790132645.699810   45202 train_oblique_forest.cc:1108] Single-pass CSV load complete: 11000000 rows, 29 columns.
I0000 00:00:1790132645.699879   45202 train_oblique_forest.cc:1229] -1 (automatic) threads requested. 48 threads set.
I0000 00:00:1790132645.699888   45202 train_oblique_forest.cc:1304] Configuring oblique splits
I0000 00:00:1790132645.699890   45202 train_oblique_forest.cc:1313] dynamic_split_threshold = 3000 (from flag)
I0000 00:00:1790132645.699892   45202 train_oblique_forest.cc:1398] Using Dynamic Random Histogram with 256 samples
I0000 00:00:1790132645.699901   45202 train_oblique_forest.cc:1428] train_oblique_forest wall-time - Loading/Init (pre-train): 0.920485s
I0000 00:00:1790132645.699961   45202 abstract_learner.cc:171] No input feature explicitly specified. Using all the available input features.
I0000 00:00:1790132645.699963   45202 abstract_learner.cc:185] The label "class" was removed from the input feature set.
I0000 00:00:1790132645.699974   45202 random_forest.cc:534] Training random forest on 11000000 example(s) and 28 feature(s).
I0000 00:00:1790132645.699983   45202 gpu.cc:93] Cannot initialize GPU: Not compiled with GPU support
I0000 00:00:1790132645.700551   45202 random_forest.cc:663] num_threads being used: 48
I0000 00:00:1790132703.965717   45350 random_forest.cc:881] Train tree 1/240  [index:21 total:58.27s tree:58.26s]
I0000 00:00:1790132762.572711   45350 random_forest.cc:881] Train tree 49/240  [index:48 total:1m56.87s tree:58.61s]
I0000 00:00:1790132820.880600   45350 random_forest.cc:881] Train tree 97/240  [index:96 total:2m55.18s tree:58.31s]
I0000 00:00:1790132880.778069   45350 random_forest.cc:881] Train tree 145/240  [index:144 total:3m55.08s tree:59.90s]
I0000 00:00:1790132940.045143   45348 random_forest.cc:881] Train tree 193/240  [index:198 total:4m54.34s tree:57.86s]
I0000 00:00:1790132945.476218   45202 random_forest.cc:899] random_forest.cc Training block took: 299.776 s
W0000 00:00:1790132945.476251   45202 random_forest.cc:1220] EXITING EARLY TO SPEED UP EXPERIMENTS!
RESULT dataset=HIGGS_with_header threshold=3000 median=299.776s stddev=N/As n=1


======== Threshold 3500 ========

./bazel-bin/examples/train_oblique_forest --input_mode csv --train_csv "benchmarks/data/HIGGS_with_header.csv" --label_col "class" --num_trees=240 --dynamic_split_threshold=3500 --feature_split_type Oblique --numerical_split_type "Dynamic Random Histogram" --histogram_num_bins 256
----- Run 1/1 -----
WARNING: All log messages before absl::InitializeLog() is called are written to STDERR
I0000 00:00:1790132952.107061   45424 train_oblique_forest.cc:1101] Loading CSV in a single pass: benchmarks/data/HIGGS_with_header.csv
I0000 00:00:1790132953.026421   45424 train_oblique_forest.cc:1108] Single-pass CSV load complete: 11000000 rows, 29 columns.
I0000 00:00:1790132953.026488   45424 train_oblique_forest.cc:1229] -1 (automatic) threads requested. 48 threads set.
I0000 00:00:1790132953.026497   45424 train_oblique_forest.cc:1304] Configuring oblique splits
I0000 00:00:1790132953.026499   45424 train_oblique_forest.cc:1313] dynamic_split_threshold = 3500 (from flag)
I0000 00:00:1790132953.026500   45424 train_oblique_forest.cc:1398] Using Dynamic Random Histogram with 256 samples
I0000 00:00:1790132953.026510   45424 train_oblique_forest.cc:1428] train_oblique_forest wall-time - Loading/Init (pre-train): 0.919475s
I0000 00:00:1790132953.026567   45424 abstract_learner.cc:171] No input feature explicitly specified. Using all the available input features.
I0000 00:00:1790132953.026569   45424 abstract_learner.cc:185] The label "class" was removed from the input feature set.
I0000 00:00:1790132953.026580   45424 random_forest.cc:534] Training random forest on 11000000 example(s) and 28 feature(s).
I0000 00:00:1790132953.026588   45424 gpu.cc:93] Cannot initialize GPU: Not compiled with GPU support
I0000 00:00:1790132953.027143   45424 random_forest.cc:663] num_threads being used: 48
I0000 00:00:1790133012.017907   45566 random_forest.cc:881] Train tree 1/240  [index:16 total:58.99s tree:58.99s]
I0000 00:00:1790133070.939927   45586 random_forest.cc:881] Train tree 49/240  [index:51 total:1m57.91s tree:58.86s]
I0000 00:00:1790133130.265215   45583 random_forest.cc:881] Train tree 97/240  [index:103 total:2m57.24s tree:58.63s]
I0000 00:00:1790133189.037691   45566 random_forest.cc:881] Train tree 145/240  [index:145 total:3m56.01s tree:58.60s]
I0000 00:00:1790133248.065745   45566 random_forest.cc:881] Train tree 193/240  [index:192 total:4m55.04s tree:59.03s]
I0000 00:00:1790133253.694971   45424 random_forest.cc:899] random_forest.cc Training block took: 300.668 s
W0000 00:00:1790133253.695004   45424 random_forest.cc:1220] EXITING EARLY TO SPEED UP EXPERIMENTS!
RESULT dataset=HIGGS_with_header threshold=3500 median=300.668s stddev=N/As n=1


======== Threshold 4000 ========

./bazel-bin/examples/train_oblique_forest --input_mode csv --train_csv "benchmarks/data/HIGGS_with_header.csv" --label_col "class" --num_trees=240 --dynamic_split_threshold=4000 --feature_split_type Oblique --numerical_split_type "Dynamic Random Histogram" --histogram_num_bins 256
----- Run 1/1 -----
WARNING: All log messages before absl::InitializeLog() is called are written to STDERR
I0000 00:00:1790133260.302189   45652 train_oblique_forest.cc:1101] Loading CSV in a single pass: benchmarks/data/HIGGS_with_header.csv
I0000 00:00:1790133261.225035   45652 train_oblique_forest.cc:1108] Single-pass CSV load complete: 11000000 rows, 29 columns.
I0000 00:00:1790133261.225103   45652 train_oblique_forest.cc:1229] -1 (automatic) threads requested. 48 threads set.
I0000 00:00:1790133261.225112   45652 train_oblique_forest.cc:1304] Configuring oblique splits
I0000 00:00:1790133261.225114   45652 train_oblique_forest.cc:1313] dynamic_split_threshold = 4000 (from flag)
I0000 00:00:1790133261.225116   45652 train_oblique_forest.cc:1398] Using Dynamic Random Histogram with 256 samples
I0000 00:00:1790133261.225125   45652 train_oblique_forest.cc:1428] train_oblique_forest wall-time - Loading/Init (pre-train): 0.92296s
I0000 00:00:1790133261.225184   45652 abstract_learner.cc:171] No input feature explicitly specified. Using all the available input features.
I0000 00:00:1790133261.225186   45652 abstract_learner.cc:185] The label "class" was removed from the input feature set.
I0000 00:00:1790133261.225197   45652 random_forest.cc:534] Training random forest on 11000000 example(s) and 28 feature(s).
I0000 00:00:1790133261.225205   45652 gpu.cc:93] Cannot initialize GPU: Not compiled with GPU support
I0000 00:00:1790133261.225766   45652 random_forest.cc:663] num_threads being used: 48
I0000 00:00:1790133319.890805   45791 random_forest.cc:881] Train tree 1/240  [index:7 total:58.67s tree:58.66s]
I0000 00:00:1790133378.997497   45791 random_forest.cc:881] Train tree 49/240  [index:48 total:1m57.77s tree:59.10s]
I0000 00:00:1790133438.452076   45791 random_forest.cc:881] Train tree 97/240  [index:96 total:2m57.23s tree:59.45s]
I0000 00:00:1790133498.429169   45793 random_forest.cc:881] Train tree 145/240  [index:150 total:3m57.20s tree:58.87s]
I0000 00:00:1790133557.177285   45793 random_forest.cc:881] Train tree 193/240  [index:192 total:4m55.95s tree:58.75s]
I0000 00:00:1790133563.627837   45652 random_forest.cc:899] random_forest.cc Training block took: 302.403 s
W0000 00:00:1790133563.627871   45652 random_forest.cc:1220] EXITING EARLY TO SPEED UP EXPERIMENTS!
RESULT dataset=HIGGS_with_header threshold=4000 median=302.403s stddev=N/As n=1


======== Threshold 4500 ========

./bazel-bin/examples/train_oblique_forest --input_mode csv --train_csv "benchmarks/data/HIGGS_with_header.csv" --label_col "class" --num_trees=240 --dynamic_split_threshold=4500 --feature_split_type Oblique --numerical_split_type "Dynamic Random Histogram" --histogram_num_bins 256
----- Run 1/1 -----
WARNING: All log messages before absl::InitializeLog() is called are written to STDERR
I0000 00:00:1790133570.228982   45877 train_oblique_forest.cc:1101] Loading CSV in a single pass: benchmarks/data/HIGGS_with_header.csv
I0000 00:00:1790133571.150391   45877 train_oblique_forest.cc:1108] Single-pass CSV load complete: 11000000 rows, 29 columns.
I0000 00:00:1790133571.150458   45877 train_oblique_forest.cc:1229] -1 (automatic) threads requested. 48 threads set.
I0000 00:00:1790133571.150468   45877 train_oblique_forest.cc:1304] Configuring oblique splits
I0000 00:00:1790133571.150469   45877 train_oblique_forest.cc:1313] dynamic_split_threshold = 4500 (from flag)
I0000 00:00:1790133571.150471   45877 train_oblique_forest.cc:1398] Using Dynamic Random Histogram with 256 samples
I0000 00:00:1790133571.150480   45877 train_oblique_forest.cc:1428] train_oblique_forest wall-time - Loading/Init (pre-train): 0.921523s
I0000 00:00:1790133571.150539   45877 abstract_learner.cc:171] No input feature explicitly specified. Using all the available input features.
I0000 00:00:1790133571.150541   45877 abstract_learner.cc:185] The label "class" was removed from the input feature set.
I0000 00:00:1790133571.150552   45877 random_forest.cc:534] Training random forest on 11000000 example(s) and 28 feature(s).
I0000 00:00:1790133571.150560   45877 gpu.cc:93] Cannot initialize GPU: Not compiled with GPU support
I0000 00:00:1790133571.151118   45877 random_forest.cc:663] num_threads being used: 48
I0000 00:00:1790133630.198514   46017 random_forest.cc:881] Train tree 1/240  [index:7 total:59.05s tree:59.05s]
I0000 00:00:1790133689.475754   46049 random_forest.cc:881] Train tree 49/240  [index:54 total:1m58.32s tree:58.94s]
I0000 00:00:1790133748.841178   46049 random_forest.cc:881] Train tree 97/240  [index:96 total:2m57.69s tree:59.36s]
I0000 00:00:1790133808.662345   46047 random_forest.cc:881] Train tree 145/240  [index:148 total:3m57.51s tree:58.79s]
I0000 00:00:1790133867.865710   46050 random_forest.cc:881] Train tree 193/240  [index:198 total:4m56.71s tree:58.73s]
I0000 00:00:1790133873.698154   45877 random_forest.cc:899] random_forest.cc Training block took: 302.548 s
W0000 00:00:1790133873.698192   45877 random_forest.cc:1220] EXITING EARLY TO SPEED UP EXPERIMENTS!
RESULT dataset=HIGGS_with_header threshold=4500 median=302.548s stddev=N/As n=1


======== Threshold 5000 ========

./bazel-bin/examples/train_oblique_forest --input_mode csv --train_csv "benchmarks/data/HIGGS_with_header.csv" --label_col "class" --num_trees=240 --dynamic_split_threshold=5000 --feature_split_type Oblique --numerical_split_type "Dynamic Random Histogram" --histogram_num_bins 256
----- Run 1/1 -----
WARNING: All log messages before absl::InitializeLog() is called are written to STDERR
I0000 00:00:1790133880.308918   46131 train_oblique_forest.cc:1101] Loading CSV in a single pass: benchmarks/data/HIGGS_with_header.csv
I0000 00:00:1790133881.229054   46131 train_oblique_forest.cc:1108] Single-pass CSV load complete: 11000000 rows, 29 columns.
I0000 00:00:1790133881.229120   46131 train_oblique_forest.cc:1229] -1 (automatic) threads requested. 48 threads set.
I0000 00:00:1790133881.229129   46131 train_oblique_forest.cc:1304] Configuring oblique splits
I0000 00:00:1790133881.229130   46131 train_oblique_forest.cc:1313] dynamic_split_threshold = 5000 (from flag)
I0000 00:00:1790133881.229132   46131 train_oblique_forest.cc:1398] Using Dynamic Random Histogram with 256 samples
I0000 00:00:1790133881.229141   46131 train_oblique_forest.cc:1428] train_oblique_forest wall-time - Loading/Init (pre-train): 0.920245s
I0000 00:00:1790133881.229200   46131 abstract_learner.cc:171] No input feature explicitly specified. Using all the available input features.
I0000 00:00:1790133881.229202   46131 abstract_learner.cc:185] The label "class" was removed from the input feature set.
I0000 00:00:1790133881.229213   46131 random_forest.cc:534] Training random forest on 11000000 example(s) and 28 feature(s).
I0000 00:00:1790133881.229221   46131 gpu.cc:93] Cannot initialize GPU: Not compiled with GPU support
I0000 00:00:1790133881.229794   46131 random_forest.cc:663] num_threads being used: 48
I0000 00:00:1790133940.032313   46268 random_forest.cc:881] Train tree 1/240  [index:6 total:58.80s tree:58.80s]
I0000 00:00:1790133999.036926   46283 random_forest.cc:881] Train tree 49/240  [index:51 total:1m57.81s tree:58.48s]
I0000 00:00:1790134058.543327   46283 random_forest.cc:881] Train tree 97/240  [index:96 total:2m57.31s tree:59.50s]
I0000 00:00:1790134118.558486   46283 random_forest.cc:881] Train tree 145/240  [index:144 total:3m57.33s tree:1m0.01s]
I0000 00:00:1790134177.555468   46272 random_forest.cc:881] Train tree 193/240  [index:200 total:4m56.33s tree:58.28s]
I0000 00:00:1790134183.834505   46131 random_forest.cc:899] random_forest.cc Training block took: 302.605 s
W0000 00:00:1790134183.834539   46131 random_forest.cc:1220] EXITING EARLY TO SPEED UP EXPERIMENTS!
RESULT dataset=HIGGS_with_header threshold=5000 median=302.605s stddev=N/As n=1


======== Threshold 6000 ========

./bazel-bin/examples/train_oblique_forest --input_mode csv --train_csv "benchmarks/data/HIGGS_with_header.csv" --label_col "class" --num_trees=240 --dynamic_split_threshold=6000 --feature_split_type Oblique --numerical_split_type "Dynamic Random Histogram" --histogram_num_bins 256
----- Run 1/1 -----
WARNING: All log messages before absl::InitializeLog() is called are written to STDERR
I0000 00:00:1790134190.627288   46352 train_oblique_forest.cc:1101] Loading CSV in a single pass: benchmarks/data/HIGGS_with_header.csv
I0000 00:00:1790134191.546747   46352 train_oblique_forest.cc:1108] Single-pass CSV load complete: 11000000 rows, 29 columns.
I0000 00:00:1790134191.546813   46352 train_oblique_forest.cc:1229] -1 (automatic) threads requested. 48 threads set.
I0000 00:00:1790134191.546821   46352 train_oblique_forest.cc:1304] Configuring oblique splits
I0000 00:00:1790134191.546823   46352 train_oblique_forest.cc:1313] dynamic_split_threshold = 6000 (from flag)
I0000 00:00:1790134191.546825   46352 train_oblique_forest.cc:1398] Using Dynamic Random Histogram with 256 samples
I0000 00:00:1790134191.546834   46352 train_oblique_forest.cc:1428] train_oblique_forest wall-time - Loading/Init (pre-train): 0.919571s
I0000 00:00:1790134191.546894   46352 abstract_learner.cc:171] No input feature explicitly specified. Using all the available input features.
I0000 00:00:1790134191.546895   46352 abstract_learner.cc:185] The label "class" was removed from the input feature set.
I0000 00:00:1790134191.546906   46352 random_forest.cc:534] Training random forest on 11000000 example(s) and 28 feature(s).
I0000 00:00:1790134191.546915   46352 gpu.cc:93] Cannot initialize GPU: Not compiled with GPU support
I0000 00:00:1790134191.547477   46352 random_forest.cc:663] num_threads being used: 48
I0000 00:00:1790134250.683343   46512 random_forest.cc:881] Train tree 1/240  [index:34 total:59.14s tree:59.13s]
I0000 00:00:1790134310.244166   46506 random_forest.cc:881] Train tree 49/240  [index:51 total:1m58.70s tree:59.35s]
I0000 00:00:1790134369.560060   46527 random_forest.cc:881] Train tree 97/240  [index:108 total:2m58.01s tree:58.51s]
I0000 00:00:1790134429.292697   46497 random_forest.cc:881] Train tree 145/240  [index:149 total:3m57.75s tree:59.04s]
I0000 00:00:1790134488.708311   46498 random_forest.cc:881] Train tree 193/240  [index:198 total:4m57.16s tree:58.83s]
I0000 00:00:1790134493.725014   46352 random_forest.cc:899] random_forest.cc Training block took: 302.178 s
W0000 00:00:1790134493.725051   46352 random_forest.cc:1220] EXITING EARLY TO SPEED UP EXPERIMENTS!
RESULT dataset=HIGGS_with_header threshold=6000 median=302.178s stddev=N/As n=1


======== Threshold 7000 ========

./bazel-bin/examples/train_oblique_forest --input_mode csv --train_csv "benchmarks/data/HIGGS_with_header.csv" --label_col "class" --num_trees=240 --dynamic_split_threshold=7000 --feature_split_type Oblique --numerical_split_type "Dynamic Random Histogram" --histogram_num_bins 256
----- Run 1/1 -----
WARNING: All log messages before absl::InitializeLog() is called are written to STDERR
I0000 00:00:1790134500.340174   46584 train_oblique_forest.cc:1101] Loading CSV in a single pass: benchmarks/data/HIGGS_with_header.csv
I0000 00:00:1790134501.259352   46584 train_oblique_forest.cc:1108] Single-pass CSV load complete: 11000000 rows, 29 columns.
I0000 00:00:1790134501.259419   46584 train_oblique_forest.cc:1229] -1 (automatic) threads requested. 48 threads set.
I0000 00:00:1790134501.259428   46584 train_oblique_forest.cc:1304] Configuring oblique splits
I0000 00:00:1790134501.259430   46584 train_oblique_forest.cc:1313] dynamic_split_threshold = 7000 (from flag)
I0000 00:00:1790134501.259432   46584 train_oblique_forest.cc:1398] Using Dynamic Random Histogram with 256 samples
I0000 00:00:1790134501.259441   46584 train_oblique_forest.cc:1428] train_oblique_forest wall-time - Loading/Init (pre-train): 0.919291s
I0000 00:00:1790134501.259500   46584 abstract_learner.cc:171] No input feature explicitly specified. Using all the available input features.
I0000 00:00:1790134501.259502   46584 abstract_learner.cc:185] The label "class" was removed from the input feature set.
I0000 00:00:1790134501.259513   46584 random_forest.cc:534] Training random forest on 11000000 example(s) and 28 feature(s).
I0000 00:00:1790134501.259522   46584 gpu.cc:93] Cannot initialize GPU: Not compiled with GPU support
I0000 00:00:1790134501.260079   46584 random_forest.cc:663] num_threads being used: 48
I0000 00:00:1790134560.181178   46764 random_forest.cc:881] Train tree 1/240  [index:45 total:58.92s tree:58.91s]
I0000 00:00:1790134619.633310   46762 random_forest.cc:881] Train tree 49/240  [index:50 total:1m58.37s tree:59.11s]
I0000 00:00:1790134679.127660   46761 random_forest.cc:881] Train tree 97/240  [index:108 total:2m57.87s tree:58.30s]
I0000 00:00:1790134738.820310   46722 random_forest.cc:881] Train tree 145/240  [index:158 total:3m57.56s tree:58.34s]
I0000 00:00:1790134798.763519   46758 random_forest.cc:881] Train tree 193/240  [index:193 total:4m57.50s tree:59.70s]
I0000 00:00:1790134804.030326   46584 random_forest.cc:899] random_forest.cc Training block took: 302.771 s
W0000 00:00:1790134804.030372   46584 random_forest.cc:1220] EXITING EARLY TO SPEED UP EXPERIMENTS!
RESULT dataset=HIGGS_with_header threshold=7000 median=302.771s stddev=N/As n=1


======== Threshold 8000 ========

./bazel-bin/examples/train_oblique_forest --input_mode csv --train_csv "benchmarks/data/HIGGS_with_header.csv" --label_col "class" --num_trees=240 --dynamic_split_threshold=8000 --feature_split_type Oblique --numerical_split_type "Dynamic Random Histogram" --histogram_num_bins 256
----- Run 1/1 -----
WARNING: All log messages before absl::InitializeLog() is called are written to STDERR
I0000 00:00:1790134810.631281   46806 train_oblique_forest.cc:1101] Loading CSV in a single pass: benchmarks/data/HIGGS_with_header.csv
I0000 00:00:1790134811.551022   46806 train_oblique_forest.cc:1108] Single-pass CSV load complete: 11000000 rows, 29 columns.
I0000 00:00:1790134811.551084   46806 train_oblique_forest.cc:1229] -1 (automatic) threads requested. 48 threads set.
I0000 00:00:1790134811.551093   46806 train_oblique_forest.cc:1304] Configuring oblique splits
I0000 00:00:1790134811.551095   46806 train_oblique_forest.cc:1313] dynamic_split_threshold = 8000 (from flag)
I0000 00:00:1790134811.551097   46806 train_oblique_forest.cc:1398] Using Dynamic Random Histogram with 256 samples
I0000 00:00:1790134811.551105   46806 train_oblique_forest.cc:1428] train_oblique_forest wall-time - Loading/Init (pre-train): 0.919846s
I0000 00:00:1790134811.551165   46806 abstract_learner.cc:171] No input feature explicitly specified. Using all the available input features.
I0000 00:00:1790134811.551167   46806 abstract_learner.cc:185] The label "class" was removed from the input feature set.
I0000 00:00:1790134811.551179   46806 random_forest.cc:534] Training random forest on 11000000 example(s) and 28 feature(s).
I0000 00:00:1790134811.551187   46806 gpu.cc:93] Cannot initialize GPU: Not compiled with GPU support
I0000 00:00:1790134811.551755   46806 random_forest.cc:663] num_threads being used: 48
I0000 00:00:1790134870.733715   46994 random_forest.cc:881] Train tree 1/240  [index:0 total:59.18s tree:59.18s]
I0000 00:00:1790134930.905763   46950 random_forest.cc:881] Train tree 49/240  [index:51 total:1m59.35s tree:59.92s]
I0000 00:00:1790134990.448100   46994 random_forest.cc:881] Train tree 97/240  [index:97 total:2m58.90s tree:59.43s]
I0000 00:00:1790135050.333246   46990 random_forest.cc:881] Train tree 145/240  [index:149 total:3m58.78s tree:59.36s]
I0000 00:00:1790135110.616307   46970 random_forest.cc:881] Train tree 193/240  [index:200 total:4m59.06s tree:59.27s]
I0000 00:00:1790135117.028356   46806 random_forest.cc:899] random_forest.cc Training block took: 305.477 s
W0000 00:00:1790135117.028389   46806 random_forest.cc:1220] EXITING EARLY TO SPEED UP EXPERIMENTS!
RESULT dataset=HIGGS_with_header threshold=8000 median=305.477s stddev=N/As n=1


======== Threshold 9000 ========

./bazel-bin/examples/train_oblique_forest --input_mode csv --train_csv "benchmarks/data/HIGGS_with_header.csv" --label_col "class" --num_trees=240 --dynamic_split_threshold=9000 --feature_split_type Oblique --numerical_split_type "Dynamic Random Histogram" --histogram_num_bins 256
----- Run 1/1 -----
WARNING: All log messages before absl::InitializeLog() is called are written to STDERR
I0000 00:00:1790135123.623479   47035 train_oblique_forest.cc:1101] Loading CSV in a single pass: benchmarks/data/HIGGS_with_header.csv
I0000 00:00:1790135124.544630   47035 train_oblique_forest.cc:1108] Single-pass CSV load complete: 11000000 rows, 29 columns.
I0000 00:00:1790135124.544695   47035 train_oblique_forest.cc:1229] -1 (automatic) threads requested. 48 threads set.
I0000 00:00:1790135124.544705   47035 train_oblique_forest.cc:1304] Configuring oblique splits
I0000 00:00:1790135124.544706   47035 train_oblique_forest.cc:1313] dynamic_split_threshold = 9000 (from flag)
I0000 00:00:1790135124.544708   47035 train_oblique_forest.cc:1398] Using Dynamic Random Histogram with 256 samples
I0000 00:00:1790135124.544718   47035 train_oblique_forest.cc:1428] train_oblique_forest wall-time - Loading/Init (pre-train): 0.921263s
I0000 00:00:1790135124.544776   47035 abstract_learner.cc:171] No input feature explicitly specified. Using all the available input features.
I0000 00:00:1790135124.544778   47035 abstract_learner.cc:185] The label "class" was removed from the input feature set.
I0000 00:00:1790135124.544789   47035 random_forest.cc:534] Training random forest on 11000000 example(s) and 28 feature(s).
I0000 00:00:1790135124.544797   47035 gpu.cc:93] Cannot initialize GPU: Not compiled with GPU support
I0000 00:00:1790135124.545362   47035 random_forest.cc:663] num_threads being used: 48
I0000 00:00:1790135183.779937   47202 random_forest.cc:881] Train tree 1/240  [index:45 total:59.23s tree:59.23s]
I0000 00:00:1790135243.270647   47202 random_forest.cc:881] Train tree 49/240  [index:48 total:1m58.73s tree:59.49s]
I0000 00:00:1790135303.295564   47202 random_forest.cc:881] Train tree 97/240  [index:96 total:2m58.75s tree:1m0.02s]
I0000 00:00:1790135362.910361   47215 random_forest.cc:881] Train tree 145/240  [index:145 total:3m58.36s tree:59.14s]
I0000 00:00:1790135423.008651   47174 random_forest.cc:881] Train tree 193/240  [index:198 total:4m58.46s tree:59.23s]
I0000 00:00:1790135427.291301   47035 random_forest.cc:899] random_forest.cc Training block took: 302.747 s
W0000 00:00:1790135427.291345   47035 random_forest.cc:1220] EXITING EARLY TO SPEED UP EXPERIMENTS!
RESULT dataset=HIGGS_with_header threshold=9000 median=302.747s stddev=N/As n=1


======== Threshold 10000 ========

./bazel-bin/examples/train_oblique_forest --input_mode csv --train_csv "benchmarks/data/HIGGS_with_header.csv" --label_col "class" --num_trees=240 --dynamic_split_threshold=10000 --feature_split_type Oblique --numerical_split_type "Dynamic Random Histogram" --histogram_num_bins 256
----- Run 1/1 -----
WARNING: All log messages before absl::InitializeLog() is called are written to STDERR
I0000 00:00:1790135433.935696   47287 train_oblique_forest.cc:1101] Loading CSV in a single pass: benchmarks/data/HIGGS_with_header.csv
I0000 00:00:1790135434.853469   47287 train_oblique_forest.cc:1108] Single-pass CSV load complete: 11000000 rows, 29 columns.
I0000 00:00:1790135434.853533   47287 train_oblique_forest.cc:1229] -1 (automatic) threads requested. 48 threads set.
I0000 00:00:1790135434.853543   47287 train_oblique_forest.cc:1304] Configuring oblique splits
I0000 00:00:1790135434.853544   47287 train_oblique_forest.cc:1313] dynamic_split_threshold = 10000 (from flag)
I0000 00:00:1790135434.853546   47287 train_oblique_forest.cc:1398] Using Dynamic Random Histogram with 256 samples
I0000 00:00:1790135434.853555   47287 train_oblique_forest.cc:1428] train_oblique_forest wall-time - Loading/Init (pre-train): 0.917881s
I0000 00:00:1790135434.853613   47287 abstract_learner.cc:171] No input feature explicitly specified. Using all the available input features.
I0000 00:00:1790135434.853615   47287 abstract_learner.cc:185] The label "class" was removed from the input feature set.
I0000 00:00:1790135434.853625   47287 random_forest.cc:534] Training random forest on 11000000 example(s) and 28 feature(s).
I0000 00:00:1790135434.853633   47287 gpu.cc:93] Cannot initialize GPU: Not compiled with GPU support
I0000 00:00:1790135434.854191   47287 random_forest.cc:663] num_threads being used: 48
I0000 00:00:1790135494.128695   47445 random_forest.cc:881] Train tree 1/240  [index:45 total:59.27s tree:59.27s]
I0000 00:00:1790135553.674445   47445 random_forest.cc:881] Train tree 49/240  [index:48 total:1m58.82s tree:59.55s]
I0000 00:00:1790135613.829351   47445 random_forest.cc:881] Train tree 97/240  [index:96 total:2m58.98s tree:1m0.15s]
I0000 00:00:1790135673.342133   47445 random_forest.cc:881] Train tree 145/240  [index:144 total:3m58.49s tree:59.51s]
I0000 00:00:1790135733.540386   47461 random_forest.cc:881] Train tree 193/240  [index:198 total:4m58.69s tree:59.03s]
I0000 00:00:1790135738.781089   47287 random_forest.cc:899] random_forest.cc Training block took: 303.928 s
W0000 00:00:1790135738.781123   47287 random_forest.cc:1220] EXITING EARLY TO SPEED UP EXPERIMENTS!
RESULT dataset=HIGGS_with_header threshold=10000 median=303.928s stddev=N/As n=1
