==== PROVENANCE ====
date_utc: 2026-09-23T05:26:03Z
git_sha: 7c2cef51
git_branch: rebased-main
machine: Intel(R) Xeon(R) Platinum 8488C (nproc=48)
machine_serial: ec2345d6-e74b-012e-4435-8c757e5c589e
compiler: Intel(R) oneAPI DPC++/C++ Compiler 2025.2.1 (2025.2.0.20250806)
EXTRA_BAZEL_CONFIGS: <none>
EXTRA_TRAIN_ARGS: --feature_split_type Oblique --numerical_split_type "Dynamic Random Histogram" --histogram_num_bins 64
NUM_TREES_DIVISOR: 1
NUM_TREES: 240  NUM_RUNS: 1
DYNAMIC_SPLIT_THRESHOLDS: 100 200 300 400 500 600 700 800 900 1000 1200 1400 1600 1800 2000 2500 3000 3500 4000 4500 5000 6000 7000 8000 9000 10000
CSV_DATASETS: benchmarks/data/epsilon_normalized_train.csv|label  TRUNK_DATASETS: <none>
====================


======== DYNAMIC THRESHOLD SWEEP  configs: <none>  args: --feature_split_type Oblique --numerical_split_type "Dynamic Random Histogram" --histogram_num_bins 64 ========



======== Threshold 100 ========

./bazel-bin/examples/train_oblique_forest --input_mode csv --train_csv "benchmarks/data/epsilon_normalized_train.csv" --label_col "label" --num_trees=240 --dynamic_split_threshold=100 --feature_split_type Oblique --numerical_split_type "Dynamic Random Histogram" --histogram_num_bins 64
----- Run 1/1 -----
WARNING: All log messages before absl::InitializeLog() is called are written to STDERR
I0000 00:00:1790141163.879724   61555 train_oblique_forest.cc:1101] Loading CSV in a single pass: benchmarks/data/epsilon_normalized_train.csv
I0000 00:00:1790141284.113217   61555 train_oblique_forest.cc:1108] Single-pass CSV load complete: 400000 rows, 2001 columns.
I0000 00:00:1790141284.113285   61555 train_oblique_forest.cc:1229] -1 (automatic) threads requested. 48 threads set.
I0000 00:00:1790141284.113295   61555 train_oblique_forest.cc:1304] Configuring oblique splits
I0000 00:00:1790141284.113298   61555 train_oblique_forest.cc:1313] dynamic_split_threshold = 100 (from flag)
I0000 00:00:1790141284.113300   61555 train_oblique_forest.cc:1398] Using Dynamic Random Histogram with 64 samples
I0000 00:00:1790141284.113308   61555 train_oblique_forest.cc:1428] train_oblique_forest wall-time - Loading/Init (pre-train): 120.234s
I0000 00:00:1790141284.113459   61555 abstract_learner.cc:171] No input feature explicitly specified. Using all the available input features.
I0000 00:00:1790141284.113465   61555 abstract_learner.cc:185] The label "label" was removed from the input feature set.
I0000 00:00:1790141284.113805   61555 random_forest.cc:534] Training random forest on 400000 example(s) and 2000 feature(s).
I0000 00:00:1790141284.113869   61555 gpu.cc:93] Cannot initialize GPU: Not compiled with GPU support
I0000 00:00:1790141284.114580   61555 random_forest.cc:663] num_threads being used: 48
I0000 00:00:1790141293.628693   61746 random_forest.cc:881] Train tree 1/240  [index:13 total:9.51s tree:9.51s]
I0000 00:00:1790141313.770119   61719 random_forest.cc:881] Train tree 144/240  [index:143 total:29.66s tree:9.94s]
I0000 00:00:1790141333.516547   61555 random_forest.cc:899] random_forest.cc Training block took: 49.4032 s
W0000 00:00:1790141333.516583   61555 random_forest.cc:1220] EXITING EARLY TO SPEED UP EXPERIMENTS!
RESULT dataset=epsilon_normalized_train threshold=100 median=49.4032s stddev=N/As n=1


======== Threshold 200 ========

./bazel-bin/examples/train_oblique_forest --input_mode csv --train_csv "benchmarks/data/epsilon_normalized_train.csv" --label_col "label" --num_trees=240 --dynamic_split_threshold=200 --feature_split_type Oblique --numerical_split_type "Dynamic Random Histogram" --histogram_num_bins 64
----- Run 1/1 -----
WARNING: All log messages before absl::InitializeLog() is called are written to STDERR
I0000 00:00:1790141333.812578   61778 train_oblique_forest.cc:1101] Loading CSV in a single pass: benchmarks/data/epsilon_normalized_train.csv
I0000 00:00:1790141335.557900   61778 train_oblique_forest.cc:1108] Single-pass CSV load complete: 400000 rows, 2001 columns.
I0000 00:00:1790141335.557961   61778 train_oblique_forest.cc:1229] -1 (automatic) threads requested. 48 threads set.
I0000 00:00:1790141335.557971   61778 train_oblique_forest.cc:1304] Configuring oblique splits
I0000 00:00:1790141335.557974   61778 train_oblique_forest.cc:1313] dynamic_split_threshold = 200 (from flag)
I0000 00:00:1790141335.557976   61778 train_oblique_forest.cc:1398] Using Dynamic Random Histogram with 64 samples
I0000 00:00:1790141335.557984   61778 train_oblique_forest.cc:1428] train_oblique_forest wall-time - Loading/Init (pre-train): 1.74543s
I0000 00:00:1790141335.558129   61778 abstract_learner.cc:171] No input feature explicitly specified. Using all the available input features.
I0000 00:00:1790141335.558135   61778 abstract_learner.cc:185] The label "label" was removed from the input feature set.
I0000 00:00:1790141335.558476   61778 random_forest.cc:534] Training random forest on 400000 example(s) and 2000 feature(s).
I0000 00:00:1790141335.558540   61778 gpu.cc:93] Cannot initialize GPU: Not compiled with GPU support
I0000 00:00:1790141335.559241   61778 random_forest.cc:663] num_threads being used: 48
I0000 00:00:1790141344.982914   61940 random_forest.cc:881] Train tree 1/240  [index:23 total:9.42s tree:9.42s]
I0000 00:00:1790141373.446998   61963 random_forest.cc:881] Train tree 145/240  [index:145 total:37.89s tree:9.49s]
I0000 00:00:1790141384.085816   61778 random_forest.cc:899] random_forest.cc Training block took: 48.5278 s
W0000 00:00:1790141384.085853   61778 random_forest.cc:1220] EXITING EARLY TO SPEED UP EXPERIMENTS!
RESULT dataset=epsilon_normalized_train threshold=200 median=48.5278s stddev=N/As n=1


======== Threshold 300 ========

./bazel-bin/examples/train_oblique_forest --input_mode csv --train_csv "benchmarks/data/epsilon_normalized_train.csv" --label_col "label" --num_trees=240 --dynamic_split_threshold=300 --feature_split_type Oblique --numerical_split_type "Dynamic Random Histogram" --histogram_num_bins 64
----- Run 1/1 -----
WARNING: All log messages before absl::InitializeLog() is called are written to STDERR
I0000 00:00:1790141384.380192   62009 train_oblique_forest.cc:1101] Loading CSV in a single pass: benchmarks/data/epsilon_normalized_train.csv
I0000 00:00:1790141386.112407   62009 train_oblique_forest.cc:1108] Single-pass CSV load complete: 400000 rows, 2001 columns.
I0000 00:00:1790141386.112472   62009 train_oblique_forest.cc:1229] -1 (automatic) threads requested. 48 threads set.
I0000 00:00:1790141386.112482   62009 train_oblique_forest.cc:1304] Configuring oblique splits
I0000 00:00:1790141386.112485   62009 train_oblique_forest.cc:1313] dynamic_split_threshold = 300 (from flag)
I0000 00:00:1790141386.112486   62009 train_oblique_forest.cc:1398] Using Dynamic Random Histogram with 64 samples
I0000 00:00:1790141386.112495   62009 train_oblique_forest.cc:1428] train_oblique_forest wall-time - Loading/Init (pre-train): 1.73233s
I0000 00:00:1790141386.112641   62009 abstract_learner.cc:171] No input feature explicitly specified. Using all the available input features.
I0000 00:00:1790141386.112648   62009 abstract_learner.cc:185] The label "label" was removed from the input feature set.
I0000 00:00:1790141386.112978   62009 random_forest.cc:534] Training random forest on 400000 example(s) and 2000 feature(s).
I0000 00:00:1790141386.113041   62009 gpu.cc:93] Cannot initialize GPU: Not compiled with GPU support
I0000 00:00:1790141386.113738   62009 random_forest.cc:663] num_threads being used: 48
I0000 00:00:1790141395.564672   62177 random_forest.cc:881] Train tree 1/240  [index:13 total:9.45s tree:9.45s]
I0000 00:00:1790141423.953652   62196 random_forest.cc:881] Train tree 145/240  [index:145 total:37.84s tree:9.45s]
I0000 00:00:1790141434.493360   62009 random_forest.cc:899] random_forest.cc Training block took: 48.3808 s
W0000 00:00:1790141434.493395   62009 random_forest.cc:1220] EXITING EARLY TO SPEED UP EXPERIMENTS!
RESULT dataset=epsilon_normalized_train threshold=300 median=48.3808s stddev=N/As n=1


======== Threshold 400 ========

./bazel-bin/examples/train_oblique_forest --input_mode csv --train_csv "benchmarks/data/epsilon_normalized_train.csv" --label_col "label" --num_trees=240 --dynamic_split_threshold=400 --feature_split_type Oblique --numerical_split_type "Dynamic Random Histogram" --histogram_num_bins 64
----- Run 1/1 -----
WARNING: All log messages before absl::InitializeLog() is called are written to STDERR
I0000 00:00:1790141434.786110   62239 train_oblique_forest.cc:1101] Loading CSV in a single pass: benchmarks/data/epsilon_normalized_train.csv
I0000 00:00:1790141436.523347   62239 train_oblique_forest.cc:1108] Single-pass CSV load complete: 400000 rows, 2001 columns.
I0000 00:00:1790141436.523412   62239 train_oblique_forest.cc:1229] -1 (automatic) threads requested. 48 threads set.
I0000 00:00:1790141436.523422   62239 train_oblique_forest.cc:1304] Configuring oblique splits
I0000 00:00:1790141436.523425   62239 train_oblique_forest.cc:1313] dynamic_split_threshold = 400 (from flag)
I0000 00:00:1790141436.523427   62239 train_oblique_forest.cc:1398] Using Dynamic Random Histogram with 64 samples
I0000 00:00:1790141436.523436   62239 train_oblique_forest.cc:1428] train_oblique_forest wall-time - Loading/Init (pre-train): 1.73735s
I0000 00:00:1790141436.523581   62239 abstract_learner.cc:171] No input feature explicitly specified. Using all the available input features.
I0000 00:00:1790141436.523588   62239 abstract_learner.cc:185] The label "label" was removed from the input feature set.
I0000 00:00:1790141436.523919   62239 random_forest.cc:534] Training random forest on 400000 example(s) and 2000 feature(s).
I0000 00:00:1790141436.523983   62239 gpu.cc:93] Cannot initialize GPU: Not compiled with GPU support
I0000 00:00:1790141436.524687   62239 random_forest.cc:663] num_threads being used: 48
I0000 00:00:1790141445.940042   62399 random_forest.cc:881] Train tree 1/240  [index:12 total:9.42s tree:9.41s]
I0000 00:00:1790141474.374652   62399 random_forest.cc:881] Train tree 145/240  [index:145 total:37.85s tree:9.46s]
I0000 00:00:1790141484.808734   62239 random_forest.cc:899] random_forest.cc Training block took: 48.2853 s
W0000 00:00:1790141484.808767   62239 random_forest.cc:1220] EXITING EARLY TO SPEED UP EXPERIMENTS!
RESULT dataset=epsilon_normalized_train threshold=400 median=48.2853s stddev=N/As n=1


======== Threshold 500 ========

./bazel-bin/examples/train_oblique_forest --input_mode csv --train_csv "benchmarks/data/epsilon_normalized_train.csv" --label_col "label" --num_trees=240 --dynamic_split_threshold=500 --feature_split_type Oblique --numerical_split_type "Dynamic Random Histogram" --histogram_num_bins 64
----- Run 1/1 -----
WARNING: All log messages before absl::InitializeLog() is called are written to STDERR
I0000 00:00:1790141485.108465   62474 train_oblique_forest.cc:1101] Loading CSV in a single pass: benchmarks/data/epsilon_normalized_train.csv
I0000 00:00:1790141486.834233   62474 train_oblique_forest.cc:1108] Single-pass CSV load complete: 400000 rows, 2001 columns.
I0000 00:00:1790141486.834294   62474 train_oblique_forest.cc:1229] -1 (automatic) threads requested. 48 threads set.
I0000 00:00:1790141486.834303   62474 train_oblique_forest.cc:1304] Configuring oblique splits
I0000 00:00:1790141486.834306   62474 train_oblique_forest.cc:1313] dynamic_split_threshold = 500 (from flag)
I0000 00:00:1790141486.834308   62474 train_oblique_forest.cc:1398] Using Dynamic Random Histogram with 64 samples
I0000 00:00:1790141486.834317   62474 train_oblique_forest.cc:1428] train_oblique_forest wall-time - Loading/Init (pre-train): 1.72587s
I0000 00:00:1790141486.834468   62474 abstract_learner.cc:171] No input feature explicitly specified. Using all the available input features.
I0000 00:00:1790141486.834475   62474 abstract_learner.cc:185] The label "label" was removed from the input feature set.
I0000 00:00:1790141486.834812   62474 random_forest.cc:534] Training random forest on 400000 example(s) and 2000 feature(s).
I0000 00:00:1790141486.834875   62474 gpu.cc:93] Cannot initialize GPU: Not compiled with GPU support
I0000 00:00:1790141486.835577   62474 random_forest.cc:663] num_threads being used: 48
I0000 00:00:1790141496.266071   62668 random_forest.cc:881] Train tree 1/240  [index:33 total:9.43s tree:9.43s]
I0000 00:00:1790141524.766614   62668 random_forest.cc:881] Train tree 145/240  [index:144 total:37.93s tree:9.55s]
I0000 00:00:1790141535.231137   62474 random_forest.cc:899] random_forest.cc Training block took: 48.3968 s
W0000 00:00:1790141535.231174   62474 random_forest.cc:1220] EXITING EARLY TO SPEED UP EXPERIMENTS!
RESULT dataset=epsilon_normalized_train threshold=500 median=48.3968s stddev=N/As n=1


======== Threshold 600 ========

./bazel-bin/examples/train_oblique_forest --input_mode csv --train_csv "benchmarks/data/epsilon_normalized_train.csv" --label_col "label" --num_trees=240 --dynamic_split_threshold=600 --feature_split_type Oblique --numerical_split_type "Dynamic Random Histogram" --histogram_num_bins 64
----- Run 1/1 -----
WARNING: All log messages before absl::InitializeLog() is called are written to STDERR
I0000 00:00:1790141535.522959   62704 train_oblique_forest.cc:1101] Loading CSV in a single pass: benchmarks/data/epsilon_normalized_train.csv
I0000 00:00:1790141537.254134   62704 train_oblique_forest.cc:1108] Single-pass CSV load complete: 400000 rows, 2001 columns.
I0000 00:00:1790141537.254197   62704 train_oblique_forest.cc:1229] -1 (automatic) threads requested. 48 threads set.
I0000 00:00:1790141537.254207   62704 train_oblique_forest.cc:1304] Configuring oblique splits
I0000 00:00:1790141537.254210   62704 train_oblique_forest.cc:1313] dynamic_split_threshold = 600 (from flag)
I0000 00:00:1790141537.254212   62704 train_oblique_forest.cc:1398] Using Dynamic Random Histogram with 64 samples
I0000 00:00:1790141537.254221   62704 train_oblique_forest.cc:1428] train_oblique_forest wall-time - Loading/Init (pre-train): 1.73128s
I0000 00:00:1790141537.254369   62704 abstract_learner.cc:171] No input feature explicitly specified. Using all the available input features.
I0000 00:00:1790141537.254375   62704 abstract_learner.cc:185] The label "label" was removed from the input feature set.
I0000 00:00:1790141537.254703   62704 random_forest.cc:534] Training random forest on 400000 example(s) and 2000 feature(s).
I0000 00:00:1790141537.254767   62704 gpu.cc:93] Cannot initialize GPU: Not compiled with GPU support
I0000 00:00:1790141537.255470   62704 random_forest.cc:663] num_threads being used: 48
I0000 00:00:1790141546.730240   62906 random_forest.cc:881] Train tree 1/240  [index:13 total:9.47s tree:9.47s]
I0000 00:00:1790141575.259555   62878 random_forest.cc:881] Train tree 145/240  [index:145 total:38.00s tree:9.44s]
I0000 00:00:1790141585.891024   62704 random_forest.cc:899] random_forest.cc Training block took: 48.6368 s
W0000 00:00:1790141585.891061   62704 random_forest.cc:1220] EXITING EARLY TO SPEED UP EXPERIMENTS!
RESULT dataset=epsilon_normalized_train threshold=600 median=48.6368s stddev=N/As n=1


======== Threshold 700 ========

./bazel-bin/examples/train_oblique_forest --input_mode csv --train_csv "benchmarks/data/epsilon_normalized_train.csv" --label_col "label" --num_trees=240 --dynamic_split_threshold=700 --feature_split_type Oblique --numerical_split_type "Dynamic Random Histogram" --histogram_num_bins 64
----- Run 1/1 -----
WARNING: All log messages before absl::InitializeLog() is called are written to STDERR
I0000 00:00:1790141586.182862   62935 train_oblique_forest.cc:1101] Loading CSV in a single pass: benchmarks/data/epsilon_normalized_train.csv
I0000 00:00:1790141587.895069   62935 train_oblique_forest.cc:1108] Single-pass CSV load complete: 400000 rows, 2001 columns.
I0000 00:00:1790141587.895132   62935 train_oblique_forest.cc:1229] -1 (automatic) threads requested. 48 threads set.
I0000 00:00:1790141587.895143   62935 train_oblique_forest.cc:1304] Configuring oblique splits
I0000 00:00:1790141587.895146   62935 train_oblique_forest.cc:1313] dynamic_split_threshold = 700 (from flag)
I0000 00:00:1790141587.895148   62935 train_oblique_forest.cc:1398] Using Dynamic Random Histogram with 64 samples
I0000 00:00:1790141587.895157   62935 train_oblique_forest.cc:1428] train_oblique_forest wall-time - Loading/Init (pre-train): 1.71232s
I0000 00:00:1790141587.895302   62935 abstract_learner.cc:171] No input feature explicitly specified. Using all the available input features.
I0000 00:00:1790141587.895308   62935 abstract_learner.cc:185] The label "label" was removed from the input feature set.
I0000 00:00:1790141587.895641   62935 random_forest.cc:534] Training random forest on 400000 example(s) and 2000 feature(s).
I0000 00:00:1790141587.895704   62935 gpu.cc:93] Cannot initialize GPU: Not compiled with GPU support
I0000 00:00:1790141587.896409   62935 random_forest.cc:663] num_threads being used: 48
I0000 00:00:1790141597.374652   63111 random_forest.cc:881] Train tree 1/240  [index:27 total:9.48s tree:9.47s]
I0000 00:00:1790141625.920283   63111 random_forest.cc:881] Train tree 145/240  [index:144 total:38.02s tree:9.52s]
I0000 00:00:1790141636.474627   62935 random_forest.cc:899] random_forest.cc Training block took: 48.5794 s
W0000 00:00:1790141636.474662   62935 random_forest.cc:1220] EXITING EARLY TO SPEED UP EXPERIMENTS!
RESULT dataset=epsilon_normalized_train threshold=700 median=48.5794s stddev=N/As n=1


======== Threshold 800 ========

./bazel-bin/examples/train_oblique_forest --input_mode csv --train_csv "benchmarks/data/epsilon_normalized_train.csv" --label_col "label" --num_trees=240 --dynamic_split_threshold=800 --feature_split_type Oblique --numerical_split_type "Dynamic Random Histogram" --histogram_num_bins 64
----- Run 1/1 -----
WARNING: All log messages before absl::InitializeLog() is called are written to STDERR
I0000 00:00:1790141636.766997   63165 train_oblique_forest.cc:1101] Loading CSV in a single pass: benchmarks/data/epsilon_normalized_train.csv
I0000 00:00:1790141638.499320   63165 train_oblique_forest.cc:1108] Single-pass CSV load complete: 400000 rows, 2001 columns.
I0000 00:00:1790141638.499392   63165 train_oblique_forest.cc:1229] -1 (automatic) threads requested. 48 threads set.
I0000 00:00:1790141638.499401   63165 train_oblique_forest.cc:1304] Configuring oblique splits
I0000 00:00:1790141638.499404   63165 train_oblique_forest.cc:1313] dynamic_split_threshold = 800 (from flag)
I0000 00:00:1790141638.499406   63165 train_oblique_forest.cc:1398] Using Dynamic Random Histogram with 64 samples
I0000 00:00:1790141638.499414   63165 train_oblique_forest.cc:1428] train_oblique_forest wall-time - Loading/Init (pre-train): 1.73244s
I0000 00:00:1790141638.499563   63165 abstract_learner.cc:171] No input feature explicitly specified. Using all the available input features.
I0000 00:00:1790141638.499569   63165 abstract_learner.cc:185] The label "label" was removed from the input feature set.
I0000 00:00:1790141638.499924   63165 random_forest.cc:534] Training random forest on 400000 example(s) and 2000 feature(s).
I0000 00:00:1790141638.499988   63165 gpu.cc:93] Cannot initialize GPU: Not compiled with GPU support
I0000 00:00:1790141638.500694   63165 random_forest.cc:663] num_threads being used: 48
I0000 00:00:1790141648.011034   63321 random_forest.cc:881] Train tree 1/240  [index:2 total:9.51s tree:9.51s]
I0000 00:00:1790141668.100610   63348 random_forest.cc:881] Train tree 144/240  [index:143 total:29.60s tree:9.72s]
I0000 00:00:1790141687.386199   63165 random_forest.cc:899] random_forest.cc Training block took: 48.8868 s
W0000 00:00:1790141687.386234   63165 random_forest.cc:1220] EXITING EARLY TO SPEED UP EXPERIMENTS!
RESULT dataset=epsilon_normalized_train threshold=800 median=48.8868s stddev=N/As n=1


======== Threshold 900 ========

./bazel-bin/examples/train_oblique_forest --input_mode csv --train_csv "benchmarks/data/epsilon_normalized_train.csv" --label_col "label" --num_trees=240 --dynamic_split_threshold=900 --feature_split_type Oblique --numerical_split_type "Dynamic Random Histogram" --histogram_num_bins 64
----- Run 1/1 -----
WARNING: All log messages before absl::InitializeLog() is called are written to STDERR
I0000 00:00:1790141687.677753   63395 train_oblique_forest.cc:1101] Loading CSV in a single pass: benchmarks/data/epsilon_normalized_train.csv
I0000 00:00:1790141689.447504   63395 train_oblique_forest.cc:1108] Single-pass CSV load complete: 400000 rows, 2001 columns.
I0000 00:00:1790141689.447569   63395 train_oblique_forest.cc:1229] -1 (automatic) threads requested. 48 threads set.
I0000 00:00:1790141689.447578   63395 train_oblique_forest.cc:1304] Configuring oblique splits
I0000 00:00:1790141689.447581   63395 train_oblique_forest.cc:1313] dynamic_split_threshold = 900 (from flag)
I0000 00:00:1790141689.447583   63395 train_oblique_forest.cc:1398] Using Dynamic Random Histogram with 64 samples
I0000 00:00:1790141689.447591   63395 train_oblique_forest.cc:1428] train_oblique_forest wall-time - Loading/Init (pre-train): 1.76986s
I0000 00:00:1790141689.447738   63395 abstract_learner.cc:171] No input feature explicitly specified. Using all the available input features.
I0000 00:00:1790141689.447744   63395 abstract_learner.cc:185] The label "label" was removed from the input feature set.
I0000 00:00:1790141689.448075   63395 random_forest.cc:534] Training random forest on 400000 example(s) and 2000 feature(s).
I0000 00:00:1790141689.448141   63395 gpu.cc:93] Cannot initialize GPU: Not compiled with GPU support
I0000 00:00:1790141689.448843   63395 random_forest.cc:663] num_threads being used: 48
I0000 00:00:1790141698.960666   63590 random_forest.cc:881] Train tree 1/240  [index:7 total:9.51s tree:9.51s]
I0000 00:00:1790141719.151957   63557 random_forest.cc:881] Train tree 144/240  [index:143 total:29.70s tree:9.91s]
I0000 00:00:1790141738.443541   63395 random_forest.cc:899] random_forest.cc Training block took: 48.9959 s
W0000 00:00:1790141738.443576   63395 random_forest.cc:1220] EXITING EARLY TO SPEED UP EXPERIMENTS!
RESULT dataset=epsilon_normalized_train threshold=900 median=48.9959s stddev=N/As n=1


======== Threshold 1000 ========

./bazel-bin/examples/train_oblique_forest --input_mode csv --train_csv "benchmarks/data/epsilon_normalized_train.csv" --label_col "label" --num_trees=240 --dynamic_split_threshold=1000 --feature_split_type Oblique --numerical_split_type "Dynamic Random Histogram" --histogram_num_bins 64
----- Run 1/1 -----
WARNING: All log messages before absl::InitializeLog() is called are written to STDERR
I0000 00:00:1790141738.734894   63634 train_oblique_forest.cc:1101] Loading CSV in a single pass: benchmarks/data/epsilon_normalized_train.csv
I0000 00:00:1790141740.489306   63634 train_oblique_forest.cc:1108] Single-pass CSV load complete: 400000 rows, 2001 columns.
I0000 00:00:1790141740.489378   63634 train_oblique_forest.cc:1229] -1 (automatic) threads requested. 48 threads set.
I0000 00:00:1790141740.489387   63634 train_oblique_forest.cc:1304] Configuring oblique splits
I0000 00:00:1790141740.489390   63634 train_oblique_forest.cc:1313] dynamic_split_threshold = 1000 (from flag)
I0000 00:00:1790141740.489392   63634 train_oblique_forest.cc:1398] Using Dynamic Random Histogram with 64 samples
I0000 00:00:1790141740.489400   63634 train_oblique_forest.cc:1428] train_oblique_forest wall-time - Loading/Init (pre-train): 1.75453s
I0000 00:00:1790141740.489548   63634 abstract_learner.cc:171] No input feature explicitly specified. Using all the available input features.
I0000 00:00:1790141740.489554   63634 abstract_learner.cc:185] The label "label" was removed from the input feature set.
I0000 00:00:1790141740.489883   63634 random_forest.cc:534] Training random forest on 400000 example(s) and 2000 feature(s).
I0000 00:00:1790141740.489945   63634 gpu.cc:93] Cannot initialize GPU: Not compiled with GPU support
I0000 00:00:1790141740.490646   63634 random_forest.cc:663] num_threads being used: 48
I0000 00:00:1790141750.041762   63792 random_forest.cc:881] Train tree 1/240  [index:15 total:9.55s tree:9.55s]
I0000 00:00:1790141770.069815   63817 random_forest.cc:881] Train tree 143/240  [index:141 total:29.58s tree:9.87s]
I0000 00:00:1790141789.513861   63634 random_forest.cc:899] random_forest.cc Training block took: 49.0244 s
W0000 00:00:1790141789.513895   63634 random_forest.cc:1220] EXITING EARLY TO SPEED UP EXPERIMENTS!
RESULT dataset=epsilon_normalized_train threshold=1000 median=49.0244s stddev=N/As n=1


======== Threshold 1200 ========

./bazel-bin/examples/train_oblique_forest --input_mode csv --train_csv "benchmarks/data/epsilon_normalized_train.csv" --label_col "label" --num_trees=240 --dynamic_split_threshold=1200 --feature_split_type Oblique --numerical_split_type "Dynamic Random Histogram" --histogram_num_bins 64
----- Run 1/1 -----
WARNING: All log messages before absl::InitializeLog() is called are written to STDERR
I0000 00:00:1790141789.806224   63862 train_oblique_forest.cc:1101] Loading CSV in a single pass: benchmarks/data/epsilon_normalized_train.csv
I0000 00:00:1790141791.533701   63862 train_oblique_forest.cc:1108] Single-pass CSV load complete: 400000 rows, 2001 columns.
I0000 00:00:1790141791.533769   63862 train_oblique_forest.cc:1229] -1 (automatic) threads requested. 48 threads set.
I0000 00:00:1790141791.533779   63862 train_oblique_forest.cc:1304] Configuring oblique splits
I0000 00:00:1790141791.533782   63862 train_oblique_forest.cc:1313] dynamic_split_threshold = 1200 (from flag)
I0000 00:00:1790141791.533784   63862 train_oblique_forest.cc:1398] Using Dynamic Random Histogram with 64 samples
I0000 00:00:1790141791.533793   63862 train_oblique_forest.cc:1428] train_oblique_forest wall-time - Loading/Init (pre-train): 1.72759s
I0000 00:00:1790141791.533937   63862 abstract_learner.cc:171] No input feature explicitly specified. Using all the available input features.
I0000 00:00:1790141791.533943   63862 abstract_learner.cc:185] The label "label" was removed from the input feature set.
I0000 00:00:1790141791.534272   63862 random_forest.cc:534] Training random forest on 400000 example(s) and 2000 feature(s).
I0000 00:00:1790141791.534334   63862 gpu.cc:93] Cannot initialize GPU: Not compiled with GPU support
I0000 00:00:1790141791.535038   63862 random_forest.cc:663] num_threads being used: 48
I0000 00:00:1790141801.091953   64032 random_forest.cc:881] Train tree 1/240  [index:20 total:9.56s tree:9.55s]
I0000 00:00:1790141821.099782   64061 random_forest.cc:881] Train tree 143/240  [index:142 total:29.56s tree:9.85s]
I0000 00:00:1790141840.700080   63862 random_forest.cc:899] random_forest.cc Training block took: 49.1663 s
W0000 00:00:1790141840.700116   63862 random_forest.cc:1220] EXITING EARLY TO SPEED UP EXPERIMENTS!
RESULT dataset=epsilon_normalized_train threshold=1200 median=49.1663s stddev=N/As n=1


======== Threshold 1400 ========

./bazel-bin/examples/train_oblique_forest --input_mode csv --train_csv "benchmarks/data/epsilon_normalized_train.csv" --label_col "label" --num_trees=240 --dynamic_split_threshold=1400 --feature_split_type Oblique --numerical_split_type "Dynamic Random Histogram" --histogram_num_bins 64
----- Run 1/1 -----
WARNING: All log messages before absl::InitializeLog() is called are written to STDERR
I0000 00:00:1790141840.992094   64092 train_oblique_forest.cc:1101] Loading CSV in a single pass: benchmarks/data/epsilon_normalized_train.csv
I0000 00:00:1790141842.730253   64092 train_oblique_forest.cc:1108] Single-pass CSV load complete: 400000 rows, 2001 columns.
I0000 00:00:1790141842.730320   64092 train_oblique_forest.cc:1229] -1 (automatic) threads requested. 48 threads set.
I0000 00:00:1790141842.730329   64092 train_oblique_forest.cc:1304] Configuring oblique splits
I0000 00:00:1790141842.730333   64092 train_oblique_forest.cc:1313] dynamic_split_threshold = 1400 (from flag)
I0000 00:00:1790141842.730339   64092 train_oblique_forest.cc:1398] Using Dynamic Random Histogram with 64 samples
I0000 00:00:1790141842.730348   64092 train_oblique_forest.cc:1428] train_oblique_forest wall-time - Loading/Init (pre-train): 1.73828s
I0000 00:00:1790141842.730498   64092 abstract_learner.cc:171] No input feature explicitly specified. Using all the available input features.
I0000 00:00:1790141842.730504   64092 abstract_learner.cc:185] The label "label" was removed from the input feature set.
I0000 00:00:1790141842.730836   64092 random_forest.cc:534] Training random forest on 400000 example(s) and 2000 feature(s).
I0000 00:00:1790141842.730900   64092 gpu.cc:93] Cannot initialize GPU: Not compiled with GPU support
I0000 00:00:1790141842.731610   64092 random_forest.cc:663] num_threads being used: 48
I0000 00:00:1790141852.300329   64263 random_forest.cc:881] Train tree 1/240  [index:13 total:9.57s tree:9.56s]
I0000 00:00:1790141872.435317   64287 random_forest.cc:881] Train tree 143/240  [index:143 total:29.70s tree:9.85s]
I0000 00:00:1790141892.185062   64092 random_forest.cc:899] random_forest.cc Training block took: 49.4547 s
W0000 00:00:1790141892.185100   64092 random_forest.cc:1220] EXITING EARLY TO SPEED UP EXPERIMENTS!
RESULT dataset=epsilon_normalized_train threshold=1400 median=49.4547s stddev=N/As n=1


======== Threshold 1600 ========

./bazel-bin/examples/train_oblique_forest --input_mode csv --train_csv "benchmarks/data/epsilon_normalized_train.csv" --label_col "label" --num_trees=240 --dynamic_split_threshold=1600 --feature_split_type Oblique --numerical_split_type "Dynamic Random Histogram" --histogram_num_bins 64
----- Run 1/1 -----
WARNING: All log messages before absl::InitializeLog() is called are written to STDERR
I0000 00:00:1790141892.476583   64323 train_oblique_forest.cc:1101] Loading CSV in a single pass: benchmarks/data/epsilon_normalized_train.csv
I0000 00:00:1790141894.203527   64323 train_oblique_forest.cc:1108] Single-pass CSV load complete: 400000 rows, 2001 columns.
I0000 00:00:1790141894.203595   64323 train_oblique_forest.cc:1229] -1 (automatic) threads requested. 48 threads set.
I0000 00:00:1790141894.203605   64323 train_oblique_forest.cc:1304] Configuring oblique splits
I0000 00:00:1790141894.203607   64323 train_oblique_forest.cc:1313] dynamic_split_threshold = 1600 (from flag)
I0000 00:00:1790141894.203609   64323 train_oblique_forest.cc:1398] Using Dynamic Random Histogram with 64 samples
I0000 00:00:1790141894.203619   64323 train_oblique_forest.cc:1428] train_oblique_forest wall-time - Loading/Init (pre-train): 1.72706s
I0000 00:00:1790141894.203768   64323 abstract_learner.cc:171] No input feature explicitly specified. Using all the available input features.
I0000 00:00:1790141894.203773   64323 abstract_learner.cc:185] The label "label" was removed from the input feature set.
I0000 00:00:1790141894.204103   64323 random_forest.cc:534] Training random forest on 400000 example(s) and 2000 feature(s).
I0000 00:00:1790141894.204167   64323 gpu.cc:93] Cannot initialize GPU: Not compiled with GPU support
I0000 00:00:1790141894.204868   64323 random_forest.cc:663] num_threads being used: 48
I0000 00:00:1790141903.825869   64483 random_forest.cc:881] Train tree 1/240  [index:7 total:9.62s tree:9.62s]
I0000 00:00:1790141923.887611   64520 random_forest.cc:881] Train tree 139/240  [index:138 total:29.68s tree:9.90s]
I0000 00:00:1790141943.726153   64323 random_forest.cc:899] random_forest.cc Training block took: 49.5225 s
W0000 00:00:1790141943.726187   64323 random_forest.cc:1220] EXITING EARLY TO SPEED UP EXPERIMENTS!
RESULT dataset=epsilon_normalized_train threshold=1600 median=49.5225s stddev=N/As n=1


======== Threshold 1800 ========

./bazel-bin/examples/train_oblique_forest --input_mode csv --train_csv "benchmarks/data/epsilon_normalized_train.csv" --label_col "label" --num_trees=240 --dynamic_split_threshold=1800 --feature_split_type Oblique --numerical_split_type "Dynamic Random Histogram" --histogram_num_bins 64
----- Run 1/1 -----
WARNING: All log messages before absl::InitializeLog() is called are written to STDERR
I0000 00:00:1790141944.017100   64552 train_oblique_forest.cc:1101] Loading CSV in a single pass: benchmarks/data/epsilon_normalized_train.csv
I0000 00:00:1790141945.745903   64552 train_oblique_forest.cc:1108] Single-pass CSV load complete: 400000 rows, 2001 columns.
I0000 00:00:1790141945.745966   64552 train_oblique_forest.cc:1229] -1 (automatic) threads requested. 48 threads set.
I0000 00:00:1790141945.745975   64552 train_oblique_forest.cc:1304] Configuring oblique splits
I0000 00:00:1790141945.745978   64552 train_oblique_forest.cc:1313] dynamic_split_threshold = 1800 (from flag)
I0000 00:00:1790141945.745980   64552 train_oblique_forest.cc:1398] Using Dynamic Random Histogram with 64 samples
I0000 00:00:1790141945.745989   64552 train_oblique_forest.cc:1428] train_oblique_forest wall-time - Loading/Init (pre-train): 1.72892s
I0000 00:00:1790141945.746135   64552 abstract_learner.cc:171] No input feature explicitly specified. Using all the available input features.
I0000 00:00:1790141945.746141   64552 abstract_learner.cc:185] The label "label" was removed from the input feature set.
I0000 00:00:1790141945.746475   64552 random_forest.cc:534] Training random forest on 400000 example(s) and 2000 feature(s).
I0000 00:00:1790141945.746538   64552 gpu.cc:93] Cannot initialize GPU: Not compiled with GPU support
I0000 00:00:1790141945.747230   64552 random_forest.cc:663] num_threads being used: 48
I0000 00:00:1790141955.359339   64720 random_forest.cc:881] Train tree 1/240  [index:21 total:9.61s tree:9.61s]
I0000 00:00:1790141975.385387   64731 random_forest.cc:881] Train tree 136/240  [index:132 total:29.64s tree:9.95s]
I0000 00:00:1790141995.227775   64552 random_forest.cc:899] random_forest.cc Training block took: 49.4818 s
W0000 00:00:1790141995.227811   64552 random_forest.cc:1220] EXITING EARLY TO SPEED UP EXPERIMENTS!
RESULT dataset=epsilon_normalized_train threshold=1800 median=49.4818s stddev=N/As n=1


======== Threshold 2000 ========

./bazel-bin/examples/train_oblique_forest --input_mode csv --train_csv "benchmarks/data/epsilon_normalized_train.csv" --label_col "label" --num_trees=240 --dynamic_split_threshold=2000 --feature_split_type Oblique --numerical_split_type "Dynamic Random Histogram" --histogram_num_bins 64
----- Run 1/1 -----
WARNING: All log messages before absl::InitializeLog() is called are written to STDERR
I0000 00:00:1790141995.518874   64783 train_oblique_forest.cc:1101] Loading CSV in a single pass: benchmarks/data/epsilon_normalized_train.csv
I0000 00:00:1790141997.266443   64783 train_oblique_forest.cc:1108] Single-pass CSV load complete: 400000 rows, 2001 columns.
I0000 00:00:1790141997.266505   64783 train_oblique_forest.cc:1229] -1 (automatic) threads requested. 48 threads set.
I0000 00:00:1790141997.266515   64783 train_oblique_forest.cc:1304] Configuring oblique splits
I0000 00:00:1790141997.266518   64783 train_oblique_forest.cc:1313] dynamic_split_threshold = 2000 (from flag)
I0000 00:00:1790141997.266520   64783 train_oblique_forest.cc:1398] Using Dynamic Random Histogram with 64 samples
I0000 00:00:1790141997.266529   64783 train_oblique_forest.cc:1428] train_oblique_forest wall-time - Loading/Init (pre-train): 1.74768s
I0000 00:00:1790141997.266674   64783 abstract_learner.cc:171] No input feature explicitly specified. Using all the available input features.
I0000 00:00:1790141997.266680   64783 abstract_learner.cc:185] The label "label" was removed from the input feature set.
I0000 00:00:1790141997.267010   64783 random_forest.cc:534] Training random forest on 400000 example(s) and 2000 feature(s).
I0000 00:00:1790141997.267074   64783 gpu.cc:93] Cannot initialize GPU: Not compiled with GPU support
I0000 00:00:1790141997.267768   64783 random_forest.cc:663] num_threads being used: 48
I0000 00:00:1790142006.940834   64955 random_forest.cc:881] Train tree 1/240  [index:26 total:9.67s tree:9.67s]
I0000 00:00:1790142026.944633   64948 random_forest.cc:881] Train tree 139/240  [index:133 total:29.68s tree:9.89s]
I0000 00:00:1790142047.118872   64966 random_forest.cc:881] Train tree 240/240  [index:239 total:49.85s tree:9.80s]
I0000 00:00:1790142047.119232   64783 random_forest.cc:899] random_forest.cc Training block took: 49.8527 s
W0000 00:00:1790142047.119278   64783 random_forest.cc:1220] EXITING EARLY TO SPEED UP EXPERIMENTS!
RESULT dataset=epsilon_normalized_train threshold=2000 median=49.8527s stddev=N/As n=1


======== Threshold 2500 ========

./bazel-bin/examples/train_oblique_forest --input_mode csv --train_csv "benchmarks/data/epsilon_normalized_train.csv" --label_col "label" --num_trees=240 --dynamic_split_threshold=2500 --feature_split_type Oblique --numerical_split_type "Dynamic Random Histogram" --histogram_num_bins 64
----- Run 1/1 -----
WARNING: All log messages before absl::InitializeLog() is called are written to STDERR
I0000 00:00:1790142047.410258   65018 train_oblique_forest.cc:1101] Loading CSV in a single pass: benchmarks/data/epsilon_normalized_train.csv
I0000 00:00:1790142049.158209   65018 train_oblique_forest.cc:1108] Single-pass CSV load complete: 400000 rows, 2001 columns.
I0000 00:00:1790142049.158278   65018 train_oblique_forest.cc:1229] -1 (automatic) threads requested. 48 threads set.
I0000 00:00:1790142049.158288   65018 train_oblique_forest.cc:1304] Configuring oblique splits
I0000 00:00:1790142049.158291   65018 train_oblique_forest.cc:1313] dynamic_split_threshold = 2500 (from flag)
I0000 00:00:1790142049.158293   65018 train_oblique_forest.cc:1398] Using Dynamic Random Histogram with 64 samples
I0000 00:00:1790142049.158301   65018 train_oblique_forest.cc:1428] train_oblique_forest wall-time - Loading/Init (pre-train): 1.74807s
I0000 00:00:1790142049.158455   65018 abstract_learner.cc:171] No input feature explicitly specified. Using all the available input features.
I0000 00:00:1790142049.158461   65018 abstract_learner.cc:185] The label "label" was removed from the input feature set.
I0000 00:00:1790142049.158790   65018 random_forest.cc:534] Training random forest on 400000 example(s) and 2000 feature(s).
I0000 00:00:1790142049.158852   65018 gpu.cc:93] Cannot initialize GPU: Not compiled with GPU support
I0000 00:00:1790142049.159553   65018 random_forest.cc:663] num_threads being used: 48
I0000 00:00:1790142058.855799   65201 random_forest.cc:881] Train tree 1/240  [index:41 total:9.70s tree:9.69s]
I0000 00:00:1790142078.865994   65219 random_forest.cc:881] Train tree 133/240  [index:134 total:29.71s tree:9.84s]
I0000 00:00:1790142098.936121   65188 random_forest.cc:881] Train tree 239/240  [index:238 total:49.78s tree:9.72s]
I0000 00:00:1790142099.094978   65018 random_forest.cc:899] random_forest.cc Training block took: 49.9367 s
W0000 00:00:1790142099.095015   65018 random_forest.cc:1220] EXITING EARLY TO SPEED UP EXPERIMENTS!
RESULT dataset=epsilon_normalized_train threshold=2500 median=49.9367s stddev=N/As n=1


======== Threshold 3000 ========

./bazel-bin/examples/train_oblique_forest --input_mode csv --train_csv "benchmarks/data/epsilon_normalized_train.csv" --label_col "label" --num_trees=240 --dynamic_split_threshold=3000 --feature_split_type Oblique --numerical_split_type "Dynamic Random Histogram" --histogram_num_bins 64
----- Run 1/1 -----
WARNING: All log messages before absl::InitializeLog() is called are written to STDERR
I0000 00:00:1790142099.386076   65247 train_oblique_forest.cc:1101] Loading CSV in a single pass: benchmarks/data/epsilon_normalized_train.csv
I0000 00:00:1790142101.146305   65247 train_oblique_forest.cc:1108] Single-pass CSV load complete: 400000 rows, 2001 columns.
I0000 00:00:1790142101.146381   65247 train_oblique_forest.cc:1229] -1 (automatic) threads requested. 48 threads set.
I0000 00:00:1790142101.146391   65247 train_oblique_forest.cc:1304] Configuring oblique splits
I0000 00:00:1790142101.146395   65247 train_oblique_forest.cc:1313] dynamic_split_threshold = 3000 (from flag)
I0000 00:00:1790142101.146397   65247 train_oblique_forest.cc:1398] Using Dynamic Random Histogram with 64 samples
I0000 00:00:1790142101.146405   65247 train_oblique_forest.cc:1428] train_oblique_forest wall-time - Loading/Init (pre-train): 1.76035s
I0000 00:00:1790142101.146551   65247 abstract_learner.cc:171] No input feature explicitly specified. Using all the available input features.
I0000 00:00:1790142101.146556   65247 abstract_learner.cc:185] The label "label" was removed from the input feature set.
I0000 00:00:1790142101.146886   65247 random_forest.cc:534] Training random forest on 400000 example(s) and 2000 feature(s).
I0000 00:00:1790142101.146953   65247 gpu.cc:93] Cannot initialize GPU: Not compiled with GPU support
I0000 00:00:1790142101.147640   65247 random_forest.cc:663] num_threads being used: 48
I0000 00:00:1790142110.904991   65418 random_forest.cc:881] Train tree 1/240  [index:22 total:9.76s tree:9.76s]
I0000 00:00:1790142130.908849   65404 random_forest.cc:881] Train tree 125/240  [index:119 total:29.76s tree:9.96s]
I0000 00:00:1790142150.909378   65447 random_forest.cc:881] Train tree 232/240  [index:228 total:49.76s tree:9.89s]
I0000 00:00:1790142151.143396   65247 random_forest.cc:899] random_forest.cc Training block took: 49.997 s
W0000 00:00:1790142151.143432   65247 random_forest.cc:1220] EXITING EARLY TO SPEED UP EXPERIMENTS!
RESULT dataset=epsilon_normalized_train threshold=3000 median=49.997s stddev=N/As n=1


======== Threshold 3500 ========

./bazel-bin/examples/train_oblique_forest --input_mode csv --train_csv "benchmarks/data/epsilon_normalized_train.csv" --label_col "label" --num_trees=240 --dynamic_split_threshold=3500 --feature_split_type Oblique --numerical_split_type "Dynamic Random Histogram" --histogram_num_bins 64
----- Run 1/1 -----
WARNING: All log messages before absl::InitializeLog() is called are written to STDERR
I0000 00:00:1790142151.436426   65485 train_oblique_forest.cc:1101] Loading CSV in a single pass: benchmarks/data/epsilon_normalized_train.csv
I0000 00:00:1790142153.202264   65485 train_oblique_forest.cc:1108] Single-pass CSV load complete: 400000 rows, 2001 columns.
I0000 00:00:1790142153.202330   65485 train_oblique_forest.cc:1229] -1 (automatic) threads requested. 48 threads set.
I0000 00:00:1790142153.202343   65485 train_oblique_forest.cc:1304] Configuring oblique splits
I0000 00:00:1790142153.202346   65485 train_oblique_forest.cc:1313] dynamic_split_threshold = 3500 (from flag)
I0000 00:00:1790142153.202347   65485 train_oblique_forest.cc:1398] Using Dynamic Random Histogram with 64 samples
I0000 00:00:1790142153.202356   65485 train_oblique_forest.cc:1428] train_oblique_forest wall-time - Loading/Init (pre-train): 1.76595s
I0000 00:00:1790142153.202501   65485 abstract_learner.cc:171] No input feature explicitly specified. Using all the available input features.
I0000 00:00:1790142153.202507   65485 abstract_learner.cc:185] The label "label" was removed from the input feature set.
I0000 00:00:1790142153.202837   65485 random_forest.cc:534] Training random forest on 400000 example(s) and 2000 feature(s).
I0000 00:00:1790142153.202900   65485 gpu.cc:93] Cannot initialize GPU: Not compiled with GPU support
I0000 00:00:1790142153.203603   65485 random_forest.cc:663] num_threads being used: 48
I0000 00:00:1790142163.032587   65651 random_forest.cc:881] Train tree 1/240  [index:16 total:9.83s tree:9.83s]
I0000 00:00:1790142183.043385   65650 random_forest.cc:881] Train tree 125/240  [index:135 total:29.84s tree:9.87s]
I0000 00:00:1790142203.058792   65647 random_forest.cc:881] Train tree 229/240  [index:226 total:49.86s tree:9.95s]
I0000 00:00:1790142203.544901   65485 random_forest.cc:899] random_forest.cc Training block took: 50.3425 s
W0000 00:00:1790142203.544936   65485 random_forest.cc:1220] EXITING EARLY TO SPEED UP EXPERIMENTS!
RESULT dataset=epsilon_normalized_train threshold=3500 median=50.3425s stddev=N/As n=1


======== Threshold 4000 ========

./bazel-bin/examples/train_oblique_forest --input_mode csv --train_csv "benchmarks/data/epsilon_normalized_train.csv" --label_col "label" --num_trees=240 --dynamic_split_threshold=4000 --feature_split_type Oblique --numerical_split_type "Dynamic Random Histogram" --histogram_num_bins 64
----- Run 1/1 -----
WARNING: All log messages before absl::InitializeLog() is called are written to STDERR
I0000 00:00:1790142203.836423   65715 train_oblique_forest.cc:1101] Loading CSV in a single pass: benchmarks/data/epsilon_normalized_train.csv
I0000 00:00:1790142205.563495   65715 train_oblique_forest.cc:1108] Single-pass CSV load complete: 400000 rows, 2001 columns.
I0000 00:00:1790142205.563561   65715 train_oblique_forest.cc:1229] -1 (automatic) threads requested. 48 threads set.
I0000 00:00:1790142205.563571   65715 train_oblique_forest.cc:1304] Configuring oblique splits
I0000 00:00:1790142205.563574   65715 train_oblique_forest.cc:1313] dynamic_split_threshold = 4000 (from flag)
I0000 00:00:1790142205.563576   65715 train_oblique_forest.cc:1398] Using Dynamic Random Histogram with 64 samples
I0000 00:00:1790142205.563584   65715 train_oblique_forest.cc:1428] train_oblique_forest wall-time - Loading/Init (pre-train): 1.72718s
I0000 00:00:1790142205.563730   65715 abstract_learner.cc:171] No input feature explicitly specified. Using all the available input features.
I0000 00:00:1790142205.563735   65715 abstract_learner.cc:185] The label "label" was removed from the input feature set.
I0000 00:00:1790142205.564068   65715 random_forest.cc:534] Training random forest on 400000 example(s) and 2000 feature(s).
I0000 00:00:1790142205.564132   65715 gpu.cc:93] Cannot initialize GPU: Not compiled with GPU support
I0000 00:00:1790142205.564830   65715 random_forest.cc:663] num_threads being used: 48
I0000 00:00:1790142215.337121   65894 random_forest.cc:881] Train tree 1/240  [index:40 total:9.77s tree:9.77s]
I0000 00:00:1790142235.339400   65885 random_forest.cc:881] Train tree 108/240  [index:108 total:29.77s tree:9.92s]
I0000 00:00:1790142255.367063   65882 random_forest.cc:881] Train tree 216/240  [index:220 total:49.80s tree:9.88s]
I0000 00:00:1790142256.246408   65715 random_forest.cc:899] random_forest.cc Training block took: 50.6828 s
W0000 00:00:1790142256.246441   65715 random_forest.cc:1220] EXITING EARLY TO SPEED UP EXPERIMENTS!
RESULT dataset=epsilon_normalized_train threshold=4000 median=50.6828s stddev=N/As n=1


======== Threshold 4500 ========

./bazel-bin/examples/train_oblique_forest --input_mode csv --train_csv "benchmarks/data/epsilon_normalized_train.csv" --label_col "label" --num_trees=240 --dynamic_split_threshold=4500 --feature_split_type Oblique --numerical_split_type "Dynamic Random Histogram" --histogram_num_bins 64
----- Run 1/1 -----
WARNING: All log messages before absl::InitializeLog() is called are written to STDERR
I0000 00:00:1790142256.539331   65945 train_oblique_forest.cc:1101] Loading CSV in a single pass: benchmarks/data/epsilon_normalized_train.csv
I0000 00:00:1790142258.264694   65945 train_oblique_forest.cc:1108] Single-pass CSV load complete: 400000 rows, 2001 columns.
I0000 00:00:1790142258.264758   65945 train_oblique_forest.cc:1229] -1 (automatic) threads requested. 48 threads set.
I0000 00:00:1790142258.264767   65945 train_oblique_forest.cc:1304] Configuring oblique splits
I0000 00:00:1790142258.264771   65945 train_oblique_forest.cc:1313] dynamic_split_threshold = 4500 (from flag)
I0000 00:00:1790142258.264773   65945 train_oblique_forest.cc:1398] Using Dynamic Random Histogram with 64 samples
I0000 00:00:1790142258.264783   65945 train_oblique_forest.cc:1428] train_oblique_forest wall-time - Loading/Init (pre-train): 1.72548s
I0000 00:00:1790142258.264928   65945 abstract_learner.cc:171] No input feature explicitly specified. Using all the available input features.
I0000 00:00:1790142258.264934   65945 abstract_learner.cc:185] The label "label" was removed from the input feature set.
I0000 00:00:1790142258.265268   65945 random_forest.cc:534] Training random forest on 400000 example(s) and 2000 feature(s).
I0000 00:00:1790142258.265333   65945 gpu.cc:93] Cannot initialize GPU: Not compiled with GPU support
I0000 00:00:1790142258.266040   65945 random_forest.cc:663] num_threads being used: 48
I0000 00:00:1790142268.091167   66108 random_forest.cc:881] Train tree 1/240  [index:13 total:9.83s tree:9.82s]
I0000 00:00:1790142288.092831   66144 random_forest.cc:881] Train tree 105/240  [index:109 total:29.83s tree:9.92s]
I0000 00:00:1790142308.098998   66116 random_forest.cc:881] Train tree 206/240  [index:205 total:49.83s tree:9.99s]
I0000 00:00:1790142308.646488   65945 random_forest.cc:899] random_forest.cc Training block took: 50.3817 s
W0000 00:00:1790142308.646524   65945 random_forest.cc:1220] EXITING EARLY TO SPEED UP EXPERIMENTS!
RESULT dataset=epsilon_normalized_train threshold=4500 median=50.3817s stddev=N/As n=1


======== Threshold 5000 ========

./bazel-bin/examples/train_oblique_forest --input_mode csv --train_csv "benchmarks/data/epsilon_normalized_train.csv" --label_col "label" --num_trees=240 --dynamic_split_threshold=5000 --feature_split_type Oblique --numerical_split_type "Dynamic Random Histogram" --histogram_num_bins 64
----- Run 1/1 -----
WARNING: All log messages before absl::InitializeLog() is called are written to STDERR
I0000 00:00:1790142308.941187   66176 train_oblique_forest.cc:1101] Loading CSV in a single pass: benchmarks/data/epsilon_normalized_train.csv
I0000 00:00:1790142310.686024   66176 train_oblique_forest.cc:1108] Single-pass CSV load complete: 400000 rows, 2001 columns.
I0000 00:00:1790142310.686091   66176 train_oblique_forest.cc:1229] -1 (automatic) threads requested. 48 threads set.
I0000 00:00:1790142310.686100   66176 train_oblique_forest.cc:1304] Configuring oblique splits
I0000 00:00:1790142310.686103   66176 train_oblique_forest.cc:1313] dynamic_split_threshold = 5000 (from flag)
I0000 00:00:1790142310.686105   66176 train_oblique_forest.cc:1398] Using Dynamic Random Histogram with 64 samples
I0000 00:00:1790142310.686114   66176 train_oblique_forest.cc:1428] train_oblique_forest wall-time - Loading/Init (pre-train): 1.74495s
I0000 00:00:1790142310.686262   66176 abstract_learner.cc:171] No input feature explicitly specified. Using all the available input features.
I0000 00:00:1790142310.686268   66176 abstract_learner.cc:185] The label "label" was removed from the input feature set.
I0000 00:00:1790142310.686608   66176 random_forest.cc:534] Training random forest on 400000 example(s) and 2000 feature(s).
I0000 00:00:1790142310.686672   66176 gpu.cc:93] Cannot initialize GPU: Not compiled with GPU support
I0000 00:00:1790142310.687374   66176 random_forest.cc:663] num_threads being used: 48
I0000 00:00:1790142320.550858   66366 random_forest.cc:881] Train tree 1/240  [index:40 total:9.86s tree:9.86s]
I0000 00:00:1790142340.563544   66350 random_forest.cc:881] Train tree 103/240  [index:114 total:29.88s tree:9.89s]
I0000 00:00:1790142360.611181   66361 random_forest.cc:881] Train tree 209/240  [index:204 total:49.92s tree:10.04s]
I0000 00:00:1790142361.374370   66176 random_forest.cc:899] random_forest.cc Training block took: 50.6882 s
W0000 00:00:1790142361.374405   66176 random_forest.cc:1220] EXITING EARLY TO SPEED UP EXPERIMENTS!
RESULT dataset=epsilon_normalized_train threshold=5000 median=50.6882s stddev=N/As n=1


======== Threshold 6000 ========

./bazel-bin/examples/train_oblique_forest --input_mode csv --train_csv "benchmarks/data/epsilon_normalized_train.csv" --label_col "label" --num_trees=240 --dynamic_split_threshold=6000 --feature_split_type Oblique --numerical_split_type "Dynamic Random Histogram" --histogram_num_bins 64
----- Run 1/1 -----
WARNING: All log messages before absl::InitializeLog() is called are written to STDERR
I0000 00:00:1790142361.665322   66406 train_oblique_forest.cc:1101] Loading CSV in a single pass: benchmarks/data/epsilon_normalized_train.csv
I0000 00:00:1790142363.405011   66406 train_oblique_forest.cc:1108] Single-pass CSV load complete: 400000 rows, 2001 columns.
I0000 00:00:1790142363.405076   66406 train_oblique_forest.cc:1229] -1 (automatic) threads requested. 48 threads set.
I0000 00:00:1790142363.405085   66406 train_oblique_forest.cc:1304] Configuring oblique splits
I0000 00:00:1790142363.405088   66406 train_oblique_forest.cc:1313] dynamic_split_threshold = 6000 (from flag)
I0000 00:00:1790142363.405090   66406 train_oblique_forest.cc:1398] Using Dynamic Random Histogram with 64 samples
I0000 00:00:1790142363.405099   66406 train_oblique_forest.cc:1428] train_oblique_forest wall-time - Loading/Init (pre-train): 1.7398s
I0000 00:00:1790142363.405245   66406 abstract_learner.cc:171] No input feature explicitly specified. Using all the available input features.
I0000 00:00:1790142363.405251   66406 abstract_learner.cc:185] The label "label" was removed from the input feature set.
I0000 00:00:1790142363.405588   66406 random_forest.cc:534] Training random forest on 400000 example(s) and 2000 feature(s).
I0000 00:00:1790142363.405652   66406 gpu.cc:93] Cannot initialize GPU: Not compiled with GPU support
I0000 00:00:1790142363.406345   66406 random_forest.cc:663] num_threads being used: 48
I0000 00:00:1790142373.267527   66567 random_forest.cc:881] Train tree 1/240  [index:13 total:9.86s tree:9.86s]
I0000 00:00:1790142393.276931   66592 random_forest.cc:881] Train tree 97/240  [index:97 total:29.87s tree:9.99s]
I0000 00:00:1790142413.310658   66573 random_forest.cc:881] Train tree 196/240  [index:197 total:49.90s tree:9.94s]
I0000 00:00:1790142414.201120   66406 random_forest.cc:899] random_forest.cc Training block took: 50.796 s
W0000 00:00:1790142414.201153   66406 random_forest.cc:1220] EXITING EARLY TO SPEED UP EXPERIMENTS!
RESULT dataset=epsilon_normalized_train threshold=6000 median=50.796s stddev=N/As n=1


======== Threshold 7000 ========

./bazel-bin/examples/train_oblique_forest --input_mode csv --train_csv "benchmarks/data/epsilon_normalized_train.csv" --label_col "label" --num_trees=240 --dynamic_split_threshold=7000 --feature_split_type Oblique --numerical_split_type "Dynamic Random Histogram" --histogram_num_bins 64
----- Run 1/1 -----
WARNING: All log messages before absl::InitializeLog() is called are written to STDERR
I0000 00:00:1790142414.493734   66636 train_oblique_forest.cc:1101] Loading CSV in a single pass: benchmarks/data/epsilon_normalized_train.csv
I0000 00:00:1790142416.211369   66636 train_oblique_forest.cc:1108] Single-pass CSV load complete: 400000 rows, 2001 columns.
I0000 00:00:1790142416.211432   66636 train_oblique_forest.cc:1229] -1 (automatic) threads requested. 48 threads set.
I0000 00:00:1790142416.211441   66636 train_oblique_forest.cc:1304] Configuring oblique splits
I0000 00:00:1790142416.211444   66636 train_oblique_forest.cc:1313] dynamic_split_threshold = 7000 (from flag)
I0000 00:00:1790142416.211445   66636 train_oblique_forest.cc:1398] Using Dynamic Random Histogram with 64 samples
I0000 00:00:1790142416.211454   66636 train_oblique_forest.cc:1428] train_oblique_forest wall-time - Loading/Init (pre-train): 1.71774s
I0000 00:00:1790142416.211600   66636 abstract_learner.cc:171] No input feature explicitly specified. Using all the available input features.
I0000 00:00:1790142416.211606   66636 abstract_learner.cc:185] The label "label" was removed from the input feature set.
I0000 00:00:1790142416.211938   66636 random_forest.cc:534] Training random forest on 400000 example(s) and 2000 feature(s).
I0000 00:00:1790142416.212002   66636 gpu.cc:93] Cannot initialize GPU: Not compiled with GPU support
I0000 00:00:1790142416.212702   66636 random_forest.cc:663] num_threads being used: 48
I0000 00:00:1790142426.162357   66839 random_forest.cc:881] Train tree 1/240  [index:7 total:9.95s tree:9.95s]
I0000 00:00:1790142446.237841   66824 random_forest.cc:881] Train tree 97/240  [index:96 total:30.03s tree:10.11s]
I0000 00:00:1790142466.282462   66823 random_forest.cc:881] Train tree 194/240  [index:194 total:50.07s tree:9.96s]
I0000 00:00:1790142467.222246   66636 random_forest.cc:899] random_forest.cc Training block took: 51.0108 s
W0000 00:00:1790142467.222282   66636 random_forest.cc:1220] EXITING EARLY TO SPEED UP EXPERIMENTS!
RESULT dataset=epsilon_normalized_train threshold=7000 median=51.0108s stddev=N/As n=1


======== Threshold 8000 ========

./bazel-bin/examples/train_oblique_forest --input_mode csv --train_csv "benchmarks/data/epsilon_normalized_train.csv" --label_col "label" --num_trees=240 --dynamic_split_threshold=8000 --feature_split_type Oblique --numerical_split_type "Dynamic Random Histogram" --histogram_num_bins 64
----- Run 1/1 -----
WARNING: All log messages before absl::InitializeLog() is called are written to STDERR
I0000 00:00:1790142467.512934   66866 train_oblique_forest.cc:1101] Loading CSV in a single pass: benchmarks/data/epsilon_normalized_train.csv
I0000 00:00:1790142469.242384   66866 train_oblique_forest.cc:1108] Single-pass CSV load complete: 400000 rows, 2001 columns.
I0000 00:00:1790142469.242456   66866 train_oblique_forest.cc:1229] -1 (automatic) threads requested. 48 threads set.
I0000 00:00:1790142469.242466   66866 train_oblique_forest.cc:1304] Configuring oblique splits
I0000 00:00:1790142469.242468   66866 train_oblique_forest.cc:1313] dynamic_split_threshold = 8000 (from flag)
I0000 00:00:1790142469.242470   66866 train_oblique_forest.cc:1398] Using Dynamic Random Histogram with 64 samples
I0000 00:00:1790142469.242479   66866 train_oblique_forest.cc:1428] train_oblique_forest wall-time - Loading/Init (pre-train): 1.72957s
I0000 00:00:1790142469.242625   66866 abstract_learner.cc:171] No input feature explicitly specified. Using all the available input features.
I0000 00:00:1790142469.242632   66866 abstract_learner.cc:185] The label "label" was removed from the input feature set.
I0000 00:00:1790142469.242965   66866 random_forest.cc:534] Training random forest on 400000 example(s) and 2000 feature(s).
I0000 00:00:1790142469.243030   66866 gpu.cc:93] Cannot initialize GPU: Not compiled with GPU support
I0000 00:00:1790142469.243728   66866 random_forest.cc:663] num_threads being used: 48
I0000 00:00:1790142479.169427   67065 random_forest.cc:881] Train tree 1/240  [index:7 total:9.93s tree:9.92s]
I0000 00:00:1790142499.244674   67065 random_forest.cc:881] Train tree 97/240  [index:97 total:30.00s tree:10.01s]
I0000 00:00:1790142519.364594   67059 random_forest.cc:881] Train tree 193/240  [index:195 total:50.12s tree:9.98s]
I0000 00:00:1790142520.442543   66866 random_forest.cc:899] random_forest.cc Training block took: 51.2 s
W0000 00:00:1790142520.442581   66866 random_forest.cc:1220] EXITING EARLY TO SPEED UP EXPERIMENTS!
RESULT dataset=epsilon_normalized_train threshold=8000 median=51.2s stddev=N/As n=1


======== Threshold 9000 ========

./bazel-bin/examples/train_oblique_forest --input_mode csv --train_csv "benchmarks/data/epsilon_normalized_train.csv" --label_col "label" --num_trees=240 --dynamic_split_threshold=9000 --feature_split_type Oblique --numerical_split_type "Dynamic Random Histogram" --histogram_num_bins 64
----- Run 1/1 -----
WARNING: All log messages before absl::InitializeLog() is called are written to STDERR
I0000 00:00:1790142520.735501   67095 train_oblique_forest.cc:1101] Loading CSV in a single pass: benchmarks/data/epsilon_normalized_train.csv
I0000 00:00:1790142522.472191   67095 train_oblique_forest.cc:1108] Single-pass CSV load complete: 400000 rows, 2001 columns.
I0000 00:00:1790142522.472256   67095 train_oblique_forest.cc:1229] -1 (automatic) threads requested. 48 threads set.
I0000 00:00:1790142522.472265   67095 train_oblique_forest.cc:1304] Configuring oblique splits
I0000 00:00:1790142522.472268   67095 train_oblique_forest.cc:1313] dynamic_split_threshold = 9000 (from flag)
I0000 00:00:1790142522.472270   67095 train_oblique_forest.cc:1398] Using Dynamic Random Histogram with 64 samples
I0000 00:00:1790142522.472279   67095 train_oblique_forest.cc:1428] train_oblique_forest wall-time - Loading/Init (pre-train): 1.7368s
I0000 00:00:1790142522.472429   67095 abstract_learner.cc:171] No input feature explicitly specified. Using all the available input features.
I0000 00:00:1790142522.472435   67095 abstract_learner.cc:185] The label "label" was removed from the input feature set.
I0000 00:00:1790142522.472765   67095 random_forest.cc:534] Training random forest on 400000 example(s) and 2000 feature(s).
I0000 00:00:1790142522.472828   67095 gpu.cc:93] Cannot initialize GPU: Not compiled with GPU support
I0000 00:00:1790142522.473535   67095 random_forest.cc:663] num_threads being used: 48
I0000 00:00:1790142532.432524   67287 random_forest.cc:881] Train tree 1/240  [index:39 total:9.96s tree:9.96s]
I0000 00:00:1790142552.632954   67276 random_forest.cc:881] Train tree 97/240  [index:97 total:30.16s tree:10.07s]
I0000 00:00:1790142572.715698   67288 random_forest.cc:881] Train tree 193/240  [index:193 total:50.24s tree:9.97s]
I0000 00:00:1790142573.791860   67095 random_forest.cc:899] random_forest.cc Training block took: 51.3196 s
W0000 00:00:1790142573.791898   67095 random_forest.cc:1220] EXITING EARLY TO SPEED UP EXPERIMENTS!
RESULT dataset=epsilon_normalized_train threshold=9000 median=51.3196s stddev=N/As n=1


======== Threshold 10000 ========

./bazel-bin/examples/train_oblique_forest --input_mode csv --train_csv "benchmarks/data/epsilon_normalized_train.csv" --label_col "label" --num_trees=240 --dynamic_split_threshold=10000 --feature_split_type Oblique --numerical_split_type "Dynamic Random Histogram" --histogram_num_bins 64
----- Run 1/1 -----
WARNING: All log messages before absl::InitializeLog() is called are written to STDERR
I0000 00:00:1790142574.084372   67361 train_oblique_forest.cc:1101] Loading CSV in a single pass: benchmarks/data/epsilon_normalized_train.csv
I0000 00:00:1790142575.824570   67361 train_oblique_forest.cc:1108] Single-pass CSV load complete: 400000 rows, 2001 columns.
I0000 00:00:1790142575.824636   67361 train_oblique_forest.cc:1229] -1 (automatic) threads requested. 48 threads set.
I0000 00:00:1790142575.824645   67361 train_oblique_forest.cc:1304] Configuring oblique splits
I0000 00:00:1790142575.824649   67361 train_oblique_forest.cc:1313] dynamic_split_threshold = 10000 (from flag)
I0000 00:00:1790142575.824651   67361 train_oblique_forest.cc:1398] Using Dynamic Random Histogram with 64 samples
I0000 00:00:1790142575.824660   67361 train_oblique_forest.cc:1428] train_oblique_forest wall-time - Loading/Init (pre-train): 1.74031s
I0000 00:00:1790142575.824806   67361 abstract_learner.cc:171] No input feature explicitly specified. Using all the available input features.
I0000 00:00:1790142575.824814   67361 abstract_learner.cc:185] The label "label" was removed from the input feature set.
I0000 00:00:1790142575.825143   67361 random_forest.cc:534] Training random forest on 400000 example(s) and 2000 feature(s).
I0000 00:00:1790142575.825210   67361 gpu.cc:93] Cannot initialize GPU: Not compiled with GPU support
I0000 00:00:1790142575.825914   67361 random_forest.cc:663] num_threads being used: 48
I0000 00:00:1790142585.797247   67521 random_forest.cc:881] Train tree 1/240  [index:21 total:9.97s tree:9.97s]
I0000 00:00:1790142605.956239   67559 random_forest.cc:881] Train tree 97/240  [index:97 total:30.13s tree:10.02s]
I0000 00:00:1790142626.193185   67523 random_forest.cc:881] Train tree 193/240  [index:194 total:50.37s tree:10.01s]
I0000 00:00:1790142627.289879   67361 random_forest.cc:899] random_forest.cc Training block took: 51.4652 s
W0000 00:00:1790142627.289910   67361 random_forest.cc:1220] EXITING EARLY TO SPEED UP EXPERIMENTS!
RESULT dataset=epsilon_normalized_train threshold=10000 median=51.4652s stddev=N/As n=1
