==== PROVENANCE ====
date_utc: 2026-09-23T23:15:16Z
git_sha: cc1277fe
git_branch: rebased-main
machine: Intel(R) Xeon(R) Platinum 8488C (nproc=48)
machine_serial: ec2345d6-e74b-012e-4435-8c757e5c589e
compiler: Intel(R) oneAPI DPC++/C++ Compiler 2025.2.1 (2025.2.0.20250806)
EXTRA_BAZEL_CONFIGS: <none>
EXTRA_TRAIN_ARGS: --feature_split_type Oblique --numerical_split_type Exact
NUM_TREES_DIVISOR: 1
NUM_TREES: 240  NUM_RUNS: 1
DYNAMIC_SPLIT_THRESHOLDS: 0
CSV_DATASETS: benchmarks/data/SUSY_with_header.csv|class  TRUNK_DATASETS: <none>
====================


======== DYNAMIC THRESHOLD SWEEP  configs: <none>  args: --feature_split_type Oblique --numerical_split_type Exact ========



======== Threshold 0 ========

./bazel-bin/examples/train_oblique_forest --input_mode csv --train_csv "benchmarks/data/SUSY_with_header.csv" --label_col "class" --num_trees=240 --dynamic_split_threshold=0 --feature_split_type Oblique --numerical_split_type Exact
----- Run 1/1 -----
WARNING: All log messages before absl::InitializeLog() is called are written to STDERR
I0000 00:00:1790205317.082411    4106 train_oblique_forest.cc:1101] Loading CSV in a single pass: benchmarks/data/SUSY_with_header.csv
I0000 00:00:1790205334.921596    4106 train_oblique_forest.cc:1108] Single-pass CSV load complete: 5000000 rows, 19 columns.
I0000 00:00:1790205334.921659    4106 train_oblique_forest.cc:1229] -1 (automatic) threads requested. 48 threads set.
I0000 00:00:1790205334.921668    4106 train_oblique_forest.cc:1304] Configuring oblique splits
I0000 00:00:1790205334.921670    4106 train_oblique_forest.cc:1313] dynamic_split_threshold = 0 (from flag)
I0000 00:00:1790205334.921671    4106 train_oblique_forest.cc:1381] Using exact splitting
I0000 00:00:1790205334.921679    4106 train_oblique_forest.cc:1428] train_oblique_forest wall-time - Loading/Init (pre-train): 17.8393s
I0000 00:00:1790205334.921734    4106 abstract_learner.cc:171] No input feature explicitly specified. Using all the available input features.
I0000 00:00:1790205334.921735    4106 abstract_learner.cc:185] The label "class" was removed from the input feature set.
I0000 00:00:1790205334.921745    4106 random_forest.cc:534] Training random forest on 5000000 example(s) and 18 feature(s).
I0000 00:00:1790205334.921755    4106 gpu.cc:93] Cannot initialize GPU: Not compiled with GPU support
I0000 00:00:1790205334.922305    4106 random_forest.cc:663] num_threads being used: 48
I0000 00:00:1790205360.021926    4307 random_forest.cc:881] Train tree 1/240  [index:43 total:25.10s tree:25.09s]
I0000 00:00:1790205385.375981    4302 random_forest.cc:881] Train tree 49/240  [index:52 total:50.45s tree:25.19s]
I0000 00:00:1790205410.062833    4287 random_forest.cc:881] Train tree 97/240  [index:97 total:1m15.14s tree:24.66s]
I0000 00:00:1790205435.707666    4287 random_forest.cc:881] Train tree 145/240  [index:144 total:1m40.79s tree:25.64s]
I0000 00:00:1790205461.079443    4287 random_forest.cc:881] Train tree 193/240  [index:192 total:2m6.16s tree:25.37s]
I0000 00:00:1790205464.235947    4106 random_forest.cc:899] random_forest.cc Training block took: 129.314 s
W0000 00:00:1790205464.235982    4106 random_forest.cc:1220] EXITING EARLY TO SPEED UP EXPERIMENTS!
RESULT dataset=SUSY_with_header threshold=0 median=129.314s stddev=N/As n=1
