==== PROVENANCE ====
date_utc: 2026-09-23T04:40:46Z
git_sha: 7c2cef51
git_branch: rebased-main
machine: Intel(R) Xeon(R) Platinum 8488C (nproc=48)
machine_serial: ec2345d6-e74b-012e-4435-8c757e5c589e
compiler: Intel(R) oneAPI DPC++/C++ Compiler 2025.2.1 (2025.2.0.20250806)
EXTRA_BAZEL_CONFIGS: <none>
EXTRA_TRAIN_ARGS: --feature_split_type Oblique --numerical_split_type "Dynamic Random Histogram" --histogram_num_bins 256
NUM_TREES_DIVISOR: 1
NUM_TREES: 240  NUM_RUNS: 1
DYNAMIC_SPLIT_THRESHOLDS: 100 200 300 400 500 600 700 800 900 1000 1200 1400 1600 1800 2000 2500 3000 3500 4000 4500 5000 6000 7000 8000 9000 10000
CSV_DATASETS: benchmarks/data/SUSY_with_header.csv|class  TRUNK_DATASETS: <none>
====================


======== DYNAMIC THRESHOLD SWEEP  configs: <none>  args: --feature_split_type Oblique --numerical_split_type "Dynamic Random Histogram" --histogram_num_bins 256 ========



======== Threshold 100 ========

./bazel-bin/examples/train_oblique_forest --input_mode csv --train_csv "benchmarks/data/SUSY_with_header.csv" --label_col "class" --num_trees=240 --dynamic_split_threshold=100 --feature_split_type Oblique --numerical_split_type "Dynamic Random Histogram" --histogram_num_bins 256
----- Run 1/1 -----
WARNING: All log messages before absl::InitializeLog() is called are written to STDERR
I0000 00:00:1790138446.707685   55095 train_oblique_forest.cc:1101] Loading CSV in a single pass: benchmarks/data/SUSY_with_header.csv
I0000 00:00:1790138447.059581   55095 train_oblique_forest.cc:1108] Single-pass CSV load complete: 5000000 rows, 19 columns.
I0000 00:00:1790138447.059641   55095 train_oblique_forest.cc:1229] -1 (automatic) threads requested. 48 threads set.
I0000 00:00:1790138447.059651   55095 train_oblique_forest.cc:1304] Configuring oblique splits
I0000 00:00:1790138447.059653   55095 train_oblique_forest.cc:1313] dynamic_split_threshold = 100 (from flag)
I0000 00:00:1790138447.059655   55095 train_oblique_forest.cc:1398] Using Dynamic Random Histogram with 256 samples
I0000 00:00:1790138447.059664   55095 train_oblique_forest.cc:1428] train_oblique_forest wall-time - Loading/Init (pre-train): 0.352002s
I0000 00:00:1790138447.059722   55095 abstract_learner.cc:171] No input feature explicitly specified. Using all the available input features.
I0000 00:00:1790138447.059724   55095 abstract_learner.cc:185] The label "class" was removed from the input feature set.
I0000 00:00:1790138447.059733   55095 random_forest.cc:534] Training random forest on 5000000 example(s) and 18 feature(s).
I0000 00:00:1790138447.059741   55095 gpu.cc:93] Cannot initialize GPU: Not compiled with GPU support
I0000 00:00:1790138447.060293   55095 random_forest.cc:663] num_threads being used: 48
I0000 00:00:1790138467.969093   55225 random_forest.cc:881] Train tree 1/240  [index:19 total:20.91s tree:20.90s]
I0000 00:00:1790138488.871547   55235 random_forest.cc:881] Train tree 49/240  [index:62 total:41.81s tree:20.64s]
I0000 00:00:1790138509.946631   55219 random_forest.cc:881] Train tree 97/240  [index:97 total:1m2.89s tree:21.02s]
I0000 00:00:1790138531.073204   55250 random_forest.cc:881] Train tree 145/240  [index:150 total:1m24.01s tree:20.84s]
I0000 00:00:1790138552.207131   55234 random_forest.cc:881] Train tree 193/240  [index:194 total:1m45.15s tree:21.02s]
I0000 00:00:1790138554.182655   55095 random_forest.cc:899] random_forest.cc Training block took: 107.123 s
W0000 00:00:1790138554.182692   55095 random_forest.cc:1220] EXITING EARLY TO SPEED UP EXPERIMENTS!
RESULT dataset=SUSY_with_header threshold=100 median=107.123s stddev=N/As n=1


======== Threshold 200 ========

./bazel-bin/examples/train_oblique_forest --input_mode csv --train_csv "benchmarks/data/SUSY_with_header.csv" --label_col "class" --num_trees=240 --dynamic_split_threshold=200 --feature_split_type Oblique --numerical_split_type "Dynamic Random Histogram" --histogram_num_bins 256
----- Run 1/1 -----
WARNING: All log messages before absl::InitializeLog() is called are written to STDERR
I0000 00:00:1790138557.050947   55289 train_oblique_forest.cc:1101] Loading CSV in a single pass: benchmarks/data/SUSY_with_header.csv
I0000 00:00:1790138557.390757   55289 train_oblique_forest.cc:1108] Single-pass CSV load complete: 5000000 rows, 19 columns.
I0000 00:00:1790138557.390818   55289 train_oblique_forest.cc:1229] -1 (automatic) threads requested. 48 threads set.
I0000 00:00:1790138557.390827   55289 train_oblique_forest.cc:1304] Configuring oblique splits
I0000 00:00:1790138557.390829   55289 train_oblique_forest.cc:1313] dynamic_split_threshold = 200 (from flag)
I0000 00:00:1790138557.390831   55289 train_oblique_forest.cc:1398] Using Dynamic Random Histogram with 256 samples
I0000 00:00:1790138557.390840   55289 train_oblique_forest.cc:1428] train_oblique_forest wall-time - Loading/Init (pre-train): 0.339917s
I0000 00:00:1790138557.390897   55289 abstract_learner.cc:171] No input feature explicitly specified. Using all the available input features.
I0000 00:00:1790138557.390901   55289 abstract_learner.cc:185] The label "class" was removed from the input feature set.
I0000 00:00:1790138557.390910   55289 random_forest.cc:534] Training random forest on 5000000 example(s) and 18 feature(s).
I0000 00:00:1790138557.390917   55289 gpu.cc:93] Cannot initialize GPU: Not compiled with GPU support
I0000 00:00:1790138557.391477   55289 random_forest.cc:663] num_threads being used: 48
I0000 00:00:1790138577.147142   55453 random_forest.cc:881] Train tree 1/240  [index:3 total:19.76s tree:19.75s]
I0000 00:00:1790138597.199800   55436 random_forest.cc:881] Train tree 51/240  [index:53 total:39.81s tree:19.83s]
I0000 00:00:1790138617.272844   55436 random_forest.cc:881] Train tree 98/240  [index:98 total:59.88s tree:20.07s]
I0000 00:00:1790138637.509251   55459 random_forest.cc:881] Train tree 145/240  [index:144 total:1m20.12s tree:20.39s]
I0000 00:00:1790138657.777923   55439 random_forest.cc:881] Train tree 193/240  [index:193 total:1m40.39s tree:20.11s]
I0000 00:00:1790138659.708028   55289 random_forest.cc:899] random_forest.cc Training block took: 102.317 s
W0000 00:00:1790138659.708065   55289 random_forest.cc:1220] EXITING EARLY TO SPEED UP EXPERIMENTS!
RESULT dataset=SUSY_with_header threshold=200 median=102.317s stddev=N/As n=1


======== Threshold 300 ========

./bazel-bin/examples/train_oblique_forest --input_mode csv --train_csv "benchmarks/data/SUSY_with_header.csv" --label_col "class" --num_trees=240 --dynamic_split_threshold=300 --feature_split_type Oblique --numerical_split_type "Dynamic Random Histogram" --histogram_num_bins 256
----- Run 1/1 -----
WARNING: All log messages before absl::InitializeLog() is called are written to STDERR
I0000 00:00:1790138662.538585   55491 train_oblique_forest.cc:1101] Loading CSV in a single pass: benchmarks/data/SUSY_with_header.csv
I0000 00:00:1790138662.881761   55491 train_oblique_forest.cc:1108] Single-pass CSV load complete: 5000000 rows, 19 columns.
I0000 00:00:1790138662.881820   55491 train_oblique_forest.cc:1229] -1 (automatic) threads requested. 48 threads set.
I0000 00:00:1790138662.881829   55491 train_oblique_forest.cc:1304] Configuring oblique splits
I0000 00:00:1790138662.881831   55491 train_oblique_forest.cc:1313] dynamic_split_threshold = 300 (from flag)
I0000 00:00:1790138662.881834   55491 train_oblique_forest.cc:1398] Using Dynamic Random Histogram with 256 samples
I0000 00:00:1790138662.881843   55491 train_oblique_forest.cc:1428] train_oblique_forest wall-time - Loading/Init (pre-train): 0.343282s
I0000 00:00:1790138662.881901   55491 abstract_learner.cc:171] No input feature explicitly specified. Using all the available input features.
I0000 00:00:1790138662.881903   55491 abstract_learner.cc:185] The label "class" was removed from the input feature set.
I0000 00:00:1790138662.881913   55491 random_forest.cc:534] Training random forest on 5000000 example(s) and 18 feature(s).
I0000 00:00:1790138662.881922   55491 gpu.cc:93] Cannot initialize GPU: Not compiled with GPU support
I0000 00:00:1790138662.882482   55491 random_forest.cc:663] num_threads being used: 48
I0000 00:00:1790138682.509033   55629 random_forest.cc:881] Train tree 1/240  [index:19 total:19.63s tree:19.62s]
I0000 00:00:1790138702.511313   55641 random_forest.cc:881] Train tree 59/240  [index:51 total:39.63s tree:19.92s]
I0000 00:00:1790138722.537672   55654 random_forest.cc:881] Train tree 110/240  [index:122 total:59.66s tree:19.58s]
I0000 00:00:1790138742.540504   55663 random_forest.cc:881] Train tree 158/240  [index:147 total:1m19.66s tree:20.27s]
I0000 00:00:1790138762.552449   55650 random_forest.cc:881] Train tree 208/240  [index:200 total:1m39.67s tree:20.16s]
I0000 00:00:1790138763.844280   55491 random_forest.cc:899] random_forest.cc Training block took: 100.962 s
W0000 00:00:1790138763.844316   55491 random_forest.cc:1220] EXITING EARLY TO SPEED UP EXPERIMENTS!
RESULT dataset=SUSY_with_header threshold=300 median=100.962s stddev=N/As n=1


======== Threshold 400 ========

./bazel-bin/examples/train_oblique_forest --input_mode csv --train_csv "benchmarks/data/SUSY_with_header.csv" --label_col "class" --num_trees=240 --dynamic_split_threshold=400 --feature_split_type Oblique --numerical_split_type "Dynamic Random Histogram" --histogram_num_bins 256
----- Run 1/1 -----
WARNING: All log messages before absl::InitializeLog() is called are written to STDERR
I0000 00:00:1790138766.654906   55696 train_oblique_forest.cc:1101] Loading CSV in a single pass: benchmarks/data/SUSY_with_header.csv
I0000 00:00:1790138766.994019   55696 train_oblique_forest.cc:1108] Single-pass CSV load complete: 5000000 rows, 19 columns.
I0000 00:00:1790138766.994076   55696 train_oblique_forest.cc:1229] -1 (automatic) threads requested. 48 threads set.
I0000 00:00:1790138766.994085   55696 train_oblique_forest.cc:1304] Configuring oblique splits
I0000 00:00:1790138766.994087   55696 train_oblique_forest.cc:1313] dynamic_split_threshold = 400 (from flag)
I0000 00:00:1790138766.994090   55696 train_oblique_forest.cc:1398] Using Dynamic Random Histogram with 256 samples
I0000 00:00:1790138766.994098   55696 train_oblique_forest.cc:1428] train_oblique_forest wall-time - Loading/Init (pre-train): 0.339214s
I0000 00:00:1790138766.994156   55696 abstract_learner.cc:171] No input feature explicitly specified. Using all the available input features.
I0000 00:00:1790138766.994158   55696 abstract_learner.cc:185] The label "class" was removed from the input feature set.
I0000 00:00:1790138766.994168   55696 random_forest.cc:534] Training random forest on 5000000 example(s) and 18 feature(s).
I0000 00:00:1790138766.994176   55696 gpu.cc:93] Cannot initialize GPU: Not compiled with GPU support
I0000 00:00:1790138766.994743   55696 random_forest.cc:663] num_threads being used: 48
I0000 00:00:1790138786.439769   55828 random_forest.cc:881] Train tree 1/240  [index:8 total:19.45s tree:19.44s]
I0000 00:00:1790138806.491847   55830 random_forest.cc:881] Train tree 59/240  [index:78 total:39.50s tree:19.50s]
I0000 00:00:1790138826.509098   55845 random_forest.cc:881] Train tree 118/240  [index:118 total:59.51s tree:19.82s]
I0000 00:00:1790138846.525944   55842 random_forest.cc:881] Train tree 172/240  [index:163 total:1m19.53s tree:20.08s]
I0000 00:00:1790138866.549319   55858 random_forest.cc:881] Train tree 232/240  [index:231 total:1m39.55s tree:19.58s]
I0000 00:00:1790138867.868826   55696 random_forest.cc:899] random_forest.cc Training block took: 100.875 s
W0000 00:00:1790138867.868860   55696 random_forest.cc:1220] EXITING EARLY TO SPEED UP EXPERIMENTS!
RESULT dataset=SUSY_with_header threshold=400 median=100.875s stddev=N/As n=1


======== Threshold 500 ========

./bazel-bin/examples/train_oblique_forest --input_mode csv --train_csv "benchmarks/data/SUSY_with_header.csv" --label_col "class" --num_trees=240 --dynamic_split_threshold=500 --feature_split_type Oblique --numerical_split_type "Dynamic Random Histogram" --histogram_num_bins 256
----- Run 1/1 -----
WARNING: All log messages before absl::InitializeLog() is called are written to STDERR
I0000 00:00:1790138870.681305   55897 train_oblique_forest.cc:1101] Loading CSV in a single pass: benchmarks/data/SUSY_with_header.csv
I0000 00:00:1790138871.024812   55897 train_oblique_forest.cc:1108] Single-pass CSV load complete: 5000000 rows, 19 columns.
I0000 00:00:1790138871.024873   55897 train_oblique_forest.cc:1229] -1 (automatic) threads requested. 48 threads set.
I0000 00:00:1790138871.024883   55897 train_oblique_forest.cc:1304] Configuring oblique splits
I0000 00:00:1790138871.024884   55897 train_oblique_forest.cc:1313] dynamic_split_threshold = 500 (from flag)
I0000 00:00:1790138871.024886   55897 train_oblique_forest.cc:1398] Using Dynamic Random Histogram with 256 samples
I0000 00:00:1790138871.024895   55897 train_oblique_forest.cc:1428] train_oblique_forest wall-time - Loading/Init (pre-train): 0.343614s
I0000 00:00:1790138871.024952   55897 abstract_learner.cc:171] No input feature explicitly specified. Using all the available input features.
I0000 00:00:1790138871.024954   55897 abstract_learner.cc:185] The label "class" was removed from the input feature set.
I0000 00:00:1790138871.024964   55897 random_forest.cc:534] Training random forest on 5000000 example(s) and 18 feature(s).
I0000 00:00:1790138871.024971   55897 gpu.cc:93] Cannot initialize GPU: Not compiled with GPU support
I0000 00:00:1790138871.025530   55897 random_forest.cc:663] num_threads being used: 48
I0000 00:00:1790138890.458951   56040 random_forest.cc:881] Train tree 1/240  [index:19 total:19.43s tree:19.43s]
I0000 00:00:1790138910.463341   56030 random_forest.cc:881] Train tree 66/240  [index:77 total:39.44s tree:19.59s]
I0000 00:00:1790138930.481647   56028 random_forest.cc:881] Train tree 125/240  [index:111 total:59.46s tree:20.06s]
I0000 00:00:1790138950.497762   56070 random_forest.cc:881] Train tree 180/240  [index:161 total:1m19.47s tree:20.24s]
I0000 00:00:1790138970.573833   56051 random_forest.cc:881] Train tree 238/240  [index:238 total:1m39.55s tree:19.68s]
I0000 00:00:1790138970.663333   55897 random_forest.cc:899] random_forest.cc Training block took: 99.6384 s
W0000 00:00:1790138970.663372   55897 random_forest.cc:1220] EXITING EARLY TO SPEED UP EXPERIMENTS!
RESULT dataset=SUSY_with_header threshold=500 median=99.6384s stddev=N/As n=1


======== Threshold 600 ========

./bazel-bin/examples/train_oblique_forest --input_mode csv --train_csv "benchmarks/data/SUSY_with_header.csv" --label_col "class" --num_trees=240 --dynamic_split_threshold=600 --feature_split_type Oblique --numerical_split_type "Dynamic Random Histogram" --histogram_num_bins 256
----- Run 1/1 -----
WARNING: All log messages before absl::InitializeLog() is called are written to STDERR
I0000 00:00:1790138973.545712   56101 train_oblique_forest.cc:1101] Loading CSV in a single pass: benchmarks/data/SUSY_with_header.csv
I0000 00:00:1790138973.884251   56101 train_oblique_forest.cc:1108] Single-pass CSV load complete: 5000000 rows, 19 columns.
I0000 00:00:1790138973.884310   56101 train_oblique_forest.cc:1229] -1 (automatic) threads requested. 48 threads set.
I0000 00:00:1790138973.884320   56101 train_oblique_forest.cc:1304] Configuring oblique splits
I0000 00:00:1790138973.884321   56101 train_oblique_forest.cc:1313] dynamic_split_threshold = 600 (from flag)
I0000 00:00:1790138973.884323   56101 train_oblique_forest.cc:1398] Using Dynamic Random Histogram with 256 samples
I0000 00:00:1790138973.884332   56101 train_oblique_forest.cc:1428] train_oblique_forest wall-time - Loading/Init (pre-train): 0.338643s
I0000 00:00:1790138973.884391   56101 abstract_learner.cc:171] No input feature explicitly specified. Using all the available input features.
I0000 00:00:1790138973.884393   56101 abstract_learner.cc:185] The label "class" was removed from the input feature set.
I0000 00:00:1790138973.884402   56101 random_forest.cc:534] Training random forest on 5000000 example(s) and 18 feature(s).
I0000 00:00:1790138973.884410   56101 gpu.cc:93] Cannot initialize GPU: Not compiled with GPU support
I0000 00:00:1790138973.884959   56101 random_forest.cc:663] num_threads being used: 48
I0000 00:00:1790138993.217444   56262 random_forest.cc:881] Train tree 1/240  [index:12 total:19.33s tree:19.33s]
I0000 00:00:1790139013.218007   56229 random_forest.cc:881] Train tree 61/240  [index:74 total:39.33s tree:19.51s]
I0000 00:00:1790139033.238194   56245 random_forest.cc:881] Train tree 123/240  [index:107 total:59.35s tree:20.04s]
I0000 00:00:1790139053.329922   56256 random_forest.cc:881] Train tree 181/240  [index:162 total:1m19.44s tree:20.20s]
I0000 00:00:1790139073.453873   56233 random_forest.cc:881] Train tree 240/240  [index:238 total:1m39.57s tree:19.74s]
I0000 00:00:1790139073.454311   56101 random_forest.cc:899] random_forest.cc Training block took: 99.57 s
W0000 00:00:1790139073.454353   56101 random_forest.cc:1220] EXITING EARLY TO SPEED UP EXPERIMENTS!
RESULT dataset=SUSY_with_header threshold=600 median=99.57s stddev=N/As n=1


======== Threshold 700 ========

./bazel-bin/examples/train_oblique_forest --input_mode csv --train_csv "benchmarks/data/SUSY_with_header.csv" --label_col "class" --num_trees=240 --dynamic_split_threshold=700 --feature_split_type Oblique --numerical_split_type "Dynamic Random Histogram" --histogram_num_bins 256
----- Run 1/1 -----
WARNING: All log messages before absl::InitializeLog() is called are written to STDERR
I0000 00:00:1790139076.242306   56339 train_oblique_forest.cc:1101] Loading CSV in a single pass: benchmarks/data/SUSY_with_header.csv
I0000 00:00:1790139076.584995   56339 train_oblique_forest.cc:1108] Single-pass CSV load complete: 5000000 rows, 19 columns.
I0000 00:00:1790139076.585056   56339 train_oblique_forest.cc:1229] -1 (automatic) threads requested. 48 threads set.
I0000 00:00:1790139076.585066   56339 train_oblique_forest.cc:1304] Configuring oblique splits
I0000 00:00:1790139076.585068   56339 train_oblique_forest.cc:1313] dynamic_split_threshold = 700 (from flag)
I0000 00:00:1790139076.585070   56339 train_oblique_forest.cc:1398] Using Dynamic Random Histogram with 256 samples
I0000 00:00:1790139076.585079   56339 train_oblique_forest.cc:1428] train_oblique_forest wall-time - Loading/Init (pre-train): 0.342797s
I0000 00:00:1790139076.585136   56339 abstract_learner.cc:171] No input feature explicitly specified. Using all the available input features.
I0000 00:00:1790139076.585138   56339 abstract_learner.cc:185] The label "class" was removed from the input feature set.
I0000 00:00:1790139076.585148   56339 random_forest.cc:534] Training random forest on 5000000 example(s) and 18 feature(s).
I0000 00:00:1790139076.585155   56339 gpu.cc:93] Cannot initialize GPU: Not compiled with GPU support
I0000 00:00:1790139076.585712   56339 random_forest.cc:663] num_threads being used: 48
I0000 00:00:1790139095.753931   56476 random_forest.cc:881] Train tree 1/240  [index:19 total:19.17s tree:19.16s]
I0000 00:00:1790139115.754894   56511 random_forest.cc:881] Train tree 59/240  [index:65 total:39.17s tree:19.46s]
I0000 00:00:1790139135.763332   56487 random_forest.cc:881] Train tree 123/240  [index:123 total:59.18s tree:19.66s]
I0000 00:00:1790139155.831249   56484 random_forest.cc:881] Train tree 182/240  [index:187 total:1m19.25s tree:19.43s]
I0000 00:00:1790139175.877394   56504 random_forest.cc:881] Train tree 239/240  [index:237 total:1m39.29s tree:19.64s]
I0000 00:00:1790139176.069039   56339 random_forest.cc:899] random_forest.cc Training block took: 99.4839 s
W0000 00:00:1790139176.069075   56339 random_forest.cc:1220] EXITING EARLY TO SPEED UP EXPERIMENTS!
RESULT dataset=SUSY_with_header threshold=700 median=99.4839s stddev=N/As n=1


======== Threshold 800 ========

./bazel-bin/examples/train_oblique_forest --input_mode csv --train_csv "benchmarks/data/SUSY_with_header.csv" --label_col "class" --num_trees=240 --dynamic_split_threshold=800 --feature_split_type Oblique --numerical_split_type "Dynamic Random Histogram" --histogram_num_bins 256
----- Run 1/1 -----
WARNING: All log messages before absl::InitializeLog() is called are written to STDERR
I0000 00:00:1790139178.868992   56539 train_oblique_forest.cc:1101] Loading CSV in a single pass: benchmarks/data/SUSY_with_header.csv
I0000 00:00:1790139179.209954   56539 train_oblique_forest.cc:1108] Single-pass CSV load complete: 5000000 rows, 19 columns.
I0000 00:00:1790139179.210010   56539 train_oblique_forest.cc:1229] -1 (automatic) threads requested. 48 threads set.
I0000 00:00:1790139179.210019   56539 train_oblique_forest.cc:1304] Configuring oblique splits
I0000 00:00:1790139179.210020   56539 train_oblique_forest.cc:1313] dynamic_split_threshold = 800 (from flag)
I0000 00:00:1790139179.210022   56539 train_oblique_forest.cc:1398] Using Dynamic Random Histogram with 256 samples
I0000 00:00:1790139179.210032   56539 train_oblique_forest.cc:1428] train_oblique_forest wall-time - Loading/Init (pre-train): 0.341062s
I0000 00:00:1790139179.210089   56539 abstract_learner.cc:171] No input feature explicitly specified. Using all the available input features.
I0000 00:00:1790139179.210091   56539 abstract_learner.cc:185] The label "class" was removed from the input feature set.
I0000 00:00:1790139179.210101   56539 random_forest.cc:534] Training random forest on 5000000 example(s) and 18 feature(s).
I0000 00:00:1790139179.210109   56539 gpu.cc:93] Cannot initialize GPU: Not compiled with GPU support
I0000 00:00:1790139179.210674   56539 random_forest.cc:663] num_threads being used: 48
I0000 00:00:1790139198.471632   56685 random_forest.cc:881] Train tree 1/240  [index:25 total:19.26s tree:19.26s]
I0000 00:00:1790139218.536940   56698 random_forest.cc:881] Train tree 57/240  [index:53 total:39.33s tree:19.80s]
I0000 00:00:1790139238.560735   56697 random_forest.cc:881] Train tree 118/240  [index:116 total:59.35s tree:19.71s]
I0000 00:00:1790139258.579624   56671 random_forest.cc:881] Train tree 179/240  [index:183 total:1m19.37s tree:19.67s]
I0000 00:00:1790139278.633503   56703 random_forest.cc:881] Train tree 240/240  [index:232 total:1m39.42s tree:19.89s]
I0000 00:00:1790139278.633775   56539 random_forest.cc:899] random_forest.cc Training block took: 99.4237 s
W0000 00:00:1790139278.633812   56539 random_forest.cc:1220] EXITING EARLY TO SPEED UP EXPERIMENTS!
RESULT dataset=SUSY_with_header threshold=800 median=99.4237s stddev=N/As n=1


======== Threshold 900 ========

./bazel-bin/examples/train_oblique_forest --input_mode csv --train_csv "benchmarks/data/SUSY_with_header.csv" --label_col "class" --num_trees=240 --dynamic_split_threshold=900 --feature_split_type Oblique --numerical_split_type "Dynamic Random Histogram" --histogram_num_bins 256
----- Run 1/1 -----
WARNING: All log messages before absl::InitializeLog() is called are written to STDERR
I0000 00:00:1790139281.415321   56741 train_oblique_forest.cc:1101] Loading CSV in a single pass: benchmarks/data/SUSY_with_header.csv
I0000 00:00:1790139281.756558   56741 train_oblique_forest.cc:1108] Single-pass CSV load complete: 5000000 rows, 19 columns.
I0000 00:00:1790139281.756619   56741 train_oblique_forest.cc:1229] -1 (automatic) threads requested. 48 threads set.
I0000 00:00:1790139281.756628   56741 train_oblique_forest.cc:1304] Configuring oblique splits
I0000 00:00:1790139281.756630   56741 train_oblique_forest.cc:1313] dynamic_split_threshold = 900 (from flag)
I0000 00:00:1790139281.756633   56741 train_oblique_forest.cc:1398] Using Dynamic Random Histogram with 256 samples
I0000 00:00:1790139281.756642   56741 train_oblique_forest.cc:1428] train_oblique_forest wall-time - Loading/Init (pre-train): 0.341346s
I0000 00:00:1790139281.756700   56741 abstract_learner.cc:171] No input feature explicitly specified. Using all the available input features.
I0000 00:00:1790139281.756702   56741 abstract_learner.cc:185] The label "class" was removed from the input feature set.
I0000 00:00:1790139281.756713   56741 random_forest.cc:534] Training random forest on 5000000 example(s) and 18 feature(s).
I0000 00:00:1790139281.756721   56741 gpu.cc:93] Cannot initialize GPU: Not compiled with GPU support
I0000 00:00:1790139281.757276   56741 random_forest.cc:663] num_threads being used: 48
I0000 00:00:1790139301.101177   56870 random_forest.cc:881] Train tree 1/240  [index:8 total:19.34s tree:19.34s]
I0000 00:00:1790139321.104782   56890 random_forest.cc:881] Train tree 59/240  [index:49 total:39.35s tree:19.96s]
I0000 00:00:1790139341.124533   56873 random_forest.cc:881] Train tree 116/240  [index:113 total:59.37s tree:19.81s]
I0000 00:00:1790139361.128553   56894 random_forest.cc:881] Train tree 176/240  [index:180 total:1m19.37s tree:19.61s]
I0000 00:00:1790139381.134225   56899 random_forest.cc:881] Train tree 232/240  [index:227 total:1m39.38s tree:19.85s]
I0000 00:00:1790139381.567477   56741 random_forest.cc:899] random_forest.cc Training block took: 99.8108 s
W0000 00:00:1790139381.567511   56741 random_forest.cc:1220] EXITING EARLY TO SPEED UP EXPERIMENTS!
RESULT dataset=SUSY_with_header threshold=900 median=99.8108s stddev=N/As n=1


======== Threshold 1000 ========

./bazel-bin/examples/train_oblique_forest --input_mode csv --train_csv "benchmarks/data/SUSY_with_header.csv" --label_col "class" --num_trees=240 --dynamic_split_threshold=1000 --feature_split_type Oblique --numerical_split_type "Dynamic Random Histogram" --histogram_num_bins 256
----- Run 1/1 -----
WARNING: All log messages before absl::InitializeLog() is called are written to STDERR
I0000 00:00:1790139384.357359   56949 train_oblique_forest.cc:1101] Loading CSV in a single pass: benchmarks/data/SUSY_with_header.csv
I0000 00:00:1790139384.697021   56949 train_oblique_forest.cc:1108] Single-pass CSV load complete: 5000000 rows, 19 columns.
I0000 00:00:1790139384.697080   56949 train_oblique_forest.cc:1229] -1 (automatic) threads requested. 48 threads set.
I0000 00:00:1790139384.697089   56949 train_oblique_forest.cc:1304] Configuring oblique splits
I0000 00:00:1790139384.697091   56949 train_oblique_forest.cc:1313] dynamic_split_threshold = 1000 (from flag)
I0000 00:00:1790139384.697093   56949 train_oblique_forest.cc:1398] Using Dynamic Random Histogram with 256 samples
I0000 00:00:1790139384.697101   56949 train_oblique_forest.cc:1428] train_oblique_forest wall-time - Loading/Init (pre-train): 0.339768s
I0000 00:00:1790139384.697159   56949 abstract_learner.cc:171] No input feature explicitly specified. Using all the available input features.
I0000 00:00:1790139384.697161   56949 abstract_learner.cc:185] The label "class" was removed from the input feature set.
I0000 00:00:1790139384.697171   56949 random_forest.cc:534] Training random forest on 5000000 example(s) and 18 feature(s).
I0000 00:00:1790139384.697178   56949 gpu.cc:93] Cannot initialize GPU: Not compiled with GPU support
I0000 00:00:1790139384.697734   56949 random_forest.cc:663] num_threads being used: 48
I0000 00:00:1790139404.088733   57098 random_forest.cc:881] Train tree 1/240  [index:34 total:19.39s tree:19.39s]
I0000 00:00:1790139424.093966   57088 random_forest.cc:881] Train tree 60/240  [index:67 total:39.40s tree:19.64s]
I0000 00:00:1790139444.100570   57086 random_forest.cc:881] Train tree 127/240  [index:119 total:59.40s tree:19.79s]
I0000 00:00:1790139464.187193   57103 random_forest.cc:881] Train tree 186/240  [index:185 total:1m19.49s tree:19.70s]
I0000 00:00:1790139484.230068   57122 random_forest.cc:881] Train tree 239/240  [index:238 total:1m39.53s tree:19.55s]
I0000 00:00:1790139484.244977   56949 random_forest.cc:899] random_forest.cc Training block took: 99.5478 s
W0000 00:00:1790139484.245005   56949 random_forest.cc:1220] EXITING EARLY TO SPEED UP EXPERIMENTS!
RESULT dataset=SUSY_with_header threshold=1000 median=99.5478s stddev=N/As n=1


======== Threshold 1200 ========

./bazel-bin/examples/train_oblique_forest --input_mode csv --train_csv "benchmarks/data/SUSY_with_header.csv" --label_col "class" --num_trees=240 --dynamic_split_threshold=1200 --feature_split_type Oblique --numerical_split_type "Dynamic Random Histogram" --histogram_num_bins 256
----- Run 1/1 -----
WARNING: All log messages before absl::InitializeLog() is called are written to STDERR
I0000 00:00:1790139487.029866   57149 train_oblique_forest.cc:1101] Loading CSV in a single pass: benchmarks/data/SUSY_with_header.csv
I0000 00:00:1790139487.368650   57149 train_oblique_forest.cc:1108] Single-pass CSV load complete: 5000000 rows, 19 columns.
I0000 00:00:1790139487.368711   57149 train_oblique_forest.cc:1229] -1 (automatic) threads requested. 48 threads set.
I0000 00:00:1790139487.368721   57149 train_oblique_forest.cc:1304] Configuring oblique splits
I0000 00:00:1790139487.368724   57149 train_oblique_forest.cc:1313] dynamic_split_threshold = 1200 (from flag)
I0000 00:00:1790139487.368726   57149 train_oblique_forest.cc:1398] Using Dynamic Random Histogram with 256 samples
I0000 00:00:1790139487.368735   57149 train_oblique_forest.cc:1428] train_oblique_forest wall-time - Loading/Init (pre-train): 0.33889s
I0000 00:00:1790139487.368794   57149 abstract_learner.cc:171] No input feature explicitly specified. Using all the available input features.
I0000 00:00:1790139487.368797   57149 abstract_learner.cc:185] The label "class" was removed from the input feature set.
I0000 00:00:1790139487.368806   57149 random_forest.cc:534] Training random forest on 5000000 example(s) and 18 feature(s).
I0000 00:00:1790139487.368815   57149 gpu.cc:93] Cannot initialize GPU: Not compiled with GPU support
I0000 00:00:1790139487.369380   57149 random_forest.cc:663] num_threads being used: 48
I0000 00:00:1790139506.755852   57323 random_forest.cc:881] Train tree 1/240  [index:36 total:19.39s tree:19.38s]
I0000 00:00:1790139526.765813   57306 random_forest.cc:881] Train tree 60/240  [index:79 total:39.40s tree:19.44s]
I0000 00:00:1790139546.768575   57296 random_forest.cc:881] Train tree 118/240  [index:106 total:59.40s tree:20.03s]
I0000 00:00:1790139566.774416   57315 random_forest.cc:881] Train tree 174/240  [index:178 total:1m19.41s tree:19.64s]
I0000 00:00:1790139586.781574   57289 random_forest.cc:881] Train tree 232/240  [index:236 total:1m39.41s tree:19.23s]
I0000 00:00:1790139587.515377   57149 random_forest.cc:899] random_forest.cc Training block took: 100.147 s
W0000 00:00:1790139587.515411   57149 random_forest.cc:1220] EXITING EARLY TO SPEED UP EXPERIMENTS!
RESULT dataset=SUSY_with_header threshold=1200 median=100.147s stddev=N/As n=1


======== Threshold 1400 ========

./bazel-bin/examples/train_oblique_forest --input_mode csv --train_csv "benchmarks/data/SUSY_with_header.csv" --label_col "class" --num_trees=240 --dynamic_split_threshold=1400 --feature_split_type Oblique --numerical_split_type "Dynamic Random Histogram" --histogram_num_bins 256
----- Run 1/1 -----
WARNING: All log messages before absl::InitializeLog() is called are written to STDERR
I0000 00:00:1790139590.295521   57353 train_oblique_forest.cc:1101] Loading CSV in a single pass: benchmarks/data/SUSY_with_header.csv
I0000 00:00:1790139590.636739   57353 train_oblique_forest.cc:1108] Single-pass CSV load complete: 5000000 rows, 19 columns.
I0000 00:00:1790139590.636801   57353 train_oblique_forest.cc:1229] -1 (automatic) threads requested. 48 threads set.
I0000 00:00:1790139590.636811   57353 train_oblique_forest.cc:1304] Configuring oblique splits
I0000 00:00:1790139590.636812   57353 train_oblique_forest.cc:1313] dynamic_split_threshold = 1400 (from flag)
I0000 00:00:1790139590.636814   57353 train_oblique_forest.cc:1398] Using Dynamic Random Histogram with 256 samples
I0000 00:00:1790139590.636823   57353 train_oblique_forest.cc:1428] train_oblique_forest wall-time - Loading/Init (pre-train): 0.341326s
I0000 00:00:1790139590.636879   57353 abstract_learner.cc:171] No input feature explicitly specified. Using all the available input features.
I0000 00:00:1790139590.636881   57353 abstract_learner.cc:185] The label "class" was removed from the input feature set.
I0000 00:00:1790139590.636891   57353 random_forest.cc:534] Training random forest on 5000000 example(s) and 18 feature(s).
I0000 00:00:1790139590.636898   57353 gpu.cc:93] Cannot initialize GPU: Not compiled with GPU support
I0000 00:00:1790139590.637460   57353 random_forest.cc:663] num_threads being used: 48
I0000 00:00:1790139609.934064   57503 random_forest.cc:881] Train tree 1/240  [index:33 total:19.30s tree:19.29s]
I0000 00:00:1790139629.935458   57522 random_forest.cc:881] Train tree 53/240  [index:51 total:39.30s tree:19.69s]
I0000 00:00:1790139649.968432   57501 random_forest.cc:881] Train tree 114/240  [index:116 total:59.33s tree:19.63s]
I0000 00:00:1790139669.989212   57493 random_forest.cc:881] Train tree 168/240  [index:180 total:1m19.35s tree:19.53s]
I0000 00:00:1790139690.014083   57518 random_forest.cc:881] Train tree 229/240  [index:222 total:1m39.38s tree:19.93s]
I0000 00:00:1790139690.488707   57353 random_forest.cc:899] random_forest.cc Training block took: 99.8519 s
W0000 00:00:1790139690.488742   57353 random_forest.cc:1220] EXITING EARLY TO SPEED UP EXPERIMENTS!
RESULT dataset=SUSY_with_header threshold=1400 median=99.8519s stddev=N/As n=1


======== Threshold 1600 ========

./bazel-bin/examples/train_oblique_forest --input_mode csv --train_csv "benchmarks/data/SUSY_with_header.csv" --label_col "class" --num_trees=240 --dynamic_split_threshold=1600 --feature_split_type Oblique --numerical_split_type "Dynamic Random Histogram" --histogram_num_bins 256
----- Run 1/1 -----
WARNING: All log messages before absl::InitializeLog() is called are written to STDERR
I0000 00:00:1790139693.265271   57563 train_oblique_forest.cc:1101] Loading CSV in a single pass: benchmarks/data/SUSY_with_header.csv
I0000 00:00:1790139693.607753   57563 train_oblique_forest.cc:1108] Single-pass CSV load complete: 5000000 rows, 19 columns.
I0000 00:00:1790139693.607814   57563 train_oblique_forest.cc:1229] -1 (automatic) threads requested. 48 threads set.
I0000 00:00:1790139693.607824   57563 train_oblique_forest.cc:1304] Configuring oblique splits
I0000 00:00:1790139693.607826   57563 train_oblique_forest.cc:1313] dynamic_split_threshold = 1600 (from flag)
I0000 00:00:1790139693.607828   57563 train_oblique_forest.cc:1398] Using Dynamic Random Histogram with 256 samples
I0000 00:00:1790139693.607837   57563 train_oblique_forest.cc:1428] train_oblique_forest wall-time - Loading/Init (pre-train): 0.342588s
I0000 00:00:1790139693.607894   57563 abstract_learner.cc:171] No input feature explicitly specified. Using all the available input features.
I0000 00:00:1790139693.607896   57563 abstract_learner.cc:185] The label "class" was removed from the input feature set.
I0000 00:00:1790139693.607906   57563 random_forest.cc:534] Training random forest on 5000000 example(s) and 18 feature(s).
I0000 00:00:1790139693.607914   57563 gpu.cc:93] Cannot initialize GPU: Not compiled with GPU support
I0000 00:00:1790139693.608475   57563 random_forest.cc:663] num_threads being used: 48
I0000 00:00:1790139713.120710   57735 random_forest.cc:881] Train tree 1/240  [index:26 total:19.51s tree:19.51s]
I0000 00:00:1790139733.131306   57733 random_forest.cc:881] Train tree 59/240  [index:63 total:39.52s tree:19.66s]
I0000 00:00:1790139753.176361   57691 random_forest.cc:881] Train tree 118/240  [index:123 total:59.57s tree:19.70s]
I0000 00:00:1790139773.212265   57695 random_forest.cc:881] Train tree 172/240  [index:180 total:1m19.60s tree:19.65s]
I0000 00:00:1790139793.233717   57714 random_forest.cc:881] Train tree 230/240  [index:229 total:1m39.63s tree:19.76s]
I0000 00:00:1790139793.623516   57563 random_forest.cc:899] random_forest.cc Training block took: 100.016 s
W0000 00:00:1790139793.623548   57563 random_forest.cc:1220] EXITING EARLY TO SPEED UP EXPERIMENTS!
RESULT dataset=SUSY_with_header threshold=1600 median=100.016s stddev=N/As n=1


======== Threshold 1800 ========

./bazel-bin/examples/train_oblique_forest --input_mode csv --train_csv "benchmarks/data/SUSY_with_header.csv" --label_col "class" --num_trees=240 --dynamic_split_threshold=1800 --feature_split_type Oblique --numerical_split_type "Dynamic Random Histogram" --histogram_num_bins 256
----- Run 1/1 -----
WARNING: All log messages before absl::InitializeLog() is called are written to STDERR
I0000 00:00:1790139796.501439   57765 train_oblique_forest.cc:1101] Loading CSV in a single pass: benchmarks/data/SUSY_with_header.csv
I0000 00:00:1790139796.842598   57765 train_oblique_forest.cc:1108] Single-pass CSV load complete: 5000000 rows, 19 columns.
I0000 00:00:1790139796.842659   57765 train_oblique_forest.cc:1229] -1 (automatic) threads requested. 48 threads set.
I0000 00:00:1790139796.842668   57765 train_oblique_forest.cc:1304] Configuring oblique splits
I0000 00:00:1790139796.842670   57765 train_oblique_forest.cc:1313] dynamic_split_threshold = 1800 (from flag)
I0000 00:00:1790139796.842672   57765 train_oblique_forest.cc:1398] Using Dynamic Random Histogram with 256 samples
I0000 00:00:1790139796.842681   57765 train_oblique_forest.cc:1428] train_oblique_forest wall-time - Loading/Init (pre-train): 0.341265s
I0000 00:00:1790139796.842737   57765 abstract_learner.cc:171] No input feature explicitly specified. Using all the available input features.
I0000 00:00:1790139796.842738   57765 abstract_learner.cc:185] The label "class" was removed from the input feature set.
I0000 00:00:1790139796.842748   57765 random_forest.cc:534] Training random forest on 5000000 example(s) and 18 feature(s).
I0000 00:00:1790139796.842757   57765 gpu.cc:93] Cannot initialize GPU: Not compiled with GPU support
I0000 00:00:1790139796.843312   57765 random_forest.cc:663] num_threads being used: 48
I0000 00:00:1790139816.396059   57920 random_forest.cc:881] Train tree 1/240  [index:36 total:19.55s tree:19.55s]
I0000 00:00:1790139836.409553   57926 random_forest.cc:881] Train tree 57/240  [index:57 total:39.57s tree:19.77s]
I0000 00:00:1790139856.441188   57911 random_forest.cc:881] Train tree 109/240  [index:109 total:59.60s tree:19.92s]
I0000 00:00:1790139876.478386   57934 random_forest.cc:881] Train tree 167/240  [index:162 total:1m19.64s tree:19.95s]
I0000 00:00:1790139896.491594   57902 random_forest.cc:881] Train tree 225/240  [index:226 total:1m39.65s tree:19.69s]
I0000 00:00:1790139897.040331   57765 random_forest.cc:899] random_forest.cc Training block took: 100.198 s
W0000 00:00:1790139897.040371   57765 random_forest.cc:1220] EXITING EARLY TO SPEED UP EXPERIMENTS!
RESULT dataset=SUSY_with_header threshold=1800 median=100.198s stddev=N/As n=1


======== Threshold 2000 ========

./bazel-bin/examples/train_oblique_forest --input_mode csv --train_csv "benchmarks/data/SUSY_with_header.csv" --label_col "class" --num_trees=240 --dynamic_split_threshold=2000 --feature_split_type Oblique --numerical_split_type "Dynamic Random Histogram" --histogram_num_bins 256
----- Run 1/1 -----
WARNING: All log messages before absl::InitializeLog() is called are written to STDERR
I0000 00:00:1790139899.816039   57966 train_oblique_forest.cc:1101] Loading CSV in a single pass: benchmarks/data/SUSY_with_header.csv
I0000 00:00:1790139900.156280   57966 train_oblique_forest.cc:1108] Single-pass CSV load complete: 5000000 rows, 19 columns.
I0000 00:00:1790139900.156346   57966 train_oblique_forest.cc:1229] -1 (automatic) threads requested. 48 threads set.
I0000 00:00:1790139900.156356   57966 train_oblique_forest.cc:1304] Configuring oblique splits
I0000 00:00:1790139900.156358   57966 train_oblique_forest.cc:1313] dynamic_split_threshold = 2000 (from flag)
I0000 00:00:1790139900.156360   57966 train_oblique_forest.cc:1398] Using Dynamic Random Histogram with 256 samples
I0000 00:00:1790139900.156368   57966 train_oblique_forest.cc:1428] train_oblique_forest wall-time - Loading/Init (pre-train): 0.340353s
I0000 00:00:1790139900.156427   57966 abstract_learner.cc:171] No input feature explicitly specified. Using all the available input features.
I0000 00:00:1790139900.156429   57966 abstract_learner.cc:185] The label "class" was removed from the input feature set.
I0000 00:00:1790139900.156439   57966 random_forest.cc:534] Training random forest on 5000000 example(s) and 18 feature(s).
I0000 00:00:1790139900.156447   57966 gpu.cc:93] Cannot initialize GPU: Not compiled with GPU support
I0000 00:00:1790139900.156998   57966 random_forest.cc:663] num_threads being used: 48
I0000 00:00:1790139919.535748   58134 random_forest.cc:881] Train tree 1/240  [index:30 total:19.38s tree:19.37s]
I0000 00:00:1790139939.601341   58094 random_forest.cc:881] Train tree 52/240  [index:49 total:39.44s tree:19.89s]
I0000 00:00:1790139959.605379   58108 random_forest.cc:881] Train tree 103/240  [index:102 total:59.45s tree:19.89s]
I0000 00:00:1790139979.619718   58096 random_forest.cc:881] Train tree 155/240  [index:163 total:1m19.46s tree:19.69s]
I0000 00:00:1790139999.690257   58117 random_forest.cc:881] Train tree 204/240  [index:210 total:1m39.53s tree:19.88s]
I0000 00:00:1790140000.473245   57966 random_forest.cc:899] random_forest.cc Training block took: 100.317 s
W0000 00:00:1790140000.473278   57966 random_forest.cc:1220] EXITING EARLY TO SPEED UP EXPERIMENTS!
RESULT dataset=SUSY_with_header threshold=2000 median=100.317s stddev=N/As n=1


======== Threshold 2500 ========

./bazel-bin/examples/train_oblique_forest --input_mode csv --train_csv "benchmarks/data/SUSY_with_header.csv" --label_col "class" --num_trees=240 --dynamic_split_threshold=2500 --feature_split_type Oblique --numerical_split_type "Dynamic Random Histogram" --histogram_num_bins 256
----- Run 1/1 -----
WARNING: All log messages before absl::InitializeLog() is called are written to STDERR
I0000 00:00:1790140003.248405   58169 train_oblique_forest.cc:1101] Loading CSV in a single pass: benchmarks/data/SUSY_with_header.csv
I0000 00:00:1790140003.594816   58169 train_oblique_forest.cc:1108] Single-pass CSV load complete: 5000000 rows, 19 columns.
I0000 00:00:1790140003.594879   58169 train_oblique_forest.cc:1229] -1 (automatic) threads requested. 48 threads set.
I0000 00:00:1790140003.594888   58169 train_oblique_forest.cc:1304] Configuring oblique splits
I0000 00:00:1790140003.594890   58169 train_oblique_forest.cc:1313] dynamic_split_threshold = 2500 (from flag)
I0000 00:00:1790140003.594892   58169 train_oblique_forest.cc:1398] Using Dynamic Random Histogram with 256 samples
I0000 00:00:1790140003.594900   58169 train_oblique_forest.cc:1428] train_oblique_forest wall-time - Loading/Init (pre-train): 0.346519s
I0000 00:00:1790140003.594958   58169 abstract_learner.cc:171] No input feature explicitly specified. Using all the available input features.
I0000 00:00:1790140003.594960   58169 abstract_learner.cc:185] The label "class" was removed from the input feature set.
I0000 00:00:1790140003.594969   58169 random_forest.cc:534] Training random forest on 5000000 example(s) and 18 feature(s).
I0000 00:00:1790140003.594977   58169 gpu.cc:93] Cannot initialize GPU: Not compiled with GPU support
I0000 00:00:1790140003.595535   58169 random_forest.cc:663] num_threads being used: 48
I0000 00:00:1790140023.115591   58318 random_forest.cc:881] Train tree 1/240  [index:33 total:19.52s tree:19.52s]
I0000 00:00:1790140043.133564   58340 random_forest.cc:881] Train tree 50/240  [index:62 total:39.54s tree:19.55s]
I0000 00:00:1790140063.169408   58309 random_forest.cc:881] Train tree 100/240  [index:106 total:59.57s tree:19.73s]
I0000 00:00:1790140083.202775   58326 random_forest.cc:881] Train tree 149/240  [index:150 total:1m19.61s tree:19.89s]
I0000 00:00:1790140103.363247   58336 random_forest.cc:881] Train tree 198/240  [index:203 total:1m39.77s tree:19.87s]
I0000 00:00:1790140104.581676   58169 random_forest.cc:899] random_forest.cc Training block took: 100.987 s
W0000 00:00:1790140104.581712   58169 random_forest.cc:1220] EXITING EARLY TO SPEED UP EXPERIMENTS!
RESULT dataset=SUSY_with_header threshold=2500 median=100.987s stddev=N/As n=1


======== Threshold 3000 ========

./bazel-bin/examples/train_oblique_forest --input_mode csv --train_csv "benchmarks/data/SUSY_with_header.csv" --label_col "class" --num_trees=240 --dynamic_split_threshold=3000 --feature_split_type Oblique --numerical_split_type "Dynamic Random Histogram" --histogram_num_bins 256
----- Run 1/1 -----
WARNING: All log messages before absl::InitializeLog() is called are written to STDERR
I0000 00:00:1790140107.362749   58370 train_oblique_forest.cc:1101] Loading CSV in a single pass: benchmarks/data/SUSY_with_header.csv
I0000 00:00:1790140107.703501   58370 train_oblique_forest.cc:1108] Single-pass CSV load complete: 5000000 rows, 19 columns.
I0000 00:00:1790140107.703562   58370 train_oblique_forest.cc:1229] -1 (automatic) threads requested. 48 threads set.
I0000 00:00:1790140107.703571   58370 train_oblique_forest.cc:1304] Configuring oblique splits
I0000 00:00:1790140107.703573   58370 train_oblique_forest.cc:1313] dynamic_split_threshold = 3000 (from flag)
I0000 00:00:1790140107.703575   58370 train_oblique_forest.cc:1398] Using Dynamic Random Histogram with 256 samples
I0000 00:00:1790140107.703583   58370 train_oblique_forest.cc:1428] train_oblique_forest wall-time - Loading/Init (pre-train): 0.340858s
I0000 00:00:1790140107.703640   58370 abstract_learner.cc:171] No input feature explicitly specified. Using all the available input features.
I0000 00:00:1790140107.703642   58370 abstract_learner.cc:185] The label "class" was removed from the input feature set.
I0000 00:00:1790140107.703651   58370 random_forest.cc:534] Training random forest on 5000000 example(s) and 18 feature(s).
I0000 00:00:1790140107.703658   58370 gpu.cc:93] Cannot initialize GPU: Not compiled with GPU support
I0000 00:00:1790140107.704211   58370 random_forest.cc:663] num_threads being used: 48
I0000 00:00:1790140127.422485   58532 random_forest.cc:881] Train tree 1/240  [index:3 total:19.72s tree:19.72s]
I0000 00:00:1790140147.448358   58544 random_forest.cc:881] Train tree 50/240  [index:54 total:39.74s tree:19.77s]
I0000 00:00:1790140167.486099   58500 random_forest.cc:881] Train tree 100/240  [index:115 total:59.78s tree:19.66s]
I0000 00:00:1790140187.509377   58513 random_forest.cc:881] Train tree 147/240  [index:144 total:1m19.81s tree:20.25s]
I0000 00:00:1790140207.531284   58532 random_forest.cc:881] Train tree 194/240  [index:202 total:1m39.83s tree:19.85s]
I0000 00:00:1790140208.844203   58370 random_forest.cc:899] random_forest.cc Training block took: 101.141 s
W0000 00:00:1790140208.844240   58370 random_forest.cc:1220] EXITING EARLY TO SPEED UP EXPERIMENTS!
RESULT dataset=SUSY_with_header threshold=3000 median=101.141s stddev=N/As n=1


======== Threshold 3500 ========

./bazel-bin/examples/train_oblique_forest --input_mode csv --train_csv "benchmarks/data/SUSY_with_header.csv" --label_col "class" --num_trees=240 --dynamic_split_threshold=3500 --feature_split_type Oblique --numerical_split_type "Dynamic Random Histogram" --histogram_num_bins 256
----- Run 1/1 -----
WARNING: All log messages before absl::InitializeLog() is called are written to STDERR
I0000 00:00:1790140211.619221   58574 train_oblique_forest.cc:1101] Loading CSV in a single pass: benchmarks/data/SUSY_with_header.csv
I0000 00:00:1790140211.959918   58574 train_oblique_forest.cc:1108] Single-pass CSV load complete: 5000000 rows, 19 columns.
I0000 00:00:1790140211.959979   58574 train_oblique_forest.cc:1229] -1 (automatic) threads requested. 48 threads set.
I0000 00:00:1790140211.959989   58574 train_oblique_forest.cc:1304] Configuring oblique splits
I0000 00:00:1790140211.959991   58574 train_oblique_forest.cc:1313] dynamic_split_threshold = 3500 (from flag)
I0000 00:00:1790140211.959993   58574 train_oblique_forest.cc:1398] Using Dynamic Random Histogram with 256 samples
I0000 00:00:1790140211.960002   58574 train_oblique_forest.cc:1428] train_oblique_forest wall-time - Loading/Init (pre-train): 0.340805s
I0000 00:00:1790140211.960060   58574 abstract_learner.cc:171] No input feature explicitly specified. Using all the available input features.
I0000 00:00:1790140211.960063   58574 abstract_learner.cc:185] The label "class" was removed from the input feature set.
I0000 00:00:1790140211.960073   58574 random_forest.cc:534] Training random forest on 5000000 example(s) and 18 feature(s).
I0000 00:00:1790140211.960081   58574 gpu.cc:93] Cannot initialize GPU: Not compiled with GPU support
I0000 00:00:1790140211.960641   58574 random_forest.cc:663] num_threads being used: 48
I0000 00:00:1790140231.745941   58716 random_forest.cc:881] Train tree 1/240  [index:19 total:19.79s tree:19.78s]
I0000 00:00:1790140251.834261   58712 random_forest.cc:881] Train tree 51/240  [index:51 total:39.87s tree:19.91s]
I0000 00:00:1790140271.871619   58736 random_forest.cc:881] Train tree 101/240  [index:105 total:59.91s tree:19.88s]
I0000 00:00:1790140291.931120   58726 random_forest.cc:881] Train tree 148/240  [index:145 total:1m19.97s tree:20.26s]
I0000 00:00:1790140312.003986   58738 random_forest.cc:881] Train tree 198/240  [index:201 total:1m40.04s tree:19.87s]
I0000 00:00:1790140313.538148   58574 random_forest.cc:899] random_forest.cc Training block took: 101.578 s
W0000 00:00:1790140313.538184   58574 random_forest.cc:1220] EXITING EARLY TO SPEED UP EXPERIMENTS!
RESULT dataset=SUSY_with_header threshold=3500 median=101.578s stddev=N/As n=1


======== Threshold 4000 ========

./bazel-bin/examples/train_oblique_forest --input_mode csv --train_csv "benchmarks/data/SUSY_with_header.csv" --label_col "class" --num_trees=240 --dynamic_split_threshold=4000 --feature_split_type Oblique --numerical_split_type "Dynamic Random Histogram" --histogram_num_bins 256
----- Run 1/1 -----
WARNING: All log messages before absl::InitializeLog() is called are written to STDERR
I0000 00:00:1790140316.402254   58783 train_oblique_forest.cc:1101] Loading CSV in a single pass: benchmarks/data/SUSY_with_header.csv
I0000 00:00:1790140316.745533   58783 train_oblique_forest.cc:1108] Single-pass CSV load complete: 5000000 rows, 19 columns.
I0000 00:00:1790140316.745595   58783 train_oblique_forest.cc:1229] -1 (automatic) threads requested. 48 threads set.
I0000 00:00:1790140316.745604   58783 train_oblique_forest.cc:1304] Configuring oblique splits
I0000 00:00:1790140316.745605   58783 train_oblique_forest.cc:1313] dynamic_split_threshold = 4000 (from flag)
I0000 00:00:1790140316.745607   58783 train_oblique_forest.cc:1398] Using Dynamic Random Histogram with 256 samples
I0000 00:00:1790140316.745616   58783 train_oblique_forest.cc:1428] train_oblique_forest wall-time - Loading/Init (pre-train): 0.343384s
I0000 00:00:1790140316.745672   58783 abstract_learner.cc:171] No input feature explicitly specified. Using all the available input features.
I0000 00:00:1790140316.745675   58783 abstract_learner.cc:185] The label "class" was removed from the input feature set.
I0000 00:00:1790140316.745685   58783 random_forest.cc:534] Training random forest on 5000000 example(s) and 18 feature(s).
I0000 00:00:1790140316.745692   58783 gpu.cc:93] Cannot initialize GPU: Not compiled with GPU support
I0000 00:00:1790140316.746243   58783 random_forest.cc:663] num_threads being used: 48
I0000 00:00:1790140336.502462   58933 random_forest.cc:881] Train tree 1/240  [index:36 total:19.76s tree:19.75s]
I0000 00:00:1790140356.594095   58941 random_forest.cc:881] Train tree 52/240  [index:49 total:39.85s tree:20.06s]
I0000 00:00:1790140376.696177   58921 random_forest.cc:881] Train tree 100/240  [index:116 total:59.95s tree:19.63s]
I0000 00:00:1790140396.747368   58943 random_forest.cc:881] Train tree 147/240  [index:145 total:1m20.00s tree:20.29s]
I0000 00:00:1790140416.751729   58943 random_forest.cc:881] Train tree 194/240  [index:194 total:1m40.01s tree:20.00s]
I0000 00:00:1790140418.454192   58783 random_forest.cc:899] random_forest.cc Training block took: 101.709 s
W0000 00:00:1790140418.454227   58783 random_forest.cc:1220] EXITING EARLY TO SPEED UP EXPERIMENTS!
RESULT dataset=SUSY_with_header threshold=4000 median=101.709s stddev=N/As n=1


======== Threshold 4500 ========

./bazel-bin/examples/train_oblique_forest --input_mode csv --train_csv "benchmarks/data/SUSY_with_header.csv" --label_col "class" --num_trees=240 --dynamic_split_threshold=4500 --feature_split_type Oblique --numerical_split_type "Dynamic Random Histogram" --histogram_num_bins 256
----- Run 1/1 -----
WARNING: All log messages before absl::InitializeLog() is called are written to STDERR
I0000 00:00:1790140421.217545   58984 train_oblique_forest.cc:1101] Loading CSV in a single pass: benchmarks/data/SUSY_with_header.csv
I0000 00:00:1790140421.558750   58984 train_oblique_forest.cc:1108] Single-pass CSV load complete: 5000000 rows, 19 columns.
I0000 00:00:1790140421.558809   58984 train_oblique_forest.cc:1229] -1 (automatic) threads requested. 48 threads set.
I0000 00:00:1790140421.558818   58984 train_oblique_forest.cc:1304] Configuring oblique splits
I0000 00:00:1790140421.558820   58984 train_oblique_forest.cc:1313] dynamic_split_threshold = 4500 (from flag)
I0000 00:00:1790140421.558822   58984 train_oblique_forest.cc:1398] Using Dynamic Random Histogram with 256 samples
I0000 00:00:1790140421.558831   58984 train_oblique_forest.cc:1428] train_oblique_forest wall-time - Loading/Init (pre-train): 0.341307s
I0000 00:00:1790140421.558886   58984 abstract_learner.cc:171] No input feature explicitly specified. Using all the available input features.
I0000 00:00:1790140421.558888   58984 abstract_learner.cc:185] The label "class" was removed from the input feature set.
I0000 00:00:1790140421.558898   58984 random_forest.cc:534] Training random forest on 5000000 example(s) and 18 feature(s).
I0000 00:00:1790140421.558906   58984 gpu.cc:93] Cannot initialize GPU: Not compiled with GPU support
I0000 00:00:1790140421.559466   58984 random_forest.cc:663] num_threads being used: 48
I0000 00:00:1790140441.404964   59137 random_forest.cc:881] Train tree 1/240  [index:33 total:19.85s tree:19.84s]
I0000 00:00:1790140461.411338   59125 random_forest.cc:881] Train tree 50/240  [index:53 total:39.85s tree:19.84s]
I0000 00:00:1790140481.554397   59125 random_forest.cc:881] Train tree 98/240  [index:97 total:59.99s tree:20.14s]
I0000 00:00:1790140501.715519   59125 random_forest.cc:881] Train tree 146/240  [index:145 total:1m20.16s tree:20.16s]
I0000 00:00:1790140521.775776   59126 random_forest.cc:881] Train tree 195/240  [index:192 total:1m40.22s tree:20.26s]
I0000 00:00:1790140523.210814   58984 random_forest.cc:899] random_forest.cc Training block took: 101.652 s
W0000 00:00:1790140523.210848   58984 random_forest.cc:1220] EXITING EARLY TO SPEED UP EXPERIMENTS!
RESULT dataset=SUSY_with_header threshold=4500 median=101.652s stddev=N/As n=1


======== Threshold 5000 ========

./bazel-bin/examples/train_oblique_forest --input_mode csv --train_csv "benchmarks/data/SUSY_with_header.csv" --label_col "class" --num_trees=240 --dynamic_split_threshold=5000 --feature_split_type Oblique --numerical_split_type "Dynamic Random Histogram" --histogram_num_bins 256
----- Run 1/1 -----
WARNING: All log messages before absl::InitializeLog() is called are written to STDERR
I0000 00:00:1790140525.968942   59186 train_oblique_forest.cc:1101] Loading CSV in a single pass: benchmarks/data/SUSY_with_header.csv
I0000 00:00:1790140526.309603   59186 train_oblique_forest.cc:1108] Single-pass CSV load complete: 5000000 rows, 19 columns.
I0000 00:00:1790140526.309663   59186 train_oblique_forest.cc:1229] -1 (automatic) threads requested. 48 threads set.
I0000 00:00:1790140526.309672   59186 train_oblique_forest.cc:1304] Configuring oblique splits
I0000 00:00:1790140526.309674   59186 train_oblique_forest.cc:1313] dynamic_split_threshold = 5000 (from flag)
I0000 00:00:1790140526.309677   59186 train_oblique_forest.cc:1398] Using Dynamic Random Histogram with 256 samples
I0000 00:00:1790140526.309686   59186 train_oblique_forest.cc:1428] train_oblique_forest wall-time - Loading/Init (pre-train): 0.340767s
I0000 00:00:1790140526.309744   59186 abstract_learner.cc:171] No input feature explicitly specified. Using all the available input features.
I0000 00:00:1790140526.309745   59186 abstract_learner.cc:185] The label "class" was removed from the input feature set.
I0000 00:00:1790140526.309755   59186 random_forest.cc:534] Training random forest on 5000000 example(s) and 18 feature(s).
I0000 00:00:1790140526.309763   59186 gpu.cc:93] Cannot initialize GPU: Not compiled with GPU support
I0000 00:00:1790140526.310332   59186 random_forest.cc:663] num_threads being used: 48
I0000 00:00:1790140546.037374   59345 random_forest.cc:881] Train tree 1/240  [index:33 total:19.73s tree:19.72s]
I0000 00:00:1790140566.342547   59355 random_forest.cc:881] Train tree 50/240  [index:49 total:40.03s tree:20.21s]
I0000 00:00:1790140586.355000   59317 random_forest.cc:881] Train tree 97/240  [index:98 total:1m0.04s tree:20.01s]
I0000 00:00:1790140606.475986   59340 random_forest.cc:881] Train tree 145/240  [index:147 total:1m20.17s tree:19.86s]
I0000 00:00:1790140626.775407   59340 random_forest.cc:881] Train tree 193/240  [index:192 total:1m40.47s tree:20.30s]
I0000 00:00:1790140628.172061   59186 random_forest.cc:899] random_forest.cc Training block took: 101.862 s
W0000 00:00:1790140628.172095   59186 random_forest.cc:1220] EXITING EARLY TO SPEED UP EXPERIMENTS!
RESULT dataset=SUSY_with_header threshold=5000 median=101.862s stddev=N/As n=1


======== Threshold 6000 ========

./bazel-bin/examples/train_oblique_forest --input_mode csv --train_csv "benchmarks/data/SUSY_with_header.csv" --label_col "class" --num_trees=240 --dynamic_split_threshold=6000 --feature_split_type Oblique --numerical_split_type "Dynamic Random Histogram" --histogram_num_bins 256
----- Run 1/1 -----
WARNING: All log messages before absl::InitializeLog() is called are written to STDERR
I0000 00:00:1790140631.060849   59395 train_oblique_forest.cc:1101] Loading CSV in a single pass: benchmarks/data/SUSY_with_header.csv
I0000 00:00:1790140631.404260   59395 train_oblique_forest.cc:1108] Single-pass CSV load complete: 5000000 rows, 19 columns.
I0000 00:00:1790140631.404322   59395 train_oblique_forest.cc:1229] -1 (automatic) threads requested. 48 threads set.
I0000 00:00:1790140631.404331   59395 train_oblique_forest.cc:1304] Configuring oblique splits
I0000 00:00:1790140631.404333   59395 train_oblique_forest.cc:1313] dynamic_split_threshold = 6000 (from flag)
I0000 00:00:1790140631.404341   59395 train_oblique_forest.cc:1398] Using Dynamic Random Histogram with 256 samples
I0000 00:00:1790140631.404350   59395 train_oblique_forest.cc:1428] train_oblique_forest wall-time - Loading/Init (pre-train): 0.343523s
I0000 00:00:1790140631.404406   59395 abstract_learner.cc:171] No input feature explicitly specified. Using all the available input features.
I0000 00:00:1790140631.404409   59395 abstract_learner.cc:185] The label "class" was removed from the input feature set.
I0000 00:00:1790140631.404418   59395 random_forest.cc:534] Training random forest on 5000000 example(s) and 18 feature(s).
I0000 00:00:1790140631.404426   59395 gpu.cc:93] Cannot initialize GPU: Not compiled with GPU support
I0000 00:00:1790140631.404978   59395 random_forest.cc:663] num_threads being used: 48
I0000 00:00:1790140651.359224   59523 random_forest.cc:881] Train tree 1/240  [index:19 total:19.95s tree:19.95s]
I0000 00:00:1790140671.377977   59537 random_forest.cc:881] Train tree 50/240  [index:52 total:39.97s tree:19.89s]
I0000 00:00:1790140691.565861   59550 random_forest.cc:881] Train tree 97/240  [index:96 total:1m0.16s tree:20.30s]
I0000 00:00:1790140711.910281   59523 random_forest.cc:881] Train tree 145/240  [index:150 total:1m20.51s tree:19.98s]
I0000 00:00:1790140732.018532   59537 random_forest.cc:881] Train tree 193/240  [index:193 total:1m40.61s tree:20.08s]
I0000 00:00:1790140733.794377   59395 random_forest.cc:899] random_forest.cc Training block took: 102.39 s
W0000 00:00:1790140733.794412   59395 random_forest.cc:1220] EXITING EARLY TO SPEED UP EXPERIMENTS!
RESULT dataset=SUSY_with_header threshold=6000 median=102.39s stddev=N/As n=1


======== Threshold 7000 ========

./bazel-bin/examples/train_oblique_forest --input_mode csv --train_csv "benchmarks/data/SUSY_with_header.csv" --label_col "class" --num_trees=240 --dynamic_split_threshold=7000 --feature_split_type Oblique --numerical_split_type "Dynamic Random Histogram" --histogram_num_bins 256
----- Run 1/1 -----
WARNING: All log messages before absl::InitializeLog() is called are written to STDERR
I0000 00:00:1790140736.562898   59595 train_oblique_forest.cc:1101] Loading CSV in a single pass: benchmarks/data/SUSY_with_header.csv
I0000 00:00:1790140736.905506   59595 train_oblique_forest.cc:1108] Single-pass CSV load complete: 5000000 rows, 19 columns.
I0000 00:00:1790140736.905567   59595 train_oblique_forest.cc:1229] -1 (automatic) threads requested. 48 threads set.
I0000 00:00:1790140736.905576   59595 train_oblique_forest.cc:1304] Configuring oblique splits
I0000 00:00:1790140736.905578   59595 train_oblique_forest.cc:1313] dynamic_split_threshold = 7000 (from flag)
I0000 00:00:1790140736.905580   59595 train_oblique_forest.cc:1398] Using Dynamic Random Histogram with 256 samples
I0000 00:00:1790140736.905589   59595 train_oblique_forest.cc:1428] train_oblique_forest wall-time - Loading/Init (pre-train): 0.342713s
I0000 00:00:1790140736.905646   59595 abstract_learner.cc:171] No input feature explicitly specified. Using all the available input features.
I0000 00:00:1790140736.905648   59595 abstract_learner.cc:185] The label "class" was removed from the input feature set.
I0000 00:00:1790140736.905658   59595 random_forest.cc:534] Training random forest on 5000000 example(s) and 18 feature(s).
I0000 00:00:1790140736.905667   59595 gpu.cc:93] Cannot initialize GPU: Not compiled with GPU support
I0000 00:00:1790140736.906220   59595 random_forest.cc:663] num_threads being used: 48
I0000 00:00:1790140756.850226   59748 random_forest.cc:881] Train tree 1/240  [index:33 total:19.94s tree:19.94s]
I0000 00:00:1790140776.965326   59758 random_forest.cc:881] Train tree 49/240  [index:54 total:40.06s tree:19.87s]
I0000 00:00:1790140797.231896   59758 random_forest.cc:881] Train tree 97/240  [index:96 total:1m0.33s tree:20.27s]
I0000 00:00:1790140817.738441   59730 random_forest.cc:881] Train tree 145/240  [index:149 total:1m20.83s tree:20.22s]
I0000 00:00:1790140838.040876   59767 random_forest.cc:881] Train tree 193/240  [index:193 total:1m41.13s tree:20.29s]
I0000 00:00:1790140839.827364   59595 random_forest.cc:899] random_forest.cc Training block took: 102.922 s
W0000 00:00:1790140839.827400   59595 random_forest.cc:1220] EXITING EARLY TO SPEED UP EXPERIMENTS!
RESULT dataset=SUSY_with_header threshold=7000 median=102.922s stddev=N/As n=1


======== Threshold 8000 ========

./bazel-bin/examples/train_oblique_forest --input_mode csv --train_csv "benchmarks/data/SUSY_with_header.csv" --label_col "class" --num_trees=240 --dynamic_split_threshold=8000 --feature_split_type Oblique --numerical_split_type "Dynamic Random Histogram" --histogram_num_bins 256
----- Run 1/1 -----
WARNING: All log messages before absl::InitializeLog() is called are written to STDERR
I0000 00:00:1790140842.596199   59829 train_oblique_forest.cc:1101] Loading CSV in a single pass: benchmarks/data/SUSY_with_header.csv
I0000 00:00:1790140842.942379   59829 train_oblique_forest.cc:1108] Single-pass CSV load complete: 5000000 rows, 19 columns.
I0000 00:00:1790140842.942439   59829 train_oblique_forest.cc:1229] -1 (automatic) threads requested. 48 threads set.
I0000 00:00:1790140842.942449   59829 train_oblique_forest.cc:1304] Configuring oblique splits
I0000 00:00:1790140842.942450   59829 train_oblique_forest.cc:1313] dynamic_split_threshold = 8000 (from flag)
I0000 00:00:1790140842.942452   59829 train_oblique_forest.cc:1398] Using Dynamic Random Histogram with 256 samples
I0000 00:00:1790140842.942461   59829 train_oblique_forest.cc:1428] train_oblique_forest wall-time - Loading/Init (pre-train): 0.346286s
I0000 00:00:1790140842.942518   59829 abstract_learner.cc:171] No input feature explicitly specified. Using all the available input features.
I0000 00:00:1790140842.942520   59829 abstract_learner.cc:185] The label "class" was removed from the input feature set.
I0000 00:00:1790140842.942530   59829 random_forest.cc:534] Training random forest on 5000000 example(s) and 18 feature(s).
I0000 00:00:1790140842.942538   59829 gpu.cc:93] Cannot initialize GPU: Not compiled with GPU support
I0000 00:00:1790140842.943089   59829 random_forest.cc:663] num_threads being used: 48
I0000 00:00:1790140862.985005   59992 random_forest.cc:881] Train tree 1/240  [index:43 total:20.04s tree:20.04s]
I0000 00:00:1790140883.050068   59961 random_forest.cc:881] Train tree 49/240  [index:53 total:40.11s tree:19.91s]
I0000 00:00:1790140903.500074   59961 random_forest.cc:881] Train tree 97/240  [index:96 total:1m0.56s tree:20.45s]
I0000 00:00:1790140923.883713   59978 random_forest.cc:881] Train tree 145/240  [index:150 total:1m20.94s tree:19.90s]
I0000 00:00:1790140944.183918   59982 random_forest.cc:881] Train tree 193/240  [index:193 total:1m41.24s tree:20.24s]
I0000 00:00:1790140946.129581   59829 random_forest.cc:899] random_forest.cc Training block took: 103.187 s
W0000 00:00:1790140946.129615   59829 random_forest.cc:1220] EXITING EARLY TO SPEED UP EXPERIMENTS!
RESULT dataset=SUSY_with_header threshold=8000 median=103.187s stddev=N/As n=1


======== Threshold 9000 ========

./bazel-bin/examples/train_oblique_forest --input_mode csv --train_csv "benchmarks/data/SUSY_with_header.csv" --label_col "class" --num_trees=240 --dynamic_split_threshold=9000 --feature_split_type Oblique --numerical_split_type "Dynamic Random Histogram" --histogram_num_bins 256
----- Run 1/1 -----
WARNING: All log messages before absl::InitializeLog() is called are written to STDERR
I0000 00:00:1790140948.893581   60031 train_oblique_forest.cc:1101] Loading CSV in a single pass: benchmarks/data/SUSY_with_header.csv
I0000 00:00:1790140949.234211   60031 train_oblique_forest.cc:1108] Single-pass CSV load complete: 5000000 rows, 19 columns.
I0000 00:00:1790140949.234272   60031 train_oblique_forest.cc:1229] -1 (automatic) threads requested. 48 threads set.
I0000 00:00:1790140949.234282   60031 train_oblique_forest.cc:1304] Configuring oblique splits
I0000 00:00:1790140949.234283   60031 train_oblique_forest.cc:1313] dynamic_split_threshold = 9000 (from flag)
I0000 00:00:1790140949.234285   60031 train_oblique_forest.cc:1398] Using Dynamic Random Histogram with 256 samples
I0000 00:00:1790140949.234294   60031 train_oblique_forest.cc:1428] train_oblique_forest wall-time - Loading/Init (pre-train): 0.340738s
I0000 00:00:1790140949.234358   60031 abstract_learner.cc:171] No input feature explicitly specified. Using all the available input features.
I0000 00:00:1790140949.234360   60031 abstract_learner.cc:185] The label "class" was removed from the input feature set.
I0000 00:00:1790140949.234370   60031 random_forest.cc:534] Training random forest on 5000000 example(s) and 18 feature(s).
I0000 00:00:1790140949.234377   60031 gpu.cc:93] Cannot initialize GPU: Not compiled with GPU support
I0000 00:00:1790140949.234927   60031 random_forest.cc:663] num_threads being used: 48
I0000 00:00:1790140969.410956   60162 random_forest.cc:881] Train tree 1/240  [index:19 total:20.18s tree:20.17s]
I0000 00:00:1790140989.531766   60159 random_forest.cc:881] Train tree 49/240  [index:62 total:40.30s tree:19.77s]
I0000 00:00:1790141009.837036   60159 random_forest.cc:881] Train tree 97/240  [index:96 total:1m0.60s tree:20.31s]
I0000 00:00:1790141030.474063   60159 random_forest.cc:881] Train tree 145/240  [index:144 total:1m21.24s tree:20.64s]
I0000 00:00:1790141051.171429   60159 random_forest.cc:881] Train tree 193/240  [index:192 total:1m41.94s tree:20.70s]
I0000 00:00:1790141053.425615   60031 random_forest.cc:899] random_forest.cc Training block took: 104.191 s
W0000 00:00:1790141053.425650   60031 random_forest.cc:1220] EXITING EARLY TO SPEED UP EXPERIMENTS!
RESULT dataset=SUSY_with_header threshold=9000 median=104.191s stddev=N/As n=1


======== Threshold 10000 ========

./bazel-bin/examples/train_oblique_forest --input_mode csv --train_csv "benchmarks/data/SUSY_with_header.csv" --label_col "class" --num_trees=240 --dynamic_split_threshold=10000 --feature_split_type Oblique --numerical_split_type "Dynamic Random Histogram" --histogram_num_bins 256
----- Run 1/1 -----
WARNING: All log messages before absl::InitializeLog() is called are written to STDERR
I0000 00:00:1790141056.194227   60233 train_oblique_forest.cc:1101] Loading CSV in a single pass: benchmarks/data/SUSY_with_header.csv
I0000 00:00:1790141056.537680   60233 train_oblique_forest.cc:1108] Single-pass CSV load complete: 5000000 rows, 19 columns.
I0000 00:00:1790141056.537739   60233 train_oblique_forest.cc:1229] -1 (automatic) threads requested. 48 threads set.
I0000 00:00:1790141056.537748   60233 train_oblique_forest.cc:1304] Configuring oblique splits
I0000 00:00:1790141056.537750   60233 train_oblique_forest.cc:1313] dynamic_split_threshold = 10000 (from flag)
I0000 00:00:1790141056.537752   60233 train_oblique_forest.cc:1398] Using Dynamic Random Histogram with 256 samples
I0000 00:00:1790141056.537761   60233 train_oblique_forest.cc:1428] train_oblique_forest wall-time - Loading/Init (pre-train): 0.343556s
I0000 00:00:1790141056.537816   60233 abstract_learner.cc:171] No input feature explicitly specified. Using all the available input features.
I0000 00:00:1790141056.537818   60233 abstract_learner.cc:185] The label "class" was removed from the input feature set.
I0000 00:00:1790141056.537827   60233 random_forest.cc:534] Training random forest on 5000000 example(s) and 18 feature(s).
I0000 00:00:1790141056.537835   60233 gpu.cc:93] Cannot initialize GPU: Not compiled with GPU support
I0000 00:00:1790141056.538397   60233 random_forest.cc:663] num_threads being used: 48
I0000 00:00:1790141076.533018   60388 random_forest.cc:881] Train tree 1/240  [index:38 total:19.99s tree:19.99s]
I0000 00:00:1790141096.951784   60388 random_forest.cc:881] Train tree 49/240  [index:48 total:40.41s tree:20.42s]
I0000 00:00:1790141117.335377   60378 random_forest.cc:881] Train tree 97/240  [index:104 total:1m0.80s tree:20.08s]
I0000 00:00:1790141138.002767   60378 random_forest.cc:881] Train tree 145/240  [index:144 total:1m21.46s tree:20.67s]
I0000 00:00:1790141158.583648   60397 random_forest.cc:881] Train tree 193/240  [index:193 total:1m42.05s tree:20.55s]
I0000 00:00:1790141160.154503   60233 random_forest.cc:899] random_forest.cc Training block took: 103.617 s
W0000 00:00:1790141160.154536   60233 random_forest.cc:1220] EXITING EARLY TO SPEED UP EXPERIMENTS!
RESULT dataset=SUSY_with_header threshold=10000 median=103.617s stddev=N/As n=1
