==== PROVENANCE ====
date_utc: 2026-09-22T17:48:41Z
git_sha: 7c2cef51
git_branch: rebased-main
machine: Intel(R) Xeon(R) Platinum 8488C (nproc=48)
machine_serial: ec2345d6-e74b-012e-4435-8c757e5c589e
compiler: Intel(R) oneAPI DPC++/C++ Compiler 2025.2.1 (2025.2.0.20250806)
EXTRA_BAZEL_CONFIGS: <none>
EXTRA_TRAIN_ARGS: --feature_split_type Oblique --numerical_split_type "Dynamic Random Histogram" --histogram_num_bins 64
NUM_TREES_DIVISOR: 1
NUM_TREES: 240  NUM_RUNS: 1
DYNAMIC_SPLIT_THRESHOLDS: 100 200 300 400 500 600 700 800 900 1000 1200 1400 1600 1800 2000 2500 3000 3500 4000 4500 5000 6000 7000 8000 9000 10000
CSV_DATASETS: benchmarks/data/youtube8m/youtube8m_video_train.csv|class  TRUNK_DATASETS: <none>
====================


======== DYNAMIC THRESHOLD SWEEP  configs: <none>  args: --feature_split_type Oblique --numerical_split_type "Dynamic Random Histogram" --histogram_num_bins 64 ========



======== Threshold 100 ========

./bazel-bin/examples/train_oblique_forest --input_mode csv --train_csv "benchmarks/data/youtube8m/youtube8m_video_train.csv" --label_col "class" --num_trees=240 --dynamic_split_threshold=100 --feature_split_type Oblique --numerical_split_type "Dynamic Random Histogram" --histogram_num_bins 64
----- Run 1/1 -----
WARNING: All log messages before absl::InitializeLog() is called are written to STDERR
I0000 00:00:1790099321.867213   18468 train_oblique_forest.cc:1101] Loading CSV in a single pass: benchmarks/data/youtube8m/youtube8m_video_train.csv
I0000 00:00:1790099329.303253   18468 train_oblique_forest.cc:1108] Single-pass CSV load complete: 3888919 rows, 1153 columns.
I0000 00:00:1790099329.303314   18468 train_oblique_forest.cc:1229] -1 (automatic) threads requested. 48 threads set.
I0000 00:00:1790099329.303323   18468 train_oblique_forest.cc:1304] Configuring oblique splits
I0000 00:00:1790099329.303325   18468 train_oblique_forest.cc:1313] dynamic_split_threshold = 100 (from flag)
I0000 00:00:1790099329.303327   18468 train_oblique_forest.cc:1398] Using Dynamic Random Histogram with 64 samples
I0000 00:00:1790099329.303339   18468 train_oblique_forest.cc:1428] train_oblique_forest wall-time - Loading/Init (pre-train): 7.43615s
I0000 00:00:1790099329.303450   18468 abstract_learner.cc:171] No input feature explicitly specified. Using all the available input features.
I0000 00:00:1790099329.303455   18468 abstract_learner.cc:185] The label "class" was removed from the input feature set.
I0000 00:00:1790099329.303657   18468 random_forest.cc:534] Training random forest on 3888919 example(s) and 1152 feature(s).
I0000 00:00:1790099329.303699   18468 gpu.cc:93] Cannot initialize GPU: Not compiled with GPU support
I0000 00:00:1790099329.304343   18468 random_forest.cc:663] num_threads being used: 48
I0000 00:00:1790099402.272670   18655 random_forest.cc:881] Train tree 1/240  [index:22 total:1m12.97s tree:1m12.96s]
I0000 00:00:1790099474.353271   18613 random_forest.cc:881] Train tree 49/240  [index:55 total:2m25.05s tree:1m11.29s]
I0000 00:00:1790099549.173649   18613 random_forest.cc:881] Train tree 97/240  [index:96 total:3m39.87s tree:1m14.82s]
I0000 00:00:1790099623.040368   18655 random_forest.cc:881] Train tree 145/240  [index:148 total:4m53.74s tree:1m12.57s]
I0000 00:00:1790099696.479816   18637 random_forest.cc:881] Train tree 193/240  [index:193 total:6m7.18s tree:1m13.36s]
I0000 00:00:1790099708.542631   18468 random_forest.cc:899] random_forest.cc Training block took: 379.239 s
W0000 00:00:1790099708.542671   18468 random_forest.cc:1220] EXITING EARLY TO SPEED UP EXPERIMENTS!
RESULT dataset=youtube8m_video_train threshold=100 median=379.239s stddev=N/As n=1


======== Threshold 200 ========

./bazel-bin/examples/train_oblique_forest --input_mode csv --train_csv "benchmarks/data/youtube8m/youtube8m_video_train.csv" --label_col "class" --num_trees=240 --dynamic_split_threshold=200 --feature_split_type Oblique --numerical_split_type "Dynamic Random Histogram" --histogram_num_bins 64
----- Run 1/1 -----
WARNING: All log messages before absl::InitializeLog() is called are written to STDERR
I0000 00:00:1790099709.831082   18768 train_oblique_forest.cc:1101] Loading CSV in a single pass: benchmarks/data/youtube8m/youtube8m_video_train.csv
I0000 00:00:1790099717.490109   18768 train_oblique_forest.cc:1108] Single-pass CSV load complete: 3888919 rows, 1153 columns.
I0000 00:00:1790099717.490171   18768 train_oblique_forest.cc:1229] -1 (automatic) threads requested. 48 threads set.
I0000 00:00:1790099717.490180   18768 train_oblique_forest.cc:1304] Configuring oblique splits
I0000 00:00:1790099717.490182   18768 train_oblique_forest.cc:1313] dynamic_split_threshold = 200 (from flag)
I0000 00:00:1790099717.490184   18768 train_oblique_forest.cc:1398] Using Dynamic Random Histogram with 64 samples
I0000 00:00:1790099717.490193   18768 train_oblique_forest.cc:1428] train_oblique_forest wall-time - Loading/Init (pre-train): 7.65913s
I0000 00:00:1790099717.490299   18768 abstract_learner.cc:171] No input feature explicitly specified. Using all the available input features.
I0000 00:00:1790099717.490307   18768 abstract_learner.cc:185] The label "class" was removed from the input feature set.
I0000 00:00:1790099717.490503   18768 random_forest.cc:534] Training random forest on 3888919 example(s) and 1152 feature(s).
I0000 00:00:1790099717.490546   18768 gpu.cc:93] Cannot initialize GPU: Not compiled with GPU support
I0000 00:00:1790099717.491177   18768 random_forest.cc:663] num_threads being used: 48
I0000 00:00:1790099790.189609   18971 random_forest.cc:881] Train tree 1/240  [index:0 total:1m12.70s tree:1m12.70s]
I0000 00:00:1790099861.941234   18947 random_forest.cc:881] Train tree 49/240  [index:52 total:2m24.45s tree:1m11.31s]
I0000 00:00:1790099933.196271   18947 random_forest.cc:881] Train tree 97/240  [index:96 total:3m35.71s tree:1m11.25s]
I0000 00:00:1790100007.804464   18946 random_forest.cc:881] Train tree 145/240  [index:160 total:4m50.31s tree:1m9.51s]
I0000 00:00:1790100079.150624   18941 random_forest.cc:881] Train tree 193/240  [index:193 total:6m1.66s tree:1m11.08s]
I0000 00:00:1790100092.391093   18768 random_forest.cc:899] random_forest.cc Training block took: 374.901 s
W0000 00:00:1790100092.391131   18768 random_forest.cc:1220] EXITING EARLY TO SPEED UP EXPERIMENTS!
RESULT dataset=youtube8m_video_train threshold=200 median=374.901s stddev=N/As n=1


======== Threshold 300 ========

./bazel-bin/examples/train_oblique_forest --input_mode csv --train_csv "benchmarks/data/youtube8m/youtube8m_video_train.csv" --label_col "class" --num_trees=240 --dynamic_split_threshold=300 --feature_split_type Oblique --numerical_split_type "Dynamic Random Histogram" --histogram_num_bins 64
----- Run 1/1 -----
WARNING: All log messages before absl::InitializeLog() is called are written to STDERR
I0000 00:00:1790100093.677087   19018 train_oblique_forest.cc:1101] Loading CSV in a single pass: benchmarks/data/youtube8m/youtube8m_video_train.csv
I0000 00:00:1790100101.332204   19018 train_oblique_forest.cc:1108] Single-pass CSV load complete: 3888919 rows, 1153 columns.
I0000 00:00:1790100101.332267   19018 train_oblique_forest.cc:1229] -1 (automatic) threads requested. 48 threads set.
I0000 00:00:1790100101.332276   19018 train_oblique_forest.cc:1304] Configuring oblique splits
I0000 00:00:1790100101.332278   19018 train_oblique_forest.cc:1313] dynamic_split_threshold = 300 (from flag)
I0000 00:00:1790100101.332280   19018 train_oblique_forest.cc:1398] Using Dynamic Random Histogram with 64 samples
I0000 00:00:1790100101.332288   19018 train_oblique_forest.cc:1428] train_oblique_forest wall-time - Loading/Init (pre-train): 7.65522s
I0000 00:00:1790100101.332401   19018 abstract_learner.cc:171] No input feature explicitly specified. Using all the available input features.
I0000 00:00:1790100101.332406   19018 abstract_learner.cc:185] The label "class" was removed from the input feature set.
I0000 00:00:1790100101.332600   19018 random_forest.cc:534] Training random forest on 3888919 example(s) and 1152 feature(s).
I0000 00:00:1790100101.332642   19018 gpu.cc:93] Cannot initialize GPU: Not compiled with GPU support
I0000 00:00:1790100101.333274   19018 random_forest.cc:663] num_threads being used: 48
I0000 00:00:1790100174.304677   19180 random_forest.cc:881] Train tree 1/240  [index:7 total:1m12.97s tree:1m12.97s]
I0000 00:00:1790100245.919318   19185 random_forest.cc:881] Train tree 49/240  [index:69 total:2m24.59s tree:1m10.24s]
I0000 00:00:1790100319.798965   19185 random_forest.cc:881] Train tree 97/240  [index:96 total:3m38.47s tree:1m13.88s]
I0000 00:00:1790100393.627037   19176 random_forest.cc:881] Train tree 145/240  [index:145 total:4m52.29s tree:1m13.55s]
I0000 00:00:1790100467.033559   19211 random_forest.cc:881] Train tree 193/240  [index:193 total:6m5.70s tree:1m13.04s]
I0000 00:00:1790100478.538031   19018 random_forest.cc:899] random_forest.cc Training block took: 377.206 s
W0000 00:00:1790100478.538070   19018 random_forest.cc:1220] EXITING EARLY TO SPEED UP EXPERIMENTS!
RESULT dataset=youtube8m_video_train threshold=300 median=377.206s stddev=N/As n=1


======== Threshold 400 ========

./bazel-bin/examples/train_oblique_forest --input_mode csv --train_csv "benchmarks/data/youtube8m/youtube8m_video_train.csv" --label_col "class" --num_trees=240 --dynamic_split_threshold=400 --feature_split_type Oblique --numerical_split_type "Dynamic Random Histogram" --histogram_num_bins 64
----- Run 1/1 -----
WARNING: All log messages before absl::InitializeLog() is called are written to STDERR
I0000 00:00:1790100479.804741   19257 train_oblique_forest.cc:1101] Loading CSV in a single pass: benchmarks/data/youtube8m/youtube8m_video_train.csv
I0000 00:00:1790100487.377650   19257 train_oblique_forest.cc:1108] Single-pass CSV load complete: 3888919 rows, 1153 columns.
I0000 00:00:1790100487.377713   19257 train_oblique_forest.cc:1229] -1 (automatic) threads requested. 48 threads set.
I0000 00:00:1790100487.377723   19257 train_oblique_forest.cc:1304] Configuring oblique splits
I0000 00:00:1790100487.377725   19257 train_oblique_forest.cc:1313] dynamic_split_threshold = 400 (from flag)
I0000 00:00:1790100487.377726   19257 train_oblique_forest.cc:1398] Using Dynamic Random Histogram with 64 samples
I0000 00:00:1790100487.377735   19257 train_oblique_forest.cc:1428] train_oblique_forest wall-time - Loading/Init (pre-train): 7.57302s
I0000 00:00:1790100487.377844   19257 abstract_learner.cc:171] No input feature explicitly specified. Using all the available input features.
I0000 00:00:1790100487.377849   19257 abstract_learner.cc:185] The label "class" was removed from the input feature set.
I0000 00:00:1790100487.378041   19257 random_forest.cc:534] Training random forest on 3888919 example(s) and 1152 feature(s).
I0000 00:00:1790100487.378081   19257 gpu.cc:93] Cannot initialize GPU: Not compiled with GPU support
I0000 00:00:1790100487.378711   19257 random_forest.cc:663] num_threads being used: 48
I0000 00:00:1790100559.332603   19415 random_forest.cc:881] Train tree 1/240  [index:7 total:1m11.95s tree:1m11.95s]
I0000 00:00:1790100632.504561   19415 random_forest.cc:881] Train tree 49/240  [index:48 total:2m25.13s tree:1m13.17s]
I0000 00:00:1790100705.809103   19456 random_forest.cc:881] Train tree 97/240  [index:113 total:3m38.43s tree:1m11.03s]
I0000 00:00:1790100779.034619   19415 random_forest.cc:881] Train tree 145/240  [index:146 total:4m51.66s tree:1m12.61s]
I0000 00:00:1790100851.981700   19446 random_forest.cc:881] Train tree 193/240  [index:193 total:6m4.60s tree:1m12.90s]
I0000 00:00:1790100863.605031   19257 random_forest.cc:899] random_forest.cc Training block took: 376.227 s
W0000 00:00:1790100863.605071   19257 random_forest.cc:1220] EXITING EARLY TO SPEED UP EXPERIMENTS!
RESULT dataset=youtube8m_video_train threshold=400 median=376.227s stddev=N/As n=1


======== Threshold 500 ========

./bazel-bin/examples/train_oblique_forest --input_mode csv --train_csv "benchmarks/data/youtube8m/youtube8m_video_train.csv" --label_col "class" --num_trees=240 --dynamic_split_threshold=500 --feature_split_type Oblique --numerical_split_type "Dynamic Random Histogram" --histogram_num_bins 64
----- Run 1/1 -----
WARNING: All log messages before absl::InitializeLog() is called are written to STDERR
I0000 00:00:1790100864.873583   19509 train_oblique_forest.cc:1101] Loading CSV in a single pass: benchmarks/data/youtube8m/youtube8m_video_train.csv
I0000 00:00:1790100872.533231   19509 train_oblique_forest.cc:1108] Single-pass CSV load complete: 3888919 rows, 1153 columns.
I0000 00:00:1790100872.533295   19509 train_oblique_forest.cc:1229] -1 (automatic) threads requested. 48 threads set.
I0000 00:00:1790100872.533304   19509 train_oblique_forest.cc:1304] Configuring oblique splits
I0000 00:00:1790100872.533306   19509 train_oblique_forest.cc:1313] dynamic_split_threshold = 500 (from flag)
I0000 00:00:1790100872.533308   19509 train_oblique_forest.cc:1398] Using Dynamic Random Histogram with 64 samples
I0000 00:00:1790100872.533316   19509 train_oblique_forest.cc:1428] train_oblique_forest wall-time - Loading/Init (pre-train): 7.65976s
I0000 00:00:1790100872.533428   19509 abstract_learner.cc:171] No input feature explicitly specified. Using all the available input features.
I0000 00:00:1790100872.533433   19509 abstract_learner.cc:185] The label "class" was removed from the input feature set.
I0000 00:00:1790100872.533634   19509 random_forest.cc:534] Training random forest on 3888919 example(s) and 1152 feature(s).
I0000 00:00:1790100872.533677   19509 gpu.cc:93] Cannot initialize GPU: Not compiled with GPU support
I0000 00:00:1790100872.534308   19509 random_forest.cc:663] num_threads being used: 48
I0000 00:00:1790100944.564230   19710 random_forest.cc:881] Train tree 1/240  [index:32 total:1m12.03s tree:1m12.03s]
I0000 00:00:1790101017.472257   19677 random_forest.cc:881] Train tree 49/240  [index:51 total:2m24.94s tree:1m12.58s]
I0000 00:00:1790101089.956457   19677 random_forest.cc:881] Train tree 97/240  [index:96 total:3m37.42s tree:1m12.48s]
I0000 00:00:1790101163.465359   19701 random_forest.cc:881] Train tree 145/240  [index:160 total:4m50.93s tree:1m10.03s]
I0000 00:00:1790101236.043428   19682 random_forest.cc:881] Train tree 193/240  [index:193 total:6m3.51s tree:1m12.16s]
I0000 00:00:1790101247.361251   19509 random_forest.cc:899] random_forest.cc Training block took: 374.828 s
W0000 00:00:1790101247.361292   19509 random_forest.cc:1220] EXITING EARLY TO SPEED UP EXPERIMENTS!
RESULT dataset=youtube8m_video_train threshold=500 median=374.828s stddev=N/As n=1


======== Threshold 600 ========

./bazel-bin/examples/train_oblique_forest --input_mode csv --train_csv "benchmarks/data/youtube8m/youtube8m_video_train.csv" --label_col "class" --num_trees=240 --dynamic_split_threshold=600 --feature_split_type Oblique --numerical_split_type "Dynamic Random Histogram" --histogram_num_bins 64
----- Run 1/1 -----
WARNING: All log messages before absl::InitializeLog() is called are written to STDERR
I0000 00:00:1790101248.630977   19797 train_oblique_forest.cc:1101] Loading CSV in a single pass: benchmarks/data/youtube8m/youtube8m_video_train.csv
I0000 00:00:1790101256.148750   19797 train_oblique_forest.cc:1108] Single-pass CSV load complete: 3888919 rows, 1153 columns.
I0000 00:00:1790101256.148810   19797 train_oblique_forest.cc:1229] -1 (automatic) threads requested. 48 threads set.
I0000 00:00:1790101256.148819   19797 train_oblique_forest.cc:1304] Configuring oblique splits
I0000 00:00:1790101256.148821   19797 train_oblique_forest.cc:1313] dynamic_split_threshold = 600 (from flag)
I0000 00:00:1790101256.148823   19797 train_oblique_forest.cc:1398] Using Dynamic Random Histogram with 64 samples
I0000 00:00:1790101256.148832   19797 train_oblique_forest.cc:1428] train_oblique_forest wall-time - Loading/Init (pre-train): 7.51788s
I0000 00:00:1790101256.148939   19797 abstract_learner.cc:171] No input feature explicitly specified. Using all the available input features.
I0000 00:00:1790101256.148945   19797 abstract_learner.cc:185] The label "class" was removed from the input feature set.
I0000 00:00:1790101256.149139   19797 random_forest.cc:534] Training random forest on 3888919 example(s) and 1152 feature(s).
I0000 00:00:1790101256.149181   19797 gpu.cc:93] Cannot initialize GPU: Not compiled with GPU support
I0000 00:00:1790101256.149820   19797 random_forest.cc:663] num_threads being used: 48
I0000 00:00:1790101327.570185   19994 random_forest.cc:881] Train tree 1/240  [index:42 total:1m11.42s tree:1m11.42s]
I0000 00:00:1790101401.173573   19954 random_forest.cc:881] Train tree 49/240  [index:55 total:2m25.02s tree:1m11.72s]
I0000 00:00:1790101475.118839   19954 random_forest.cc:881] Train tree 97/240  [index:96 total:3m38.97s tree:1m13.95s]
I0000 00:00:1790101548.743552   19999 random_forest.cc:881] Train tree 145/240  [index:160 total:4m52.59s tree:1m9.84s]
I0000 00:00:1790101620.308103   19998 random_forest.cc:881] Train tree 193/240  [index:193 total:6m4.16s tree:1m11.53s]
I0000 00:00:1790101632.860279   19797 random_forest.cc:899] random_forest.cc Training block took: 376.711 s
W0000 00:00:1790101632.860316   19797 random_forest.cc:1220] EXITING EARLY TO SPEED UP EXPERIMENTS!
RESULT dataset=youtube8m_video_train threshold=600 median=376.711s stddev=N/As n=1


======== Threshold 700 ========

./bazel-bin/examples/train_oblique_forest --input_mode csv --train_csv "benchmarks/data/youtube8m/youtube8m_video_train.csv" --label_col "class" --num_trees=240 --dynamic_split_threshold=700 --feature_split_type Oblique --numerical_split_type "Dynamic Random Histogram" --histogram_num_bins 64
----- Run 1/1 -----
WARNING: All log messages before absl::InitializeLog() is called are written to STDERR
I0000 00:00:1790101634.121949   20037 train_oblique_forest.cc:1101] Loading CSV in a single pass: benchmarks/data/youtube8m/youtube8m_video_train.csv
I0000 00:00:1790101641.639172   20037 train_oblique_forest.cc:1108] Single-pass CSV load complete: 3888919 rows, 1153 columns.
I0000 00:00:1790101641.639234   20037 train_oblique_forest.cc:1229] -1 (automatic) threads requested. 48 threads set.
I0000 00:00:1790101641.639243   20037 train_oblique_forest.cc:1304] Configuring oblique splits
I0000 00:00:1790101641.639245   20037 train_oblique_forest.cc:1313] dynamic_split_threshold = 700 (from flag)
I0000 00:00:1790101641.639246   20037 train_oblique_forest.cc:1398] Using Dynamic Random Histogram with 64 samples
I0000 00:00:1790101641.639255   20037 train_oblique_forest.cc:1428] train_oblique_forest wall-time - Loading/Init (pre-train): 7.51733s
I0000 00:00:1790101641.639369   20037 abstract_learner.cc:171] No input feature explicitly specified. Using all the available input features.
I0000 00:00:1790101641.639375   20037 abstract_learner.cc:185] The label "class" was removed from the input feature set.
I0000 00:00:1790101641.639570   20037 random_forest.cc:534] Training random forest on 3888919 example(s) and 1152 feature(s).
I0000 00:00:1790101641.639610   20037 gpu.cc:93] Cannot initialize GPU: Not compiled with GPU support
I0000 00:00:1790101641.640244   20037 random_forest.cc:663] num_threads being used: 48
I0000 00:00:1790101713.919681   20235 random_forest.cc:881] Train tree 1/240  [index:28 total:1m12.28s tree:1m12.27s]
I0000 00:00:1790101787.922401   20225 random_forest.cc:881] Train tree 49/240  [index:49 total:2m26.28s tree:1m13.26s]
I0000 00:00:1790101860.398357   20238 random_forest.cc:881] Train tree 97/240  [index:97 total:3m38.76s tree:1m11.94s]
I0000 00:00:1790101933.711560   20238 random_forest.cc:881] Train tree 145/240  [index:144 total:4m52.07s tree:1m13.31s]
I0000 00:00:1790102007.471249   20206 random_forest.cc:881] Train tree 193/240  [index:193 total:6m5.83s tree:1m12.79s]
I0000 00:00:1790102018.541649   20037 random_forest.cc:899] random_forest.cc Training block took: 376.902 s
W0000 00:00:1790102018.541687   20037 random_forest.cc:1220] EXITING EARLY TO SPEED UP EXPERIMENTS!
RESULT dataset=youtube8m_video_train threshold=700 median=376.902s stddev=N/As n=1


======== Threshold 800 ========

./bazel-bin/examples/train_oblique_forest --input_mode csv --train_csv "benchmarks/data/youtube8m/youtube8m_video_train.csv" --label_col "class" --num_trees=240 --dynamic_split_threshold=800 --feature_split_type Oblique --numerical_split_type "Dynamic Random Histogram" --histogram_num_bins 64
----- Run 1/1 -----
WARNING: All log messages before absl::InitializeLog() is called are written to STDERR
I0000 00:00:1790102019.813138   20287 train_oblique_forest.cc:1101] Loading CSV in a single pass: benchmarks/data/youtube8m/youtube8m_video_train.csv
I0000 00:00:1790102027.321114   20287 train_oblique_forest.cc:1108] Single-pass CSV load complete: 3888919 rows, 1153 columns.
I0000 00:00:1790102027.321174   20287 train_oblique_forest.cc:1229] -1 (automatic) threads requested. 48 threads set.
I0000 00:00:1790102027.321184   20287 train_oblique_forest.cc:1304] Configuring oblique splits
I0000 00:00:1790102027.321186   20287 train_oblique_forest.cc:1313] dynamic_split_threshold = 800 (from flag)
I0000 00:00:1790102027.321188   20287 train_oblique_forest.cc:1398] Using Dynamic Random Histogram with 64 samples
I0000 00:00:1790102027.321197   20287 train_oblique_forest.cc:1428] train_oblique_forest wall-time - Loading/Init (pre-train): 7.50808s
I0000 00:00:1790102027.321309   20287 abstract_learner.cc:171] No input feature explicitly specified. Using all the available input features.
I0000 00:00:1790102027.321314   20287 abstract_learner.cc:185] The label "class" was removed from the input feature set.
I0000 00:00:1790102027.321513   20287 random_forest.cc:534] Training random forest on 3888919 example(s) and 1152 feature(s).
I0000 00:00:1790102027.321554   20287 gpu.cc:93] Cannot initialize GPU: Not compiled with GPU support
I0000 00:00:1790102027.322186   20287 random_forest.cc:663] num_threads being used: 48
I0000 00:00:1790102100.567778   20486 random_forest.cc:881] Train tree 1/240  [index:20 total:1m13.25s tree:1m13.24s]
I0000 00:00:1790102173.595518   20457 random_forest.cc:881] Train tree 49/240  [index:52 total:2m26.27s tree:1m12.62s]
I0000 00:00:1790102246.260755   20457 random_forest.cc:881] Train tree 97/240  [index:96 total:3m38.94s tree:1m12.67s]
I0000 00:00:1790102320.291077   20446 random_forest.cc:881] Train tree 145/240  [index:160 total:4m52.97s tree:1m10.32s]
I0000 00:00:1790102393.779981   20457 random_forest.cc:881] Train tree 193/240  [index:193 total:6m6.46s tree:1m13.26s]
I0000 00:00:1790102404.825023   20287 random_forest.cc:899] random_forest.cc Training block took: 377.504 s
W0000 00:00:1790102404.825062   20287 random_forest.cc:1220] EXITING EARLY TO SPEED UP EXPERIMENTS!
RESULT dataset=youtube8m_video_train threshold=800 median=377.504s stddev=N/As n=1


======== Threshold 900 ========

./bazel-bin/examples/train_oblique_forest --input_mode csv --train_csv "benchmarks/data/youtube8m/youtube8m_video_train.csv" --label_col "class" --num_trees=240 --dynamic_split_threshold=900 --feature_split_type Oblique --numerical_split_type "Dynamic Random Histogram" --histogram_num_bins 64
----- Run 1/1 -----
WARNING: All log messages before absl::InitializeLog() is called are written to STDERR
I0000 00:00:1790102406.088074   20531 train_oblique_forest.cc:1101] Loading CSV in a single pass: benchmarks/data/youtube8m/youtube8m_video_train.csv
I0000 00:00:1790102413.618109   20531 train_oblique_forest.cc:1108] Single-pass CSV load complete: 3888919 rows, 1153 columns.
I0000 00:00:1790102413.618175   20531 train_oblique_forest.cc:1229] -1 (automatic) threads requested. 48 threads set.
I0000 00:00:1790102413.618185   20531 train_oblique_forest.cc:1304] Configuring oblique splits
I0000 00:00:1790102413.618186   20531 train_oblique_forest.cc:1313] dynamic_split_threshold = 900 (from flag)
I0000 00:00:1790102413.618188   20531 train_oblique_forest.cc:1398] Using Dynamic Random Histogram with 64 samples
I0000 00:00:1790102413.618197   20531 train_oblique_forest.cc:1428] train_oblique_forest wall-time - Loading/Init (pre-train): 7.53015s
I0000 00:00:1790102413.618305   20531 abstract_learner.cc:171] No input feature explicitly specified. Using all the available input features.
I0000 00:00:1790102413.618310   20531 abstract_learner.cc:185] The label "class" was removed from the input feature set.
I0000 00:00:1790102413.618505   20531 random_forest.cc:534] Training random forest on 3888919 example(s) and 1152 feature(s).
I0000 00:00:1790102413.618547   20531 gpu.cc:93] Cannot initialize GPU: Not compiled with GPU support
I0000 00:00:1790102413.619173   20531 random_forest.cc:663] num_threads being used: 48
I0000 00:00:1790102486.467867   20709 random_forest.cc:881] Train tree 1/240  [index:28 total:1m12.85s tree:1m12.84s]
I0000 00:00:1790102559.582026   20700 random_forest.cc:881] Train tree 49/240  [index:55 total:2m25.96s tree:1m12.45s]
I0000 00:00:1790102631.967670   20725 random_forest.cc:881] Train tree 97/240  [index:97 total:3m38.35s tree:1m11.71s]
I0000 00:00:1790102705.863448   20710 random_forest.cc:881] Train tree 145/240  [index:157 total:4m52.24s tree:1m11.02s]
I0000 00:00:1790102780.185738   20724 random_forest.cc:881] Train tree 193/240  [index:193 total:6m6.57s tree:1m13.17s]
I0000 00:00:1790102790.313247   20531 random_forest.cc:899] random_forest.cc Training block took: 376.695 s
W0000 00:00:1790102790.313285   20531 random_forest.cc:1220] EXITING EARLY TO SPEED UP EXPERIMENTS!
RESULT dataset=youtube8m_video_train threshold=900 median=376.695s stddev=N/As n=1


======== Threshold 1000 ========

./bazel-bin/examples/train_oblique_forest --input_mode csv --train_csv "benchmarks/data/youtube8m/youtube8m_video_train.csv" --label_col "class" --num_trees=240 --dynamic_split_threshold=1000 --feature_split_type Oblique --numerical_split_type "Dynamic Random Histogram" --histogram_num_bins 64
----- Run 1/1 -----
WARNING: All log messages before absl::InitializeLog() is called are written to STDERR
I0000 00:00:1790102791.585207   20780 train_oblique_forest.cc:1101] Loading CSV in a single pass: benchmarks/data/youtube8m/youtube8m_video_train.csv
I0000 00:00:1790102799.082185   20780 train_oblique_forest.cc:1108] Single-pass CSV load complete: 3888919 rows, 1153 columns.
I0000 00:00:1790102799.082246   20780 train_oblique_forest.cc:1229] -1 (automatic) threads requested. 48 threads set.
I0000 00:00:1790102799.082256   20780 train_oblique_forest.cc:1304] Configuring oblique splits
I0000 00:00:1790102799.082258   20780 train_oblique_forest.cc:1313] dynamic_split_threshold = 1000 (from flag)
I0000 00:00:1790102799.082259   20780 train_oblique_forest.cc:1398] Using Dynamic Random Histogram with 64 samples
I0000 00:00:1790102799.082269   20780 train_oblique_forest.cc:1428] train_oblique_forest wall-time - Loading/Init (pre-train): 7.49709s
I0000 00:00:1790102799.082380   20780 abstract_learner.cc:171] No input feature explicitly specified. Using all the available input features.
I0000 00:00:1790102799.082385   20780 abstract_learner.cc:185] The label "class" was removed from the input feature set.
I0000 00:00:1790102799.082578   20780 random_forest.cc:534] Training random forest on 3888919 example(s) and 1152 feature(s).
I0000 00:00:1790102799.082621   20780 gpu.cc:93] Cannot initialize GPU: Not compiled with GPU support
I0000 00:00:1790102799.083247   20780 random_forest.cc:663] num_threads being used: 48
I0000 00:00:1790102871.359763   20941 random_forest.cc:881] Train tree 1/240  [index:6 total:1m12.28s tree:1m12.28s]
I0000 00:00:1790102944.133301   20941 random_forest.cc:881] Train tree 49/240  [index:48 total:2m25.05s tree:1m12.77s]
I0000 00:00:1790103017.546152   20941 random_forest.cc:881] Train tree 97/240  [index:96 total:3m38.46s tree:1m13.41s]
I0000 00:00:1790103090.901938   20941 random_forest.cc:881] Train tree 145/240  [index:144 total:4m51.82s tree:1m13.36s]
I0000 00:00:1790103164.944706   20937 random_forest.cc:881] Train tree 193/240  [index:193 total:6m5.86s tree:1m12.41s]
I0000 00:00:1790103175.857854   20780 random_forest.cc:899] random_forest.cc Training block took: 376.776 s
W0000 00:00:1790103175.857892   20780 random_forest.cc:1220] EXITING EARLY TO SPEED UP EXPERIMENTS!
RESULT dataset=youtube8m_video_train threshold=1000 median=376.776s stddev=N/As n=1


======== Threshold 1200 ========

./bazel-bin/examples/train_oblique_forest --input_mode csv --train_csv "benchmarks/data/youtube8m/youtube8m_video_train.csv" --label_col "class" --num_trees=240 --dynamic_split_threshold=1200 --feature_split_type Oblique --numerical_split_type "Dynamic Random Histogram" --histogram_num_bins 64
----- Run 1/1 -----
WARNING: All log messages before absl::InitializeLog() is called are written to STDERR
I0000 00:00:1790103177.123505   21057 train_oblique_forest.cc:1101] Loading CSV in a single pass: benchmarks/data/youtube8m/youtube8m_video_train.csv
I0000 00:00:1790103184.667069   21057 train_oblique_forest.cc:1108] Single-pass CSV load complete: 3888919 rows, 1153 columns.
I0000 00:00:1790103184.667132   21057 train_oblique_forest.cc:1229] -1 (automatic) threads requested. 48 threads set.
I0000 00:00:1790103184.667143   21057 train_oblique_forest.cc:1304] Configuring oblique splits
I0000 00:00:1790103184.667145   21057 train_oblique_forest.cc:1313] dynamic_split_threshold = 1200 (from flag)
I0000 00:00:1790103184.667148   21057 train_oblique_forest.cc:1398] Using Dynamic Random Histogram with 64 samples
I0000 00:00:1790103184.667156   21057 train_oblique_forest.cc:1428] train_oblique_forest wall-time - Loading/Init (pre-train): 7.54367s
I0000 00:00:1790103184.667263   21057 abstract_learner.cc:171] No input feature explicitly specified. Using all the available input features.
I0000 00:00:1790103184.667271   21057 abstract_learner.cc:185] The label "class" was removed from the input feature set.
I0000 00:00:1790103184.667469   21057 random_forest.cc:534] Training random forest on 3888919 example(s) and 1152 feature(s).
I0000 00:00:1790103184.667513   21057 gpu.cc:93] Cannot initialize GPU: Not compiled with GPU support
I0000 00:00:1790103184.668142   21057 random_forest.cc:663] num_threads being used: 48
I0000 00:00:1790103257.523662   21254 random_forest.cc:881] Train tree 1/240  [index:35 total:1m12.86s tree:1m12.85s]
I0000 00:00:1790103330.800188   21213 random_forest.cc:881] Train tree 49/240  [index:55 total:2m26.13s tree:1m12.74s]
I0000 00:00:1790103404.887601   21230 random_forest.cc:881] Train tree 97/240  [index:98 total:3m40.22s tree:1m13.32s]
I0000 00:00:1790103477.964225   21219 random_forest.cc:881] Train tree 145/240  [index:160 total:4m53.30s tree:1m10.62s]
I0000 00:00:1790103552.482152   21230 random_forest.cc:881] Train tree 193/240  [index:197 total:6m7.81s tree:1m12.87s]
I0000 00:00:1790103563.947653   21057 random_forest.cc:899] random_forest.cc Training block took: 379.28 s
W0000 00:00:1790103563.947691   21057 random_forest.cc:1220] EXITING EARLY TO SPEED UP EXPERIMENTS!
RESULT dataset=youtube8m_video_train threshold=1200 median=379.28s stddev=N/As n=1


======== Threshold 1400 ========

./bazel-bin/examples/train_oblique_forest --input_mode csv --train_csv "benchmarks/data/youtube8m/youtube8m_video_train.csv" --label_col "class" --num_trees=240 --dynamic_split_threshold=1400 --feature_split_type Oblique --numerical_split_type "Dynamic Random Histogram" --histogram_num_bins 64
----- Run 1/1 -----
WARNING: All log messages before absl::InitializeLog() is called are written to STDERR
I0000 00:00:1790103565.210687   21310 train_oblique_forest.cc:1101] Loading CSV in a single pass: benchmarks/data/youtube8m/youtube8m_video_train.csv
I0000 00:00:1790103572.767442   21310 train_oblique_forest.cc:1108] Single-pass CSV load complete: 3888919 rows, 1153 columns.
I0000 00:00:1790103572.767506   21310 train_oblique_forest.cc:1229] -1 (automatic) threads requested. 48 threads set.
I0000 00:00:1790103572.767515   21310 train_oblique_forest.cc:1304] Configuring oblique splits
I0000 00:00:1790103572.767517   21310 train_oblique_forest.cc:1313] dynamic_split_threshold = 1400 (from flag)
I0000 00:00:1790103572.767519   21310 train_oblique_forest.cc:1398] Using Dynamic Random Histogram with 64 samples
I0000 00:00:1790103572.767528   21310 train_oblique_forest.cc:1428] train_oblique_forest wall-time - Loading/Init (pre-train): 7.55687s
I0000 00:00:1790103572.767635   21310 abstract_learner.cc:171] No input feature explicitly specified. Using all the available input features.
I0000 00:00:1790103572.767640   21310 abstract_learner.cc:185] The label "class" was removed from the input feature set.
I0000 00:00:1790103572.767835   21310 random_forest.cc:534] Training random forest on 3888919 example(s) and 1152 feature(s).
I0000 00:00:1790103572.767878   21310 gpu.cc:93] Cannot initialize GPU: Not compiled with GPU support
I0000 00:00:1790103572.768515   21310 random_forest.cc:663] num_threads being used: 48
I0000 00:00:1790103645.346580   21508 random_forest.cc:881] Train tree 1/240  [index:23 total:1m12.58s tree:1m12.57s]
I0000 00:00:1790103718.788047   21496 random_forest.cc:881] Train tree 49/240  [index:55 total:2m26.02s tree:1m12.45s]
I0000 00:00:1790103792.939986   21474 random_forest.cc:881] Train tree 97/240  [index:112 total:3m40.17s tree:1m11.87s]
I0000 00:00:1790103865.665646   21504 random_forest.cc:881] Train tree 145/240  [index:145 total:4m52.90s tree:1m12.63s]
I0000 00:00:1790103938.476446   21492 random_forest.cc:881] Train tree 193/240  [index:193 total:6m5.71s tree:1m12.36s]
I0000 00:00:1790103953.596420   21310 random_forest.cc:899] random_forest.cc Training block took: 380.829 s
W0000 00:00:1790103953.596457   21310 random_forest.cc:1220] EXITING EARLY TO SPEED UP EXPERIMENTS!
RESULT dataset=youtube8m_video_train threshold=1400 median=380.829s stddev=N/As n=1


======== Threshold 1600 ========

./bazel-bin/examples/train_oblique_forest --input_mode csv --train_csv "benchmarks/data/youtube8m/youtube8m_video_train.csv" --label_col "class" --num_trees=240 --dynamic_split_threshold=1600 --feature_split_type Oblique --numerical_split_type "Dynamic Random Histogram" --histogram_num_bins 64
----- Run 1/1 -----
WARNING: All log messages before absl::InitializeLog() is called are written to STDERR
I0000 00:00:1790103954.856706   21558 train_oblique_forest.cc:1101] Loading CSV in a single pass: benchmarks/data/youtube8m/youtube8m_video_train.csv
I0000 00:00:1790103962.322585   21558 train_oblique_forest.cc:1108] Single-pass CSV load complete: 3888919 rows, 1153 columns.
I0000 00:00:1790103962.322648   21558 train_oblique_forest.cc:1229] -1 (automatic) threads requested. 48 threads set.
I0000 00:00:1790103962.322658   21558 train_oblique_forest.cc:1304] Configuring oblique splits
I0000 00:00:1790103962.322660   21558 train_oblique_forest.cc:1313] dynamic_split_threshold = 1600 (from flag)
I0000 00:00:1790103962.322662   21558 train_oblique_forest.cc:1398] Using Dynamic Random Histogram with 64 samples
I0000 00:00:1790103962.322670   21558 train_oblique_forest.cc:1428] train_oblique_forest wall-time - Loading/Init (pre-train): 7.46599s
I0000 00:00:1790103962.322780   21558 abstract_learner.cc:171] No input feature explicitly specified. Using all the available input features.
I0000 00:00:1790103962.322786   21558 abstract_learner.cc:185] The label "class" was removed from the input feature set.
I0000 00:00:1790103962.322982   21558 random_forest.cc:534] Training random forest on 3888919 example(s) and 1152 feature(s).
I0000 00:00:1790103962.323025   21558 gpu.cc:93] Cannot initialize GPU: Not compiled with GPU support
I0000 00:00:1790103962.323666   21558 random_forest.cc:663] num_threads being used: 48
I0000 00:00:1790104034.708306   21742 random_forest.cc:881] Train tree 1/240  [index:42 total:1m12.38s tree:1m12.38s]
I0000 00:00:1790104107.628860   21750 random_forest.cc:881] Train tree 49/240  [index:55 total:2m25.31s tree:1m11.51s]
I0000 00:00:1790104180.302709   21750 random_forest.cc:881] Train tree 97/240  [index:96 total:3m37.98s tree:1m12.67s]
I0000 00:00:1790104256.311429   21738 random_forest.cc:881] Train tree 145/240  [index:145 total:4m53.99s tree:1m14.06s]
I0000 00:00:1790104328.857523   21750 random_forest.cc:881] Train tree 193/240  [index:193 total:6m6.53s tree:1m12.50s]
I0000 00:00:1790104340.175063   21558 random_forest.cc:899] random_forest.cc Training block took: 377.852 s
W0000 00:00:1790104340.175102   21558 random_forest.cc:1220] EXITING EARLY TO SPEED UP EXPERIMENTS!
RESULT dataset=youtube8m_video_train threshold=1600 median=377.852s stddev=N/As n=1


======== Threshold 1800 ========

./bazel-bin/examples/train_oblique_forest --input_mode csv --train_csv "benchmarks/data/youtube8m/youtube8m_video_train.csv" --label_col "class" --num_trees=240 --dynamic_split_threshold=1800 --feature_split_type Oblique --numerical_split_type "Dynamic Random Histogram" --histogram_num_bins 64
----- Run 1/1 -----
WARNING: All log messages before absl::InitializeLog() is called are written to STDERR
I0000 00:00:1790104341.436294   21812 train_oblique_forest.cc:1101] Loading CSV in a single pass: benchmarks/data/youtube8m/youtube8m_video_train.csv
I0000 00:00:1790104348.896014   21812 train_oblique_forest.cc:1108] Single-pass CSV load complete: 3888919 rows, 1153 columns.
I0000 00:00:1790104348.896075   21812 train_oblique_forest.cc:1229] -1 (automatic) threads requested. 48 threads set.
I0000 00:00:1790104348.896084   21812 train_oblique_forest.cc:1304] Configuring oblique splits
I0000 00:00:1790104348.896086   21812 train_oblique_forest.cc:1313] dynamic_split_threshold = 1800 (from flag)
I0000 00:00:1790104348.896088   21812 train_oblique_forest.cc:1398] Using Dynamic Random Histogram with 64 samples
I0000 00:00:1790104348.896098   21812 train_oblique_forest.cc:1428] train_oblique_forest wall-time - Loading/Init (pre-train): 7.45983s
I0000 00:00:1790104348.896206   21812 abstract_learner.cc:171] No input feature explicitly specified. Using all the available input features.
I0000 00:00:1790104348.896210   21812 abstract_learner.cc:185] The label "class" was removed from the input feature set.
I0000 00:00:1790104348.896410   21812 random_forest.cc:534] Training random forest on 3888919 example(s) and 1152 feature(s).
I0000 00:00:1790104348.896452   21812 gpu.cc:93] Cannot initialize GPU: Not compiled with GPU support
I0000 00:00:1790104348.897088   21812 random_forest.cc:663] num_threads being used: 48
I0000 00:00:1790104419.900963   22012 random_forest.cc:881] Train tree 1/240  [index:42 total:1m11.00s tree:1m11.00s]
I0000 00:00:1790104495.410116   22012 random_forest.cc:881] Train tree 49/240  [index:48 total:2m26.51s tree:1m15.51s]
I0000 00:00:1790104569.540987   22006 random_forest.cc:881] Train tree 97/240  [index:107 total:3m40.64s tree:1m11.89s]
I0000 00:00:1790104643.126496   21969 random_forest.cc:881] Train tree 145/240  [index:157 total:4m54.23s tree:1m11.22s]
I0000 00:00:1790104717.253486   21996 random_forest.cc:881] Train tree 193/240  [index:194 total:6m8.36s tree:1m13.83s]
I0000 00:00:1790104726.634540   21812 random_forest.cc:899] random_forest.cc Training block took: 377.738 s
W0000 00:00:1790104726.634576   21812 random_forest.cc:1220] EXITING EARLY TO SPEED UP EXPERIMENTS!
RESULT dataset=youtube8m_video_train threshold=1800 median=377.738s stddev=N/As n=1


======== Threshold 2000 ========

./bazel-bin/examples/train_oblique_forest --input_mode csv --train_csv "benchmarks/data/youtube8m/youtube8m_video_train.csv" --label_col "class" --num_trees=240 --dynamic_split_threshold=2000 --feature_split_type Oblique --numerical_split_type "Dynamic Random Histogram" --histogram_num_bins 64
----- Run 1/1 -----
WARNING: All log messages before absl::InitializeLog() is called are written to STDERR
I0000 00:00:1790104727.896395   22064 train_oblique_forest.cc:1101] Loading CSV in a single pass: benchmarks/data/youtube8m/youtube8m_video_train.csv
I0000 00:00:1790104735.379420   22064 train_oblique_forest.cc:1108] Single-pass CSV load complete: 3888919 rows, 1153 columns.
I0000 00:00:1790104735.379481   22064 train_oblique_forest.cc:1229] -1 (automatic) threads requested. 48 threads set.
I0000 00:00:1790104735.379491   22064 train_oblique_forest.cc:1304] Configuring oblique splits
I0000 00:00:1790104735.379492   22064 train_oblique_forest.cc:1313] dynamic_split_threshold = 2000 (from flag)
I0000 00:00:1790104735.379494   22064 train_oblique_forest.cc:1398] Using Dynamic Random Histogram with 64 samples
I0000 00:00:1790104735.379503   22064 train_oblique_forest.cc:1428] train_oblique_forest wall-time - Loading/Init (pre-train): 7.48313s
I0000 00:00:1790104735.379608   22064 abstract_learner.cc:171] No input feature explicitly specified. Using all the available input features.
I0000 00:00:1790104735.379613   22064 abstract_learner.cc:185] The label "class" was removed from the input feature set.
I0000 00:00:1790104735.379811   22064 random_forest.cc:534] Training random forest on 3888919 example(s) and 1152 feature(s).
I0000 00:00:1790104735.379852   22064 gpu.cc:93] Cannot initialize GPU: Not compiled with GPU support
I0000 00:00:1790104735.380491   22064 random_forest.cc:663] num_threads being used: 48
I0000 00:00:1790104808.155014   22233 random_forest.cc:881] Train tree 1/240  [index:28 total:1m12.77s tree:1m12.77s]
I0000 00:00:1790104881.765232   22237 random_forest.cc:881] Train tree 49/240  [index:55 total:2m26.38s tree:1m12.16s]
I0000 00:00:1790104955.443162   22237 random_forest.cc:881] Train tree 97/240  [index:96 total:3m40.06s tree:1m13.68s]
I0000 00:00:1790105030.948571   22237 random_forest.cc:881] Train tree 145/240  [index:144 total:4m55.57s tree:1m15.51s]
I0000 00:00:1790105104.148838   22245 random_forest.cc:881] Train tree 193/240  [index:193 total:6m8.77s tree:1m12.99s]
I0000 00:00:1790105116.687962   22064 random_forest.cc:899] random_forest.cc Training block took: 381.308 s
W0000 00:00:1790105116.688003   22064 random_forest.cc:1220] EXITING EARLY TO SPEED UP EXPERIMENTS!
RESULT dataset=youtube8m_video_train threshold=2000 median=381.308s stddev=N/As n=1


======== Threshold 2500 ========

./bazel-bin/examples/train_oblique_forest --input_mode csv --train_csv "benchmarks/data/youtube8m/youtube8m_video_train.csv" --label_col "class" --num_trees=240 --dynamic_split_threshold=2500 --feature_split_type Oblique --numerical_split_type "Dynamic Random Histogram" --histogram_num_bins 64
----- Run 1/1 -----
WARNING: All log messages before absl::InitializeLog() is called are written to STDERR
I0000 00:00:1790105117.955149   22336 train_oblique_forest.cc:1101] Loading CSV in a single pass: benchmarks/data/youtube8m/youtube8m_video_train.csv
I0000 00:00:1790105125.507399   22336 train_oblique_forest.cc:1108] Single-pass CSV load complete: 3888919 rows, 1153 columns.
I0000 00:00:1790105125.507460   22336 train_oblique_forest.cc:1229] -1 (automatic) threads requested. 48 threads set.
I0000 00:00:1790105125.507470   22336 train_oblique_forest.cc:1304] Configuring oblique splits
I0000 00:00:1790105125.507471   22336 train_oblique_forest.cc:1313] dynamic_split_threshold = 2500 (from flag)
I0000 00:00:1790105125.507473   22336 train_oblique_forest.cc:1398] Using Dynamic Random Histogram with 64 samples
I0000 00:00:1790105125.507483   22336 train_oblique_forest.cc:1428] train_oblique_forest wall-time - Loading/Init (pre-train): 7.55236s
I0000 00:00:1790105125.507592   22336 abstract_learner.cc:171] No input feature explicitly specified. Using all the available input features.
I0000 00:00:1790105125.507597   22336 abstract_learner.cc:185] The label "class" was removed from the input feature set.
I0000 00:00:1790105125.507792   22336 random_forest.cc:534] Training random forest on 3888919 example(s) and 1152 feature(s).
I0000 00:00:1790105125.507835   22336 gpu.cc:93] Cannot initialize GPU: Not compiled with GPU support
I0000 00:00:1790105125.508478   22336 random_forest.cc:663] num_threads being used: 48
I0000 00:00:1790105199.439852   22512 random_forest.cc:881] Train tree 1/240  [index:15 total:1m13.93s tree:1m13.93s]
I0000 00:00:1790105273.599621   22502 random_forest.cc:881] Train tree 49/240  [index:55 total:2m28.09s tree:1m13.59s]
I0000 00:00:1790105347.350808   22497 random_forest.cc:881] Train tree 97/240  [index:112 total:3m41.84s tree:1m11.47s]
I0000 00:00:1790105422.170828   22497 random_forest.cc:881] Train tree 145/240  [index:144 total:4m56.66s tree:1m14.82s]
I0000 00:00:1790105494.702342   22502 random_forest.cc:881] Train tree 193/240  [index:193 total:6m9.19s tree:1m12.48s]
I0000 00:00:1790105507.954319   22336 random_forest.cc:899] random_forest.cc Training block took: 382.447 s
W0000 00:00:1790105507.954363   22336 random_forest.cc:1220] EXITING EARLY TO SPEED UP EXPERIMENTS!
RESULT dataset=youtube8m_video_train threshold=2500 median=382.447s stddev=N/As n=1


======== Threshold 3000 ========

./bazel-bin/examples/train_oblique_forest --input_mode csv --train_csv "benchmarks/data/youtube8m/youtube8m_video_train.csv" --label_col "class" --num_trees=240 --dynamic_split_threshold=3000 --feature_split_type Oblique --numerical_split_type "Dynamic Random Histogram" --histogram_num_bins 64
----- Run 1/1 -----
WARNING: All log messages before absl::InitializeLog() is called are written to STDERR
I0000 00:00:1790105509.226107   22587 train_oblique_forest.cc:1101] Loading CSV in a single pass: benchmarks/data/youtube8m/youtube8m_video_train.csv
I0000 00:00:1790105516.700936   22587 train_oblique_forest.cc:1108] Single-pass CSV load complete: 3888919 rows, 1153 columns.
I0000 00:00:1790105516.700995   22587 train_oblique_forest.cc:1229] -1 (automatic) threads requested. 48 threads set.
I0000 00:00:1790105516.701005   22587 train_oblique_forest.cc:1304] Configuring oblique splits
I0000 00:00:1790105516.701006   22587 train_oblique_forest.cc:1313] dynamic_split_threshold = 3000 (from flag)
I0000 00:00:1790105516.701008   22587 train_oblique_forest.cc:1398] Using Dynamic Random Histogram with 64 samples
I0000 00:00:1790105516.701017   22587 train_oblique_forest.cc:1428] train_oblique_forest wall-time - Loading/Init (pre-train): 7.47493s
I0000 00:00:1790105516.701124   22587 abstract_learner.cc:171] No input feature explicitly specified. Using all the available input features.
I0000 00:00:1790105516.701129   22587 abstract_learner.cc:185] The label "class" was removed from the input feature set.
I0000 00:00:1790105516.701323   22587 random_forest.cc:534] Training random forest on 3888919 example(s) and 1152 feature(s).
I0000 00:00:1790105516.701369   22587 gpu.cc:93] Cannot initialize GPU: Not compiled with GPU support
I0000 00:00:1790105516.701995   22587 random_forest.cc:663] num_threads being used: 48
I0000 00:00:1790105589.965761   22773 random_forest.cc:881] Train tree 1/240  [index:42 total:1m13.26s tree:1m13.26s]
I0000 00:00:1790105664.979495   22771 random_forest.cc:881] Train tree 49/240  [index:69 total:2m28.28s tree:1m12.76s]
I0000 00:00:1790105738.904854   22747 random_forest.cc:881] Train tree 97/240  [index:97 total:3m42.20s tree:1m13.81s]
I0000 00:00:1790105813.578013   22768 random_forest.cc:881] Train tree 145/240  [index:145 total:4m56.88s tree:1m14.27s]
I0000 00:00:1790105888.337109   22782 random_forest.cc:881] Train tree 193/240  [index:193 total:6m11.64s tree:1m13.77s]
I0000 00:00:1790105901.443075   22587 random_forest.cc:899] random_forest.cc Training block took: 384.742 s
W0000 00:00:1790105901.443115   22587 random_forest.cc:1220] EXITING EARLY TO SPEED UP EXPERIMENTS!
RESULT dataset=youtube8m_video_train threshold=3000 median=384.742s stddev=N/As n=1


======== Threshold 3500 ========

./bazel-bin/examples/train_oblique_forest --input_mode csv --train_csv "benchmarks/data/youtube8m/youtube8m_video_train.csv" --label_col "class" --num_trees=240 --dynamic_split_threshold=3500 --feature_split_type Oblique --numerical_split_type "Dynamic Random Histogram" --histogram_num_bins 64
----- Run 1/1 -----
WARNING: All log messages before absl::InitializeLog() is called are written to STDERR
I0000 00:00:1790105902.707028   22828 train_oblique_forest.cc:1101] Loading CSV in a single pass: benchmarks/data/youtube8m/youtube8m_video_train.csv
I0000 00:00:1790105910.154362   22828 train_oblique_forest.cc:1108] Single-pass CSV load complete: 3888919 rows, 1153 columns.
I0000 00:00:1790105910.154422   22828 train_oblique_forest.cc:1229] -1 (automatic) threads requested. 48 threads set.
I0000 00:00:1790105910.154431   22828 train_oblique_forest.cc:1304] Configuring oblique splits
I0000 00:00:1790105910.154432   22828 train_oblique_forest.cc:1313] dynamic_split_threshold = 3500 (from flag)
I0000 00:00:1790105910.154434   22828 train_oblique_forest.cc:1398] Using Dynamic Random Histogram with 64 samples
I0000 00:00:1790105910.154443   22828 train_oblique_forest.cc:1428] train_oblique_forest wall-time - Loading/Init (pre-train): 7.44744s
I0000 00:00:1790105910.154552   22828 abstract_learner.cc:171] No input feature explicitly specified. Using all the available input features.
I0000 00:00:1790105910.154557   22828 abstract_learner.cc:185] The label "class" was removed from the input feature set.
I0000 00:00:1790105910.154751   22828 random_forest.cc:534] Training random forest on 3888919 example(s) and 1152 feature(s).
I0000 00:00:1790105910.154794   22828 gpu.cc:93] Cannot initialize GPU: Not compiled with GPU support
I0000 00:00:1790105910.155430   22828 random_forest.cc:663] num_threads being used: 48
I0000 00:00:1790105983.686527   23015 random_forest.cc:881] Train tree 1/240  [index:34 total:1m13.53s tree:1m13.53s]
I0000 00:00:1790106058.253805   23024 random_forest.cc:881] Train tree 49/240  [index:69 total:2m28.10s tree:1m12.13s]
I0000 00:00:1790106133.081876   23024 random_forest.cc:881] Train tree 97/240  [index:96 total:3m42.93s tree:1m14.83s]
I0000 00:00:1790106206.897211   22997 random_forest.cc:881] Train tree 145/240  [index:155 total:4m56.74s tree:1m12.08s]
I0000 00:00:1790106281.295048   22989 random_forest.cc:881] Train tree 193/240  [index:193 total:6m11.14s tree:1m14.05s]
I0000 00:00:1790106294.474082   22828 random_forest.cc:899] random_forest.cc Training block took: 384.32 s
W0000 00:00:1790106294.474119   22828 random_forest.cc:1220] EXITING EARLY TO SPEED UP EXPERIMENTS!
RESULT dataset=youtube8m_video_train threshold=3500 median=384.32s stddev=N/As n=1


======== Threshold 4000 ========

./bazel-bin/examples/train_oblique_forest --input_mode csv --train_csv "benchmarks/data/youtube8m/youtube8m_video_train.csv" --label_col "class" --num_trees=240 --dynamic_split_threshold=4000 --feature_split_type Oblique --numerical_split_type "Dynamic Random Histogram" --histogram_num_bins 64
----- Run 1/1 -----
WARNING: All log messages before absl::InitializeLog() is called are written to STDERR
I0000 00:00:1790106295.732245   23075 train_oblique_forest.cc:1101] Loading CSV in a single pass: benchmarks/data/youtube8m/youtube8m_video_train.csv
I0000 00:00:1790106303.286316   23075 train_oblique_forest.cc:1108] Single-pass CSV load complete: 3888919 rows, 1153 columns.
I0000 00:00:1790106303.286385   23075 train_oblique_forest.cc:1229] -1 (automatic) threads requested. 48 threads set.
I0000 00:00:1790106303.286393   23075 train_oblique_forest.cc:1304] Configuring oblique splits
I0000 00:00:1790106303.286395   23075 train_oblique_forest.cc:1313] dynamic_split_threshold = 4000 (from flag)
I0000 00:00:1790106303.286397   23075 train_oblique_forest.cc:1398] Using Dynamic Random Histogram with 64 samples
I0000 00:00:1790106303.286406   23075 train_oblique_forest.cc:1428] train_oblique_forest wall-time - Loading/Init (pre-train): 7.55418s
I0000 00:00:1790106303.286516   23075 abstract_learner.cc:171] No input feature explicitly specified. Using all the available input features.
I0000 00:00:1790106303.286520   23075 abstract_learner.cc:185] The label "class" was removed from the input feature set.
I0000 00:00:1790106303.286722   23075 random_forest.cc:534] Training random forest on 3888919 example(s) and 1152 feature(s).
I0000 00:00:1790106303.286763   23075 gpu.cc:93] Cannot initialize GPU: Not compiled with GPU support
I0000 00:00:1790106303.287399   23075 random_forest.cc:663] num_threads being used: 48
I0000 00:00:1790106376.073561   23254 random_forest.cc:881] Train tree 1/240  [index:46 total:1m12.79s tree:1m12.78s]
I0000 00:00:1790106450.254476   23276 random_forest.cc:881] Train tree 49/240  [index:55 total:2m26.97s tree:1m11.81s]
I0000 00:00:1790106525.872555   23276 random_forest.cc:881] Train tree 97/240  [index:96 total:3m42.59s tree:1m15.62s]
I0000 00:00:1790106601.178245   23254 random_forest.cc:881] Train tree 145/240  [index:145 total:4m57.89s tree:1m14.79s]
I0000 00:00:1790106674.267989   23247 random_forest.cc:881] Train tree 193/240  [index:193 total:6m10.98s tree:1m12.91s]
I0000 00:00:1790106689.471142   23075 random_forest.cc:899] random_forest.cc Training block took: 386.185 s
W0000 00:00:1790106689.471182   23075 random_forest.cc:1220] EXITING EARLY TO SPEED UP EXPERIMENTS!
RESULT dataset=youtube8m_video_train threshold=4000 median=386.185s stddev=N/As n=1


======== Threshold 4500 ========

./bazel-bin/examples/train_oblique_forest --input_mode csv --train_csv "benchmarks/data/youtube8m/youtube8m_video_train.csv" --label_col "class" --num_trees=240 --dynamic_split_threshold=4500 --feature_split_type Oblique --numerical_split_type "Dynamic Random Histogram" --histogram_num_bins 64
----- Run 1/1 -----
WARNING: All log messages before absl::InitializeLog() is called are written to STDERR
I0000 00:00:1790106690.728954   23355 train_oblique_forest.cc:1101] Loading CSV in a single pass: benchmarks/data/youtube8m/youtube8m_video_train.csv
I0000 00:00:1790106698.202403   23355 train_oblique_forest.cc:1108] Single-pass CSV load complete: 3888919 rows, 1153 columns.
I0000 00:00:1790106698.202465   23355 train_oblique_forest.cc:1229] -1 (automatic) threads requested. 48 threads set.
I0000 00:00:1790106698.202475   23355 train_oblique_forest.cc:1304] Configuring oblique splits
I0000 00:00:1790106698.202477   23355 train_oblique_forest.cc:1313] dynamic_split_threshold = 4500 (from flag)
I0000 00:00:1790106698.202479   23355 train_oblique_forest.cc:1398] Using Dynamic Random Histogram with 64 samples
I0000 00:00:1790106698.202488   23355 train_oblique_forest.cc:1428] train_oblique_forest wall-time - Loading/Init (pre-train): 7.47356s
I0000 00:00:1790106698.202595   23355 abstract_learner.cc:171] No input feature explicitly specified. Using all the available input features.
I0000 00:00:1790106698.202600   23355 abstract_learner.cc:185] The label "class" was removed from the input feature set.
I0000 00:00:1790106698.202797   23355 random_forest.cc:534] Training random forest on 3888919 example(s) and 1152 feature(s).
I0000 00:00:1790106698.202839   23355 gpu.cc:93] Cannot initialize GPU: Not compiled with GPU support
I0000 00:00:1790106698.203482   23355 random_forest.cc:663] num_threads being used: 48
I0000 00:00:1790106772.759123   23517 random_forest.cc:881] Train tree 1/240  [index:13 total:1m14.56s tree:1m14.55s]
I0000 00:00:1790106847.245442   23526 random_forest.cc:881] Train tree 49/240  [index:69 total:2m29.04s tree:1m12.90s]
I0000 00:00:1790106920.750647   23526 random_forest.cc:881] Train tree 97/240  [index:96 total:3m42.55s tree:1m13.51s]
I0000 00:00:1790106996.768583   23526 random_forest.cc:881] Train tree 145/240  [index:144 total:4m58.57s tree:1m16.02s]
I0000 00:00:1790107071.715218   23537 random_forest.cc:881] Train tree 193/240  [index:193 total:6m13.51s tree:1m13.40s]
I0000 00:00:1790107084.395996   23355 random_forest.cc:899] random_forest.cc Training block took: 386.193 s
W0000 00:00:1790107084.396034   23355 random_forest.cc:1220] EXITING EARLY TO SPEED UP EXPERIMENTS!
RESULT dataset=youtube8m_video_train threshold=4500 median=386.193s stddev=N/As n=1


======== Threshold 5000 ========

./bazel-bin/examples/train_oblique_forest --input_mode csv --train_csv "benchmarks/data/youtube8m/youtube8m_video_train.csv" --label_col "class" --num_trees=240 --dynamic_split_threshold=5000 --feature_split_type Oblique --numerical_split_type "Dynamic Random Histogram" --histogram_num_bins 64
----- Run 1/1 -----
WARNING: All log messages before absl::InitializeLog() is called are written to STDERR
I0000 00:00:1790107085.659472   23599 train_oblique_forest.cc:1101] Loading CSV in a single pass: benchmarks/data/youtube8m/youtube8m_video_train.csv
I0000 00:00:1790107093.225814   23599 train_oblique_forest.cc:1108] Single-pass CSV load complete: 3888919 rows, 1153 columns.
I0000 00:00:1790107093.225878   23599 train_oblique_forest.cc:1229] -1 (automatic) threads requested. 48 threads set.
I0000 00:00:1790107093.225888   23599 train_oblique_forest.cc:1304] Configuring oblique splits
I0000 00:00:1790107093.225889   23599 train_oblique_forest.cc:1313] dynamic_split_threshold = 5000 (from flag)
I0000 00:00:1790107093.225891   23599 train_oblique_forest.cc:1398] Using Dynamic Random Histogram with 64 samples
I0000 00:00:1790107093.225899   23599 train_oblique_forest.cc:1428] train_oblique_forest wall-time - Loading/Init (pre-train): 7.56645s
I0000 00:00:1790107093.226010   23599 abstract_learner.cc:171] No input feature explicitly specified. Using all the available input features.
I0000 00:00:1790107093.226018   23599 abstract_learner.cc:185] The label "class" was removed from the input feature set.
I0000 00:00:1790107093.226208   23599 random_forest.cc:534] Training random forest on 3888919 example(s) and 1152 feature(s).
I0000 00:00:1790107093.226250   23599 gpu.cc:93] Cannot initialize GPU: Not compiled with GPU support
I0000 00:00:1790107093.226889   23599 random_forest.cc:663] num_threads being used: 48
I0000 00:00:1790107167.536349   23779 random_forest.cc:881] Train tree 1/240  [index:46 total:1m14.31s tree:1m14.31s]
I0000 00:00:1790107241.676186   23767 random_forest.cc:881] Train tree 49/240  [index:49 total:2m28.45s tree:1m13.89s]
I0000 00:00:1790107315.604045   23767 random_forest.cc:881] Train tree 97/240  [index:96 total:3m42.38s tree:1m13.93s]
I0000 00:00:1790107391.486395   23780 random_forest.cc:881] Train tree 145/240  [index:160 total:4m58.26s tree:1m11.52s]
I0000 00:00:1790107464.992770   23754 random_forest.cc:881] Train tree 193/240  [index:193 total:6m11.77s tree:1m13.11s]
I0000 00:00:1790107478.519097   23599 random_forest.cc:899] random_forest.cc Training block took: 385.293 s
W0000 00:00:1790107478.519134   23599 random_forest.cc:1220] EXITING EARLY TO SPEED UP EXPERIMENTS!
RESULT dataset=youtube8m_video_train threshold=5000 median=385.293s stddev=N/As n=1


======== Threshold 6000 ========

./bazel-bin/examples/train_oblique_forest --input_mode csv --train_csv "benchmarks/data/youtube8m/youtube8m_video_train.csv" --label_col "class" --num_trees=240 --dynamic_split_threshold=6000 --feature_split_type Oblique --numerical_split_type "Dynamic Random Histogram" --histogram_num_bins 64
----- Run 1/1 -----
WARNING: All log messages before absl::InitializeLog() is called are written to STDERR
I0000 00:00:1790107479.786029   23849 train_oblique_forest.cc:1101] Loading CSV in a single pass: benchmarks/data/youtube8m/youtube8m_video_train.csv
I0000 00:00:1790107487.223587   23849 train_oblique_forest.cc:1108] Single-pass CSV load complete: 3888919 rows, 1153 columns.
I0000 00:00:1790107487.223646   23849 train_oblique_forest.cc:1229] -1 (automatic) threads requested. 48 threads set.
I0000 00:00:1790107487.223656   23849 train_oblique_forest.cc:1304] Configuring oblique splits
I0000 00:00:1790107487.223658   23849 train_oblique_forest.cc:1313] dynamic_split_threshold = 6000 (from flag)
I0000 00:00:1790107487.223660   23849 train_oblique_forest.cc:1398] Using Dynamic Random Histogram with 64 samples
I0000 00:00:1790107487.223668   23849 train_oblique_forest.cc:1428] train_oblique_forest wall-time - Loading/Init (pre-train): 7.43766s
I0000 00:00:1790107487.223776   23849 abstract_learner.cc:171] No input feature explicitly specified. Using all the available input features.
I0000 00:00:1790107487.223781   23849 abstract_learner.cc:185] The label "class" was removed from the input feature set.
I0000 00:00:1790107487.223977   23849 random_forest.cc:534] Training random forest on 3888919 example(s) and 1152 feature(s).
I0000 00:00:1790107487.224019   23849 gpu.cc:93] Cannot initialize GPU: Not compiled with GPU support
I0000 00:00:1790107487.224654   23849 random_forest.cc:663] num_threads being used: 48
I0000 00:00:1790107561.430359   24023 random_forest.cc:881] Train tree 1/240  [index:22 total:1m14.21s tree:1m14.20s]
I0000 00:00:1790107634.640549   24050 random_forest.cc:881] Train tree 49/240  [index:55 total:2m27.42s tree:1m12.17s]
I0000 00:00:1790107710.086397   24050 random_forest.cc:881] Train tree 97/240  [index:96 total:3m42.86s tree:1m15.45s]
I0000 00:00:1790107787.124865   24006 random_forest.cc:881] Train tree 145/240  [index:146 total:4m59.90s tree:1m15.14s]
I0000 00:00:1790107861.922911   24034 random_forest.cc:881] Train tree 193/240  [index:193 total:6m14.70s tree:1m14.69s]
I0000 00:00:1790107873.831562   23849 random_forest.cc:899] random_forest.cc Training block took: 386.608 s
W0000 00:00:1790107873.831601   23849 random_forest.cc:1220] EXITING EARLY TO SPEED UP EXPERIMENTS!
RESULT dataset=youtube8m_video_train threshold=6000 median=386.608s stddev=N/As n=1


======== Threshold 7000 ========

./bazel-bin/examples/train_oblique_forest --input_mode csv --train_csv "benchmarks/data/youtube8m/youtube8m_video_train.csv" --label_col "class" --num_trees=240 --dynamic_split_threshold=7000 --feature_split_type Oblique --numerical_split_type "Dynamic Random Histogram" --histogram_num_bins 64
----- Run 1/1 -----
WARNING: All log messages before absl::InitializeLog() is called are written to STDERR
I0000 00:00:1790107875.091744   24105 train_oblique_forest.cc:1101] Loading CSV in a single pass: benchmarks/data/youtube8m/youtube8m_video_train.csv
I0000 00:00:1790107882.762931   24105 train_oblique_forest.cc:1108] Single-pass CSV load complete: 3888919 rows, 1153 columns.
I0000 00:00:1790107882.762993   24105 train_oblique_forest.cc:1229] -1 (automatic) threads requested. 48 threads set.
I0000 00:00:1790107882.763002   24105 train_oblique_forest.cc:1304] Configuring oblique splits
I0000 00:00:1790107882.763004   24105 train_oblique_forest.cc:1313] dynamic_split_threshold = 7000 (from flag)
I0000 00:00:1790107882.763006   24105 train_oblique_forest.cc:1398] Using Dynamic Random Histogram with 64 samples
I0000 00:00:1790107882.763015   24105 train_oblique_forest.cc:1428] train_oblique_forest wall-time - Loading/Init (pre-train): 7.6713s
I0000 00:00:1790107882.763122   24105 abstract_learner.cc:171] No input feature explicitly specified. Using all the available input features.
I0000 00:00:1790107882.763127   24105 abstract_learner.cc:185] The label "class" was removed from the input feature set.
I0000 00:00:1790107882.763321   24105 random_forest.cc:534] Training random forest on 3888919 example(s) and 1152 feature(s).
I0000 00:00:1790107882.763367   24105 gpu.cc:93] Cannot initialize GPU: Not compiled with GPU support
I0000 00:00:1790107882.763990   24105 random_forest.cc:663] num_threads being used: 48
I0000 00:00:1790107956.815590   24289 random_forest.cc:881] Train tree 1/240  [index:42 total:1m14.05s tree:1m14.05s]
I0000 00:00:1790108031.011320   24284 random_forest.cc:881] Train tree 49/240  [index:55 total:2m28.25s tree:1m12.71s]
I0000 00:00:1790108105.290938   24284 random_forest.cc:881] Train tree 97/240  [index:96 total:3m42.53s tree:1m14.28s]
I0000 00:00:1790108183.138286   24284 random_forest.cc:881] Train tree 145/240  [index:144 total:5m0.37s tree:1m17.85s]
I0000 00:00:1790108258.381631   24291 random_forest.cc:881] Train tree 193/240  [index:193 total:6m15.62s tree:1m13.50s]
I0000 00:00:1790108273.524710   24105 random_forest.cc:899] random_forest.cc Training block took: 390.762 s
W0000 00:00:1790108273.524748   24105 random_forest.cc:1220] EXITING EARLY TO SPEED UP EXPERIMENTS!
RESULT dataset=youtube8m_video_train threshold=7000 median=390.762s stddev=N/As n=1


======== Threshold 8000 ========

./bazel-bin/examples/train_oblique_forest --input_mode csv --train_csv "benchmarks/data/youtube8m/youtube8m_video_train.csv" --label_col "class" --num_trees=240 --dynamic_split_threshold=8000 --feature_split_type Oblique --numerical_split_type "Dynamic Random Histogram" --histogram_num_bins 64
----- Run 1/1 -----
WARNING: All log messages before absl::InitializeLog() is called are written to STDERR
I0000 00:00:1790108274.788341   24352 train_oblique_forest.cc:1101] Loading CSV in a single pass: benchmarks/data/youtube8m/youtube8m_video_train.csv
I0000 00:00:1790108282.276882   24352 train_oblique_forest.cc:1108] Single-pass CSV load complete: 3888919 rows, 1153 columns.
I0000 00:00:1790108282.276943   24352 train_oblique_forest.cc:1229] -1 (automatic) threads requested. 48 threads set.
I0000 00:00:1790108282.276953   24352 train_oblique_forest.cc:1304] Configuring oblique splits
I0000 00:00:1790108282.276955   24352 train_oblique_forest.cc:1313] dynamic_split_threshold = 8000 (from flag)
I0000 00:00:1790108282.276956   24352 train_oblique_forest.cc:1398] Using Dynamic Random Histogram with 64 samples
I0000 00:00:1790108282.276965   24352 train_oblique_forest.cc:1428] train_oblique_forest wall-time - Loading/Init (pre-train): 7.48865s
I0000 00:00:1790108282.277071   24352 abstract_learner.cc:171] No input feature explicitly specified. Using all the available input features.
I0000 00:00:1790108282.277076   24352 abstract_learner.cc:185] The label "class" was removed from the input feature set.
I0000 00:00:1790108282.277278   24352 random_forest.cc:534] Training random forest on 3888919 example(s) and 1152 feature(s).
I0000 00:00:1790108282.277320   24352 gpu.cc:93] Cannot initialize GPU: Not compiled with GPU support
I0000 00:00:1790108282.277958   24352 random_forest.cc:663] num_threads being used: 48
I0000 00:00:1790108356.949775   24540 random_forest.cc:881] Train tree 1/240  [index:46 total:1m14.67s tree:1m14.67s]
I0000 00:00:1790108432.788189   24549 random_forest.cc:881] Train tree 49/240  [index:55 total:2m30.51s tree:1m14.46s]
I0000 00:00:1790108507.738482   24545 random_forest.cc:881] Train tree 97/240  [index:99 total:3m45.46s tree:1m14.49s]
I0000 00:00:1790108584.134094   24549 random_forest.cc:881] Train tree 145/240  [index:145 total:5m1.86s tree:1m15.89s]
I0000 00:00:1790108658.906818   24534 random_forest.cc:881] Train tree 193/240  [index:193 total:6m16.63s tree:1m14.38s]
I0000 00:00:1790108671.259120   24352 random_forest.cc:899] random_forest.cc Training block took: 388.982 s
W0000 00:00:1790108671.259159   24352 random_forest.cc:1220] EXITING EARLY TO SPEED UP EXPERIMENTS!
RESULT dataset=youtube8m_video_train threshold=8000 median=388.982s stddev=N/As n=1


======== Threshold 9000 ========

./bazel-bin/examples/train_oblique_forest --input_mode csv --train_csv "benchmarks/data/youtube8m/youtube8m_video_train.csv" --label_col "class" --num_trees=240 --dynamic_split_threshold=9000 --feature_split_type Oblique --numerical_split_type "Dynamic Random Histogram" --histogram_num_bins 64
----- Run 1/1 -----
WARNING: All log messages before absl::InitializeLog() is called are written to STDERR
I0000 00:00:1790108672.525412   24624 train_oblique_forest.cc:1101] Loading CSV in a single pass: benchmarks/data/youtube8m/youtube8m_video_train.csv
I0000 00:00:1790108680.051153   24624 train_oblique_forest.cc:1108] Single-pass CSV load complete: 3888919 rows, 1153 columns.
I0000 00:00:1790108680.051216   24624 train_oblique_forest.cc:1229] -1 (automatic) threads requested. 48 threads set.
I0000 00:00:1790108680.051225   24624 train_oblique_forest.cc:1304] Configuring oblique splits
I0000 00:00:1790108680.051226   24624 train_oblique_forest.cc:1313] dynamic_split_threshold = 9000 (from flag)
I0000 00:00:1790108680.051228   24624 train_oblique_forest.cc:1398] Using Dynamic Random Histogram with 64 samples
I0000 00:00:1790108680.051238   24624 train_oblique_forest.cc:1428] train_oblique_forest wall-time - Loading/Init (pre-train): 7.52585s
I0000 00:00:1790108680.051351   24624 abstract_learner.cc:171] No input feature explicitly specified. Using all the available input features.
I0000 00:00:1790108680.051356   24624 abstract_learner.cc:185] The label "class" was removed from the input feature set.
I0000 00:00:1790108680.051553   24624 random_forest.cc:534] Training random forest on 3888919 example(s) and 1152 feature(s).
I0000 00:00:1790108680.051596   24624 gpu.cc:93] Cannot initialize GPU: Not compiled with GPU support
I0000 00:00:1790108680.052230   24624 random_forest.cc:663] num_threads being used: 48
I0000 00:00:1790108755.389205   24821 random_forest.cc:881] Train tree 1/240  [index:7 total:1m15.34s tree:1m15.33s]
I0000 00:00:1790108830.388660   24815 random_forest.cc:881] Train tree 49/240  [index:54 total:2m30.34s tree:1m14.32s]
I0000 00:00:1790108905.564644   24815 random_forest.cc:881] Train tree 97/240  [index:96 total:3m45.51s tree:1m15.18s]
I0000 00:00:1790108981.007670   24813 random_forest.cc:881] Train tree 145/240  [index:145 total:5m0.96s tree:1m13.96s]
I0000 00:00:1790109056.698477   24804 random_forest.cc:881] Train tree 193/240  [index:193 total:6m16.65s tree:1m14.29s]
I0000 00:00:1790109069.278097   24624 random_forest.cc:899] random_forest.cc Training block took: 389.227 s
W0000 00:00:1790109069.278134   24624 random_forest.cc:1220] EXITING EARLY TO SPEED UP EXPERIMENTS!
RESULT dataset=youtube8m_video_train threshold=9000 median=389.227s stddev=N/As n=1


======== Threshold 10000 ========

./bazel-bin/examples/train_oblique_forest --input_mode csv --train_csv "benchmarks/data/youtube8m/youtube8m_video_train.csv" --label_col "class" --num_trees=240 --dynamic_split_threshold=10000 --feature_split_type Oblique --numerical_split_type "Dynamic Random Histogram" --histogram_num_bins 64
----- Run 1/1 -----
WARNING: All log messages before absl::InitializeLog() is called are written to STDERR
I0000 00:00:1790109070.542425   24872 train_oblique_forest.cc:1101] Loading CSV in a single pass: benchmarks/data/youtube8m/youtube8m_video_train.csv
I0000 00:00:1790109078.029692   24872 train_oblique_forest.cc:1108] Single-pass CSV load complete: 3888919 rows, 1153 columns.
I0000 00:00:1790109078.029755   24872 train_oblique_forest.cc:1229] -1 (automatic) threads requested. 48 threads set.
I0000 00:00:1790109078.029765   24872 train_oblique_forest.cc:1304] Configuring oblique splits
I0000 00:00:1790109078.029766   24872 train_oblique_forest.cc:1313] dynamic_split_threshold = 10000 (from flag)
I0000 00:00:1790109078.029768   24872 train_oblique_forest.cc:1398] Using Dynamic Random Histogram with 64 samples
I0000 00:00:1790109078.029777   24872 train_oblique_forest.cc:1428] train_oblique_forest wall-time - Loading/Init (pre-train): 7.48738s
I0000 00:00:1790109078.029884   24872 abstract_learner.cc:171] No input feature explicitly specified. Using all the available input features.
I0000 00:00:1790109078.029889   24872 abstract_learner.cc:185] The label "class" was removed from the input feature set.
I0000 00:00:1790109078.030087   24872 random_forest.cc:534] Training random forest on 3888919 example(s) and 1152 feature(s).
I0000 00:00:1790109078.030129   24872 gpu.cc:93] Cannot initialize GPU: Not compiled with GPU support
I0000 00:00:1790109078.030760   24872 random_forest.cc:663] num_threads being used: 48
I0000 00:00:1790109152.886207   25035 random_forest.cc:881] Train tree 1/240  [index:7 total:1m14.86s tree:1m14.85s]
I0000 00:00:1790109228.872241   25036 random_forest.cc:881] Train tree 49/240  [index:69 total:2m30.84s tree:1m13.70s]
I0000 00:00:1790109303.835801   25042 random_forest.cc:881] Train tree 97/240  [index:107 total:3m45.81s tree:1m13.17s]
I0000 00:00:1790109380.536278   25042 random_forest.cc:881] Train tree 145/240  [index:144 total:5m2.51s tree:1m16.70s]
I0000 00:00:1790109456.058501   25033 random_forest.cc:881] Train tree 193/240  [index:196 total:6m18.03s tree:1m14.37s]
I0000 00:00:1790109468.580873   24872 random_forest.cc:899] random_forest.cc Training block took: 390.551 s
W0000 00:00:1790109468.580911   24872 random_forest.cc:1220] EXITING EARLY TO SPEED UP EXPERIMENTS!
RESULT dataset=youtube8m_video_train threshold=10000 median=390.551s stddev=N/As n=1
