==== PROVENANCE ====
date_utc: 2026-09-22T20:37:50Z
git_sha: 7c2cef51
git_branch: rebased-main
machine: Intel(R) Xeon(R) Platinum 8488C (nproc=48)
machine_serial: ec2345d6-e74b-012e-4435-8c757e5c589e
compiler: Intel(R) oneAPI DPC++/C++ Compiler 2025.2.1 (2025.2.0.20250806)
EXTRA_BAZEL_CONFIGS: <none>
EXTRA_TRAIN_ARGS: --feature_split_type Oblique --numerical_split_type "Dynamic Random Histogram" --histogram_num_bins 256
NUM_TREES_DIVISOR: 1
NUM_TREES: 240  NUM_RUNS: 1
DYNAMIC_SPLIT_THRESHOLDS: 100 200 300 400 500 600 700 800 900 1000 1200 1400 1600 1800 2000 2500 3000 3500 4000 4500 5000 6000 7000 8000 9000 10000
CSV_DATASETS: benchmarks/data/youtube8m/youtube8m_video_train.csv|class  TRUNK_DATASETS: <none>
====================


======== DYNAMIC THRESHOLD SWEEP  configs: <none>  args: --feature_split_type Oblique --numerical_split_type "Dynamic Random Histogram" --histogram_num_bins 256 ========



======== Threshold 100 ========

./bazel-bin/examples/train_oblique_forest --input_mode csv --train_csv "benchmarks/data/youtube8m/youtube8m_video_train.csv" --label_col "class" --num_trees=240 --dynamic_split_threshold=100 --feature_split_type Oblique --numerical_split_type "Dynamic Random Histogram" --histogram_num_bins 256
----- Run 1/1 -----
WARNING: All log messages before absl::InitializeLog() is called are written to STDERR
I0000 00:00:1790109470.823714   26233 train_oblique_forest.cc:1101] Loading CSV in a single pass: benchmarks/data/youtube8m/youtube8m_video_train.csv
I0000 00:00:1790109478.253897   26233 train_oblique_forest.cc:1108] Single-pass CSV load complete: 3888919 rows, 1153 columns.
I0000 00:00:1790109478.253958   26233 train_oblique_forest.cc:1229] -1 (automatic) threads requested. 48 threads set.
I0000 00:00:1790109478.253967   26233 train_oblique_forest.cc:1304] Configuring oblique splits
I0000 00:00:1790109478.253969   26233 train_oblique_forest.cc:1313] dynamic_split_threshold = 100 (from flag)
I0000 00:00:1790109478.253971   26233 train_oblique_forest.cc:1398] Using Dynamic Random Histogram with 256 samples
I0000 00:00:1790109478.253980   26233 train_oblique_forest.cc:1428] train_oblique_forest wall-time - Loading/Init (pre-train): 7.43029s
I0000 00:00:1790109478.254092   26233 abstract_learner.cc:171] No input feature explicitly specified. Using all the available input features.
I0000 00:00:1790109478.254097   26233 abstract_learner.cc:185] The label "class" was removed from the input feature set.
I0000 00:00:1790109478.254303   26233 random_forest.cc:534] Training random forest on 3888919 example(s) and 1152 feature(s).
I0000 00:00:1790109478.254352   26233 gpu.cc:93] Cannot initialize GPU: Not compiled with GPU support
I0000 00:00:1790109478.254993   26233 random_forest.cc:663] num_threads being used: 48
I0000 00:00:1790109554.261352   26379 random_forest.cc:881] Train tree 1/240  [index:6 total:1m16.01s tree:1m16.00s]
I0000 00:00:1790109631.942038   26399 random_forest.cc:881] Train tree 49/240  [index:54 total:2m33.69s tree:1m15.99s]
I0000 00:00:1790109708.762013   26410 random_forest.cc:881] Train tree 97/240  [index:97 total:3m50.51s tree:1m16.12s]
I0000 00:00:1790109786.479623   26410 random_forest.cc:881] Train tree 145/240  [index:144 total:5m8.22s tree:1m17.72s]
I0000 00:00:1790109864.704064   26410 random_forest.cc:881] Train tree 193/240  [index:192 total:6m26.45s tree:1m18.22s]
I0000 00:00:1790109874.761134   26233 random_forest.cc:899] random_forest.cc Training block took: 396.507 s
W0000 00:00:1790109874.761172   26233 random_forest.cc:1220] EXITING EARLY TO SPEED UP EXPERIMENTS!
RESULT dataset=youtube8m_video_train threshold=100 median=396.507s stddev=N/As n=1


======== Threshold 200 ========

./bazel-bin/examples/train_oblique_forest --input_mode csv --train_csv "benchmarks/data/youtube8m/youtube8m_video_train.csv" --label_col "class" --num_trees=240 --dynamic_split_threshold=200 --feature_split_type Oblique --numerical_split_type "Dynamic Random Histogram" --histogram_num_bins 256
----- Run 1/1 -----
WARNING: All log messages before absl::InitializeLog() is called are written to STDERR
I0000 00:00:1790109876.027927   26480 train_oblique_forest.cc:1101] Loading CSV in a single pass: benchmarks/data/youtube8m/youtube8m_video_train.csv
I0000 00:00:1790109883.495127   26480 train_oblique_forest.cc:1108] Single-pass CSV load complete: 3888919 rows, 1153 columns.
I0000 00:00:1790109883.495191   26480 train_oblique_forest.cc:1229] -1 (automatic) threads requested. 48 threads set.
I0000 00:00:1790109883.495201   26480 train_oblique_forest.cc:1304] Configuring oblique splits
I0000 00:00:1790109883.495202   26480 train_oblique_forest.cc:1313] dynamic_split_threshold = 200 (from flag)
I0000 00:00:1790109883.495204   26480 train_oblique_forest.cc:1398] Using Dynamic Random Histogram with 256 samples
I0000 00:00:1790109883.495214   26480 train_oblique_forest.cc:1428] train_oblique_forest wall-time - Loading/Init (pre-train): 7.46731s
I0000 00:00:1790109883.495323   26480 abstract_learner.cc:171] No input feature explicitly specified. Using all the available input features.
I0000 00:00:1790109883.495328   26480 abstract_learner.cc:185] The label "class" was removed from the input feature set.
I0000 00:00:1790109883.495528   26480 random_forest.cc:534] Training random forest on 3888919 example(s) and 1152 feature(s).
I0000 00:00:1790109883.495569   26480 gpu.cc:93] Cannot initialize GPU: Not compiled with GPU support
I0000 00:00:1790109883.496202   26480 random_forest.cc:663] num_threads being used: 48
I0000 00:00:1790109957.581789   26680 random_forest.cc:881] Train tree 1/240  [index:6 total:1m14.09s tree:1m14.08s]
I0000 00:00:1790110033.410520   26679 random_forest.cc:881] Train tree 49/240  [index:50 total:2m29.91s tree:1m15.07s]
I0000 00:00:1790110108.363985   26679 random_forest.cc:881] Train tree 97/240  [index:96 total:3m44.87s tree:1m14.95s]
I0000 00:00:1790110183.893861   26679 random_forest.cc:881] Train tree 145/240  [index:144 total:5m0.40s tree:1m15.53s]
I0000 00:00:1790110258.849588   26679 random_forest.cc:881] Train tree 193/240  [index:192 total:6m15.35s tree:1m14.96s]
I0000 00:00:1790110270.753376   26480 random_forest.cc:899] random_forest.cc Training block took: 387.258 s
W0000 00:00:1790110270.753413   26480 random_forest.cc:1220] EXITING EARLY TO SPEED UP EXPERIMENTS!
RESULT dataset=youtube8m_video_train threshold=200 median=387.258s stddev=N/As n=1


======== Threshold 300 ========

./bazel-bin/examples/train_oblique_forest --input_mode csv --train_csv "benchmarks/data/youtube8m/youtube8m_video_train.csv" --label_col "class" --num_trees=240 --dynamic_split_threshold=300 --feature_split_type Oblique --numerical_split_type "Dynamic Random Histogram" --histogram_num_bins 256
----- Run 1/1 -----
WARNING: All log messages before absl::InitializeLog() is called are written to STDERR
I0000 00:00:1790110272.023512   26757 train_oblique_forest.cc:1101] Loading CSV in a single pass: benchmarks/data/youtube8m/youtube8m_video_train.csv
I0000 00:00:1790110279.569701   26757 train_oblique_forest.cc:1108] Single-pass CSV load complete: 3888919 rows, 1153 columns.
I0000 00:00:1790110279.569764   26757 train_oblique_forest.cc:1229] -1 (automatic) threads requested. 48 threads set.
I0000 00:00:1790110279.569774   26757 train_oblique_forest.cc:1304] Configuring oblique splits
I0000 00:00:1790110279.569775   26757 train_oblique_forest.cc:1313] dynamic_split_threshold = 300 (from flag)
I0000 00:00:1790110279.569777   26757 train_oblique_forest.cc:1398] Using Dynamic Random Histogram with 256 samples
I0000 00:00:1790110279.569786   26757 train_oblique_forest.cc:1428] train_oblique_forest wall-time - Loading/Init (pre-train): 7.5463s
I0000 00:00:1790110279.569897   26757 abstract_learner.cc:171] No input feature explicitly specified. Using all the available input features.
I0000 00:00:1790110279.569905   26757 abstract_learner.cc:185] The label "class" was removed from the input feature set.
I0000 00:00:1790110279.570103   26757 random_forest.cc:534] Training random forest on 3888919 example(s) and 1152 feature(s).
I0000 00:00:1790110279.570144   26757 gpu.cc:93] Cannot initialize GPU: Not compiled with GPU support
I0000 00:00:1790110279.570782   26757 random_forest.cc:663] num_threads being used: 48
I0000 00:00:1790110352.553759   26932 random_forest.cc:881] Train tree 1/240  [index:20 total:1m12.98s tree:1m12.98s]
I0000 00:00:1790110428.784538   26947 random_forest.cc:881] Train tree 49/240  [index:68 total:2m29.21s tree:1m13.52s]
I0000 00:00:1790110502.432173   26916 random_forest.cc:881] Train tree 97/240  [index:116 total:3m42.86s tree:1m11.95s]
I0000 00:00:1790110576.631563   26916 random_forest.cc:881] Train tree 145/240  [index:144 total:4m57.06s tree:1m14.20s]
I0000 00:00:1790110652.078147   26916 random_forest.cc:881] Train tree 193/240  [index:192 total:6m12.51s tree:1m15.45s]
I0000 00:00:1790110663.243562   26757 random_forest.cc:899] random_forest.cc Training block took: 383.674 s
W0000 00:00:1790110663.243600   26757 random_forest.cc:1220] EXITING EARLY TO SPEED UP EXPERIMENTS!
RESULT dataset=youtube8m_video_train threshold=300 median=383.674s stddev=N/As n=1


======== Threshold 400 ========

./bazel-bin/examples/train_oblique_forest --input_mode csv --train_csv "benchmarks/data/youtube8m/youtube8m_video_train.csv" --label_col "class" --num_trees=240 --dynamic_split_threshold=400 --feature_split_type Oblique --numerical_split_type "Dynamic Random Histogram" --histogram_num_bins 256
----- Run 1/1 -----
WARNING: All log messages before absl::InitializeLog() is called are written to STDERR
I0000 00:00:1790110664.509653   26994 train_oblique_forest.cc:1101] Loading CSV in a single pass: benchmarks/data/youtube8m/youtube8m_video_train.csv
I0000 00:00:1790110671.979889   26994 train_oblique_forest.cc:1108] Single-pass CSV load complete: 3888919 rows, 1153 columns.
I0000 00:00:1790110671.979951   26994 train_oblique_forest.cc:1229] -1 (automatic) threads requested. 48 threads set.
I0000 00:00:1790110671.979960   26994 train_oblique_forest.cc:1304] Configuring oblique splits
I0000 00:00:1790110671.979962   26994 train_oblique_forest.cc:1313] dynamic_split_threshold = 400 (from flag)
I0000 00:00:1790110671.979964   26994 train_oblique_forest.cc:1398] Using Dynamic Random Histogram with 256 samples
I0000 00:00:1790110671.979973   26994 train_oblique_forest.cc:1428] train_oblique_forest wall-time - Loading/Init (pre-train): 7.47034s
I0000 00:00:1790110671.980083   26994 abstract_learner.cc:171] No input feature explicitly specified. Using all the available input features.
I0000 00:00:1790110671.980088   26994 abstract_learner.cc:185] The label "class" was removed from the input feature set.
I0000 00:00:1790110671.980285   26994 random_forest.cc:534] Training random forest on 3888919 example(s) and 1152 feature(s).
I0000 00:00:1790110671.980327   26994 gpu.cc:93] Cannot initialize GPU: Not compiled with GPU support
I0000 00:00:1790110671.980964   26994 random_forest.cc:663] num_threads being used: 48
I0000 00:00:1790110744.693807   27154 random_forest.cc:881] Train tree 1/240  [index:6 total:1m12.71s tree:1m12.71s]
I0000 00:00:1790110818.574258   27160 random_forest.cc:881] Train tree 49/240  [index:52 total:2m26.59s tree:1m12.65s]
I0000 00:00:1790110893.108731   27175 random_forest.cc:881] Train tree 97/240  [index:98 total:3m41.13s tree:1m13.50s]
I0000 00:00:1790110967.890394   27192 random_forest.cc:881] Train tree 145/240  [index:150 total:4m55.91s tree:1m13.32s]
I0000 00:00:1790111043.076782   27192 random_forest.cc:881] Train tree 193/240  [index:192 total:6m11.10s tree:1m15.19s]
I0000 00:00:1790111052.184780   26994 random_forest.cc:899] random_forest.cc Training block took: 380.205 s
W0000 00:00:1790111052.184818   26994 random_forest.cc:1220] EXITING EARLY TO SPEED UP EXPERIMENTS!
RESULT dataset=youtube8m_video_train threshold=400 median=380.205s stddev=N/As n=1


======== Threshold 500 ========

./bazel-bin/examples/train_oblique_forest --input_mode csv --train_csv "benchmarks/data/youtube8m/youtube8m_video_train.csv" --label_col "class" --num_trees=240 --dynamic_split_threshold=500 --feature_split_type Oblique --numerical_split_type "Dynamic Random Histogram" --histogram_num_bins 256
----- Run 1/1 -----
WARNING: All log messages before absl::InitializeLog() is called are written to STDERR
I0000 00:00:1790111053.453303   27238 train_oblique_forest.cc:1101] Loading CSV in a single pass: benchmarks/data/youtube8m/youtube8m_video_train.csv
I0000 00:00:1790111061.122234   27238 train_oblique_forest.cc:1108] Single-pass CSV load complete: 3888919 rows, 1153 columns.
I0000 00:00:1790111061.122298   27238 train_oblique_forest.cc:1229] -1 (automatic) threads requested. 48 threads set.
I0000 00:00:1790111061.122307   27238 train_oblique_forest.cc:1304] Configuring oblique splits
I0000 00:00:1790111061.122308   27238 train_oblique_forest.cc:1313] dynamic_split_threshold = 500 (from flag)
I0000 00:00:1790111061.122310   27238 train_oblique_forest.cc:1398] Using Dynamic Random Histogram with 256 samples
I0000 00:00:1790111061.122320   27238 train_oblique_forest.cc:1428] train_oblique_forest wall-time - Loading/Init (pre-train): 7.66904s
I0000 00:00:1790111061.122432   27238 abstract_learner.cc:171] No input feature explicitly specified. Using all the available input features.
I0000 00:00:1790111061.122437   27238 abstract_learner.cc:185] The label "class" was removed from the input feature set.
I0000 00:00:1790111061.122632   27238 random_forest.cc:534] Training random forest on 3888919 example(s) and 1152 feature(s).
I0000 00:00:1790111061.122674   27238 gpu.cc:93] Cannot initialize GPU: Not compiled with GPU support
I0000 00:00:1790111061.123301   27238 random_forest.cc:663] num_threads being used: 48
I0000 00:00:1790111134.287815   27409 random_forest.cc:881] Train tree 1/240  [index:20 total:1m13.16s tree:1m13.16s]
I0000 00:00:1790111207.594709   27400 random_forest.cc:881] Train tree 49/240  [index:68 total:2m26.47s tree:1m11.33s]
I0000 00:00:1790111282.126334   27416 random_forest.cc:881] Train tree 97/240  [index:97 total:3m41.00s tree:1m13.50s]
I0000 00:00:1790111354.961608   27416 random_forest.cc:881] Train tree 145/240  [index:144 total:4m53.84s tree:1m12.84s]
I0000 00:00:1790111430.037544   27416 random_forest.cc:881] Train tree 193/240  [index:192 total:6m8.91s tree:1m15.08s]
I0000 00:00:1790111441.254397   27238 random_forest.cc:899] random_forest.cc Training block took: 380.132 s
W0000 00:00:1790111441.254433   27238 random_forest.cc:1220] EXITING EARLY TO SPEED UP EXPERIMENTS!
RESULT dataset=youtube8m_video_train threshold=500 median=380.132s stddev=N/As n=1


======== Threshold 600 ========

./bazel-bin/examples/train_oblique_forest --input_mode csv --train_csv "benchmarks/data/youtube8m/youtube8m_video_train.csv" --label_col "class" --num_trees=240 --dynamic_split_threshold=600 --feature_split_type Oblique --numerical_split_type "Dynamic Random Histogram" --histogram_num_bins 256
----- Run 1/1 -----
WARNING: All log messages before absl::InitializeLog() is called are written to STDERR
I0000 00:00:1790111442.522078   27476 train_oblique_forest.cc:1101] Loading CSV in a single pass: benchmarks/data/youtube8m/youtube8m_video_train.csv
I0000 00:00:1790111450.138226   27476 train_oblique_forest.cc:1108] Single-pass CSV load complete: 3888919 rows, 1153 columns.
I0000 00:00:1790111450.138293   27476 train_oblique_forest.cc:1229] -1 (automatic) threads requested. 48 threads set.
I0000 00:00:1790111450.138304   27476 train_oblique_forest.cc:1304] Configuring oblique splits
I0000 00:00:1790111450.138306   27476 train_oblique_forest.cc:1313] dynamic_split_threshold = 600 (from flag)
I0000 00:00:1790111450.138308   27476 train_oblique_forest.cc:1398] Using Dynamic Random Histogram with 256 samples
I0000 00:00:1790111450.138317   27476 train_oblique_forest.cc:1428] train_oblique_forest wall-time - Loading/Init (pre-train): 7.61626s
I0000 00:00:1790111450.138428   27476 abstract_learner.cc:171] No input feature explicitly specified. Using all the available input features.
I0000 00:00:1790111450.138433   27476 abstract_learner.cc:185] The label "class" was removed from the input feature set.
I0000 00:00:1790111450.138627   27476 random_forest.cc:534] Training random forest on 3888919 example(s) and 1152 feature(s).
I0000 00:00:1790111450.138668   27476 gpu.cc:93] Cannot initialize GPU: Not compiled with GPU support
I0000 00:00:1790111450.139299   27476 random_forest.cc:663] num_threads being used: 48
I0000 00:00:1790111523.099097   27667 random_forest.cc:881] Train tree 1/240  [index:7 total:1m12.96s tree:1m12.96s]
I0000 00:00:1790111597.318437   27676 random_forest.cc:881] Train tree 49/240  [index:49 total:2m27.18s tree:1m13.56s]
I0000 00:00:1790111670.039326   27676 random_forest.cc:881] Train tree 97/240  [index:96 total:3m39.90s tree:1m12.72s]
I0000 00:00:1790111744.845890   27676 random_forest.cc:881] Train tree 145/240  [index:144 total:4m54.71s tree:1m14.81s]
I0000 00:00:1790111819.875303   27676 random_forest.cc:881] Train tree 193/240  [index:192 total:6m9.74s tree:1m15.03s]
I0000 00:00:1790111829.733427   27476 random_forest.cc:899] random_forest.cc Training block took: 379.595 s
W0000 00:00:1790111829.733465   27476 random_forest.cc:1220] EXITING EARLY TO SPEED UP EXPERIMENTS!
RESULT dataset=youtube8m_video_train threshold=600 median=379.595s stddev=N/As n=1


======== Threshold 700 ========

./bazel-bin/examples/train_oblique_forest --input_mode csv --train_csv "benchmarks/data/youtube8m/youtube8m_video_train.csv" --label_col "class" --num_trees=240 --dynamic_split_threshold=700 --feature_split_type Oblique --numerical_split_type "Dynamic Random Histogram" --histogram_num_bins 256
----- Run 1/1 -----
WARNING: All log messages before absl::InitializeLog() is called are written to STDERR
I0000 00:00:1790111831.002479   27726 train_oblique_forest.cc:1101] Loading CSV in a single pass: benchmarks/data/youtube8m/youtube8m_video_train.csv
I0000 00:00:1790111838.464789   27726 train_oblique_forest.cc:1108] Single-pass CSV load complete: 3888919 rows, 1153 columns.
I0000 00:00:1790111838.464852   27726 train_oblique_forest.cc:1229] -1 (automatic) threads requested. 48 threads set.
I0000 00:00:1790111838.464862   27726 train_oblique_forest.cc:1304] Configuring oblique splits
I0000 00:00:1790111838.464863   27726 train_oblique_forest.cc:1313] dynamic_split_threshold = 700 (from flag)
I0000 00:00:1790111838.464865   27726 train_oblique_forest.cc:1398] Using Dynamic Random Histogram with 256 samples
I0000 00:00:1790111838.464874   27726 train_oblique_forest.cc:1428] train_oblique_forest wall-time - Loading/Init (pre-train): 7.46242s
I0000 00:00:1790111838.464981   27726 abstract_learner.cc:171] No input feature explicitly specified. Using all the available input features.
I0000 00:00:1790111838.464988   27726 abstract_learner.cc:185] The label "class" was removed from the input feature set.
I0000 00:00:1790111838.465177   27726 random_forest.cc:534] Training random forest on 3888919 example(s) and 1152 feature(s).
I0000 00:00:1790111838.465222   27726 gpu.cc:93] Cannot initialize GPU: Not compiled with GPU support
I0000 00:00:1790111838.465858   27726 random_forest.cc:663] num_threads being used: 48
I0000 00:00:1790111911.183994   27922 random_forest.cc:881] Train tree 1/240  [index:7 total:1m12.72s tree:1m12.72s]
I0000 00:00:1790111984.449131   27911 random_forest.cc:881] Train tree 49/240  [index:49 total:2m25.98s tree:1m12.75s]
I0000 00:00:1790112058.760385   27911 random_forest.cc:881] Train tree 97/240  [index:96 total:3m40.29s tree:1m14.31s]
I0000 00:00:1790112132.266955   27911 random_forest.cc:881] Train tree 145/240  [index:144 total:4m53.80s tree:1m13.51s]
I0000 00:00:1790112207.542726   27911 random_forest.cc:881] Train tree 193/240  [index:192 total:6m9.08s tree:1m15.28s]
I0000 00:00:1790112218.777391   27726 random_forest.cc:899] random_forest.cc Training block took: 380.312 s
W0000 00:00:1790112218.777429   27726 random_forest.cc:1220] EXITING EARLY TO SPEED UP EXPERIMENTS!
RESULT dataset=youtube8m_video_train threshold=700 median=380.312s stddev=N/As n=1


======== Threshold 800 ========

./bazel-bin/examples/train_oblique_forest --input_mode csv --train_csv "benchmarks/data/youtube8m/youtube8m_video_train.csv" --label_col "class" --num_trees=240 --dynamic_split_threshold=800 --feature_split_type Oblique --numerical_split_type "Dynamic Random Histogram" --histogram_num_bins 256
----- Run 1/1 -----
WARNING: All log messages before absl::InitializeLog() is called are written to STDERR
I0000 00:00:1790112220.044603   28002 train_oblique_forest.cc:1101] Loading CSV in a single pass: benchmarks/data/youtube8m/youtube8m_video_train.csv
I0000 00:00:1790112227.560956   28002 train_oblique_forest.cc:1108] Single-pass CSV load complete: 3888919 rows, 1153 columns.
I0000 00:00:1790112227.561016   28002 train_oblique_forest.cc:1229] -1 (automatic) threads requested. 48 threads set.
I0000 00:00:1790112227.561025   28002 train_oblique_forest.cc:1304] Configuring oblique splits
I0000 00:00:1790112227.561026   28002 train_oblique_forest.cc:1313] dynamic_split_threshold = 800 (from flag)
I0000 00:00:1790112227.561028   28002 train_oblique_forest.cc:1398] Using Dynamic Random Histogram with 256 samples
I0000 00:00:1790112227.561038   28002 train_oblique_forest.cc:1428] train_oblique_forest wall-time - Loading/Init (pre-train): 7.51646s
I0000 00:00:1790112227.561142   28002 abstract_learner.cc:171] No input feature explicitly specified. Using all the available input features.
I0000 00:00:1790112227.561147   28002 abstract_learner.cc:185] The label "class" was removed from the input feature set.
I0000 00:00:1790112227.561346   28002 random_forest.cc:534] Training random forest on 3888919 example(s) and 1152 feature(s).
I0000 00:00:1790112227.561389   28002 gpu.cc:93] Cannot initialize GPU: Not compiled with GPU support
I0000 00:00:1790112227.562014   28002 random_forest.cc:663] num_threads being used: 48
I0000 00:00:1790112299.954899   28170 random_forest.cc:881] Train tree 1/240  [index:20 total:1m12.39s tree:1m12.39s]
I0000 00:00:1790112373.155605   28201 random_forest.cc:881] Train tree 49/240  [index:50 total:2m25.59s tree:1m12.78s]
I0000 00:00:1790112448.009243   28186 random_forest.cc:881] Train tree 97/240  [index:97 total:3m40.45s tree:1m13.95s]
I0000 00:00:1790112521.320037   28186 random_forest.cc:881] Train tree 145/240  [index:144 total:4m53.76s tree:1m13.31s]
I0000 00:00:1790112596.697639   28186 random_forest.cc:881] Train tree 193/240  [index:192 total:6m9.14s tree:1m15.38s]
I0000 00:00:1790112606.079173   28002 random_forest.cc:899] random_forest.cc Training block took: 378.518 s
W0000 00:00:1790112606.079212   28002 random_forest.cc:1220] EXITING EARLY TO SPEED UP EXPERIMENTS!
RESULT dataset=youtube8m_video_train threshold=800 median=378.518s stddev=N/As n=1


======== Threshold 900 ========

./bazel-bin/examples/train_oblique_forest --input_mode csv --train_csv "benchmarks/data/youtube8m/youtube8m_video_train.csv" --label_col "class" --num_trees=240 --dynamic_split_threshold=900 --feature_split_type Oblique --numerical_split_type "Dynamic Random Histogram" --histogram_num_bins 256
----- Run 1/1 -----
WARNING: All log messages before absl::InitializeLog() is called are written to STDERR
I0000 00:00:1790112607.336500   28243 train_oblique_forest.cc:1101] Loading CSV in a single pass: benchmarks/data/youtube8m/youtube8m_video_train.csv
I0000 00:00:1790112614.797051   28243 train_oblique_forest.cc:1108] Single-pass CSV load complete: 3888919 rows, 1153 columns.
I0000 00:00:1790112614.797116   28243 train_oblique_forest.cc:1229] -1 (automatic) threads requested. 48 threads set.
I0000 00:00:1790112614.797124   28243 train_oblique_forest.cc:1304] Configuring oblique splits
I0000 00:00:1790112614.797126   28243 train_oblique_forest.cc:1313] dynamic_split_threshold = 900 (from flag)
I0000 00:00:1790112614.797128   28243 train_oblique_forest.cc:1398] Using Dynamic Random Histogram with 256 samples
I0000 00:00:1790112614.797137   28243 train_oblique_forest.cc:1428] train_oblique_forest wall-time - Loading/Init (pre-train): 7.46066s
I0000 00:00:1790112614.797250   28243 abstract_learner.cc:171] No input feature explicitly specified. Using all the available input features.
I0000 00:00:1790112614.797256   28243 abstract_learner.cc:185] The label "class" was removed from the input feature set.
I0000 00:00:1790112614.797453   28243 random_forest.cc:534] Training random forest on 3888919 example(s) and 1152 feature(s).
I0000 00:00:1790112614.797496   28243 gpu.cc:93] Cannot initialize GPU: Not compiled with GPU support
I0000 00:00:1790112614.798127   28243 random_forest.cc:663] num_threads being used: 48
I0000 00:00:1790112686.718569   28413 random_forest.cc:881] Train tree 1/240  [index:20 total:1m11.92s tree:1m11.92s]
I0000 00:00:1790112760.112167   28437 random_forest.cc:881] Train tree 49/240  [index:50 total:2m25.31s tree:1m12.34s]
I0000 00:00:1790112832.651248   28437 random_forest.cc:881] Train tree 97/240  [index:96 total:3m37.85s tree:1m12.54s]
I0000 00:00:1790112907.366248   28437 random_forest.cc:881] Train tree 145/240  [index:144 total:4m52.57s tree:1m14.71s]
I0000 00:00:1790112982.001884   28437 random_forest.cc:881] Train tree 193/240  [index:192 total:6m7.20s tree:1m14.64s]
I0000 00:00:1790112992.812878   28243 random_forest.cc:899] random_forest.cc Training block took: 378.016 s
W0000 00:00:1790112992.812915   28243 random_forest.cc:1220] EXITING EARLY TO SPEED UP EXPERIMENTS!
RESULT dataset=youtube8m_video_train threshold=900 median=378.016s stddev=N/As n=1


======== Threshold 1000 ========

./bazel-bin/examples/train_oblique_forest --input_mode csv --train_csv "benchmarks/data/youtube8m/youtube8m_video_train.csv" --label_col "class" --num_trees=240 --dynamic_split_threshold=1000 --feature_split_type Oblique --numerical_split_type "Dynamic Random Histogram" --histogram_num_bins 256
----- Run 1/1 -----
WARNING: All log messages before absl::InitializeLog() is called are written to STDERR
I0000 00:00:1790112994.075049   28488 train_oblique_forest.cc:1101] Loading CSV in a single pass: benchmarks/data/youtube8m/youtube8m_video_train.csv
I0000 00:00:1790113001.560954   28488 train_oblique_forest.cc:1108] Single-pass CSV load complete: 3888919 rows, 1153 columns.
I0000 00:00:1790113001.561018   28488 train_oblique_forest.cc:1229] -1 (automatic) threads requested. 48 threads set.
I0000 00:00:1790113001.561028   28488 train_oblique_forest.cc:1304] Configuring oblique splits
I0000 00:00:1790113001.561030   28488 train_oblique_forest.cc:1313] dynamic_split_threshold = 1000 (from flag)
I0000 00:00:1790113001.561032   28488 train_oblique_forest.cc:1398] Using Dynamic Random Histogram with 256 samples
I0000 00:00:1790113001.561040   28488 train_oblique_forest.cc:1428] train_oblique_forest wall-time - Loading/Init (pre-train): 7.48602s
I0000 00:00:1790113001.561149   28488 abstract_learner.cc:171] No input feature explicitly specified. Using all the available input features.
I0000 00:00:1790113001.561154   28488 abstract_learner.cc:185] The label "class" was removed from the input feature set.
I0000 00:00:1790113001.561354   28488 random_forest.cc:534] Training random forest on 3888919 example(s) and 1152 feature(s).
I0000 00:00:1790113001.561394   28488 gpu.cc:93] Cannot initialize GPU: Not compiled with GPU support
I0000 00:00:1790113001.562024   28488 random_forest.cc:663] num_threads being used: 48
I0000 00:00:1790113074.925510   28684 random_forest.cc:881] Train tree 1/240  [index:7 total:1m13.36s tree:1m13.36s]
I0000 00:00:1790113148.560142   28685 random_forest.cc:881] Train tree 49/240  [index:50 total:2m27.00s tree:1m13.12s]
I0000 00:00:1790113223.055846   28685 random_forest.cc:881] Train tree 97/240  [index:96 total:3m41.49s tree:1m14.50s]
I0000 00:00:1790113296.980207   28663 random_forest.cc:881] Train tree 145/240  [index:151 total:4m55.42s tree:1m12.17s]
I0000 00:00:1790113372.664364   28669 random_forest.cc:881] Train tree 193/240  [index:197 total:6m11.10s tree:1m13.25s]
I0000 00:00:1790113383.039421   28488 random_forest.cc:899] random_forest.cc Training block took: 381.478 s
W0000 00:00:1790113383.039459   28488 random_forest.cc:1220] EXITING EARLY TO SPEED UP EXPERIMENTS!
RESULT dataset=youtube8m_video_train threshold=1000 median=381.478s stddev=N/As n=1


======== Threshold 1200 ========

./bazel-bin/examples/train_oblique_forest --input_mode csv --train_csv "benchmarks/data/youtube8m/youtube8m_video_train.csv" --label_col "class" --num_trees=240 --dynamic_split_threshold=1200 --feature_split_type Oblique --numerical_split_type "Dynamic Random Histogram" --histogram_num_bins 256
----- Run 1/1 -----
WARNING: All log messages before absl::InitializeLog() is called are written to STDERR
I0000 00:00:1790113384.305663   28733 train_oblique_forest.cc:1101] Loading CSV in a single pass: benchmarks/data/youtube8m/youtube8m_video_train.csv
I0000 00:00:1790113391.787676   28733 train_oblique_forest.cc:1108] Single-pass CSV load complete: 3888919 rows, 1153 columns.
I0000 00:00:1790113391.787737   28733 train_oblique_forest.cc:1229] -1 (automatic) threads requested. 48 threads set.
I0000 00:00:1790113391.787746   28733 train_oblique_forest.cc:1304] Configuring oblique splits
I0000 00:00:1790113391.787748   28733 train_oblique_forest.cc:1313] dynamic_split_threshold = 1200 (from flag)
I0000 00:00:1790113391.787749   28733 train_oblique_forest.cc:1398] Using Dynamic Random Histogram with 256 samples
I0000 00:00:1790113391.787758   28733 train_oblique_forest.cc:1428] train_oblique_forest wall-time - Loading/Init (pre-train): 7.48212s
I0000 00:00:1790113391.787868   28733 abstract_learner.cc:171] No input feature explicitly specified. Using all the available input features.
I0000 00:00:1790113391.787873   28733 abstract_learner.cc:185] The label "class" was removed from the input feature set.
I0000 00:00:1790113391.788067   28733 random_forest.cc:534] Training random forest on 3888919 example(s) and 1152 feature(s).
I0000 00:00:1790113391.788108   28733 gpu.cc:93] Cannot initialize GPU: Not compiled with GPU support
I0000 00:00:1790113391.788731   28733 random_forest.cc:663] num_threads being used: 48
I0000 00:00:1790113464.521825   28928 random_forest.cc:881] Train tree 1/240  [index:6 total:1m12.73s tree:1m12.73s]
I0000 00:00:1790113538.389807   28894 random_forest.cc:881] Train tree 49/240  [index:50 total:2m26.60s tree:1m13.35s]
I0000 00:00:1790113612.168472   28894 random_forest.cc:881] Train tree 97/240  [index:96 total:3m40.38s tree:1m13.78s]
I0000 00:00:1790113685.643428   28922 random_forest.cc:881] Train tree 145/240  [index:151 total:4m53.85s tree:1m10.81s]
I0000 00:00:1790113761.243369   28922 random_forest.cc:881] Train tree 193/240  [index:192 total:6m9.45s tree:1m15.60s]
I0000 00:00:1790113771.083207   28733 random_forest.cc:899] random_forest.cc Training block took: 379.295 s
W0000 00:00:1790113771.083246   28733 random_forest.cc:1220] EXITING EARLY TO SPEED UP EXPERIMENTS!
RESULT dataset=youtube8m_video_train threshold=1200 median=379.295s stddev=N/As n=1


======== Threshold 1400 ========

./bazel-bin/examples/train_oblique_forest --input_mode csv --train_csv "benchmarks/data/youtube8m/youtube8m_video_train.csv" --label_col "class" --num_trees=240 --dynamic_split_threshold=1400 --feature_split_type Oblique --numerical_split_type "Dynamic Random Histogram" --histogram_num_bins 256
----- Run 1/1 -----
WARNING: All log messages before absl::InitializeLog() is called are written to STDERR
I0000 00:00:1790113772.349852   29001 train_oblique_forest.cc:1101] Loading CSV in a single pass: benchmarks/data/youtube8m/youtube8m_video_train.csv
I0000 00:00:1790113779.818664   29001 train_oblique_forest.cc:1108] Single-pass CSV load complete: 3888919 rows, 1153 columns.
I0000 00:00:1790113779.818730   29001 train_oblique_forest.cc:1229] -1 (automatic) threads requested. 48 threads set.
I0000 00:00:1790113779.818739   29001 train_oblique_forest.cc:1304] Configuring oblique splits
I0000 00:00:1790113779.818741   29001 train_oblique_forest.cc:1313] dynamic_split_threshold = 1400 (from flag)
I0000 00:00:1790113779.818743   29001 train_oblique_forest.cc:1398] Using Dynamic Random Histogram with 256 samples
I0000 00:00:1790113779.818752   29001 train_oblique_forest.cc:1428] train_oblique_forest wall-time - Loading/Init (pre-train): 7.46892s
I0000 00:00:1790113779.818858   29001 abstract_learner.cc:171] No input feature explicitly specified. Using all the available input features.
I0000 00:00:1790113779.818863   29001 abstract_learner.cc:185] The label "class" was removed from the input feature set.
I0000 00:00:1790113779.819056   29001 random_forest.cc:534] Training random forest on 3888919 example(s) and 1152 feature(s).
I0000 00:00:1790113779.819098   29001 gpu.cc:93] Cannot initialize GPU: Not compiled with GPU support
I0000 00:00:1790113779.819734   29001 random_forest.cc:663] num_threads being used: 48
I0000 00:00:1790113854.038198   29170 random_forest.cc:881] Train tree 1/240  [index:18 total:1m14.22s tree:1m14.21s]
I0000 00:00:1790113926.838016   29178 random_forest.cc:881] Train tree 49/240  [index:50 total:2m27.02s tree:1m12.42s]
I0000 00:00:1790114000.829292   29178 random_forest.cc:881] Train tree 97/240  [index:96 total:3m41.01s tree:1m13.99s]
I0000 00:00:1790114075.679608   29178 random_forest.cc:881] Train tree 145/240  [index:144 total:4m55.86s tree:1m14.85s]
I0000 00:00:1790114150.796990   29178 random_forest.cc:881] Train tree 193/240  [index:192 total:6m10.98s tree:1m15.12s]
I0000 00:00:1790114162.222912   29001 random_forest.cc:899] random_forest.cc Training block took: 382.404 s
W0000 00:00:1790114162.222950   29001 random_forest.cc:1220] EXITING EARLY TO SPEED UP EXPERIMENTS!
RESULT dataset=youtube8m_video_train threshold=1400 median=382.404s stddev=N/As n=1


======== Threshold 1600 ========

./bazel-bin/examples/train_oblique_forest --input_mode csv --train_csv "benchmarks/data/youtube8m/youtube8m_video_train.csv" --label_col "class" --num_trees=240 --dynamic_split_threshold=1600 --feature_split_type Oblique --numerical_split_type "Dynamic Random Histogram" --histogram_num_bins 256
----- Run 1/1 -----
WARNING: All log messages before absl::InitializeLog() is called are written to STDERR
I0000 00:00:1790114163.485858   29246 train_oblique_forest.cc:1101] Loading CSV in a single pass: benchmarks/data/youtube8m/youtube8m_video_train.csv
I0000 00:00:1790114171.032079   29246 train_oblique_forest.cc:1108] Single-pass CSV load complete: 3888919 rows, 1153 columns.
I0000 00:00:1790114171.032141   29246 train_oblique_forest.cc:1229] -1 (automatic) threads requested. 48 threads set.
I0000 00:00:1790114171.032150   29246 train_oblique_forest.cc:1304] Configuring oblique splits
I0000 00:00:1790114171.032152   29246 train_oblique_forest.cc:1313] dynamic_split_threshold = 1600 (from flag)
I0000 00:00:1790114171.032154   29246 train_oblique_forest.cc:1398] Using Dynamic Random Histogram with 256 samples
I0000 00:00:1790114171.032163   29246 train_oblique_forest.cc:1428] train_oblique_forest wall-time - Loading/Init (pre-train): 7.54633s
I0000 00:00:1790114171.032270   29246 abstract_learner.cc:171] No input feature explicitly specified. Using all the available input features.
I0000 00:00:1790114171.032275   29246 abstract_learner.cc:185] The label "class" was removed from the input feature set.
I0000 00:00:1790114171.032475   29246 random_forest.cc:534] Training random forest on 3888919 example(s) and 1152 feature(s).
I0000 00:00:1790114171.032517   29246 gpu.cc:93] Cannot initialize GPU: Not compiled with GPU support
I0000 00:00:1790114171.033148   29246 random_forest.cc:663] num_threads being used: 48
I0000 00:00:1790114244.108793   29402 random_forest.cc:881] Train tree 1/240  [index:3 total:1m13.08s tree:1m13.07s]
I0000 00:00:1790114318.165558   29412 random_forest.cc:881] Train tree 49/240  [index:50 total:2m27.13s tree:1m13.57s]
I0000 00:00:1790114392.960441   29412 random_forest.cc:881] Train tree 97/240  [index:96 total:3m41.93s tree:1m14.79s]
I0000 00:00:1790114468.330037   29412 random_forest.cc:881] Train tree 145/240  [index:144 total:4m57.30s tree:1m15.37s]
I0000 00:00:1790114543.240866   29412 random_forest.cc:881] Train tree 193/240  [index:192 total:6m12.21s tree:1m14.91s]
I0000 00:00:1790114552.742250   29246 random_forest.cc:899] random_forest.cc Training block took: 381.71 s
W0000 00:00:1790114552.742288   29246 random_forest.cc:1220] EXITING EARLY TO SPEED UP EXPERIMENTS!
RESULT dataset=youtube8m_video_train threshold=1600 median=381.71s stddev=N/As n=1


======== Threshold 1800 ========

./bazel-bin/examples/train_oblique_forest --input_mode csv --train_csv "benchmarks/data/youtube8m/youtube8m_video_train.csv" --label_col "class" --num_trees=240 --dynamic_split_threshold=1800 --feature_split_type Oblique --numerical_split_type "Dynamic Random Histogram" --histogram_num_bins 256
----- Run 1/1 -----
WARNING: All log messages before absl::InitializeLog() is called are written to STDERR
I0000 00:00:1790114554.008288   29506 train_oblique_forest.cc:1101] Loading CSV in a single pass: benchmarks/data/youtube8m/youtube8m_video_train.csv
I0000 00:00:1790114561.691277   29506 train_oblique_forest.cc:1108] Single-pass CSV load complete: 3888919 rows, 1153 columns.
I0000 00:00:1790114561.691343   29506 train_oblique_forest.cc:1229] -1 (automatic) threads requested. 48 threads set.
I0000 00:00:1790114561.691354   29506 train_oblique_forest.cc:1304] Configuring oblique splits
I0000 00:00:1790114561.691356   29506 train_oblique_forest.cc:1313] dynamic_split_threshold = 1800 (from flag)
I0000 00:00:1790114561.691358   29506 train_oblique_forest.cc:1398] Using Dynamic Random Histogram with 256 samples
I0000 00:00:1790114561.691367   29506 train_oblique_forest.cc:1428] train_oblique_forest wall-time - Loading/Init (pre-train): 7.6831s
I0000 00:00:1790114561.691474   29506 abstract_learner.cc:171] No input feature explicitly specified. Using all the available input features.
I0000 00:00:1790114561.691478   29506 abstract_learner.cc:185] The label "class" was removed from the input feature set.
I0000 00:00:1790114561.691672   29506 random_forest.cc:534] Training random forest on 3888919 example(s) and 1152 feature(s).
I0000 00:00:1790114561.691714   29506 gpu.cc:93] Cannot initialize GPU: Not compiled with GPU support
I0000 00:00:1790114561.692351   29506 random_forest.cc:663] num_threads being used: 48
I0000 00:00:1790114635.005090   29675 random_forest.cc:881] Train tree 1/240  [index:20 total:1m13.31s tree:1m13.31s]
I0000 00:00:1790114709.668517   29663 random_forest.cc:881] Train tree 49/240  [index:50 total:2m27.98s tree:1m13.84s]
I0000 00:00:1790114783.013052   29663 random_forest.cc:881] Train tree 97/240  [index:96 total:3m41.32s tree:1m13.34s]
I0000 00:00:1790114857.714905   29663 random_forest.cc:881] Train tree 145/240  [index:144 total:4m56.02s tree:1m14.70s]
I0000 00:00:1790114933.306303   29663 random_forest.cc:881] Train tree 193/240  [index:192 total:6m11.61s tree:1m15.59s]
I0000 00:00:1790114943.671719   29506 random_forest.cc:899] random_forest.cc Training block took: 381.98 s
W0000 00:00:1790114943.671757   29506 random_forest.cc:1220] EXITING EARLY TO SPEED UP EXPERIMENTS!
RESULT dataset=youtube8m_video_train threshold=1800 median=381.98s stddev=N/As n=1


======== Threshold 2000 ========

./bazel-bin/examples/train_oblique_forest --input_mode csv --train_csv "benchmarks/data/youtube8m/youtube8m_video_train.csv" --label_col "class" --num_trees=240 --dynamic_split_threshold=2000 --feature_split_type Oblique --numerical_split_type "Dynamic Random Histogram" --histogram_num_bins 256
----- Run 1/1 -----
WARNING: All log messages before absl::InitializeLog() is called are written to STDERR
I0000 00:00:1790114944.938786   29746 train_oblique_forest.cc:1101] Loading CSV in a single pass: benchmarks/data/youtube8m/youtube8m_video_train.csv
I0000 00:00:1790114952.486351   29746 train_oblique_forest.cc:1108] Single-pass CSV load complete: 3888919 rows, 1153 columns.
I0000 00:00:1790114952.486412   29746 train_oblique_forest.cc:1229] -1 (automatic) threads requested. 48 threads set.
I0000 00:00:1790114952.486422   29746 train_oblique_forest.cc:1304] Configuring oblique splits
I0000 00:00:1790114952.486424   29746 train_oblique_forest.cc:1313] dynamic_split_threshold = 2000 (from flag)
I0000 00:00:1790114952.486426   29746 train_oblique_forest.cc:1398] Using Dynamic Random Histogram with 256 samples
I0000 00:00:1790114952.486434   29746 train_oblique_forest.cc:1428] train_oblique_forest wall-time - Loading/Init (pre-train): 7.54767s
I0000 00:00:1790114952.486543   29746 abstract_learner.cc:171] No input feature explicitly specified. Using all the available input features.
I0000 00:00:1790114952.486550   29746 abstract_learner.cc:185] The label "class" was removed from the input feature set.
I0000 00:00:1790114952.486745   29746 random_forest.cc:534] Training random forest on 3888919 example(s) and 1152 feature(s).
I0000 00:00:1790114952.486786   29746 gpu.cc:93] Cannot initialize GPU: Not compiled with GPU support
I0000 00:00:1790114952.487425   29746 random_forest.cc:663] num_threads being used: 48
I0000 00:00:1790115026.010125   29918 random_forest.cc:881] Train tree 1/240  [index:20 total:1m13.52s tree:1m13.52s]
I0000 00:00:1790115100.338986   29916 random_forest.cc:881] Train tree 49/240  [index:68 total:2m27.85s tree:1m11.93s]
I0000 00:00:1790115175.906571   29924 random_forest.cc:881] Train tree 97/240  [index:99 total:3m43.42s tree:1m14.52s]
I0000 00:00:1790115249.079181   29924 random_forest.cc:881] Train tree 145/240  [index:144 total:4m56.59s tree:1m13.17s]
I0000 00:00:1790115323.264872   29924 random_forest.cc:881] Train tree 193/240  [index:192 total:6m10.78s tree:1m14.19s]
I0000 00:00:1790115336.196598   29746 random_forest.cc:899] random_forest.cc Training block took: 383.71 s
W0000 00:00:1790115336.196636   29746 random_forest.cc:1220] EXITING EARLY TO SPEED UP EXPERIMENTS!
RESULT dataset=youtube8m_video_train threshold=2000 median=383.71s stddev=N/As n=1


======== Threshold 2500 ========

./bazel-bin/examples/train_oblique_forest --input_mode csv --train_csv "benchmarks/data/youtube8m/youtube8m_video_train.csv" --label_col "class" --num_trees=240 --dynamic_split_threshold=2500 --feature_split_type Oblique --numerical_split_type "Dynamic Random Histogram" --histogram_num_bins 256
----- Run 1/1 -----
WARNING: All log messages before absl::InitializeLog() is called are written to STDERR
I0000 00:00:1790115337.461183   29991 train_oblique_forest.cc:1101] Loading CSV in a single pass: benchmarks/data/youtube8m/youtube8m_video_train.csv
I0000 00:00:1790115345.162390   29991 train_oblique_forest.cc:1108] Single-pass CSV load complete: 3888919 rows, 1153 columns.
I0000 00:00:1790115345.162457   29991 train_oblique_forest.cc:1229] -1 (automatic) threads requested. 48 threads set.
I0000 00:00:1790115345.162466   29991 train_oblique_forest.cc:1304] Configuring oblique splits
I0000 00:00:1790115345.162467   29991 train_oblique_forest.cc:1313] dynamic_split_threshold = 2500 (from flag)
I0000 00:00:1790115345.162469   29991 train_oblique_forest.cc:1398] Using Dynamic Random Histogram with 256 samples
I0000 00:00:1790115345.162478   29991 train_oblique_forest.cc:1428] train_oblique_forest wall-time - Loading/Init (pre-train): 7.70132s
I0000 00:00:1790115345.162588   29991 abstract_learner.cc:171] No input feature explicitly specified. Using all the available input features.
I0000 00:00:1790115345.162593   29991 abstract_learner.cc:185] The label "class" was removed from the input feature set.
I0000 00:00:1790115345.162783   29991 random_forest.cc:534] Training random forest on 3888919 example(s) and 1152 feature(s).
I0000 00:00:1790115345.162826   29991 gpu.cc:93] Cannot initialize GPU: Not compiled with GPU support
I0000 00:00:1790115345.163457   29991 random_forest.cc:663] num_threads being used: 48
I0000 00:00:1790115418.006862   30187 random_forest.cc:881] Train tree 1/240  [index:6 total:1m12.84s tree:1m12.84s]
I0000 00:00:1790115493.641072   30169 random_forest.cc:881] Train tree 49/240  [index:68 total:2m28.48s tree:1m12.46s]
I0000 00:00:1790115568.082037   30187 random_forest.cc:881] Train tree 97/240  [index:97 total:3m42.92s tree:1m14.41s]
I0000 00:00:1790115643.509396   30187 random_forest.cc:881] Train tree 145/240  [index:144 total:4m58.35s tree:1m15.43s]
I0000 00:00:1790115718.716692   30187 random_forest.cc:881] Train tree 193/240  [index:192 total:6m13.55s tree:1m15.21s]
I0000 00:00:1790115729.789153   29991 random_forest.cc:899] random_forest.cc Training block took: 384.627 s
W0000 00:00:1790115729.789192   29991 random_forest.cc:1220] EXITING EARLY TO SPEED UP EXPERIMENTS!
RESULT dataset=youtube8m_video_train threshold=2500 median=384.627s stddev=N/As n=1


======== Threshold 3000 ========

./bazel-bin/examples/train_oblique_forest --input_mode csv --train_csv "benchmarks/data/youtube8m/youtube8m_video_train.csv" --label_col "class" --num_trees=240 --dynamic_split_threshold=3000 --feature_split_type Oblique --numerical_split_type "Dynamic Random Histogram" --histogram_num_bins 256
----- Run 1/1 -----
WARNING: All log messages before absl::InitializeLog() is called are written to STDERR
I0000 00:00:1790115731.054569   30275 train_oblique_forest.cc:1101] Loading CSV in a single pass: benchmarks/data/youtube8m/youtube8m_video_train.csv
I0000 00:00:1790115738.546913   30275 train_oblique_forest.cc:1108] Single-pass CSV load complete: 3888919 rows, 1153 columns.
I0000 00:00:1790115738.546972   30275 train_oblique_forest.cc:1229] -1 (automatic) threads requested. 48 threads set.
I0000 00:00:1790115738.546981   30275 train_oblique_forest.cc:1304] Configuring oblique splits
I0000 00:00:1790115738.546983   30275 train_oblique_forest.cc:1313] dynamic_split_threshold = 3000 (from flag)
I0000 00:00:1790115738.546985   30275 train_oblique_forest.cc:1398] Using Dynamic Random Histogram with 256 samples
I0000 00:00:1790115738.546994   30275 train_oblique_forest.cc:1428] train_oblique_forest wall-time - Loading/Init (pre-train): 7.49245s
I0000 00:00:1790115738.547105   30275 abstract_learner.cc:171] No input feature explicitly specified. Using all the available input features.
I0000 00:00:1790115738.547110   30275 abstract_learner.cc:185] The label "class" was removed from the input feature set.
I0000 00:00:1790115738.547301   30275 random_forest.cc:534] Training random forest on 3888919 example(s) and 1152 feature(s).
I0000 00:00:1790115738.547349   30275 gpu.cc:93] Cannot initialize GPU: Not compiled with GPU support
I0000 00:00:1790115738.547980   30275 random_forest.cc:663] num_threads being used: 48
I0000 00:00:1790115811.655566   30474 random_forest.cc:881] Train tree 1/240  [index:7 total:1m13.11s tree:1m13.10s]
I0000 00:00:1790115887.196205   30457 random_forest.cc:881] Train tree 49/240  [index:49 total:2m28.65s tree:1m14.54s]
I0000 00:00:1790115963.000507   30441 random_forest.cc:881] Train tree 97/240  [index:99 total:3m44.45s tree:1m14.67s]
I0000 00:00:1790116037.912585   30455 random_forest.cc:881] Train tree 145/240  [index:148 total:4m59.36s tree:1m14.11s]
I0000 00:00:1790116114.078843   30456 random_forest.cc:881] Train tree 193/240  [index:193 total:6m15.53s tree:1m15.92s]
I0000 00:00:1790116124.291239   30275 random_forest.cc:899] random_forest.cc Training block took: 385.744 s
W0000 00:00:1790116124.291276   30275 random_forest.cc:1220] EXITING EARLY TO SPEED UP EXPERIMENTS!
RESULT dataset=youtube8m_video_train threshold=3000 median=385.744s stddev=N/As n=1


======== Threshold 3500 ========

./bazel-bin/examples/train_oblique_forest --input_mode csv --train_csv "benchmarks/data/youtube8m/youtube8m_video_train.csv" --label_col "class" --num_trees=240 --dynamic_split_threshold=3500 --feature_split_type Oblique --numerical_split_type "Dynamic Random Histogram" --histogram_num_bins 256
----- Run 1/1 -----
WARNING: All log messages before absl::InitializeLog() is called are written to STDERR
I0000 00:00:1790116125.557633   30518 train_oblique_forest.cc:1101] Loading CSV in a single pass: benchmarks/data/youtube8m/youtube8m_video_train.csv
I0000 00:00:1790116133.228161   30518 train_oblique_forest.cc:1108] Single-pass CSV load complete: 3888919 rows, 1153 columns.
I0000 00:00:1790116133.228221   30518 train_oblique_forest.cc:1229] -1 (automatic) threads requested. 48 threads set.
I0000 00:00:1790116133.228231   30518 train_oblique_forest.cc:1304] Configuring oblique splits
I0000 00:00:1790116133.228233   30518 train_oblique_forest.cc:1313] dynamic_split_threshold = 3500 (from flag)
I0000 00:00:1790116133.228235   30518 train_oblique_forest.cc:1398] Using Dynamic Random Histogram with 256 samples
I0000 00:00:1790116133.228245   30518 train_oblique_forest.cc:1428] train_oblique_forest wall-time - Loading/Init (pre-train): 7.67064s
I0000 00:00:1790116133.228356   30518 abstract_learner.cc:171] No input feature explicitly specified. Using all the available input features.
I0000 00:00:1790116133.228360   30518 abstract_learner.cc:185] The label "class" was removed from the input feature set.
I0000 00:00:1790116133.228556   30518 random_forest.cc:534] Training random forest on 3888919 example(s) and 1152 feature(s).
I0000 00:00:1790116133.228597   30518 gpu.cc:93] Cannot initialize GPU: Not compiled with GPU support
I0000 00:00:1790116133.229228   30518 random_forest.cc:663] num_threads being used: 48
I0000 00:00:1790116207.115587   30687 random_forest.cc:881] Train tree 1/240  [index:20 total:1m13.89s tree:1m13.88s]
I0000 00:00:1790116281.672928   30678 random_forest.cc:881] Train tree 49/240  [index:52 total:2m28.44s tree:1m13.65s]
I0000 00:00:1790116353.896529   30678 random_forest.cc:881] Train tree 97/240  [index:96 total:3m40.67s tree:1m12.22s]
I0000 00:00:1790116429.585771   30678 random_forest.cc:881] Train tree 145/240  [index:144 total:4m56.36s tree:1m15.69s]
I0000 00:00:1790116505.925087   30678 random_forest.cc:881] Train tree 193/240  [index:192 total:6m12.70s tree:1m16.34s]
I0000 00:00:1790116519.497857   30518 random_forest.cc:899] random_forest.cc Training block took: 386.27 s
W0000 00:00:1790116519.497895   30518 random_forest.cc:1220] EXITING EARLY TO SPEED UP EXPERIMENTS!
RESULT dataset=youtube8m_video_train threshold=3500 median=386.27s stddev=N/As n=1


======== Threshold 4000 ========

./bazel-bin/examples/train_oblique_forest --input_mode csv --train_csv "benchmarks/data/youtube8m/youtube8m_video_train.csv" --label_col "class" --num_trees=240 --dynamic_split_threshold=4000 --feature_split_type Oblique --numerical_split_type "Dynamic Random Histogram" --histogram_num_bins 256
----- Run 1/1 -----
WARNING: All log messages before absl::InitializeLog() is called are written to STDERR
I0000 00:00:1790116520.756110   30799 train_oblique_forest.cc:1101] Loading CSV in a single pass: benchmarks/data/youtube8m/youtube8m_video_train.csv
I0000 00:00:1790116528.258849   30799 train_oblique_forest.cc:1108] Single-pass CSV load complete: 3888919 rows, 1153 columns.
I0000 00:00:1790116528.258910   30799 train_oblique_forest.cc:1229] -1 (automatic) threads requested. 48 threads set.
I0000 00:00:1790116528.258919   30799 train_oblique_forest.cc:1304] Configuring oblique splits
I0000 00:00:1790116528.258921   30799 train_oblique_forest.cc:1313] dynamic_split_threshold = 4000 (from flag)
I0000 00:00:1790116528.258922   30799 train_oblique_forest.cc:1398] Using Dynamic Random Histogram with 256 samples
I0000 00:00:1790116528.258932   30799 train_oblique_forest.cc:1428] train_oblique_forest wall-time - Loading/Init (pre-train): 7.50284s
I0000 00:00:1790116528.259038   30799 abstract_learner.cc:171] No input feature explicitly specified. Using all the available input features.
I0000 00:00:1790116528.259043   30799 abstract_learner.cc:185] The label "class" was removed from the input feature set.
I0000 00:00:1790116528.259237   30799 random_forest.cc:534] Training random forest on 3888919 example(s) and 1152 feature(s).
I0000 00:00:1790116528.259278   30799 gpu.cc:93] Cannot initialize GPU: Not compiled with GPU support
I0000 00:00:1790116528.259911   30799 random_forest.cc:663] num_threads being used: 48
I0000 00:00:1790116602.176363   30998 random_forest.cc:881] Train tree 1/240  [index:6 total:1m13.92s tree:1m13.92s]
I0000 00:00:1790116676.916649   30955 random_forest.cc:881] Train tree 49/240  [index:50 total:2m28.66s tree:1m14.36s]
I0000 00:00:1790116752.340302   30955 random_forest.cc:881] Train tree 97/240  [index:96 total:3m44.08s tree:1m15.42s]
I0000 00:00:1790116828.713621   30982 random_forest.cc:881] Train tree 145/240  [index:145 total:5m0.45s tree:1m16.01s]
I0000 00:00:1790116904.068204   30975 random_forest.cc:881] Train tree 193/240  [index:194 total:6m15.81s tree:1m14.98s]
I0000 00:00:1790116914.791476   30799 random_forest.cc:899] random_forest.cc Training block took: 386.533 s
W0000 00:00:1790116914.791513   30799 random_forest.cc:1220] EXITING EARLY TO SPEED UP EXPERIMENTS!
RESULT dataset=youtube8m_video_train threshold=4000 median=386.533s stddev=N/As n=1


======== Threshold 4500 ========

./bazel-bin/examples/train_oblique_forest --input_mode csv --train_csv "benchmarks/data/youtube8m/youtube8m_video_train.csv" --label_col "class" --num_trees=240 --dynamic_split_threshold=4500 --feature_split_type Oblique --numerical_split_type "Dynamic Random Histogram" --histogram_num_bins 256
----- Run 1/1 -----
WARNING: All log messages before absl::InitializeLog() is called are written to STDERR
I0000 00:00:1790116916.056586   31052 train_oblique_forest.cc:1101] Loading CSV in a single pass: benchmarks/data/youtube8m/youtube8m_video_train.csv
I0000 00:00:1790116923.736588   31052 train_oblique_forest.cc:1108] Single-pass CSV load complete: 3888919 rows, 1153 columns.
I0000 00:00:1790116923.736650   31052 train_oblique_forest.cc:1229] -1 (automatic) threads requested. 48 threads set.
I0000 00:00:1790116923.736659   31052 train_oblique_forest.cc:1304] Configuring oblique splits
I0000 00:00:1790116923.736660   31052 train_oblique_forest.cc:1313] dynamic_split_threshold = 4500 (from flag)
I0000 00:00:1790116923.736662   31052 train_oblique_forest.cc:1398] Using Dynamic Random Histogram with 256 samples
I0000 00:00:1790116923.736671   31052 train_oblique_forest.cc:1428] train_oblique_forest wall-time - Loading/Init (pre-train): 7.68011s
I0000 00:00:1790116923.736778   31052 abstract_learner.cc:171] No input feature explicitly specified. Using all the available input features.
I0000 00:00:1790116923.736783   31052 abstract_learner.cc:185] The label "class" was removed from the input feature set.
I0000 00:00:1790116923.736977   31052 random_forest.cc:534] Training random forest on 3888919 example(s) and 1152 feature(s).
I0000 00:00:1790116923.737020   31052 gpu.cc:93] Cannot initialize GPU: Not compiled with GPU support
I0000 00:00:1790116923.737654   31052 random_forest.cc:663] num_threads being used: 48
I0000 00:00:1790116996.907183   31221 random_forest.cc:881] Train tree 1/240  [index:6 total:1m13.17s tree:1m13.17s]
I0000 00:00:1790117073.640484   31245 random_forest.cc:881] Train tree 49/240  [index:50 total:2m29.90s tree:1m15.18s]
I0000 00:00:1790117149.236357   31225 random_forest.cc:881] Train tree 97/240  [index:117 total:3m45.50s tree:1m13.29s]
I0000 00:00:1790117224.592977   31247 random_forest.cc:881] Train tree 145/240  [index:154 total:5m0.86s tree:1m13.02s]
I0000 00:00:1790117299.494854   31247 random_forest.cc:881] Train tree 193/240  [index:192 total:6m15.76s tree:1m14.90s]
I0000 00:00:1790117311.152487   31052 random_forest.cc:899] random_forest.cc Training block took: 387.416 s
W0000 00:00:1790117311.152524   31052 random_forest.cc:1220] EXITING EARLY TO SPEED UP EXPERIMENTS!
RESULT dataset=youtube8m_video_train threshold=4500 median=387.416s stddev=N/As n=1


======== Threshold 5000 ========

./bazel-bin/examples/train_oblique_forest --input_mode csv --train_csv "benchmarks/data/youtube8m/youtube8m_video_train.csv" --label_col "class" --num_trees=240 --dynamic_split_threshold=5000 --feature_split_type Oblique --numerical_split_type "Dynamic Random Histogram" --histogram_num_bins 256
----- Run 1/1 -----
WARNING: All log messages before absl::InitializeLog() is called are written to STDERR
I0000 00:00:1790117312.411057   31293 train_oblique_forest.cc:1101] Loading CSV in a single pass: benchmarks/data/youtube8m/youtube8m_video_train.csv
I0000 00:00:1790117319.934281   31293 train_oblique_forest.cc:1108] Single-pass CSV load complete: 3888919 rows, 1153 columns.
I0000 00:00:1790117319.934348   31293 train_oblique_forest.cc:1229] -1 (automatic) threads requested. 48 threads set.
I0000 00:00:1790117319.934357   31293 train_oblique_forest.cc:1304] Configuring oblique splits
I0000 00:00:1790117319.934358   31293 train_oblique_forest.cc:1313] dynamic_split_threshold = 5000 (from flag)
I0000 00:00:1790117319.934360   31293 train_oblique_forest.cc:1398] Using Dynamic Random Histogram with 256 samples
I0000 00:00:1790117319.934369   31293 train_oblique_forest.cc:1428] train_oblique_forest wall-time - Loading/Init (pre-train): 7.52334s
I0000 00:00:1790117319.934476   31293 abstract_learner.cc:171] No input feature explicitly specified. Using all the available input features.
I0000 00:00:1790117319.934481   31293 abstract_learner.cc:185] The label "class" was removed from the input feature set.
I0000 00:00:1790117319.934676   31293 random_forest.cc:534] Training random forest on 3888919 example(s) and 1152 feature(s).
I0000 00:00:1790117319.934716   31293 gpu.cc:93] Cannot initialize GPU: Not compiled with GPU support
I0000 00:00:1790117319.935352   31293 random_forest.cc:663] num_threads being used: 48
I0000 00:00:1790117394.388325   31463 random_forest.cc:881] Train tree 1/240  [index:15 total:1m14.45s tree:1m14.45s]
I0000 00:00:1790117469.632055   31464 random_forest.cc:881] Train tree 49/240  [index:69 total:2m29.70s tree:1m12.86s]
I0000 00:00:1790117543.908440   31464 random_forest.cc:881] Train tree 97/240  [index:96 total:3m43.97s tree:1m14.28s]
I0000 00:00:1790117619.775233   31464 random_forest.cc:881] Train tree 145/240  [index:144 total:4m59.84s tree:1m15.87s]
I0000 00:00:1790117698.081817   31464 random_forest.cc:881] Train tree 193/240  [index:192 total:6m18.15s tree:1m18.31s]
I0000 00:00:1790117707.977836   31293 random_forest.cc:899] random_forest.cc Training block took: 388.043 s
W0000 00:00:1790117707.977876   31293 random_forest.cc:1220] EXITING EARLY TO SPEED UP EXPERIMENTS!
RESULT dataset=youtube8m_video_train threshold=5000 median=388.043s stddev=N/As n=1


======== Threshold 6000 ========

./bazel-bin/examples/train_oblique_forest --input_mode csv --train_csv "benchmarks/data/youtube8m/youtube8m_video_train.csv" --label_col "class" --num_trees=240 --dynamic_split_threshold=6000 --feature_split_type Oblique --numerical_split_type "Dynamic Random Histogram" --histogram_num_bins 256
----- Run 1/1 -----
WARNING: All log messages before absl::InitializeLog() is called are written to STDERR
I0000 00:00:1790117709.242805   31567 train_oblique_forest.cc:1101] Loading CSV in a single pass: benchmarks/data/youtube8m/youtube8m_video_train.csv
I0000 00:00:1790117716.779756   31567 train_oblique_forest.cc:1108] Single-pass CSV load complete: 3888919 rows, 1153 columns.
I0000 00:00:1790117716.779819   31567 train_oblique_forest.cc:1229] -1 (automatic) threads requested. 48 threads set.
I0000 00:00:1790117716.779828   31567 train_oblique_forest.cc:1304] Configuring oblique splits
I0000 00:00:1790117716.779830   31567 train_oblique_forest.cc:1313] dynamic_split_threshold = 6000 (from flag)
I0000 00:00:1790117716.779832   31567 train_oblique_forest.cc:1398] Using Dynamic Random Histogram with 256 samples
I0000 00:00:1790117716.779840   31567 train_oblique_forest.cc:1428] train_oblique_forest wall-time - Loading/Init (pre-train): 7.53706s
I0000 00:00:1790117716.779948   31567 abstract_learner.cc:171] No input feature explicitly specified. Using all the available input features.
I0000 00:00:1790117716.779953   31567 abstract_learner.cc:185] The label "class" was removed from the input feature set.
I0000 00:00:1790117716.780145   31567 random_forest.cc:534] Training random forest on 3888919 example(s) and 1152 feature(s).
I0000 00:00:1790117716.780187   31567 gpu.cc:93] Cannot initialize GPU: Not compiled with GPU support
I0000 00:00:1790117716.780816   31567 random_forest.cc:663] num_threads being used: 48
I0000 00:00:1790117791.984816   31735 random_forest.cc:881] Train tree 1/240  [index:7 total:1m15.20s tree:1m15.20s]
I0000 00:00:1790117867.257729   31765 random_forest.cc:881] Train tree 49/240  [index:50 total:2m30.48s tree:1m14.77s]
I0000 00:00:1790117941.711061   31765 random_forest.cc:881] Train tree 97/240  [index:96 total:3m44.93s tree:1m14.45s]
I0000 00:00:1790118018.751811   31765 random_forest.cc:881] Train tree 145/240  [index:144 total:5m1.97s tree:1m17.04s]
I0000 00:00:1790118096.452629   31736 random_forest.cc:881] Train tree 193/240  [index:193 total:6m19.67s tree:1m16.61s]
I0000 00:00:1790118104.544524   31567 random_forest.cc:899] random_forest.cc Training block took: 387.765 s
W0000 00:00:1790118104.544560   31567 random_forest.cc:1220] EXITING EARLY TO SPEED UP EXPERIMENTS!
RESULT dataset=youtube8m_video_train threshold=6000 median=387.765s stddev=N/As n=1


======== Threshold 7000 ========

./bazel-bin/examples/train_oblique_forest --input_mode csv --train_csv "benchmarks/data/youtube8m/youtube8m_video_train.csv" --label_col "class" --num_trees=240 --dynamic_split_threshold=7000 --feature_split_type Oblique --numerical_split_type "Dynamic Random Histogram" --histogram_num_bins 256
----- Run 1/1 -----
WARNING: All log messages before absl::InitializeLog() is called are written to STDERR
I0000 00:00:1790118105.813164   31822 train_oblique_forest.cc:1101] Loading CSV in a single pass: benchmarks/data/youtube8m/youtube8m_video_train.csv
I0000 00:00:1790118113.509159   31822 train_oblique_forest.cc:1108] Single-pass CSV load complete: 3888919 rows, 1153 columns.
I0000 00:00:1790118113.509221   31822 train_oblique_forest.cc:1229] -1 (automatic) threads requested. 48 threads set.
I0000 00:00:1790118113.509230   31822 train_oblique_forest.cc:1304] Configuring oblique splits
I0000 00:00:1790118113.509232   31822 train_oblique_forest.cc:1313] dynamic_split_threshold = 7000 (from flag)
I0000 00:00:1790118113.509234   31822 train_oblique_forest.cc:1398] Using Dynamic Random Histogram with 256 samples
I0000 00:00:1790118113.509242   31822 train_oblique_forest.cc:1428] train_oblique_forest wall-time - Loading/Init (pre-train): 7.6961s
I0000 00:00:1790118113.509356   31822 abstract_learner.cc:171] No input feature explicitly specified. Using all the available input features.
I0000 00:00:1790118113.509360   31822 abstract_learner.cc:185] The label "class" was removed from the input feature set.
I0000 00:00:1790118113.509555   31822 random_forest.cc:534] Training random forest on 3888919 example(s) and 1152 feature(s).
I0000 00:00:1790118113.509597   31822 gpu.cc:93] Cannot initialize GPU: Not compiled with GPU support
I0000 00:00:1790118113.510225   31822 random_forest.cc:663] num_threads being used: 48
I0000 00:00:1790118188.401823   31988 random_forest.cc:881] Train tree 1/240  [index:20 total:1m14.89s tree:1m14.89s]
I0000 00:00:1790118263.995120   32007 random_forest.cc:881] Train tree 49/240  [index:50 total:2m30.48s tree:1m15.10s]
I0000 00:00:1790118339.390161   32015 random_forest.cc:881] Train tree 97/240  [index:98 total:3m45.88s tree:1m15.23s]
I0000 00:00:1790118414.356602   32015 random_forest.cc:881] Train tree 145/240  [index:144 total:5m0.85s tree:1m14.97s]
I0000 00:00:1790118492.058683   32015 random_forest.cc:881] Train tree 193/240  [index:192 total:6m18.55s tree:1m17.70s]
I0000 00:00:1790118503.927896   31822 random_forest.cc:899] random_forest.cc Training block took: 390.419 s
W0000 00:00:1790118503.927934   31822 random_forest.cc:1220] EXITING EARLY TO SPEED UP EXPERIMENTS!
RESULT dataset=youtube8m_video_train threshold=7000 median=390.419s stddev=N/As n=1


======== Threshold 8000 ========

./bazel-bin/examples/train_oblique_forest --input_mode csv --train_csv "benchmarks/data/youtube8m/youtube8m_video_train.csv" --label_col "class" --num_trees=240 --dynamic_split_threshold=8000 --feature_split_type Oblique --numerical_split_type "Dynamic Random Histogram" --histogram_num_bins 256
----- Run 1/1 -----
WARNING: All log messages before absl::InitializeLog() is called are written to STDERR
I0000 00:00:1790118505.203070   32064 train_oblique_forest.cc:1101] Loading CSV in a single pass: benchmarks/data/youtube8m/youtube8m_video_train.csv
I0000 00:00:1790118512.771252   32064 train_oblique_forest.cc:1108] Single-pass CSV load complete: 3888919 rows, 1153 columns.
I0000 00:00:1790118512.771313   32064 train_oblique_forest.cc:1229] -1 (automatic) threads requested. 48 threads set.
I0000 00:00:1790118512.771323   32064 train_oblique_forest.cc:1304] Configuring oblique splits
I0000 00:00:1790118512.771325   32064 train_oblique_forest.cc:1313] dynamic_split_threshold = 8000 (from flag)
I0000 00:00:1790118512.771327   32064 train_oblique_forest.cc:1398] Using Dynamic Random Histogram with 256 samples
I0000 00:00:1790118512.771338   32064 train_oblique_forest.cc:1428] train_oblique_forest wall-time - Loading/Init (pre-train): 7.56829s
I0000 00:00:1790118512.771445   32064 abstract_learner.cc:171] No input feature explicitly specified. Using all the available input features.
I0000 00:00:1790118512.771450   32064 abstract_learner.cc:185] The label "class" was removed from the input feature set.
I0000 00:00:1790118512.771642   32064 random_forest.cc:534] Training random forest on 3888919 example(s) and 1152 feature(s).
I0000 00:00:1790118512.771683   32064 gpu.cc:93] Cannot initialize GPU: Not compiled with GPU support
I0000 00:00:1790118512.772314   32064 random_forest.cc:663] num_threads being used: 48
I0000 00:00:1790118587.062120   32249 random_forest.cc:881] Train tree 1/240  [index:23 total:1m14.29s tree:1m14.29s]
I0000 00:00:1790118663.921939   32227 random_forest.cc:881] Train tree 49/240  [index:50 total:2m31.15s tree:1m15.77s]
I0000 00:00:1790118740.945904   32227 random_forest.cc:881] Train tree 97/240  [index:96 total:3m48.17s tree:1m17.02s]
I0000 00:00:1790118816.282980   32227 random_forest.cc:881] Train tree 145/240  [index:144 total:5m3.51s tree:1m15.34s]
I0000 00:00:1790118892.783163   32256 random_forest.cc:881] Train tree 193/240  [index:196 total:6m20.01s tree:1m14.47s]
I0000 00:00:1790118904.498999   32064 random_forest.cc:899] random_forest.cc Training block took: 391.728 s
W0000 00:00:1790118904.499037   32064 random_forest.cc:1220] EXITING EARLY TO SPEED UP EXPERIMENTS!
RESULT dataset=youtube8m_video_train threshold=8000 median=391.728s stddev=N/As n=1


======== Threshold 9000 ========

./bazel-bin/examples/train_oblique_forest --input_mode csv --train_csv "benchmarks/data/youtube8m/youtube8m_video_train.csv" --label_col "class" --num_trees=240 --dynamic_split_threshold=9000 --feature_split_type Oblique --numerical_split_type "Dynamic Random Histogram" --histogram_num_bins 256
----- Run 1/1 -----
WARNING: All log messages before absl::InitializeLog() is called are written to STDERR
I0000 00:00:1790118905.762101   32309 train_oblique_forest.cc:1101] Loading CSV in a single pass: benchmarks/data/youtube8m/youtube8m_video_train.csv
I0000 00:00:1790118913.470496   32309 train_oblique_forest.cc:1108] Single-pass CSV load complete: 3888919 rows, 1153 columns.
I0000 00:00:1790118913.470557   32309 train_oblique_forest.cc:1229] -1 (automatic) threads requested. 48 threads set.
I0000 00:00:1790118913.470566   32309 train_oblique_forest.cc:1304] Configuring oblique splits
I0000 00:00:1790118913.470567   32309 train_oblique_forest.cc:1313] dynamic_split_threshold = 9000 (from flag)
I0000 00:00:1790118913.470569   32309 train_oblique_forest.cc:1398] Using Dynamic Random Histogram with 256 samples
I0000 00:00:1790118913.470578   32309 train_oblique_forest.cc:1428] train_oblique_forest wall-time - Loading/Init (pre-train): 7.7085s
I0000 00:00:1790118913.470686   32309 abstract_learner.cc:171] No input feature explicitly specified. Using all the available input features.
I0000 00:00:1790118913.470694   32309 abstract_learner.cc:185] The label "class" was removed from the input feature set.
I0000 00:00:1790118913.470889   32309 random_forest.cc:534] Training random forest on 3888919 example(s) and 1152 feature(s).
I0000 00:00:1790118913.470933   32309 gpu.cc:93] Cannot initialize GPU: Not compiled with GPU support
I0000 00:00:1790118913.471565   32309 random_forest.cc:663] num_threads being used: 48
I0000 00:00:1790118987.646761   32473 random_forest.cc:881] Train tree 1/240  [index:20 total:1m14.18s tree:1m14.17s]
I0000 00:00:1790119063.394657   32473 random_forest.cc:881] Train tree 49/240  [index:48 total:2m29.92s tree:1m15.75s]
I0000 00:00:1790119139.855096   32473 random_forest.cc:881] Train tree 97/240  [index:96 total:3m46.38s tree:1m16.46s]
I0000 00:00:1790119216.772255   32473 random_forest.cc:881] Train tree 145/240  [index:144 total:5m3.30s tree:1m16.92s]
I0000 00:00:1790119294.504557   32473 random_forest.cc:881] Train tree 193/240  [index:192 total:6m21.03s tree:1m17.73s]
I0000 00:00:1790119305.234080   32309 random_forest.cc:899] random_forest.cc Training block took: 391.763 s
W0000 00:00:1790119305.234121   32309 random_forest.cc:1220] EXITING EARLY TO SPEED UP EXPERIMENTS!
RESULT dataset=youtube8m_video_train threshold=9000 median=391.763s stddev=N/As n=1


======== Threshold 10000 ========

./bazel-bin/examples/train_oblique_forest --input_mode csv --train_csv "benchmarks/data/youtube8m/youtube8m_video_train.csv" --label_col "class" --num_trees=240 --dynamic_split_threshold=10000 --feature_split_type Oblique --numerical_split_type "Dynamic Random Histogram" --histogram_num_bins 256
----- Run 1/1 -----
WARNING: All log messages before absl::InitializeLog() is called are written to STDERR
I0000 00:00:1790119306.500475   32592 train_oblique_forest.cc:1101] Loading CSV in a single pass: benchmarks/data/youtube8m/youtube8m_video_train.csv
I0000 00:00:1790119313.997360   32592 train_oblique_forest.cc:1108] Single-pass CSV load complete: 3888919 rows, 1153 columns.
I0000 00:00:1790119313.997424   32592 train_oblique_forest.cc:1229] -1 (automatic) threads requested. 48 threads set.
I0000 00:00:1790119313.997434   32592 train_oblique_forest.cc:1304] Configuring oblique splits
I0000 00:00:1790119313.997435   32592 train_oblique_forest.cc:1313] dynamic_split_threshold = 10000 (from flag)
I0000 00:00:1790119313.997437   32592 train_oblique_forest.cc:1398] Using Dynamic Random Histogram with 256 samples
I0000 00:00:1790119313.997446   32592 train_oblique_forest.cc:1428] train_oblique_forest wall-time - Loading/Init (pre-train): 7.49699s
I0000 00:00:1790119313.997555   32592 abstract_learner.cc:171] No input feature explicitly specified. Using all the available input features.
I0000 00:00:1790119313.997560   32592 abstract_learner.cc:185] The label "class" was removed from the input feature set.
I0000 00:00:1790119313.997755   32592 random_forest.cc:534] Training random forest on 3888919 example(s) and 1152 feature(s).
I0000 00:00:1790119313.997795   32592 gpu.cc:93] Cannot initialize GPU: Not compiled with GPU support
I0000 00:00:1790119313.998430   32592 random_forest.cc:663] num_threads being used: 48
I0000 00:00:1790119388.721108   32753 random_forest.cc:881] Train tree 1/240  [index:7 total:1m14.72s tree:1m14.72s]
I0000 00:00:1790119465.581274   32751 random_forest.cc:881] Train tree 49/240  [index:50 total:2m31.58s tree:1m15.79s]
I0000 00:00:1790119541.969346   32751 random_forest.cc:881] Train tree 97/240  [index:96 total:3m47.97s tree:1m16.39s]
I0000 00:00:1790119618.801736   32751 random_forest.cc:881] Train tree 145/240  [index:144 total:5m4.80s tree:1m16.83s]
I0000 00:00:1790119696.959093   32751 random_forest.cc:881] Train tree 193/240  [index:192 total:6m22.96s tree:1m18.16s]
I0000 00:00:1790119707.098758   32592 random_forest.cc:899] random_forest.cc Training block took: 393.101 s
W0000 00:00:1790119707.098795   32592 random_forest.cc:1220] EXITING EARLY TO SPEED UP EXPERIMENTS!
RESULT dataset=youtube8m_video_train threshold=10000 median=393.101s stddev=N/As n=1
