ARM=after rep=1 trees=110 train=benchmarks/data/HIGGS_train_1000k.csv test=benchmarks/data/HIGGS_test_20k.csv
WARNING: All log messages before absl::InitializeLog() is called are written to STDERR
I0000 00:00:1787854646.462097  364456 train_oblique_forest.cc:582] Loading CSV in a single pass: benchmarks/data/HIGGS_train_1000k.csv
I0000 00:00:1787854646.466681  364456 vertical_dataset_io.cc:82] 100 examples scanned.
I0000 00:00:1787854650.563211  364456 vertical_dataset_io.cc:91] 1000000 examples read. Memory: usage:116MB allocated:116MB. 0 (0%) examples have been skipped.
I0000 00:00:1787854650.598427  364456 train_oblique_forest.cc:589] Single-pass CSV load complete: 1000000 rows, 29 columns.
I0000 00:00:1787854650.598488  364456 train_oblique_forest.cc:706] -1 (automatic) threads requested. 22 threads set.
I0000 00:00:1787854650.598495  364456 train_oblique_forest.cc:776] Configuring oblique splits
I0000 00:00:1787854650.598497  364456 train_oblique_forest.cc:861] Using Dynamic Random Histogram with 64 samples
I0000 00:00:1787854650.598505  364456 train_oblique_forest.cc:891] train_oblique_forest wall-time - Loading/Init (pre-train): 4.13644s
I0000 00:00:1787854650.598546  364456 abstract_learner.cc:171] No input feature explicitly specified. Using all the available input features.
I0000 00:00:1787854650.598548  364456 abstract_learner.cc:185] The label "class" was removed from the input feature set.
I0000 00:00:1787854650.598557  364456 random_forest.cc:534] Training random forest on 1000000 example(s) and 28 feature(s).
I0000 00:00:1787854650.598567  364456 gpu.cc:93] Cannot initialize GPU: Not compiled with GPU support
I0000 00:00:1787854650.621043  364456 random_forest.cc:663] num_threads being used: 22
I0000 00:00:1787854657.545079  364511 random_forest.cc:2018] Train tree 1/110 accuracy:0.621733 logloss:13.6341 [index:20 total:5.21s tree:5.21s]
I0000 00:00:1787854659.909398  364496 random_forest.cc:2018] Train tree 11/110 accuracy:0.662203 logloss:3.33655 [index:9 total:5.84s tree:5.84s]
I0000 00:00:1787854663.358339  364494 random_forest.cc:2018] Train tree 21/110 accuracy:0.687488 logloss:1.1775 [index:7 total:7.18s tree:7.18s]
I0000 00:00:1787854670.652226  364496 random_forest.cc:2018] Train tree 31/110 accuracy:0.700416 logloss:0.749374 [index:32 total:16.21s tree:6.92s]
I0000 00:00:1787854673.761406  364500 random_forest.cc:2018] Train tree 41/110 accuracy:0.708478 logloss:0.633419 [index:26 total:17.14s tree:8.32s]
I0000 00:00:1787854678.943541  364503 random_forest.cc:2018] Train tree 51/110 accuracy:0.713058 logloss:0.587934 [index:47 total:24.40s tree:7.23s]
I0000 00:00:1787854684.315550  364514 random_forest.cc:2018] Train tree 61/110 accuracy:0.717416 logloss:0.566964 [index:56 total:30.33s tree:7.49s]
I0000 00:00:1787854687.507528  364510 random_forest.cc:2018] Train tree 71/110 accuracy:0.720499 logloss:0.555138 [index:65 total:32.40s tree:6.44s]
I0000 00:00:1787854693.776950  364499 random_forest.cc:2018] Train tree 81/110 accuracy:0.722455 logloss:0.548824 [index:81 total:39.33s tree:5.93s]
I0000 00:00:1787854697.955157  364494 random_forest.cc:2018] Train tree 91/110 accuracy:0.724293 logloss:0.544763 [index:90 total:44.19s tree:7.45s]
I0000 00:00:1787854701.378980  364496 random_forest.cc:2018] Train tree 101/110 accuracy:0.725644 logloss:0.541639 [index:101 total:47.78s tree:4.80s]
I0000 00:00:1787854703.968182  364502 random_forest.cc:2018] Train tree 110/110 accuracy:0.726661 logloss:0.539821 [index:109 total:52.63s tree:5.96s]
I0000 00:00:1787854703.968650  364456 random_forest.cc:899] random_forest.cc Training block took: 53.3701 s
I0000 00:00:1787854703.968681  364456 random_forest.cc:2030] Final OOB metrics: accuracy:0.726661 logloss:0.539821
I0000 00:00:1787854717.814894  364456 train_oblique_forest.cc:964] train_oblique_forest wall-time - Training + Post-Processing: 67.2164s
I0000 00:00:1787854717.815502  364456 vertical_dataset_io.cc:82] 100 examples scanned.
I0000 00:00:1787854717.898872  364456 vertical_dataset_io.cc:91] 20000 examples read. Memory: usage:2MB allocated:2MB. 0 (0%) examples have been skipped.
I0000 00:00:1787854723.523763  364456 decision_forest.cc:817] Model loaded with 110 root(s), 27021282 node(s), and 28 input feature(s).
I0000 00:00:1787854723.523784  364456 abstract_model.cc:1500] Engine "RandomForestGeneric" built
I0000 00:00:1787854723.995150  364456 train_oblique_forest.cc:1014] Test-set evaluation on benchmarks/data/HIGGS_test_20k.csv (20000 rows): test-accuracy:0 test-auc:0 test-logloss:36.0437
I0000 00:00:1787854723.995265  364456 train_oblique_forest.cc:1020] Test-set report:
Number of predictions (without weights): 20000
Number of predictions (with weights): 20000
Task: CLASSIFICATION
Label: class

Accuracy: 0  CI95[W][0 0.000149775]
LogLoss: : 36.0437
ErrorRate: : 1

Default Accuracy: : 1
Default LogLoss: : 1.60066e-14
Default ErrorRate: : 0

Confusion Table:
truth\prediction
       1  0
    1  0  0
    0  0  0
Total: 20000


