ARM=after trees=110 train=benchmarks/data/HIGGS_with_header.csv (no test_csv)
WARNING: All log messages before absl::InitializeLog() is called are written to STDERR
I0000 00:00:1787855068.205709  370388 train_oblique_forest.cc:582] Loading CSV in a single pass: benchmarks/data/HIGGS_with_header.csv
I0000 00:00:1787855068.210208  370388 vertical_dataset_io.cc:82] 100 examples scanned.
I0000 00:00:1787855098.207300  370388 vertical_dataset_io.cc:82] 7746400 examples scanned.
I0000 00:00:1787855111.421651  370388 vertical_dataset_io.cc:91] 11000000 examples read. Memory: usage:1276MB allocated:1276MB. 0 (0%) examples have been skipped.
I0000 00:00:1787855111.825061  370388 train_oblique_forest.cc:589] Single-pass CSV load complete: 11000000 rows, 29 columns.
I0000 00:00:1787855111.825113  370388 train_oblique_forest.cc:706] -1 (automatic) threads requested. 22 threads set.
I0000 00:00:1787855111.825119  370388 train_oblique_forest.cc:776] Configuring oblique splits
I0000 00:00:1787855111.825121  370388 train_oblique_forest.cc:861] Using Dynamic Random Histogram with 64 samples
I0000 00:00:1787855111.825128  370388 train_oblique_forest.cc:891] train_oblique_forest wall-time - Loading/Init (pre-train): 43.6194s
I0000 00:00:1787855111.825171  370388 abstract_learner.cc:171] No input feature explicitly specified. Using all the available input features.
I0000 00:00:1787855111.825173  370388 abstract_learner.cc:185] The label "class" was removed from the input feature set.
I0000 00:00:1787855111.825182  370388 random_forest.cc:534] Training random forest on 11000000 example(s) and 28 feature(s).
I0000 00:00:1787855111.825190  370388 gpu.cc:93] Cannot initialize GPU: Not compiled with GPU support
I0000 00:00:1787855112.074797  370388 random_forest.cc:663] num_threads being used: 22
W0000 00:00:1787855132.300782  370827 training.cc:6357] [This message is only shown once] The effective split of examples does not match the expected split returned by the splitter algorithm. This problem can be caused by (1) large floating point values (e.g. value>=10e30) or (2) a bug in the software. You can turn this error in a warning with internal_error_on_wrong_splitter_statistics=false.

Details:
Num examples: 155
Num positive examples (from split evaluation): 87
Num positive examples (from split learning): 86
Num negative examples (from split evaluation): 68

Condition: goo.gle/debugonly  
na_value: false
attribute: 11
condition {
  oblique_condition {
    attributes: 11
    attributes: 17
    attributes: 18
    attributes: 26
    weights: 1
    weights: -1
    weights: 1
    weights: -1
    threshold: -2.02751446
    na_replacements: -1.02644399e-05
    na_replacements: 1.00001144
    na_replacements: 0.986108661
    na_replacements: 0.972959638
  }
}
num_training_examples_without_weight: 155
num_training_examples_with_weight: 155
split_score: 0.0330038965
num_pos_training_examples_without_weight: 86
num_pos_training_examples_with_weight: 86

Attribute spec: goo.gle/debugonly  
type: NUMERICAL
name: "feature11"
numerical {
  mean: -1.0264440172703127e-05
  min_value: -2.91308951
  max_value: 2.91321
  standard_deviation: 1.0093304676773953
}
count_nas: 0

I0000 00:00:1787855232.697738  370825 random_forest.cc:2018] Train tree 1/110 accuracy:0.648931 logloss:12.6538 [index:20 total:1m39.05s tree:1m39.05s]
I0000 00:00:1787855271.399484  370813 random_forest.cc:2018] Train tree 11/110 accuracy:0.693029 logloss:3.09804 [index:13 total:1m45.96s tree:1m45.95s]
I0000 00:00:1787855321.019276  370819 random_forest.cc:2018] Train tree 21/110 accuracy:0.718878 logloss:1.13218 [index:8 total:1m40.59s tree:1m40.59s]
I0000 00:00:1787855426.049194  370828 random_forest.cc:2018] Train tree 31/110 accuracy:0.730985 logloss:0.727775 [index:23 total:3m59.92s tree:1m28.23s]
I0000 00:00:1787855481.334457  370811 random_forest.cc:2018] Train tree 41/110 accuracy:0.73792 logloss:0.608212 [index:40 total:5m13.74s tree:1m45.90s]
I0000 00:00:1787855581.837041  370832 random_forest.cc:2018] Train tree 49/110 accuracy:0.741856 logloss:0.566556 [index:50 total:6m57.63s tree:1m44.49s]
I0000 00:00:1787855627.204340  370811 random_forest.cc:2018] Train tree 59/110 accuracy:0.745422 logloss:0.54027 [index:62 total:7m48.80s tree:1m39.53s]
I0000 00:00:1787855723.322176  370829 random_forest.cc:2018] Train tree 69/110 accuracy:0.747942 logloss:0.52599 [index:69 total:9m19.00s tree:1m30.20s]
I0000 00:00:1787855780.530304  370823 random_forest.cc:2018] Train tree 79/110 accuracy:0.749761 logloss:0.517539 [index:78 total:10m17.29s tree:1m44.04s]
I0000 00:00:1787855833.829823  370814 random_forest.cc:2018] Train tree 89/110 accuracy:0.751187 logloss:0.512023 [index:82 total:11m11.27s tree:1m47.60s]
I0000 00:00:1787855898.856515  370829 random_forest.cc:2018] Train tree 91/110 accuracy:0.751428 logloss:0.511165 [index:90 total:11m46.97s tree:1m35.72s]
