ARM=before oob=true trees=110 trunk 500000x4096
WARNING: All log messages before absl::InitializeLog() is called are written to STDERR
I0000 00:00:1787857907.193860  391825 train_oblique_forest.cc:614] Generating trunk synthetic dataset: rows=500000, cols=4096, layout=column
I0000 00:00:1787857922.683275  391825 train_oblique_forest.cc:706] -1 (automatic) threads requested. 22 threads set.
I0000 00:00:1787857922.683320  391825 train_oblique_forest.cc:776] Configuring oblique splits
I0000 00:00:1787857922.683324  391825 train_oblique_forest.cc:861] Using Dynamic Random Histogram with 64 samples
I0000 00:00:1787857922.683344  391825 train_oblique_forest.cc:891] train_oblique_forest wall-time - Loading/Init (pre-train): 15.4895s
I0000 00:00:1787857922.683707  391825 abstract_learner.cc:171] No input feature explicitly specified. Using all the available input features.
I0000 00:00:1787857922.683715  391825 abstract_learner.cc:185] The label "y" was removed from the input feature set.
I0000 00:00:1787857922.684326  391825 random_forest.cc:498] Training random forest on 500000 example(s) and 4096 feature(s).
I0000 00:00:1787857922.684479  391825 gpu.cc:93] Cannot initialize GPU: Not compiled with GPU support
I0000 00:00:1787857922.697391  391825 random_forest.cc:667] num_threads being used: 22
I0000 00:00:1787857946.503587  392010 random_forest.cc:955] Train tree 1/110 accuracy:0.753115 logloss:8.89865 [index:0 total:23.81s tree:23.81s]
I0000 00:00:1787857957.175214  392022 random_forest.cc:955] Train tree 10/110 accuracy:0.7664 logloss:2.05252 [index:17 total:34.48s tree:34.48s]
I0000 00:00:1787857968.413763  392016 random_forest.cc:955] Train tree 18/110 accuracy:0.824468 logloss:0.646479 [index:19 total:45.72s tree:45.71s]
I0000 00:00:1787857978.907351  392010 random_forest.cc:955] Train tree 24/110 accuracy:0.846024 logloss:0.468169 [index:22 total:56.21s tree:32.40s]
I0000 00:00:1787857989.858175  392007 random_forest.cc:955] Train tree 32/110 accuracy:0.871992 logloss:0.414833 [index:34 total:1m7.16s tree:29.17s]
I0000 00:00:1787858000.219545  392018 random_forest.cc:955] Train tree 38/110 accuracy:0.887438 logloss:0.40347 [index:32 total:1m17.52s tree:41.74s]
I0000 00:00:1787858010.428292  392017 random_forest.cc:955] Train tree 44/110 accuracy:0.898784 logloss:0.398752 [index:43 total:1m27.73s tree:35.78s]
I0000 00:00:1787858021.660694  392011 random_forest.cc:955] Train tree 52/110 accuracy:0.91038 logloss:0.395003 [index:52 total:1m38.96s tree:33.29s]
I0000 00:00:1787858032.637703  392022 random_forest.cc:955] Train tree 58/110 accuracy:0.916042 logloss:0.395956 [index:55 total:1m49.94s tree:38.47s]
I0000 00:00:1787858043.720769  392024 random_forest.cc:955] Train tree 66/110 accuracy:0.922418 logloss:0.397727 [index:71 total:2m1.02s tree:25.50s]
I0000 00:00:1787858055.013209  392027 random_forest.cc:955] Train tree 73/110 accuracy:0.928134 logloss:0.395466 [index:75 total:2m12.32s tree:29.99s]
I0000 00:00:1787858065.337438  392007 random_forest.cc:955] Train tree 80/110 accuracy:0.932758 logloss:0.394412 [index:76 total:2m22.64s tree:38.79s]
I0000 00:00:1787858075.495313  392008 random_forest.cc:955] Train tree 86/110 accuracy:0.936002 logloss:0.393772 [index:86 total:2m32.80s tree:32.95s]
I0000 00:00:1787858086.676998  392012 random_forest.cc:955] Train tree 94/110 accuracy:0.939556 logloss:0.394415 [index:95 total:2m43.98s tree:30.56s]
I0000 00:00:1787858096.978019  392022 random_forest.cc:955] Train tree 104/110 accuracy:0.943202 logloss:0.395147 [index:106 total:2m54.28s tree:23.46s]
I0000 00:00:1787858100.675881  392024 random_forest.cc:955] Train tree 110/110 accuracy:0.945412 logloss:0.394685 [index:108 total:2m57.98s tree:23.88s]
I0000 00:00:1787858100.676204  391825 random_forest.cc:987] random_forest.cc Training block took: 177.993 s
W0000 00:00:1787858100.676240  391825 random_forest.cc:1304] EXITING EARLY TO SPEED UP EXPERIMENTS!
