ARM=before oob=true trees=110 trunk 1500000x4096
WARNING: All log messages before absl::InitializeLog() is called are written to STDERR
I0000 00:00:1787856824.761799  384296 train_oblique_forest.cc:614] Generating trunk synthetic dataset: rows=1500000, cols=4096, layout=column
I0000 00:00:1787856870.414439  384296 train_oblique_forest.cc:706] -1 (automatic) threads requested. 22 threads set.
I0000 00:00:1787856870.414480  384296 train_oblique_forest.cc:776] Configuring oblique splits
I0000 00:00:1787856870.414484  384296 train_oblique_forest.cc:861] Using Dynamic Random Histogram with 64 samples
I0000 00:00:1787856870.414503  384296 train_oblique_forest.cc:891] train_oblique_forest wall-time - Loading/Init (pre-train): 45.6527s
I0000 00:00:1787856870.414800  384296 abstract_learner.cc:171] No input feature explicitly specified. Using all the available input features.
I0000 00:00:1787856870.414806  384296 abstract_learner.cc:185] The label "y" was removed from the input feature set.
I0000 00:00:1787856870.415378  384296 random_forest.cc:498] Training random forest on 1500000 example(s) and 4096 feature(s).
I0000 00:00:1787856870.415650  384296 gpu.cc:93] Cannot initialize GPU: Not compiled with GPU support
I0000 00:00:1787856870.452219  384296 random_forest.cc:667] num_threads being used: 22
I0000 00:00:1787856965.506181  384514 random_forest.cc:955] Train tree 1/110 accuracy:0.698884 logloss:10.8533 [index:7 total:1m35.05s tree:1m35.05s]
W0000 00:00:1787856967.180451  384514 training.cc:6357] [This message is only shown once] The effective split of examples does not match the expected split returned by the splitter algorithm. This problem can be caused by (1) large floating point values (e.g. value>=10e30) or (2) a bug in the software. You can turn this error in a warning with internal_error_on_wrong_splitter_statistics=false.

Details:
Num examples: 1500000
Num positive examples (from split evaluation): 622784
Num positive examples (from split learning): 622783
Num negative examples (from split evaluation): 877216

Condition: goo.gle/debugonly  
na_value: false
attribute: 74
condition {
  oblique_condition {
    attributes: 74
    attributes: 472
    attributes: 1952
    attributes: 3277
    weights: 1
    weights: -1
    weights: 1
    weights: 1
    threshold: 0.430591822
    na_replacements: 0
    na_replacements: 0
    na_replacements: 0
    na_replacements: 0
  }
}
num_training_examples_without_weight: 1500000
num_training_examples_with_weight: 1500000
split_score: 0.00106779579
num_pos_training_examples_without_weight: 622783
num_pos_training_examples_with_weight: 622783

Attribute spec: goo.gle/debugonly  
type: NUMERICAL
name: "x74"

