ARM=before oob=true trees=110 trunk 100000x4096
WARNING: All log messages before absl::InitializeLog() is called are written to STDERR
I0000 00:00:1787856117.139144  380202 train_oblique_forest.cc:614] Generating trunk synthetic dataset: rows=100000, cols=4096, layout=column
I0000 00:00:1787856120.343150  380202 train_oblique_forest.cc:706] -1 (automatic) threads requested. 22 threads set.
I0000 00:00:1787856120.343194  380202 train_oblique_forest.cc:776] Configuring oblique splits
I0000 00:00:1787856120.343198  380202 train_oblique_forest.cc:861] Using Dynamic Random Histogram with 64 samples
I0000 00:00:1787856120.351025  380202 train_oblique_forest.cc:891] train_oblique_forest wall-time - Loading/Init (pre-train): 3.21197s
I0000 00:00:1787856120.351961  380202 abstract_learner.cc:171] No input feature explicitly specified. Using all the available input features.
I0000 00:00:1787856120.351972  380202 abstract_learner.cc:185] The label "y" was removed from the input feature set.
I0000 00:00:1787856120.352415  380202 random_forest.cc:498] Training random forest on 100000 example(s) and 4096 feature(s).
I0000 00:00:1787856120.352677  380202 gpu.cc:93] Cannot initialize GPU: Not compiled with GPU support
I0000 00:00:1787856120.359729  380202 random_forest.cc:667] num_threads being used: 22
I0000 00:00:1787856124.289093  380259 random_forest.cc:955] Train tree 1/110 accuracy:0.669652 logloss:11.9069 [index:17 total:3.93s tree:3.92s]
I0000 00:00:1787856125.836504  380253 random_forest.cc:955] Train tree 11/110 accuracy:0.732921 logloss:2.02182 [index:0 total:5.48s tree:5.47s]
I0000 00:00:1787856127.931984  380252 random_forest.cc:955] Train tree 21/110 accuracy:0.789229 logloss:0.607209 [index:11 total:7.57s tree:7.57s]
I0000 00:00:1787856130.354691  380261 random_forest.cc:955] Train tree 31/110 accuracy:0.83735 logloss:0.461504 [index:27 total:9.99s tree:5.17s]
I0000 00:00:1787856132.668945  380251 random_forest.cc:955] Train tree 41/110 accuracy:0.8672 logloss:0.441049 [index:39 total:12.31s tree:5.50s]
I0000 00:00:1787856134.447559  380261 random_forest.cc:955] Train tree 51/110 accuracy:0.88283 logloss:0.440372 [index:52 total:14.09s tree:4.09s]
I0000 00:00:1787856137.026318  380267 random_forest.cc:955] Train tree 61/110 accuracy:0.9 logloss:0.431468 [index:59 total:16.67s tree:5.08s]
I0000 00:00:1787856139.030854  380258 random_forest.cc:955] Train tree 71/110 accuracy:0.90937 logloss:0.431899 [index:70 total:18.67s tree:4.94s]
I0000 00:00:1787856141.609951  380268 random_forest.cc:955] Train tree 81/110 accuracy:0.9172 logloss:0.430975 [index:83 total:21.25s tree:4.42s]
I0000 00:00:1787856143.840107  380254 random_forest.cc:955] Train tree 91/110 accuracy:0.92499 logloss:0.428825 [index:88 total:23.48s tree:5.69s]
I0000 00:00:1787856145.376500  380262 random_forest.cc:955] Train tree 101/110 accuracy:0.93035 logloss:0.430003 [index:104 total:25.02s tree:3.39s]
I0000 00:00:1787856146.511407  380260 random_forest.cc:955] Train tree 110/110 accuracy:0.93467 logloss:0.428535 [index:108 total:26.15s tree:3.79s]
I0000 00:00:1787856146.511616  380202 random_forest.cc:987] random_forest.cc Training block took: 26.1605 s
W0000 00:00:1787856146.511649  380202 random_forest.cc:1304] EXITING EARLY TO SPEED UP EXPERIMENTS!
