ARM=after oob=true trees=110 trunk 1500000x4096
WARNING: All log messages before absl::InitializeLog() is called are written to STDERR
I0000 00:00:1787856208.821829  380837 train_oblique_forest.cc:614] Generating trunk synthetic dataset: rows=1500000, cols=4096, layout=column
I0000 00:00:1787856255.697805  380837 train_oblique_forest.cc:706] -1 (automatic) threads requested. 22 threads set.
I0000 00:00:1787856255.697845  380837 train_oblique_forest.cc:776] Configuring oblique splits
I0000 00:00:1787856255.697849  380837 train_oblique_forest.cc:861] Using Dynamic Random Histogram with 64 samples
I0000 00:00:1787856255.697870  380837 train_oblique_forest.cc:891] train_oblique_forest wall-time - Loading/Init (pre-train): 46.8761s
I0000 00:00:1787856255.698279  380837 abstract_learner.cc:171] No input feature explicitly specified. Using all the available input features.
I0000 00:00:1787856255.698286  380837 abstract_learner.cc:185] The label "y" was removed from the input feature set.
I0000 00:00:1787856255.698931  380837 random_forest.cc:534] Training random forest on 1500000 example(s) and 4096 feature(s).
I0000 00:00:1787856255.699204  380837 gpu.cc:93] Cannot initialize GPU: Not compiled with GPU support
I0000 00:00:1787856255.735631  380837 random_forest.cc:663] num_threads being used: 22
I0000 00:00:1787856339.142347  381061 random_forest.cc:2018] Train tree 1/110 accuracy:0.698884 logloss:10.8533 [index:7 total:1m18.40s tree:1m18.40s]
W0000 00:00:1787856341.127333  381061 training.cc:6357] [This message is only shown once] The effective split of examples does not match the expected split returned by the splitter algorithm. This problem can be caused by (1) large floating point values (e.g. value>=10e30) or (2) a bug in the software. You can turn this error in a warning with internal_error_on_wrong_splitter_statistics=false.

Details:
Num examples: 1500000
Num positive examples (from split evaluation): 622784
Num positive examples (from split learning): 622783
Num negative examples (from split evaluation): 877216

Condition: goo.gle/debugonly    
na_value: false
attribute: 74
condition {
  oblique_condition {
    attributes: 74
    attributes: 472
    attributes: 1952
    attributes: 3277
    weights: 1
    weights: -1
    weights: 1
    weights: 1
    threshold: 0.430591822
    na_replacements: 0
    na_replacements: 0
    na_replacements: 0
    na_replacements: 0
  }
}
num_training_examples_without_weight: 1500000
num_training_examples_with_weight: 1500000
split_score: 0.00106779579
num_pos_training_examples_without_weight: 622783
num_pos_training_examples_with_weight: 622783

Attribute spec: goo.gle/debugonly    
type: NUMERICAL
name: "x74"

I0000 00:00:1787856354.994371  381060 random_forest.cc:2018] Train tree 11/110 accuracy:0.773964 logloss:1.71883 [index:6 total:1m33.88s tree:1m33.88s]
I0000 00:00:1787856371.569304  381073 random_forest.cc:2018] Train tree 20/110 accuracy:0.83007 logloss:0.552044 [index:2 total:1m49.81s tree:1m49.81s]
I0000 00:00:1787856428.633263  381061 random_forest.cc:2018] Train tree 23/110 accuracy:0.84366 logloss:0.478744 [index:22 total:2m45.15s tree:1m21.74s]
I0000 00:00:1787856451.705015  381065 random_forest.cc:2018] Train tree 28/110 accuracy:0.86221 logloss:0.428329 [index:28 total:3m10.09s tree:1m41.37s]
I0000 00:00:1787856465.121811  381063 random_forest.cc:2018] Train tree 36/110 accuracy:0.887047 logloss:0.401535 [index:26 total:3m23.19s tree:1m54.64s]
I0000 00:00:1787856481.584189  381068 random_forest.cc:2018] Train tree 42/110 accuracy:0.898842 logloss:0.396644 [index:34 total:3m40.20s tree:1m55.82s]
I0000 00:00:1787856546.044155  381069 random_forest.cc:2018] Train tree 48/110 accuracy:0.909093 logloss:0.392063 [index:46 total:4m44.31s tree:1m43.13s]
I0000 00:00:1787856564.218873  381052 random_forest.cc:2018] Train tree 51/110 accuracy:0.913556 logloss:0.389907 [index:56 total:5m1.75s tree:1m33.34s]
I0000 00:00:1787856577.388679  381053 random_forest.cc:2018] Train tree 56/110 accuracy:0.919722 logloss:0.387703 [index:59 total:5m13.97s tree:1m39.27s]
I0000 00:00:1787856596.236948  381073 random_forest.cc:2018] Train tree 61/110 accuracy:0.924189 logloss:0.387874 [index:61 total:5m32.97s tree:1m51.30s]
I0000 00:00:1787856615.421611  381072 random_forest.cc:2018] Train tree 65/110 accuracy:0.927353 logloss:0.387656 [index:65 total:5m51.91s tree:1m57.78s]
I0000 00:00:1787856629.663958  381055 random_forest.cc:2018] Train tree 66/110 accuracy:0.928095 logloss:0.387911 [index:64 total:6m6.75s tree:2m12.78s]
I0000 00:00:1787856670.040301  381062 random_forest.cc:2018] Train tree 68/110 accuracy:0.929695 logloss:0.387921 [index:68 total:6m47.69s tree:1m57.66s]
I0000 00:00:1787856688.997801  381066 random_forest.cc:2018] Train tree 72/110 accuracy:0.933007 logloss:0.385756 [index:73 total:7m4.73s tree:1m48.32s]
I0000 00:00:1787856708.663554  381071 random_forest.cc:2018] Train tree 79/110 accuracy:0.937441 logloss:0.384152 [index:75 total:7m26.35s tree:2m7.86s]
I0000 00:00:1787856724.071638  381060 random_forest.cc:2018] Train tree 85/110 accuracy:0.940498 logloss:0.383751 [index:84 total:7m42.06s tree:1m53.95s]
I0000 00:00:1787856738.181860  381056 random_forest.cc:2018] Train tree 87/110 accuracy:0.941343 logloss:0.383446 [index:85 total:7m56.63s tree:1m58.43s]
I0000 00:00:1787856771.111685  381061 random_forest.cc:2018] Train tree 90/110 accuracy:0.943178 logloss:0.381482 [index:88 total:8m29.53s tree:1m39.33s]
I0000 00:00:1787856786.182913  381054 random_forest.cc:2018] Train tree 92/110 accuracy:0.944011 logloss:0.381099 [index:91 total:8m44.76s tree:1m41.24s]
I0000 00:00:1787856800.448813  381060 random_forest.cc:2018] Train tree 99/110 accuracy:0.946845 logloss:0.379212 [index:106 total:9m1.08s tree:1m12.75s]
I0000 00:00:1787856813.845066  381072 random_forest.cc:2018] Train tree 108/110 accuracy:0.949473 logloss:0.379985 [index:107 total:9m15.41s tree:1m16.46s]
I0000 00:00:1787856823.729984  381056 random_forest.cc:2018] Train tree 110/110 accuracy:0.950187 logloss:0.379922 [index:108 total:9m25.75s tree:1m23.30s]
I0000 00:00:1787856823.730892  380837 random_forest.cc:899] random_forest.cc Training block took: 568.033 s
W0000 00:00:1787856823.730921  380837 random_forest.cc:1216] EXITING EARLY TO SPEED UP EXPERIMENTS!
