### dfs_rowmajor_bootstrap_higgs
./bazel-bin/examples/train_oblique_forest --input_mode csv --train_csv benchmarks/data/HIGGS_with_header.csv --label_col class --feature_split_type Oblique --numerical_split_type Dynamic Random Histogram --num_trees=240 --num_threads=-1 --histogram_num_bins=64 --dynamic_split_threshold=250 --bootstrap_training_dataset=true --dataset_layout=row
WARNING: All log messages before absl::InitializeLog() is called are written to STDERR
I0000 00:00:1782430047.855302   47715 train_oblique_forest.cc:461] Inferring DataSpec from CSV: benchmarks/data/HIGGS_with_header.csv
I0000 00:00:1782430047.859053   47715 csv_example_reader.cc:216] 0 row(s) processed
I0000 00:00:1782430047.868402   47715 csv_example_reader.cc:225] Stop scanning the csv file to infer the type. Some records were not considered.
I0000 00:00:1782430047.868417   47715 data_spec_inference.cc:518] 29 column(s) found
I0000 00:00:1782430047.868429   47715 csv_example_reader.cc:320] 0 row(s) processed
I0000 00:00:1782430077.868433   47715 csv_example_reader.cc:320] 7667487 row(s) processed
I0000 00:00:1782430091.065502   47715 data_spec_inference.cc:557] Finalizing [11000000 row(s) found]
I0000 00:00:1782430091.065542   47715 train_oblique_forest.cc:657] -1 (automatic) threads requested. 48 threads set.
I0000 00:00:1782430091.065552   47715 train_oblique_forest.cc:724] Configuring oblique splits
I0000 00:00:1782430091.065555   47715 train_oblique_forest.cc:809] Using Dynamic Random Histogram with 64 samples
I0000 00:00:1782430091.066124   47715 vertical_dataset_io.cc:82] 100 examples scanned.
I0000 00:00:1782430121.066269   47715 vertical_dataset_io.cc:82] 7116700 examples scanned.
I0000 00:00:1782430138.177908   47715 vertical_dataset_io.cc:91] 11000000 examples read. Memory: usage:1276MB allocated:1276MB. 0 (0%) examples have been skipped.
I0000 00:00:1782430138.623875   47715 train_oblique_forest.cc:882] Row-major CSV matrix: 28 numerical columns, 1.18837 GiB
I0000 00:00:1782430138.623981   47715 abstract_learner.cc:171] No input feature explicitly specified. Using all the available input features.
I0000 00:00:1782430138.623985   47715 abstract_learner.cc:185] The label "class" was removed from the input feature set.
I0000 00:00:1782430138.624002   47715 random_forest.cc:498] Training random forest on 11000000 example(s) and 28 feature(s).
I0000 00:00:1782430138.624014   47715 gpu.cc:93] Cannot initialize GPU: Not compiled with GPU support
I0000 00:00:1782430138.624218   47715 random_forest.cc:667] num_threads being used: 48
W0000 00:00:1782430142.718907   48049 training.cc:5816] [This message is only shown once] The effective split of examples does not match the expected split returned by the splitter algorithm. This problem can be caused by (1) large floating point values (e.g. value>=10e30) or (2) a bug in the software. You can turn this error in a warning with internal_error_on_wrong_splitter_statistics=false.

Details:
Num examples: 881357
Num positive examples (from split evaluation): 427390
Num positive examples (from split learning): 427389
Num negative examples (from split evaluation): 453967

Condition: goo.gle/debugstr   
na_value: false
attribute: 3
condition {
  oblique_condition {
    attributes: 3
    attributes: 4
    attributes: 8
    attributes: 17
    attributes: 18
    weights: 1
    weights: 1
    weights: 1
    weights: 1
    weights: 1
    threshold: 4.43809891
    na_replacements: -1.32722525e-05
    na_replacements: 0.998536348
    na_replacements: 7.71619943e-06
    na_replacements: 1.00001144
    na_replacements: 0.986108661
  }
}
num_training_examples_without_weight: 881357
num_training_examples_with_weight: 881357
split_score: 0.00227247248
num_pos_training_examples_without_weight: 427389
num_pos_training_examples_with_weight: 427389

Attribute spec: goo.gle/debugstr   
type: NUMERICAL
name: "feature3"
is_manual_type: false
numerical {
  mean: -1.3272252572679215e-05
  min_value: -1.74250829
  max_value: 1.74323595
  standard_deviation: 1.0063462836524466
}

I0000 00:00:1782430195.811317   48041 random_forest.cc:962] Train tree 1/240 [index:17 total:57.19s tree:57.19s]
I0000 00:00:1782430254.047609   48067 random_forest.cc:962] Train tree 49/240 [index:52 total:1m55.42s tree:57.57s]
I0000 00:00:1782430312.888111   48063 random_forest.cc:962] Train tree 97/240 [index:97 total:2m54.26s tree:58.08s]
I0000 00:00:1782430370.687987   48029 random_forest.cc:962] Train tree 145/240 [index:146 total:3m52.06s tree:57.57s]
I0000 00:00:1782430429.534956   48029 random_forest.cc:962] Train tree 193/240 [index:192 total:4m50.91s tree:58.84s]
I0000 00:00:1782430440.029785   47715 random_forest.cc:969] random_forest.cc Training block took: 301.406 s
W0000 00:00:1782430440.029821   47715 random_forest.cc:1219] EXITING EARLY TO SPEED UP EXPERIMENTS!
dfs_rowmajor_bootstrap_higgs finished with exit_0
