
=== [1/28] SUSY_AxisAligned_d3 ===
  acc=0.79619 ll=0.445635 train=5.7s best=GradientBoostedTreesQuickScorerExtended [virtual interface]@0.2575us  generic=1.5085us  wall=26.4s

=== [2/28] SUSY_AxisAligned_d4 ===
  acc=0.79945 ll=0.436677 train=8.5s best=GradientBoostedTreesQuickScorerExtended [virtual interface]@0.3705us  generic=2.2618us  wall=32.6s

=== [3/28] SUSY_AxisAligned_d5 ===
  acc=0.80165 ll=0.431332 train=11.8s best=GradientBoostedTreesQuickScorerExtended [virtual interface]@0.6130us  generic=3.2308us  wall=39.8s

=== [4/28] SUSY_AxisAligned_d6 ===
  acc=0.8028 ll=0.428952 train=15.2s best=GradientBoostedTreesQuickScorerExtended [virtual interface]@1.0773us  generic=4.1392us  wall=47.6s

=== [5/28] SUSY_AxisAligned_d7 ===
  acc=0.80272 ll=0.42797 train=18.4s best=GradientBoostedTreesQuickScorerExtended [virtual interface]@1.9143us  generic=4.8468us  wall=56.9s

=== [6/28] SUSY_AxisAligned_d8 ===
  acc=0.80335 ll=0.427542 train=21.4s best=GradientBoostedTreesOptPred [virtual interface]@4.0180us  generic=5.5652us  wall=59.1s

=== [7/28] SUSY_AxisAligned_d10 ===
  acc=0.80317 ll=0.427947 train=29.1s best=GradientBoostedTreesOptPred [virtual interface]@4.8537us  generic=7.0438us  wall=74.5s

=== [8/28] SUSY_AxisAligned_d12 ===
  acc=0.80214 ll=0.429397 train=35.2s best=GradientBoostedTreesOptPred [virtual interface]@4.2123us  generic=5.918us  wall=78.0s

=== [9/28] SUSY_Oblique_d2 ===
  acc=0.79289 ll=0.456131 train=8.0s best=GradientBoostedTreesGeneric [virtual interface]@1.0063us  generic=1.0063us  wall=24.6s

=== [10/28] SUSY_Oblique_d3 ===
  acc=0.7988 ll=0.439705 train=14.5s best=GradientBoostedTreesGeneric [virtual interface]@1.9253us  generic=1.9253us  wall=34.0s

=== [11/28] SUSY_Oblique_d4 ===
  acc=0.80061 ll=0.433099 train=21.0s best=GradientBoostedTreesGeneric [virtual interface]@3.1638us  generic=3.1638us  wall=43.6s

=== [12/28] SUSY_Oblique_d5 ===
  acc=0.80235 ll=0.429696 train=27.7s best=GradientBoostedTreesGeneric [virtual interface]@4.9318us  generic=4.9318us  wall=54.8s

=== [13/28] SUSY_Oblique_d6 ===
  acc=0.80316 ll=0.427724 train=34.6s best=GradientBoostedTreesGeneric [virtual interface]@6.7188us  generic=6.7188us  wall=66.8s

=== [14/28] SUSY_Oblique_d8 ===
  acc=0.80347 ll=0.426507 train=49.1s best=GradientBoostedTreesGeneric [virtual interface]@10.4650us  generic=10.465us  wall=92.4s

=== [15/28] HIGGS_AxisAligned_d3 ===
  acc=0.69869 ll=0.576137 train=7.1s best=GradientBoostedTreesQuickScorerExtended [virtual interface]@0.2275us  generic=1.5008us  wall=28.8s

=== [16/28] HIGGS_AxisAligned_d4 ===
  acc=0.71406 ll=0.555136 train=10.5s best=GradientBoostedTreesQuickScorerExtended [virtual interface]@0.3957us  generic=2.3193us  wall=36.2s

=== [17/28] HIGGS_AxisAligned_d5 ===
  acc=0.72307 ll=0.541795 train=14.4s best=GradientBoostedTreesQuickScorerExtended [virtual interface]@0.6555us  generic=3.2285us  wall=43.6s

=== [18/28] HIGGS_AxisAligned_d6 ===
  acc=0.72775 ll=0.533046 train=18.9s best=GradientBoostedTreesQuickScorerExtended [virtual interface]@1.1638us  generic=4.1188us  wall=52.6s

=== [19/28] HIGGS_AxisAligned_d7 ===
  acc=0.73323 ll=0.526041 train=22.8s best=GradientBoostedTreesQuickScorerExtended [virtual interface]@2.0602us  generic=5.0663us  wall=63.4s

=== [20/28] HIGGS_AxisAligned_d8 ===
  acc=0.73655 ll=0.520853 train=27.4s best=GradientBoostedTreesOptPred [virtual interface]@4.3228us  generic=6.038us  wall=68.5s

=== [21/28] HIGGS_AxisAligned_d10 ===
  acc=0.74057 ll=0.513874 train=38.4s best=GradientBoostedTreesOptPred [virtual interface]@6.0305us  generic=8.8425us  wall=93.2s

=== [22/28] HIGGS_AxisAligned_d12 ===
  acc=0.74143 ll=0.511548 train=53.1s best=GradientBoostedTreesOptPred [virtual interface]@7.6102us  generic=10.666us  wall=121.0s

=== [23/28] HIGGS_Oblique_d2 ===
  acc=0.67884 ll=0.610607 train=9.0s best=GradientBoostedTreesGeneric [virtual interface]@1.1658us  generic=1.1658us  wall=27.1s

=== [24/28] HIGGS_Oblique_d3 ===
  acc=0.70485 ll=0.574714 train=15.7s best=GradientBoostedTreesGeneric [virtual interface]@2.1355us  generic=2.1355us  wall=36.9s

=== [25/28] HIGGS_Oblique_d4 ===
  acc=0.7144 ll=0.556067 train=22.7s best=GradientBoostedTreesGeneric [virtual interface]@3.4295us  generic=3.4295us  wall=47.3s

=== [26/28] HIGGS_Oblique_d5 ===
  acc=0.72228 ll=0.543057 train=29.7s best=GradientBoostedTreesGeneric [virtual interface]@5.2428us  generic=5.2428us  wall=58.6s

=== [27/28] HIGGS_Oblique_d6 ===
  acc=0.72756 ll=0.534742 train=37.4s best=GradientBoostedTreesGeneric [virtual interface]@6.8537us  generic=6.8537us  wall=70.7s

=== [28/28] HIGGS_Oblique_d8 ===
  acc=0.73597 ll=0.521954 train=53.3s best=GradientBoostedTreesGeneric [virtual interface]@11.0370us  generic=11.037us  wall=99.2s
