
##### CONFIG density=1 exp=1.0 #####
[d1_e1.0] 
[d1_e1.0] === [1/10] SUSY_Oblique_d3 ===
[d1_e1.0]   acc=0.79866 ll=0.44086 train=13.7s best=GradientBoostedTreesGeneric [virtual interface]@2.0667us  generic=2.0667us  wall=35.2s
[d1_e1.0] 
[d1_e1.0] === [2/10] SUSY_Oblique_d4 ===
[d1_e1.0]   acc=0.80079 ll=0.434483 train=19.9s best=GradientBoostedTreesGeneric [virtual interface]@3.3945us  generic=3.3945us  wall=44.5s
[d1_e1.0] 
[d1_e1.0] === [3/10] SUSY_Oblique_d5 ===
[d1_e1.0]   acc=0.8025 ll=0.430485 train=26.4s best=GradientBoostedTreesGeneric [virtual interface]@5.1878us  generic=5.1878us  wall=56.0s
[d1_e1.0] 
[d1_e1.0] === [4/10] SUSY_Oblique_d6 ===
[d1_e1.0]   acc=0.80244 ll=0.428647 train=33.6s best=GradientBoostedTreesGeneric [virtual interface]@7.0122us  generic=7.0122us  wall=67.2s
[d1_e1.0] 
[d1_e1.0] === [5/10] SUSY_Oblique_d8 ===
[d1_e1.0]   acc=0.80384 ll=0.426651 train=47.5s best=GradientBoostedTreesGeneric [virtual interface]@10.8970us  generic=10.897us  wall=93.0s
[d1_e1.0] 
[d1_e1.0] === [6/10] bioresponse_Oblique_d3 ===
[d1_e1.0]   acc=0.776298 ll=0.494524 train=2.0s best=GradientBoostedTreesGeneric [virtual interface]@1.6693us  generic=1.6693us  wall=2.8s
[d1_e1.0] 
[d1_e1.0] === [7/10] bioresponse_Oblique_d4 ===
[d1_e1.0]   acc=0.790945 ll=0.46714 train=3.7s best=GradientBoostedTreesGeneric [virtual interface]@3.0613us  generic=3.0613us  wall=4.5s
[d1_e1.0] 
[d1_e1.0] === [8/10] bioresponse_Oblique_d5 ===
[d1_e1.0]   acc=0.79494 ll=0.459399 train=6.7s best=GradientBoostedTreesGeneric [virtual interface]@3.5725us  generic=3.5725us  wall=7.5s
[d1_e1.0] 
[d1_e1.0] === [9/10] bioresponse_Oblique_d6 ===
[d1_e1.0]   acc=0.79494 ll=0.449525 train=12.1s best=GradientBoostedTreesGeneric [virtual interface]@6.0853us  generic=6.0853us  wall=13.0s
[d1_e1.0] 
[d1_e1.0] === [10/10] bioresponse_Oblique_d8 ===
[d1_e1.0]   acc=0.801598 ll=0.449036 train=25.5s best=GradientBoostedTreesGeneric [virtual interface]@4.7622us  generic=4.7622us  wall=26.4s

##### CONFIG density=1 exp=2.0 #####
[d1_e2.0] 
[d1_e2.0] === [1/10] SUSY_Oblique_d3 ===
[d1_e2.0]   acc=0.80098 ll=0.434915 train=47.6s best=GradientBoostedTreesGeneric [virtual interface]@2.0028us  generic=2.0028us  wall=68.6s
[d1_e2.0] 
[d1_e2.0] === [2/10] SUSY_Oblique_d4 ===
[d1_e2.0]   acc=0.80193 ll=0.430197 train=69.4s best=GradientBoostedTreesGeneric [virtual interface]@3.3595us  generic=3.3595us  wall=94.1s
[d1_e2.0] 
[d1_e2.0] === [3/10] SUSY_Oblique_d5 ===
[d1_e2.0]   acc=0.80325 ll=0.427486 train=89.3s best=GradientBoostedTreesGeneric [virtual interface]@5.0128us  generic=5.0128us  wall=118.6s
[d1_e2.0] 
[d1_e2.0] === [4/10] SUSY_Oblique_d6 ===
[d1_e2.0]   acc=0.80341 ll=0.426324 train=88.7s best=GradientBoostedTreesGeneric [virtual interface]@5.7080us  generic=5.708us  wall=118.0s
[d1_e2.0] 
[d1_e2.0] === [5/10] SUSY_Oblique_d8 ===
[d1_e2.0]   acc=0.80355 ll=0.42565 train=124.0s best=GradientBoostedTreesGeneric [virtual interface]@8.4593us  generic=8.4593us  wall=161.0s
[d1_e2.0] 
[d1_e2.0] === [6/10] bioresponse_Oblique_d3 ===
[d1_e2.0]   acc=0.77763 ll=0.498177 train=1.8s best=GradientBoostedTreesGeneric [virtual interface]@1.4970us  generic=1.497us  wall=2.4s
[d1_e2.0] 
[d1_e2.0] === [7/10] bioresponse_Oblique_d4 ===
[d1_e2.0]   acc=0.785619 ll=0.468872 train=3.3s best=GradientBoostedTreesGeneric [virtual interface]@2.5223us  generic=2.5223us  wall=4.0s
[d1_e2.0] 
[d1_e2.0] === [8/10] bioresponse_Oblique_d5 ===
[d1_e2.0]   acc=0.796272 ll=0.455024 train=6.2s best=GradientBoostedTreesGeneric [virtual interface]@3.6450us  generic=3.645us  wall=6.9s
[d1_e2.0] 
[d1_e2.0] === [9/10] bioresponse_Oblique_d6 ===
[d1_e2.0]   acc=0.793609 ll=0.445568 train=11.2s best=GradientBoostedTreesGeneric [virtual interface]@5.5907us  generic=5.5907us  wall=12.0s
[d1_e2.0] 
[d1_e2.0] === [10/10] bioresponse_Oblique_d8 ===
[d1_e2.0]   acc=0.800266 ll=0.460467 train=28.0s best=GradientBoostedTreesGeneric [virtual interface]@5.3135us  generic=5.3135us  wall=28.8s

##### CONFIG density=2 exp=1.0 #####
[d2_e1.0] 
[d2_e1.0] === [1/10] SUSY_Oblique_d3 ===
[d2_e1.0]   acc=0.7988 ll=0.439705 train=12.9s best=GradientBoostedTreesGeneric [virtual interface]@1.7940us  generic=1.794us  wall=31.1s
[d2_e1.0] 
[d2_e1.0] === [2/10] SUSY_Oblique_d4 ===
[d2_e1.0]   acc=0.80061 ll=0.433099 train=19.6s best=GradientBoostedTreesGeneric [virtual interface]@3.0587us  generic=3.0587us  wall=41.5s
[d2_e1.0] 
[d2_e1.0] === [3/10] SUSY_Oblique_d5 ===
[d2_e1.0]   acc=0.80235 ll=0.429696 train=26.1s best=GradientBoostedTreesGeneric [virtual interface]@4.7540us  generic=4.754us  wall=52.3s
[d2_e1.0] 
[d2_e1.0] === [4/10] SUSY_Oblique_d6 ===
[d2_e1.0]   acc=0.80316 ll=0.427724 train=32.2s best=GradientBoostedTreesGeneric [virtual interface]@6.4383us  generic=6.4383us  wall=63.0s
[d2_e1.0] 
[d2_e1.0] === [5/10] SUSY_Oblique_d8 ===
[d2_e1.0]   acc=0.80347 ll=0.426507 train=46.3s best=GradientBoostedTreesGeneric [virtual interface]@9.9975us  generic=9.9975us  wall=87.6s
[d2_e1.0] 
[d2_e1.0] === [6/10] bioresponse_Oblique_d3 ===
[d2_e1.0]   acc=0.769641 ll=0.489261 train=1.9s best=GradientBoostedTreesGeneric [virtual interface]@1.5795us  generic=1.5795us  wall=2.6s
[d2_e1.0] 
[d2_e1.0] === [7/10] bioresponse_Oblique_d4 ===
[d2_e1.0]   acc=0.786951 ll=0.462013 train=3.7s best=GradientBoostedTreesGeneric [virtual interface]@2.6880us  generic=2.688us  wall=4.4s
[d2_e1.0] 
[d2_e1.0] === [8/10] bioresponse_Oblique_d5 ===
[d2_e1.0]   acc=0.786951 ll=0.450773 train=6.6s best=GradientBoostedTreesGeneric [virtual interface]@4.2062us  generic=4.2062us  wall=7.3s
[d2_e1.0] 
[d2_e1.0] === [9/10] bioresponse_Oblique_d6 ===
[d2_e1.0]   acc=0.793609 ll=0.453867 train=11.8s best=GradientBoostedTreesGeneric [virtual interface]@5.5848us  generic=5.5848us  wall=12.6s
[d2_e1.0] 
[d2_e1.0] === [10/10] bioresponse_Oblique_d8 ===
[d2_e1.0]   acc=0.786951 ll=0.460456 train=27.9s best=GradientBoostedTreesGeneric [virtual interface]@5.5782us  generic=5.5782us  wall=28.6s

##### CONFIG density=2 exp=2.0 #####
[d2_e2.0] 
[d2_e2.0] === [1/10] SUSY_Oblique_d3 ===
[d2_e2.0]   acc=0.80129 ll=0.433961 train=47.9s best=GradientBoostedTreesGeneric [virtual interface]@1.7763us  generic=1.7763us  wall=66.4s
[d2_e2.0] 
[d2_e2.0] === [2/10] SUSY_Oblique_d4 ===
[d2_e2.0]   acc=0.80209 ll=0.429798 train=70.1s best=GradientBoostedTreesGeneric [virtual interface]@2.8167us  generic=2.8167us  wall=91.2s
[d2_e2.0] 
[d2_e2.0] === [3/10] SUSY_Oblique_d5 ===
[d2_e2.0]   acc=0.80361 ll=0.427024 train=93.1s best=GradientBoostedTreesGeneric [virtual interface]@4.6547us  generic=4.6547us  wall=119.1s
[d2_e2.0] 
[d2_e2.0] === [4/10] SUSY_Oblique_d6 ===
[d2_e2.0]   acc=0.80324 ll=0.42603 train=116.4s best=GradientBoostedTreesGeneric [virtual interface]@5.9808us  generic=5.9808us  wall=146.3s
[d2_e2.0] 
[d2_e2.0] === [5/10] SUSY_Oblique_d8 ===
[d2_e2.0]   acc=0.80326 ll=0.425871 train=165.2s best=GradientBoostedTreesGeneric [virtual interface]@8.8558us  generic=8.8558us  wall=203.5s
[d2_e2.0] 
[d2_e2.0] === [6/10] bioresponse_Oblique_d3 ===
[d2_e2.0]   acc=0.772304 ll=0.492709 train=1.9s best=GradientBoostedTreesGeneric [virtual interface]@1.5425us  generic=1.5425us  wall=2.6s
[d2_e2.0] 
[d2_e2.0] === [7/10] bioresponse_Oblique_d4 ===
[d2_e2.0]   acc=0.790945 ll=0.463284 train=3.7s best=GradientBoostedTreesGeneric [virtual interface]@2.5670us  generic=2.567us  wall=4.4s
[d2_e2.0] 
[d2_e2.0] === [8/10] bioresponse_Oblique_d5 ===
[d2_e2.0]   acc=0.784288 ll=0.462145 train=6.6s best=GradientBoostedTreesGeneric [virtual interface]@4.0288us  generic=4.0288us  wall=7.3s
[d2_e2.0] 
[d2_e2.0] === [9/10] bioresponse_Oblique_d6 ===
[d2_e2.0]   acc=0.782956 ll=0.452791 train=11.5s best=GradientBoostedTreesGeneric [virtual interface]@6.1840us  generic=6.184us  wall=12.3s
[d2_e2.0] 
[d2_e2.0] === [10/10] bioresponse_Oblique_d8 ===
[d2_e2.0]   acc=0.789614 ll=0.451431 train=20.2s best=GradientBoostedTreesGeneric [virtual interface]@2.8338us  generic=2.8338us  wall=20.9s

##### CONFIG density=4 exp=1.0 #####
[d4_e1.0] 
[d4_e1.0] === [1/10] SUSY_Oblique_d3 ===
[d4_e1.0]   acc=0.79733 ll=0.442266 train=14.7s best=GradientBoostedTreesGeneric [virtual interface]@1.8598us  generic=1.8598us  wall=33.4s
[d4_e1.0] 
[d4_e1.0] === [2/10] SUSY_Oblique_d4 ===
[d4_e1.0]   acc=0.80089 ll=0.434975 train=21.5s best=GradientBoostedTreesGeneric [virtual interface]@3.1345us  generic=3.1345us  wall=43.5s
[d4_e1.0] 
[d4_e1.0] === [3/10] SUSY_Oblique_d5 ===
[d4_e1.0]   acc=0.80128 ll=0.431006 train=28.2s best=GradientBoostedTreesGeneric [virtual interface]@4.8403us  generic=4.8403us  wall=54.6s
[d4_e1.0] 
[d4_e1.0] === [4/10] SUSY_Oblique_d6 ===
[d4_e1.0]   acc=0.80291 ll=0.428843 train=35.2s best=GradientBoostedTreesGeneric [virtual interface]@6.7665us  generic=6.7665us  wall=66.5s
[d4_e1.0] 
[d4_e1.0] === [5/10] SUSY_Oblique_d8 ===
[d4_e1.0]   acc=0.8027 ll=0.427344 train=51.1s best=GradientBoostedTreesGeneric [virtual interface]@11.8390us  generic=11.839us  wall=99.5s
[d4_e1.0] 
[d4_e1.0] === [6/10] bioresponse_Oblique_d3 ===
[d4_e1.0]   acc=0.786951 ll=0.477171 train=2.3s best=GradientBoostedTreesGeneric [virtual interface]@2.0493us  generic=2.0493us  wall=3.1s
[d4_e1.0] 
[d4_e1.0] === [7/10] bioresponse_Oblique_d4 ===
[d4_e1.0]   acc=0.796272 ll=0.467092 train=4.3s best=GradientBoostedTreesGeneric [virtual interface]@3.3470us  generic=3.347us  wall=5.2s
[d4_e1.0] 
[d4_e1.0] === [8/10] bioresponse_Oblique_d5 ===
[d4_e1.0]   acc=0.789614 ll=0.462587 train=7.8s best=GradientBoostedTreesGeneric [virtual interface]@3.8250us  generic=3.825us  wall=8.6s
[d4_e1.0] 
[d4_e1.0] === [9/10] bioresponse_Oblique_d6 ===
[d4_e1.0]   acc=0.792277 ll=0.450249 train=12.4s best=GradientBoostedTreesGeneric [virtual interface]@7.2628us  generic=7.2628us  wall=13.4s
[d4_e1.0] 
[d4_e1.0] === [10/10] bioresponse_Oblique_d8 ===
[d4_e1.0]   acc=0.797603 ll=0.456139 train=30.0s best=GradientBoostedTreesGeneric [virtual interface]@6.6428us  generic=6.6428us  wall=30.9s

##### CONFIG density=4 exp=2.0 #####
[d4_e2.0] 
[d4_e2.0] === [1/10] SUSY_Oblique_d3 ===
[d4_e2.0]   acc=0.80159 ll=0.433798 train=65.0s best=GradientBoostedTreesGeneric [virtual interface]@2.0303us  generic=2.0303us  wall=86.0s
[d4_e2.0] 
[d4_e2.0] === [2/10] SUSY_Oblique_d4 ===
[d4_e2.0]   acc=0.80279 ll=0.429126 train=96.6s best=GradientBoostedTreesGeneric [virtual interface]@3.5630us  generic=3.563us  wall=121.7s
[d4_e2.0] 
[d4_e2.0] === [3/10] SUSY_Oblique_d5 ===
[d4_e2.0]   acc=0.80314 ll=0.427069 train=119.0s best=GradientBoostedTreesGeneric [virtual interface]@5.4473us  generic=5.4473us  wall=149.0s
[d4_e2.0] 
[d4_e2.0] === [4/10] SUSY_Oblique_d6 ===
[d4_e2.0]   acc=0.80423 ll=0.426072 train=165.4s best=GradientBoostedTreesGeneric [virtual interface]@7.7218us  generic=7.7218us  wall=201.6s
[d4_e2.0] 
[d4_e2.0] === [5/10] SUSY_Oblique_d8 ===
[d4_e2.0]   acc=0.80299 ll=0.425937 train=238.7s best=GradientBoostedTreesGeneric [virtual interface]@11.6530us  generic=11.653us  wall=286.2s
[d4_e2.0] 
[d4_e2.0] === [6/10] bioresponse_Oblique_d3 ===
[d4_e2.0]   acc=0.789614 ll=0.47655 train=2.3s best=GradientBoostedTreesGeneric [virtual interface]@2.0202us  generic=2.0202us  wall=3.1s
[d4_e2.0] 
[d4_e2.0] === [7/10] bioresponse_Oblique_d4 ===
[d4_e2.0]   acc=0.786951 ll=0.456855 train=4.5s best=GradientBoostedTreesGeneric [virtual interface]@3.4508us  generic=3.4508us  wall=5.3s
[d4_e2.0] 
[d4_e2.0] === [8/10] bioresponse_Oblique_d5 ===
[d4_e2.0]   acc=0.796272 ll=0.443302 train=7.2s best=GradientBoostedTreesGeneric [virtual interface]@5.2310us  generic=5.231us  wall=8.0s
[d4_e2.0] 
[d4_e2.0] === [9/10] bioresponse_Oblique_d6 ===
[d4_e2.0]   acc=0.800266 ll=0.446729 train=13.8s best=GradientBoostedTreesGeneric [virtual interface]@5.5678us  generic=5.5678us  wall=14.7s
[d4_e2.0] 
[d4_e2.0] === [10/10] bioresponse_Oblique_d8 ===
[d4_e2.0]   acc=0.781624 ll=0.457021 train=24.4s best=GradientBoostedTreesGeneric [virtual interface]@3.3163us  generic=3.3163us  wall=25.2s
