=== 2026-09-07T00:57:03Z SMALL upstream A
rt m7i_upb_gbt_hd_a_exact_t30_r1_small exit 0
=== 2026-09-07T00:58:26Z SMALL upstream B
rt m7i_upb_gbt_hd_b_exact_t30_r1_small exit 0
=== 2026-09-07T00:58:34Z SMALL fork A
rt m7i_gbt_hd_a_dyn_t30_r1_small exit 0
=== 2026-09-07T00:59:59Z SMALL fork B
rt m7i_gbt_hd_b_dyn_t30_r1_small exit 0
=== 2026-09-07T01:00:07Z FULL fork B accuracy
acc m7i_gbt_hd_b_dyn_t300 exit 0
=== 2026-09-07T01:09:52Z FULL fork B runtime
rt m7i_gbt_hd_b_dyn_t300_r3 exit 0
=== 2026-09-07T02:40:18Z FULL fork A accuracy
acc m7i_gbt_hd_a_dyn_t300 exit 0
=== 2026-09-07T02:56:46Z FULL fork A runtime
rt m7i_gbt_hd_a_dyn_t300_r3 exit 0
=== 2026-09-07T05:40:32Z FULL upstream A accuracy
acc m7i_upb_gbt_hd_a_exact_t300 exit 0
=== 2026-09-07T05:58:05Z FULL upstream A runtime
rt m7i_upb_gbt_hd_a_exact_t300_r3 exit 0
=== 2026-09-07T09:10:55Z FULL upstream B accuracy
acc m7i_upb_gbt_hd_b_exact_t300 exit 0
=== 2026-09-07T09:21:30Z FULL upstream B runtime
rt m7i_upb_gbt_hd_b_exact_t300_r3 exit 0
=== 2026-09-07T11:19:51Z HUGE upstream B runtime (1 run)
rt m7i_upb_gbt_hd_b_exact_t300_r1_huge exit 0
=== 2026-09-07T11:23:02Z HUGE upstream A runtime (1 run, ~2 h)
rt m7i_upb_gbt_hd_a_exact_t300_r1_huge exit 0
=== 2026-09-07T13:29:09Z DONE
