=== 2026-09-07T00:18:25Z BUILD B (ported branch, +config)
Compiler: /opt/intel/oneapi/compiler/2025.2/bin/icx
[32mINFO: [0mInvocation ID: e56e3727-3c63-4983-ab12-856f91468dd5
[32mINFO: [0mOptions provided by the client:
  Inherited 'common' options: --isatty=0 --terminal_columns=80
[32mINFO: [0mReading rc options for 'build' from /home/ubuntu/yggdrasil-oblique-forests/.bazelrc:
  Inherited 'common' options: --experimental_repo_remote_exec --enable_platform_specific_config
[32mINFO: [0mReading rc options for 'build' from /home/ubuntu/yggdrasil-oblique-forests/.bazelrc:
  'build' options: -c opt --announce_rc --noincompatible_strict_action_env --define=allow_oversize_protos=true --define=grpc_no_ares=true --color=yes --define=use_ydf_tensorflow_proto=1
[32mINFO: [0mFound applicable config definition build:skip_dead_axis_jobs in file /home/ubuntu/yggdrasil-oblique-forests/.bazelrc: --cxxopt=-DSKIP_DEAD_AXIS_ALIGNED_JOBS=1
[32mINFO: [0mFound applicable config definition build:linux in file /home/ubuntu/yggdrasil-oblique-forests/.bazelrc: --copt=-fdiagnostics-color=always --copt=-w --host_copt=-w --cxxopt=-std=c++17 --host_cxxopt=-std=c++17
[32mComputing main repo mapping:[0m 
[32mLoading:[0m 
[32mLoading:[0m 0 packages loaded
[35mWARNING: [0mBuild options --action_env, --copt, --cxxopt, and 2 more have changed, discarding analysis cache (this can be expensive, see https://bazel.build/advanced/performance/iteration-speed).
[32mAnalyzing:[0m target //examples:train_oblique_forest (1 packages loaded, 0 targets configured)
[32mAnalyzing:[0m target //examples:train_oblique_forest (1 packages loaded, 0 targets configured)

[32mAnalyzing:[0m target //examples:train_oblique_forest (130 packages loaded, 2522 targets configured)

[32mAnalyzing:[0m target //examples:train_oblique_forest (154 packages loaded, 3012 targets configured)

[32mAnalyzing:[0m target //examples:train_oblique_forest (219 packages loaded, 7765 targets configured)

[32mINFO: [0mAnalyzed target //examples:train_oblique_forest (261 packages loaded, 12614 targets configured).
[32m[264 / 1,258][0m Compiling absl/time/internal/cctz/src/time_zone_lookup.cc; 0s disk-cache, processwrapper-sandbox ... (48 actions running)
[32m[380 / 1,258][0m Compiling absl/time/internal/cctz/src/time_zone_lookup.cc; 1s disk-cache, processwrapper-sandbox ... (48 actions running)
[32m[456 / 1,258][0m Compiling hwy/per_target.cc; 3s disk-cache, processwrapper-sandbox ... (48 actions running)
[32m[473 / 1,258][0m Compiling hwy/per_target.cc; 4s disk-cache, processwrapper-sandbox ... (48 actions running)
[32m[489 / 1,258][0m Compiling hwy/per_target.cc; 5s disk-cache, processwrapper-sandbox ... (49 actions, 48 running)
[32m[492 / 1,258][0m Compiling hwy/per_target.cc; 6s disk-cache, processwrapper-sandbox ... (44 actions, 43 running)
[32m[514 / 1,258][0m Compiling hwy/per_target.cc; 7s disk-cache, processwrapper-sandbox ... (49 actions, 48 running)
[32m[546 / 1,258][0m Compiling hwy/per_target.cc; 9s disk-cache, processwrapper-sandbox ... (49 actions, 48 running)
[32m[564 / 1,258][0m Compiling absl/status/status.cc [for tool]; 9s disk-cache, processwrapper-sandbox ... (48 actions, 47 running)
[32m[580 / 1,258][0m Compiling src/google/protobuf/stubs/common.cc [for tool]; 10s disk-cache, processwrapper-sandbox ... (49 actions, 48 running)
[32m[595 / 1,258][0m Compiling upb_generator/c/names.cc [for tool]; 9s disk-cache, processwrapper-sandbox ... (49 actions, 48 running)
[32m[611 / 1,258][0m Compiling src/google/protobuf/wire_format_lite.cc [for tool]; 9s disk-cache, processwrapper-sandbox ... (49 actions, 48 running)
[32m[623 / 1,258][0m Compiling src/google/protobuf/wire_format_lite.cc [for tool]; 10s disk-cache, processwrapper-sandbox ... (49 actions, 48 running)
[32m[634 / 1,258][0m Compiling src/google/protobuf/wire_format_lite.cc [for tool]; 11s disk-cache, processwrapper-sandbox ... (49 actions, 48 running)
[32m[645 / 1,258][0m Compiling src/google/protobuf/any_lite.cc [for tool]; 10s disk-cache, processwrapper-sandbox ... (49 actions, 48 running)
[32m[667 / 1,258][0m Compiling hwy/contrib/sort/vqsort_f16d.cc; 7s disk-cache, processwrapper-sandbox ... (49 actions, 48 running)
[32m[668 / 1,258][0m Compiling hwy/contrib/sort/vqsort_f16d.cc; 8s disk-cache, processwrapper-sandbox ... (48 actions, 47 running)
[32m[680 / 1,258][0m Compiling hwy/contrib/sort/vqsort_f16d.cc; 10s disk-cache, processwrapper-sandbox ... (48 actions, 47 running)
[32m[694 / 1,258][0m Compiling src/google/protobuf/io/printer.cc [for tool]; 10s disk-cache, processwrapper-sandbox ... (48 actions, 47 running)
[32m[703 / 1,258][0m Compiling src/google/protobuf/io/printer.cc [for tool]; 11s disk-cache, processwrapper-sandbox ... (49 actions, 47 running)
[32m[717 / 1,258][0m Compiling src/google/protobuf/generated_message_tctable_lite.cc [for tool]; 9s disk-cache, processwrapper-sandbox ... (48 actions, 47 running)
[32m[733 / 1,258][0m Compiling src/google/protobuf/generated_message_tctable_lite.cc [for tool]; 11s disk-cache, processwrapper-sandbox ... (48 actions, 47 running)
[32m[745 / 1,258][0m Compiling src/google/protobuf/generated_message_tctable_lite.cc [for tool]; 12s disk-cache, processwrapper-sandbox ... (48 actions, 47 running)
[32m[760 / 1,258][0m Compiling src/google/protobuf/generated_message_tctable_lite.cc [for tool]; 13s disk-cache, processwrapper-sandbox ... (48 actions, 47 running)
[32m[768 / 1,258][0m Compiling src/google/protobuf/wire_format.cc [for tool]; 13s disk-cache, processwrapper-sandbox ... (49 actions, 48 running)
[32m[775 / 1,258][0m Compiling upb_generator/plugin.cc [for tool]; 13s disk-cache, processwrapper-sandbox ... (49 actions, 48 running)
[32m[795 / 1,258][0m Compiling src/google/protobuf/compiler/importer.cc [for tool]; 12s disk-cache, processwrapper-sandbox ... (49 actions, 48 running)
[32m[802 / 1,258][0m Compiling src/google/protobuf/compiler/importer.cc [for tool]; 13s disk-cache, processwrapper-sandbox ... (48 actions, 47 running)
[32m[813 / 1,258][0m Compiling src/google/protobuf/compiler/importer.cc [for tool]; 14s disk-cache, processwrapper-sandbox ... (49 actions, 48 running)
[32m[831 / 1,258][0m Compiling src/google/protobuf/compiler/plugin.pb.cc [for tool]; 13s disk-cache, processwrapper-sandbox ... (49 actions, 48 running)
[32m[834 / 1,258][0m Compiling src/google/protobuf/compiler/plugin.pb.cc [for tool]; 14s disk-cache, processwrapper-sandbox ... (49 actions, 45 running)
[32m[838 / 1,258][0m Compiling src/google/protobuf/compiler/plugin.pb.cc [for tool]; 16s disk-cache, processwrapper-sandbox ... (49 actions, 47 running)
[32m[850 / 1,258][0m Compiling src/google/protobuf/compiler/java/java_features.pb.cc [for tool]; 15s disk-cache, processwrapper-sandbox ... (49 actions, 48 running)
[32m[857 / 1,258][0m Compiling src/google/protobuf/compiler/subprocess.cc [for tool]; 15s disk-cache, processwrapper-sandbox ... (49 actions, 48 running)
[32m[866 / 1,258][0m Compiling src/google/protobuf/compiler/java/names.cc [for tool]; 16s disk-cache, processwrapper-sandbox ... (49 actions, 48 running)
[32m[869 / 1,258][0m Compiling src/google/protobuf/compiler/java/names.cc [for tool]; 18s disk-cache, processwrapper-sandbox ... (48 actions, 47 running)
[32m[872 / 1,258][0m Compiling src/google/protobuf/compiler/python/generator.cc [for tool]; 18s disk-cache, processwrapper-sandbox ... (49 actions, 48 running)
[32m[886 / 1,258][0m Compiling src/google/protobuf/compiler/python/generator.cc [for tool]; 19s disk-cache, processwrapper-sandbox ... (49 actions, 48 running)
[32m[897 / 1,258][0m Compiling src/google/protobuf/compiler/python/generator.cc [for tool]; 20s disk-cache, processwrapper-sandbox ... (49 actions, 48 running)
[32m[911 / 1,258][0m Compiling src/google/protobuf/compiler/python/generator.cc [for tool]; 21s disk-cache, processwrapper-sandbox ... (49 actions, 47 running)
[32m[924 / 1,258][0m Compiling src/google/protobuf/descriptor.cc [for tool]; 22s disk-cache, processwrapper-sandbox ... (49 actions, 48 running)
[32m[931 / 1,258][0m Compiling src/google/protobuf/descriptor.cc [for tool]; 23s disk-cache, processwrapper-sandbox ... (49 actions, 48 running)
[32m[942 / 1,258][0m Compiling src/google/protobuf/descriptor.cc [for tool]; 24s disk-cache, processwrapper-sandbox ... (48 actions, 47 running)
[32m[956 / 1,258][0m Compiling src/google/protobuf/descriptor.cc [for tool]; 26s disk-cache, processwrapper-sandbox ... (49 actions, 48 running)
[32m[976 / 1,258][0m Compiling src/google/protobuf/compiler/cpp/message.cc [for tool]; 10s disk-cache, processwrapper-sandbox ... (49 actions, 48 running)
[32m[990 / 1,258][0m Compiling src/google/protobuf/compiler/cpp/message.cc [for tool]; 11s disk-cache, processwrapper-sandbox ... (49 actions, 48 running)
[32m[1,000 / 1,258][0m Compiling src/google/protobuf/compiler/cpp/message.cc [for tool]; 12s disk-cache, processwrapper-sandbox ... (49 actions, 48 running)
[32m[1,009 / 1,258][0m Compiling src/google/protobuf/compiler/cpp/message.cc [for tool]; 13s disk-cache, processwrapper-sandbox ... (49 actions, 48 running)
[32m[1,017 / 1,258][0m Compiling src/google/protobuf/compiler/rust/accessors/singular_cord.cc [for tool]; 8s disk-cache, processwrapper-sandbox ... (46 actions running)
[32m[1,045 / 1,258][0m Compiling src/google/protobuf/util/message_differencer.cc; 9s disk-cache, processwrapper-sandbox ... (18 actions running)
[32m[1,060 / 1,258][0m Compiling src/google/protobuf/util/message_differencer.cc; 11s disk-cache, processwrapper-sandbox ... (33 actions running)
[32m[1,086 / 1,258][0m Compiling src/google/protobuf/descriptor.cc; 7s disk-cache, processwrapper-sandbox ... (7 actions running)
[32m[1,098 / 1,258][0m Compiling src/google/protobuf/descriptor.cc; 8s disk-cache, processwrapper-sandbox ... (35 actions, 31 running)
[32m[1,135 / 1,258][0m Compiling src/google/protobuf/descriptor.cc; 9s disk-cache, processwrapper-sandbox ... (48 actions, 47 running)
[32m[1,136 / 1,258][0m Compiling src/google/protobuf/descriptor.cc; 11s disk-cache, processwrapper-sandbox ... (49 actions, 48 running)
[32m[1,136 / 1,258][0m Compiling src/google/protobuf/descriptor.cc; 13s disk-cache, processwrapper-sandbox ... (49 actions, 48 running)
[32m[1,141 / 1,258][0m Compiling src/google/protobuf/descriptor.cc; 14s disk-cache, processwrapper-sandbox ... (49 actions, 48 running)
[32m[1,163 / 1,258][0m Compiling src/google/protobuf/descriptor.cc; 15s disk-cache, processwrapper-sandbox ... (49 actions, 48 running)
[32m[1,164 / 1,258][0m Compiling src/google/protobuf/descriptor.cc; 17s disk-cache, processwrapper-sandbox ... (49 actions, 48 running)
[32m[1,175 / 1,258][0m Compiling src/google/protobuf/descriptor.cc; 18s disk-cache, processwrapper-sandbox ... (49 actions, 48 running)
[32m[1,184 / 1,258][0m Compiling src/google/protobuf/descriptor.cc; 19s disk-cache, processwrapper-sandbox ... (49 actions, 48 running)
[32m[1,191 / 1,258][0m Compiling yggdrasil_decision_forests/dataset/data_spec.cc; 11s disk-cache, processwrapper-sandbox ... (49 actions, 43 running)
[32m[1,191 / 1,258][0m Compiling yggdrasil_decision_forests/dataset/data_spec.cc; 12s disk-cache, processwrapper-sandbox ... (49 actions, 48 running)
[32m[1,192 / 1,258][0m Compiling yggdrasil_decision_forests/dataset/data_spec.cc; 13s disk-cache, processwrapper-sandbox ... (49 actions, 48 running)
[32m[1,199 / 1,258][0m Compiling yggdrasil_decision_forests/model/decision_tree/decision_tree_io_blob_sequence.cc; 9s disk-cache, processwrapper-sandbox ... (49 actions, 46 running)
[32m[1,200 / 1,258][0m Compiling yggdrasil_decision_forests/model/decision_tree/decision_tree_io_blob_sequence.cc; 10s disk-cache, processwrapper-sandbox ... (49 actions, 48 running)
[32m[1,202 / 1,258][0m Compiling yggdrasil_decision_forests/model/decision_tree/decision_tree.cc; 12s disk-cache, processwrapper-sandbox ... (47 actions, 46 running)
[32m[1,203 / 1,258][0m Compiling yggdrasil_decision_forests/model/decision_tree/decision_tree.cc; 13s disk-cache, processwrapper-sandbox ... (48 actions, 47 running)
[32m[1,207 / 1,258][0m Compiling yggdrasil_decision_forests/metric/metric.cc; 14s disk-cache, processwrapper-sandbox ... (48 actions, 45 running)
[32m[1,207 / 1,258][0m Compiling yggdrasil_decision_forests/metric/metric.cc; 15s disk-cache, processwrapper-sandbox ... (49 actions, 48 running)
[32m[1,208 / 1,258][0m Compiling yggdrasil_decision_forests/metric/metric.cc; 19s disk-cache, processwrapper-sandbox ... (48 actions, 47 running)
[32m[1,208 / 1,258][0m Compiling yggdrasil_decision_forests/metric/metric.cc; 21s disk-cache, processwrapper-sandbox ... (49 actions, 48 running)
[32m[1,211 / 1,258][0m Compiling yggdrasil_decision_forests/metric/metric.cc; 25s disk-cache, processwrapper-sandbox ... (46 actions, 45 running)
[32m[1,211 / 1,258][0m Compiling yggdrasil_decision_forests/metric/metric.cc; 26s disk-cache, processwrapper-sandbox ... (46 actions running)
[32m[1,212 / 1,258][0m Compiling yggdrasil_decision_forests/metric/metric.cc; 28s disk-cache, processwrapper-sandbox ... (45 actions running)
[32m[1,213 / 1,258][0m Compiling yggdrasil_decision_forests/metric/metric.cc; 29s disk-cache, processwrapper-sandbox ... (44 actions running)
[32m[1,214 / 1,258][0m Compiling yggdrasil_decision_forests/metric/metric.cc; 30s disk-cache, processwrapper-sandbox ... (43 actions running)
[32m[1,218 / 1,258][0m Compiling yggdrasil_decision_forests/metric/metric.cc; 32s disk-cache, processwrapper-sandbox ... (39 actions running)
[32m[1,219 / 1,258][0m Compiling yggdrasil_decision_forests/metric/metric.cc; 35s disk-cache, processwrapper-sandbox ... (38 actions running)
[32m[1,221 / 1,258][0m Compiling yggdrasil_decision_forests/metric/metric.cc; 37s disk-cache, processwrapper-sandbox ... (36 actions running)
[32m[1,222 / 1,258][0m Compiling yggdrasil_decision_forests/metric/metric.cc; 39s disk-cache, processwrapper-sandbox ... (35 actions running)
[32m[1,223 / 1,258][0m Compiling yggdrasil_decision_forests/metric/metric.cc; 41s disk-cache, processwrapper-sandbox ... (34 actions running)
[32m[1,223 / 1,258][0m Compiling yggdrasil_decision_forests/metric/metric.cc; 43s disk-cache, processwrapper-sandbox ... (34 actions running)
[32m[1,225 / 1,258][0m Compiling yggdrasil_decision_forests/metric/metric.cc; 45s disk-cache, processwrapper-sandbox ... (32 actions running)
[32m[1,226 / 1,258][0m Compiling yggdrasil_decision_forests/metric/metric.cc; 48s disk-cache, processwrapper-sandbox ... (31 actions running)
[32m[1,227 / 1,258][0m Compiling yggdrasil_decision_forests/metric/metric.cc; 56s disk-cache, processwrapper-sandbox ... (30 actions running)
[32m[1,228 / 1,258][0m Compiling yggdrasil_decision_forests/metric/metric.cc; 57s disk-cache, processwrapper-sandbox ... (29 actions running)
[32m[1,229 / 1,258][0m Compiling yggdrasil_decision_forests/metric/uplift.cc; 59s disk-cache, processwrapper-sandbox ... (28 actions running)
[32m[1,231 / 1,258][0m Compiling yggdrasil_decision_forests/learner/decision_tree/oblique.cc; 60s disk-cache, processwrapper-sandbox ... (26 actions running)
[32m[1,239 / 1,258][0m Compiling yggdrasil_decision_forests/learner/decision_tree/oblique.cc; 62s disk-cache, processwrapper-sandbox ... (18 actions running)
[32m[1,252 / 1,258][0m Compiling yggdrasil_decision_forests/learner/decision_tree/oblique.cc; 64s disk-cache, processwrapper-sandbox ... (5 actions running)
[32m[1,254 / 1,258][0m Compiling yggdrasil_decision_forests/learner/decision_tree/oblique.cc; 66s disk-cache, processwrapper-sandbox ... (3 actions running)
[32m[1,256 / 1,258][0m Compiling yggdrasil_decision_forests/learner/decision_tree/oblique.cc; 68s disk-cache, processwrapper-sandbox
[32mINFO: [0mFound 1 target...
Target //examples:train_oblique_forest up-to-date:
  bazel-bin/examples/train_oblique_forest
[32mINFO: [0mElapsed time: 145.738s, Critical Path: 100.95s
[32mINFO: [0m838 processes: 4 internal, 834 processwrapper-sandbox.
[32mINFO: [0mBuild completed successfully, 838 total actions
[0mCompiler check OK:   Intel(R) oneAPI DPC++/C++ Compiler 2025.2.1 (2025.2.0.20250806)
6ed72d6bb7dc5aacfaf9fddcacd5b91528a7065cf9d849771a7e6580d4f1f0fa  /home/ubuntu/verify_gbt_hd/bin_B_up
=== 2026-09-07T00:20:51Z BUILD A (upstream-main-benchmarks)
Compiler: /opt/intel/oneapi/compiler/2025.2/bin/icx
[32mINFO: [0mInvocation ID: abae5b7c-919e-4836-b6ea-ca4db87e6633
[32mINFO: [0mOptions provided by the client:
  Inherited 'common' options: --isatty=0 --terminal_columns=80
[32mINFO: [0mReading rc options for 'build' from /home/ubuntu/yggdrasil-oblique-forests/.bazelrc:
  Inherited 'common' options: --experimental_repo_remote_exec --enable_platform_specific_config
[32mINFO: [0mReading rc options for 'build' from /home/ubuntu/yggdrasil-oblique-forests/.bazelrc:
  'build' options: -c opt --announce_rc --noincompatible_strict_action_env --define=allow_oversize_protos=true --define=grpc_no_ares=true --color=yes --define=use_ydf_tensorflow_proto=1
[32mINFO: [0mFound applicable config definition build:linux in file /home/ubuntu/yggdrasil-oblique-forests/.bazelrc: --copt=-fdiagnostics-color=always --copt=-w --host_copt=-w --cxxopt=-std=c++17 --host_cxxopt=-std=c++17
[32mComputing main repo mapping:[0m 
[32mLoading:[0m 
[32mLoading:[0m 0 packages loaded
[35mWARNING: [0mBuild option --cxxopt has changed, discarding analysis cache (this can be expensive, see https://bazel.build/advanced/performance/iteration-speed).
[32mAnalyzing:[0m target //examples:train_oblique_forest (0 packages loaded, 0 targets configured)
[32mAnalyzing:[0m target //examples:train_oblique_forest (0 packages loaded, 0 targets configured)

[32mINFO: [0mAnalyzed target //examples:train_oblique_forest (0 packages loaded, 12614 targets configured).
[32m[853 / 1,258][0m Compiling hwy/contrib/sort/vqsort_i16d.cc; 1s disk-cache, processwrapper-sandbox ... (48 actions, 47 running)
[32m[871 / 1,258][0m Compiling hwy/contrib/sort/vqsort_i16d.cc; 2s disk-cache, processwrapper-sandbox ... (49 actions, 47 running)
[32m[880 / 1,258][0m Compiling hwy/contrib/sort/vqsort_i16d.cc; 3s disk-cache, processwrapper-sandbox ... (49 actions, 48 running)
[32m[881 / 1,258][0m Compiling hwy/contrib/sort/vqsort_i16d.cc; 4s disk-cache, processwrapper-sandbox ... (48 actions, 47 running)
[32m[892 / 1,258][0m Compiling hwy/contrib/sort/vqsort_i16d.cc; 6s disk-cache, processwrapper-sandbox ... (48 actions, 47 running)
[32m[897 / 1,258][0m Compiling hwy/contrib/sort/vqsort_i16d.cc; 7s disk-cache, processwrapper-sandbox ... (46 actions, 45 running)
[32m[902 / 1,258][0m Compiling hwy/contrib/sort/vqsort_i16d.cc; 8s disk-cache, processwrapper-sandbox ... (49 actions, 48 running)
[32m[907 / 1,258][0m Compiling yggdrasil_decision_forests/utils/bitmap.pb.cc; 9s disk-cache, processwrapper-sandbox ... (49 actions, 48 running)
[32m[911 / 1,258][0m Compiling yggdrasil_decision_forests/utils/bitmap.pb.cc; 11s disk-cache, processwrapper-sandbox ... (49 actions, 48 running)
[32m[915 / 1,258][0m Compiling yggdrasil_decision_forests/utils/bitmap.pb.cc; 12s disk-cache, processwrapper-sandbox ... (49 actions, 48 running)
[32m[922 / 1,258][0m Compiling yggdrasil_decision_forests/utils/bitmap.pb.cc; 14s disk-cache, processwrapper-sandbox ... (48 actions, 47 running)
[32m[962 / 1,258][0m Compiling src/google/protobuf/util/message_differencer.cc; 14s disk-cache, processwrapper-sandbox ... (49 actions, 48 running)
[32m[971 / 1,258][0m Compiling src/google/protobuf/util/message_differencer.cc; 15s disk-cache, processwrapper-sandbox ... (48 actions, 46 running)
[32m[993 / 1,258][0m Compiling src/google/protobuf/util/field_mask_util.cc; 16s disk-cache, processwrapper-sandbox ... (49 actions, 48 running)
[32m[1,013 / 1,258][0m Compiling src/google/protobuf/cpp_features.pb.cc; 14s disk-cache, processwrapper-sandbox ... (49 actions, 47 running)
[32m[1,056 / 1,258][0m Compiling src/google/protobuf/descriptor_database.cc; 15s disk-cache, processwrapper-sandbox ... (49 actions, 48 running)
[32m[1,082 / 1,258][0m Compiling src/google/protobuf/descriptor.cc; 17s disk-cache, processwrapper-sandbox ... (48 actions, 47 running)
[32m[1,112 / 1,258][0m Compiling src/google/protobuf/descriptor.cc; 18s disk-cache, processwrapper-sandbox ... (49 actions, 48 running)
[32m[1,120 / 1,258][0m Compiling src/google/protobuf/descriptor.cc; 19s disk-cache, processwrapper-sandbox ... (49 actions, 48 running)
[32m[1,129 / 1,258][0m Compiling src/google/protobuf/descriptor.cc; 20s disk-cache, processwrapper-sandbox ... (49 actions, 48 running)
[32m[1,133 / 1,258][0m Compiling src/google/protobuf/descriptor.cc; 21s disk-cache, processwrapper-sandbox ... (49 actions, 48 running)
[32m[1,139 / 1,258][0m Compiling src/google/protobuf/descriptor.cc; 23s disk-cache, processwrapper-sandbox ... (49 actions, 47 running)
[32m[1,145 / 1,258][0m Compiling src/google/protobuf/descriptor.cc; 24s disk-cache, processwrapper-sandbox ... (49 actions, 48 running)
[32m[1,147 / 1,258][0m Compiling src/google/protobuf/descriptor.cc; 25s disk-cache, processwrapper-sandbox ... (49 actions, 48 running)
[32m[1,151 / 1,258][0m Compiling src/google/protobuf/descriptor.cc; 27s disk-cache, processwrapper-sandbox ... (49 actions, 48 running)
[32m[1,153 / 1,258][0m Compiling src/google/protobuf/descriptor.cc; 29s disk-cache, processwrapper-sandbox ... (49 actions, 46 running)
[32m[1,156 / 1,258][0m Compiling src/google/protobuf/descriptor.cc; 30s disk-cache, processwrapper-sandbox ... (48 actions, 47 running)
[32m[1,157 / 1,258][0m Compiling yggdrasil_decision_forests/dataset/data_spec.pb.cc; 14s disk-cache, processwrapper-sandbox ... (49 actions, 47 running)
[32m[1,157 / 1,258][0m Compiling yggdrasil_decision_forests/dataset/data_spec.pb.cc; 15s disk-cache, processwrapper-sandbox ... (49 actions, 48 running)
[32m[1,158 / 1,258][0m Compiling yggdrasil_decision_forests/dataset/data_spec.pb.cc; 22s disk-cache, processwrapper-sandbox ... (49 actions, 47 running)
[32m[1,160 / 1,258][0m Compiling yggdrasil_decision_forests/dataset/data_spec.pb.cc; 23s disk-cache, processwrapper-sandbox ... (48 actions, 47 running)
[32m[1,162 / 1,258][0m Compiling yggdrasil_decision_forests/dataset/data_spec.pb.cc; 25s disk-cache, processwrapper-sandbox ... (49 actions, 48 running)
[32m[1,165 / 1,258][0m Compiling yggdrasil_decision_forests/dataset/data_spec.pb.cc; 28s disk-cache, processwrapper-sandbox ... (46 actions, 45 running)
[32m[1,169 / 1,258][0m Compiling yggdrasil_decision_forests/dataset/data_spec.pb.cc; 29s disk-cache, processwrapper-sandbox ... (49 actions, 48 running)
[32m[1,170 / 1,258][0m Compiling yggdrasil_decision_forests/dataset/data_spec.pb.cc; 30s disk-cache, processwrapper-sandbox ... (49 actions, 47 running)
[32m[1,171 / 1,258][0m Compiling yggdrasil_decision_forests/dataset/data_spec.pb.cc; 31s disk-cache, processwrapper-sandbox ... (49 actions, 48 running)
[32m[1,173 / 1,258][0m Compiling yggdrasil_decision_forests/dataset/data_spec.pb.cc; 33s disk-cache, processwrapper-sandbox ... (49 actions, 48 running)
[32m[1,178 / 1,258][0m Compiling yggdrasil_decision_forests/dataset/data_spec.pb.cc; 34s disk-cache, processwrapper-sandbox ... (49 actions, 48 running)
[32m[1,182 / 1,258][0m Compiling yggdrasil_decision_forests/model/abstract_model.pb.cc; 36s disk-cache, processwrapper-sandbox ... (48 actions, 46 running)
[32m[1,185 / 1,258][0m Compiling yggdrasil_decision_forests/learner/decision_tree/decision_tree.pb.cc; 36s disk-cache, processwrapper-sandbox ... (48 actions, 46 running)
[32m[1,187 / 1,258][0m Compiling yggdrasil_decision_forests/learner/decision_tree/decision_tree.pb.cc; 38s disk-cache, processwrapper-sandbox ... (47 actions, 46 running)
[32m[1,188 / 1,258][0m Compiling yggdrasil_decision_forests/learner/decision_tree/decision_tree.pb.cc; 39s disk-cache, processwrapper-sandbox ... (48 actions, 46 running)
[32m[1,196 / 1,258][0m Compiling src/google/protobuf/json/internal/parser.cc; 39s disk-cache, processwrapper-sandbox ... (49 actions, 45 running)
[32m[1,198 / 1,258][0m Compiling src/google/protobuf/json/internal/parser.cc; 40s disk-cache, processwrapper-sandbox ... (49 actions, 47 running)
[32m[1,198 / 1,258][0m Compiling src/google/protobuf/json/internal/parser.cc; 41s disk-cache, processwrapper-sandbox ... (49 actions, 47 running)
[32m[1,199 / 1,258][0m Compiling src/google/protobuf/json/internal/parser.cc; 42s disk-cache, processwrapper-sandbox ... (48 actions, 47 running)
[32m[1,201 / 1,258][0m Compiling src/google/protobuf/json/internal/parser.cc; 43s disk-cache, processwrapper-sandbox ... (47 actions, 46 running)
[32m[1,204 / 1,258][0m Compiling src/google/protobuf/json/internal/parser.cc; 45s disk-cache, processwrapper-sandbox ... (49 actions, 46 running)
[32m[1,204 / 1,258][0m Compiling src/google/protobuf/json/internal/parser.cc; 46s disk-cache, processwrapper-sandbox ... (49 actions, 48 running)
[32m[1,208 / 1,258][0m Compiling src/google/protobuf/json/internal/parser.cc; 47s disk-cache, processwrapper-sandbox ... (49 actions, 47 running)
[32m[1,210 / 1,258][0m Compiling yggdrasil_decision_forests/metric/metric.cc; 44s disk-cache, processwrapper-sandbox ... (47 actions running)
[32m[1,211 / 1,258][0m Compiling yggdrasil_decision_forests/metric/metric.cc; 46s disk-cache, processwrapper-sandbox ... (46 actions running)
[32m[1,213 / 1,258][0m Compiling yggdrasil_decision_forests/metric/metric.cc; 47s disk-cache, processwrapper-sandbox ... (44 actions running)
[32m[1,215 / 1,258][0m Compiling yggdrasil_decision_forests/metric/metric.cc; 50s disk-cache, processwrapper-sandbox ... (42 actions running)
[32m[1,216 / 1,258][0m Compiling yggdrasil_decision_forests/metric/metric.cc; 51s disk-cache, processwrapper-sandbox ... (41 actions running)
[32m[1,217 / 1,258][0m Compiling yggdrasil_decision_forests/metric/metric.cc; 54s disk-cache, processwrapper-sandbox ... (40 actions running)
[32m[1,217 / 1,258][0m Compiling yggdrasil_decision_forests/metric/metric.cc; 56s disk-cache, processwrapper-sandbox ... (40 actions running)
[32m[1,219 / 1,258][0m Compiling yggdrasil_decision_forests/metric/metric.cc; 57s disk-cache, processwrapper-sandbox ... (38 actions running)
[32m[1,220 / 1,258][0m Compiling yggdrasil_decision_forests/metric/metric.cc; 60s disk-cache, processwrapper-sandbox ... (37 actions running)
[32m[1,220 / 1,258][0m Compiling yggdrasil_decision_forests/metric/metric.cc; 63s disk-cache, processwrapper-sandbox ... (37 actions running)
[32m[1,223 / 1,258][0m Compiling yggdrasil_decision_forests/metric/metric.cc; 65s disk-cache, processwrapper-sandbox ... (34 actions running)
[32m[1,225 / 1,258][0m Compiling yggdrasil_decision_forests/metric/metric.cc; 66s disk-cache, processwrapper-sandbox ... (32 actions running)
[32m[1,228 / 1,258][0m Compiling yggdrasil_decision_forests/metric/metric.cc; 67s disk-cache, processwrapper-sandbox ... (29 actions running)
[32m[1,229 / 1,258][0m Compiling yggdrasil_decision_forests/metric/metric.cc; 68s disk-cache, processwrapper-sandbox ... (28 actions running)
[32m[1,232 / 1,258][0m Compiling yggdrasil_decision_forests/metric/metric.cc; 69s disk-cache, processwrapper-sandbox ... (25 actions running)
[32m[1,234 / 1,258][0m Compiling yggdrasil_decision_forests/metric/metric.cc; 72s disk-cache, processwrapper-sandbox ... (23 actions running)
[32m[1,235 / 1,258][0m Compiling yggdrasil_decision_forests/metric/metric.cc; 74s disk-cache, processwrapper-sandbox ... (22 actions running)
[32m[1,236 / 1,258][0m Compiling yggdrasil_decision_forests/metric/metric.cc; 76s disk-cache, processwrapper-sandbox ... (21 actions running)
[32m[1,239 / 1,258][0m Compiling yggdrasil_decision_forests/metric/metric.cc; 79s disk-cache, processwrapper-sandbox ... (18 actions running)
[32m[1,244 / 1,258][0m Compiling yggdrasil_decision_forests/metric/metric.cc; 80s disk-cache, processwrapper-sandbox ... (13 actions running)
[32m[1,250 / 1,258][0m Compiling yggdrasil_decision_forests/metric/metric.cc; 81s disk-cache, processwrapper-sandbox ... (7 actions running)
[32m[1,254 / 1,258][0m Compiling yggdrasil_decision_forests/learner/decision_tree/oblique.cc; 57s disk-cache, processwrapper-sandbox ... (3 actions running)
[32m[1,256 / 1,258][0m Compiling yggdrasil_decision_forests/learner/decision_tree/oblique.cc; 60s disk-cache, processwrapper-sandbox
[32m[1,257 / 1,258][0m [Prepa] Linking examples/train_oblique_forest
[32mINFO: [0mFound 1 target...
Target //examples:train_oblique_forest up-to-date:
  bazel-bin/examples/train_oblique_forest
[32mINFO: [0mElapsed time: 117.206s, Critical Path: 83.24s
[32mINFO: [0m377 processes: 1 internal, 376 processwrapper-sandbox.
[32mINFO: [0mBuild completed successfully, 377 total actions
[0mCompiler check OK:   Intel(R) oneAPI DPC++/C++ Compiler 2025.2.1 (2025.2.0.20250806)
00c425c953f5922cfc6a231e0137ae0b0cf529a8e483ed9834c8eda521dbb74a  /home/ubuntu/verify_gbt_hd/bin_A_up
=== 2026-09-07T00:22:49Z BITID
bitid exit 0
| task | trees | result |
|---|---:|---|
| task_10093_banknote-authentication | 30 | TREES IDENTICAL (metadata differs; expected for GBT headers) |
| task_37_diabetes | 30 | TREES IDENTICAL (metadata differs; expected for GBT headers) |
| task_9946_wdbc | 30 | TREES IDENTICAL (metadata differs; expected for GBT headers) |
| task_3917_kc1 | 30 | TREES IDENTICAL (metadata differs; expected for GBT headers) |
| task_3902_pc4 | 30 | TREES IDENTICAL (metadata differs; expected for GBT headers) |
| task_9957_qsar-biodeg | 30 | TREES IDENTICAL (metadata differs; expected for GBT headers) |
| task_43_spambase | 30 | TREES IDENTICAL (metadata differs; expected for GBT headers) |
| task_9976_madelon | 30 | TREES IDENTICAL (metadata differs; expected for GBT headers) |
| task_9910_Bioresponse | 30 | TREES IDENTICAL (metadata differs; expected for GBT headers) |
| task_9952_phoneme | 30 | TREES IDENTICAL (metadata differs; expected for GBT headers) |
=== 2026-09-07T00:22:56Z ACCURACY A
acc A exit 0
=== 2026-09-07T00:25:41Z RUNTIME A
rt A exit 0
=== 2026-09-07T00:47:17Z ACCURACY B
acc B exit 0
=== 2026-09-07T00:49:14Z RUNTIME B
rt B exit 0
=== 2026-09-07T00:56:34Z DONE
