==== PROVENANCE ====
date_utc: 2026-07-30T21:23:49Z
git_sha: acf894d9
git_branch: rebased-main
machine: Intel(R) Xeon(R) Platinum 8488C (nproc=48)
machine_serial: ec2d65b4-2555-44a5-d802-ecaea08b3ad7
EXTRA_BAZEL_CONFIGS: <none>
EXTRA_TRAIN_ARGS: --ensemble_method=Boosting
NUM_TREES: 300  NUM_RUNS: 1
DYNAMIC_SPLIT_THRESHOLDS: 100 600 1100 1600 2100 2600 3100 3600 4100 4600 5100
====================


======== DYNAMIC THRESHOLD SWEEP  configs: <none>  args: --ensemble_method=Boosting ========



======== Threshold 100 ========

./bazel-bin/examples/train_oblique_forest --input_mode trunk --rows 1500000 --cols 4096 --num_trees=300 --dynamic_split_threshold=100 --ensemble_method=Boosting
----- Run 1/1 -----
WARNING: All log messages before absl::InitializeLog() is called are written to STDERR
I0000 00:00:1785446629.724557    5235 train_oblique_forest.cc:614] Generating trunk synthetic dataset: rows=1500000, cols=4096, layout=column
I0000 00:00:1785446680.841161    5235 train_oblique_forest.cc:706] -1 (automatic) threads requested. 48 threads set.
I0000 00:00:1785446680.841186    5235 train_oblique_forest.cc:776] Configuring oblique splits
I0000 00:00:1785446680.841189    5235 train_oblique_forest.cc:861] Using Dynamic Random Histogram with 64 samples
I0000 00:00:1785446680.841201    5235 train_oblique_forest.cc:891] train_oblique_forest wall-time - Loading/Init (pre-train): 51.1167s
I0000 00:00:1785446680.841498    5235 abstract_learner.cc:171] No input feature explicitly specified. Using all the available input features.
I0000 00:00:1785446680.841504    5235 abstract_learner.cc:185] The label "y" was removed from the input feature set.
I0000 00:00:1785446680.841739    5235 gradient_boosted_trees.cc:541] Default loss set to BINOMIAL_LOG_LIKELIHOOD
I0000 00:00:1785446680.842400    5235 gradient_boosted_trees.cc:1204] Training gradient boosted tree on 1500000 example(s) and 4096 feature(s).
I0000 00:00:1785446680.843131    5235 gradient_boosted_trees.cc:1244] 1500000 examples used for training and 0 examples used for validation
I0000 00:00:1785446680.851732    5235 gpu.cc:93] Cannot initialize GPU: Not compiled with GPU support
I0000 00:00:1785446680.851782    5235 training.cc:5197] Create processor with 48 threads for split computation
I0000 00:00:1785446680.852634    5235 gradient_boosted_trees.cc:1425] Create thread pool with 48 threads for loss computation
I0000 00:00:1785446681.937199    5235 gradient_boosted_trees.cc:1744] Train tree 1/300 train-loss:1.350288 train-accuracy:0.691587 [total:1.08s iter:1.08s]
I0000 00:00:1785446683.011328    5235 gradient_boosted_trees.cc:1744] Train tree 2/300 train-loss:1.321559 train-accuracy:0.740219 [total:2.16s iter:1.07s]
I0000 00:00:1785446684.081824    5235 gradient_boosted_trees.cc:1746] Train tree 3/300 train-loss:1.276219 train-accuracy:0.799128 [total:3.23s iter:1.07s]
I0000 00:00:1785446705.123341    5235 gradient_boosted_trees.cc:1746] Train tree 22/300 train-loss:0.863104 train-accuracy:0.937757 [total:24.27s iter:1.10s]
I0000 00:00:1785446725.538128    5235 gradient_boosted_trees.cc:1746] Train tree 41/300 train-loss:0.662922 train-accuracy:0.956159 [total:44.68s iter:1.02s]
I0000 00:00:1785446746.202256    5235 gradient_boosted_trees.cc:1746] Train tree 60/300 train-loss:0.549864 train-accuracy:0.963729 [total:1m5.35s iter:1.06s]
I0000 00:00:1785446766.308590    5235 gradient_boosted_trees.cc:1746] Train tree 79/300 train-loss:0.464522 train-accuracy:0.968487 [total:1m25.46s iter:1.06s]
I0000 00:00:1785446786.544016    5235 gradient_boosted_trees.cc:1746] Train tree 98/300 train-loss:0.386566 train-accuracy:0.972189 [total:1m45.69s iter:1.06s]
I0000 00:00:1785446806.888548    5235 gradient_boosted_trees.cc:1746] Train tree 117/300 train-loss:0.325895 train-accuracy:0.974767 [total:2m6.04s iter:1.07s]
I0000 00:00:1785446827.843283    5235 gradient_boosted_trees.cc:1746] Train tree 137/300 train-loss:0.278619 train-accuracy:0.976521 [total:2m26.99s iter:1.07s]
I0000 00:00:1785446848.034744    5235 gradient_boosted_trees.cc:1746] Train tree 156/300 train-loss:0.242758 train-accuracy:0.978034 [total:2m47.18s iter:1.05s]
I0000 00:00:1785446868.610049    5235 gradient_boosted_trees.cc:1746] Train tree 175/300 train-loss:0.220818 train-accuracy:0.979271 [total:3m7.76s iter:1.01s]
I0000 00:00:1785446888.924797    5235 gradient_boosted_trees.cc:1746] Train tree 195/300 train-loss:0.200380 train-accuracy:0.980420 [total:3m28.07s iter:1.04s]
I0000 00:00:1785446909.324793    5235 gradient_boosted_trees.cc:1746] Train tree 215/300 train-loss:0.183807 train-accuracy:0.981444 [total:3m48.47s iter:1.01s]
I0000 00:00:1785446929.761093    5235 gradient_boosted_trees.cc:1746] Train tree 235/300 train-loss:0.168859 train-accuracy:0.982442 [total:4m8.91s iter:0.99s]
I0000 00:00:1785446950.653919    5235 gradient_boosted_trees.cc:1746] Train tree 256/300 train-loss:0.154422 train-accuracy:0.983177 [total:4m29.80s iter:1.01s]
I0000 00:00:1785446971.659096    5235 gradient_boosted_trees.cc:1746] Train tree 276/300 train-loss:0.144342 train-accuracy:0.983985 [total:4m50.81s iter:1.01s]
I0000 00:00:1785446992.090018    5235 gradient_boosted_trees.cc:1746] Train tree 296/300 train-loss:0.135669 train-accuracy:0.984568 [total:5m11.24s iter:1.17s]
I0000 00:00:1785446996.266712    5235 gradient_boosted_trees.cc:1744] Train tree 300/300 train-loss:0.134391 train-accuracy:0.984687 [total:5m15.41s iter:1.08s]
I0000 00:00:1785446996.532421    5235 gradient_boosted_trees.cc:1825] gradient_boosted_trees.cc Training block took: 315.691 s
I0000 00:00:1785446996.541903    5235 train_oblique_forest.cc:964] train_oblique_forest wall-time - Training + Post-Processing: 315.701s
RESULT dataset=trunk_1500000_x_4096 threshold=100 median=315.691s stddev=N/As n=1


======== Threshold 600 ========

./bazel-bin/examples/train_oblique_forest --input_mode trunk --rows 1500000 --cols 4096 --num_trees=300 --dynamic_split_threshold=600 --ensemble_method=Boosting
----- Run 1/1 -----
WARNING: All log messages before absl::InitializeLog() is called are written to STDERR
I0000 00:00:1785446997.212724    6769 train_oblique_forest.cc:614] Generating trunk synthetic dataset: rows=1500000, cols=4096, layout=column
I0000 00:00:1785447048.289847    6769 train_oblique_forest.cc:706] -1 (automatic) threads requested. 48 threads set.
I0000 00:00:1785447048.289871    6769 train_oblique_forest.cc:776] Configuring oblique splits
I0000 00:00:1785447048.289874    6769 train_oblique_forest.cc:861] Using Dynamic Random Histogram with 64 samples
I0000 00:00:1785447048.289885    6769 train_oblique_forest.cc:891] train_oblique_forest wall-time - Loading/Init (pre-train): 51.0772s
I0000 00:00:1785447048.290180    6769 abstract_learner.cc:171] No input feature explicitly specified. Using all the available input features.
I0000 00:00:1785447048.290186    6769 abstract_learner.cc:185] The label "y" was removed from the input feature set.
I0000 00:00:1785447048.290423    6769 gradient_boosted_trees.cc:541] Default loss set to BINOMIAL_LOG_LIKELIHOOD
I0000 00:00:1785447048.291076    6769 gradient_boosted_trees.cc:1204] Training gradient boosted tree on 1500000 example(s) and 4096 feature(s).
I0000 00:00:1785447048.291815    6769 gradient_boosted_trees.cc:1244] 1500000 examples used for training and 0 examples used for validation
I0000 00:00:1785447048.300348    6769 gpu.cc:93] Cannot initialize GPU: Not compiled with GPU support
I0000 00:00:1785447048.300404    6769 training.cc:5197] Create processor with 48 threads for split computation
I0000 00:00:1785447048.301222    6769 gradient_boosted_trees.cc:1425] Create thread pool with 48 threads for loss computation
I0000 00:00:1785447049.378064    6769 gradient_boosted_trees.cc:1744] Train tree 1/300 train-loss:1.350288 train-accuracy:0.691587 [total:1.08s iter:1.08s]
I0000 00:00:1785447050.449884    6769 gradient_boosted_trees.cc:1744] Train tree 2/300 train-loss:1.321559 train-accuracy:0.740219 [total:2.15s iter:1.07s]
I0000 00:00:1785447051.508828    6769 gradient_boosted_trees.cc:1746] Train tree 3/300 train-loss:1.276219 train-accuracy:0.799128 [total:3.21s iter:1.06s]
I0000 00:00:1785447072.506643    6769 gradient_boosted_trees.cc:1746] Train tree 22/300 train-loss:0.863104 train-accuracy:0.937757 [total:24.20s iter:1.03s]
I0000 00:00:1785447092.862387    6769 gradient_boosted_trees.cc:1746] Train tree 41/300 train-loss:0.662922 train-accuracy:0.956159 [total:44.56s iter:1.05s]
I0000 00:00:1785447113.326323    6769 gradient_boosted_trees.cc:1746] Train tree 59/300 train-loss:0.556064 train-accuracy:0.963369 [total:1m5.02s iter:1.06s]
I0000 00:00:1785447134.290844    6769 gradient_boosted_trees.cc:1746] Train tree 78/300 train-loss:0.468810 train-accuracy:0.968320 [total:1m25.99s iter:1.07s]
I0000 00:00:1785447154.942347    6769 gradient_boosted_trees.cc:1746] Train tree 97/300 train-loss:0.389472 train-accuracy:0.972091 [total:1m46.64s iter:1.11s]
I0000 00:00:1785447175.713351    6769 gradient_boosted_trees.cc:1746] Train tree 117/300 train-loss:0.325895 train-accuracy:0.974767 [total:2m7.41s iter:1.04s]
I0000 00:00:1785447196.522108    6769 gradient_boosted_trees.cc:1746] Train tree 137/300 train-loss:0.278619 train-accuracy:0.976521 [total:2m28.22s iter:1.13s]
I0000 00:00:1785447216.648882    6769 gradient_boosted_trees.cc:1746] Train tree 156/300 train-loss:0.242758 train-accuracy:0.978034 [total:2m48.35s iter:1.04s]
I0000 00:00:1785447237.492503    6769 gradient_boosted_trees.cc:1746] Train tree 176/300 train-loss:0.219776 train-accuracy:0.979307 [total:3m9.19s iter:0.97s]
I0000 00:00:1785447258.397559    6769 gradient_boosted_trees.cc:1746] Train tree 196/300 train-loss:0.199143 train-accuracy:0.980430 [total:3m30.10s iter:1.07s]
I0000 00:00:1785447278.761588    6769 gradient_boosted_trees.cc:1746] Train tree 216/300 train-loss:0.182974 train-accuracy:0.981484 [total:3m50.46s iter:0.99s]
I0000 00:00:1785447298.960760    6769 gradient_boosted_trees.cc:1746] Train tree 236/300 train-loss:0.167775 train-accuracy:0.982472 [total:4m10.66s iter:0.98s]
I0000 00:00:1785447319.922097    6769 gradient_boosted_trees.cc:1746] Train tree 256/300 train-loss:0.154422 train-accuracy:0.983177 [total:4m31.62s iter:1.08s]
I0000 00:00:1785447340.123645    6769 gradient_boosted_trees.cc:1746] Train tree 275/300 train-loss:0.144792 train-accuracy:0.983941 [total:4m51.82s iter:1.02s]
I0000 00:00:1785447360.124390    6769 gradient_boosted_trees.cc:1746] Train tree 295/300 train-loss:0.135971 train-accuracy:0.984544 [total:5m11.82s iter:0.99s]
I0000 00:00:1785447365.156409    6769 gradient_boosted_trees.cc:1744] Train tree 300/300 train-loss:0.134392 train-accuracy:0.984695 [total:5m16.85s iter:1.03s]
I0000 00:00:1785447365.413434    6769 gradient_boosted_trees.cc:1825] gradient_boosted_trees.cc Training block took: 317.124 s
I0000 00:00:1785447365.422431    6769 train_oblique_forest.cc:964] train_oblique_forest wall-time - Training + Post-Processing: 317.133s
RESULT dataset=trunk_1500000_x_4096 threshold=600 median=317.124s stddev=N/As n=1


======== Threshold 1100 ========

./bazel-bin/examples/train_oblique_forest --input_mode trunk --rows 1500000 --cols 4096 --num_trees=300 --dynamic_split_threshold=1100 --ensemble_method=Boosting
----- Run 1/1 -----
WARNING: All log messages before absl::InitializeLog() is called are written to STDERR
I0000 00:00:1785447366.087348    8326 train_oblique_forest.cc:614] Generating trunk synthetic dataset: rows=1500000, cols=4096, layout=column
I0000 00:00:1785447417.163398    8326 train_oblique_forest.cc:706] -1 (automatic) threads requested. 48 threads set.
I0000 00:00:1785447417.163423    8326 train_oblique_forest.cc:776] Configuring oblique splits
I0000 00:00:1785447417.163426    8326 train_oblique_forest.cc:861] Using Dynamic Random Histogram with 64 samples
I0000 00:00:1785447417.163437    8326 train_oblique_forest.cc:891] train_oblique_forest wall-time - Loading/Init (pre-train): 51.0761s
I0000 00:00:1785447417.163736    8326 abstract_learner.cc:171] No input feature explicitly specified. Using all the available input features.
I0000 00:00:1785447417.163743    8326 abstract_learner.cc:185] The label "y" was removed from the input feature set.
I0000 00:00:1785447417.163974    8326 gradient_boosted_trees.cc:541] Default loss set to BINOMIAL_LOG_LIKELIHOOD
I0000 00:00:1785447417.164634    8326 gradient_boosted_trees.cc:1204] Training gradient boosted tree on 1500000 example(s) and 4096 feature(s).
I0000 00:00:1785447417.165373    8326 gradient_boosted_trees.cc:1244] 1500000 examples used for training and 0 examples used for validation
I0000 00:00:1785447417.173704    8326 gpu.cc:93] Cannot initialize GPU: Not compiled with GPU support
I0000 00:00:1785447417.173761    8326 training.cc:5197] Create processor with 48 threads for split computation
I0000 00:00:1785447417.174616    8326 gradient_boosted_trees.cc:1425] Create thread pool with 48 threads for loss computation
I0000 00:00:1785447418.326940    8326 gradient_boosted_trees.cc:1744] Train tree 1/300 train-loss:1.350288 train-accuracy:0.691587 [total:1.15s iter:1.15s]
I0000 00:00:1785447419.434854    8326 gradient_boosted_trees.cc:1744] Train tree 2/300 train-loss:1.321559 train-accuracy:0.740219 [total:2.26s iter:1.11s]
I0000 00:00:1785447420.528279    8326 gradient_boosted_trees.cc:1746] Train tree 3/300 train-loss:1.276219 train-accuracy:0.799128 [total:3.35s iter:1.09s]
I0000 00:00:1785447441.529954    8326 gradient_boosted_trees.cc:1746] Train tree 22/300 train-loss:0.863104 train-accuracy:0.937757 [total:24.35s iter:1.19s]
I0000 00:00:1785447462.117483    8326 gradient_boosted_trees.cc:1746] Train tree 41/300 train-loss:0.662922 train-accuracy:0.956159 [total:44.94s iter:1.03s]
I0000 00:00:1785447482.466779    8326 gradient_boosted_trees.cc:1746] Train tree 59/300 train-loss:0.556064 train-accuracy:0.963369 [total:1m5.29s iter:1.22s]
I0000 00:00:1785447502.488158    8326 gradient_boosted_trees.cc:1746] Train tree 77/300 train-loss:0.474215 train-accuracy:0.968026 [total:1m25.31s iter:1.03s]
I0000 00:00:1785447523.373425    8326 gradient_boosted_trees.cc:1746] Train tree 97/300 train-loss:0.389472 train-accuracy:0.972091 [total:1m46.20s iter:1.05s]
I0000 00:00:1785447544.150685    8326 gradient_boosted_trees.cc:1746] Train tree 117/300 train-loss:0.325895 train-accuracy:0.974767 [total:2m6.98s iter:1.02s]
I0000 00:00:1785447564.774185    8326 gradient_boosted_trees.cc:1746] Train tree 137/300 train-loss:0.278619 train-accuracy:0.976521 [total:2m27.60s iter:1.08s]
I0000 00:00:1785447585.764066    8326 gradient_boosted_trees.cc:1746] Train tree 156/300 train-loss:0.242758 train-accuracy:0.978034 [total:2m48.59s iter:1.09s]
I0000 00:00:1785447606.435891    8326 gradient_boosted_trees.cc:1746] Train tree 176/300 train-loss:0.219776 train-accuracy:0.979307 [total:3m9.26s iter:1.01s]
I0000 00:00:1785447626.837289    8326 gradient_boosted_trees.cc:1746] Train tree 195/300 train-loss:0.200380 train-accuracy:0.980420 [total:3m29.66s iter:1.04s]
I0000 00:00:1785447647.226142    8326 gradient_boosted_trees.cc:1746] Train tree 214/300 train-loss:0.184363 train-accuracy:0.981407 [total:3m50.05s iter:1.12s]
I0000 00:00:1785447668.205834    8326 gradient_boosted_trees.cc:1746] Train tree 234/300 train-loss:0.169427 train-accuracy:0.982411 [total:4m11.03s iter:1.11s]
I0000 00:00:1785447688.878597    8326 gradient_boosted_trees.cc:1746] Train tree 254/300 train-loss:0.155584 train-accuracy:0.983103 [total:4m31.70s iter:1.04s]
I0000 00:00:1785447709.820830    8326 gradient_boosted_trees.cc:1746] Train tree 274/300 train-loss:0.145677 train-accuracy:0.983929 [total:4m52.65s iter:1.02s]
I0000 00:00:1785447730.654326    8326 gradient_boosted_trees.cc:1746] Train tree 294/300 train-loss:0.136320 train-accuracy:0.984517 [total:5m13.48s iter:1.03s]
I0000 00:00:1785447737.260371    8326 gradient_boosted_trees.cc:1744] Train tree 300/300 train-loss:0.134392 train-accuracy:0.984697 [total:5m20.08s iter:1.13s]
I0000 00:00:1785447737.523870    8326 gradient_boosted_trees.cc:1825] gradient_boosted_trees.cc Training block took: 320.36 s
I0000 00:00:1785447737.532326    8326 train_oblique_forest.cc:964] train_oblique_forest wall-time - Training + Post-Processing: 320.369s
RESULT dataset=trunk_1500000_x_4096 threshold=1100 median=320.36s stddev=N/As n=1


======== Threshold 1600 ========

./bazel-bin/examples/train_oblique_forest --input_mode trunk --rows 1500000 --cols 4096 --num_trees=300 --dynamic_split_threshold=1600 --ensemble_method=Boosting
----- Run 1/1 -----
WARNING: All log messages before absl::InitializeLog() is called are written to STDERR
I0000 00:00:1785447738.186361    9864 train_oblique_forest.cc:614] Generating trunk synthetic dataset: rows=1500000, cols=4096, layout=column
I0000 00:00:1785447789.262071    9864 train_oblique_forest.cc:706] -1 (automatic) threads requested. 48 threads set.
I0000 00:00:1785447789.262094    9864 train_oblique_forest.cc:776] Configuring oblique splits
I0000 00:00:1785447789.262098    9864 train_oblique_forest.cc:861] Using Dynamic Random Histogram with 64 samples
I0000 00:00:1785447789.262109    9864 train_oblique_forest.cc:891] train_oblique_forest wall-time - Loading/Init (pre-train): 51.0758s
I0000 00:00:1785447789.262402    9864 abstract_learner.cc:171] No input feature explicitly specified. Using all the available input features.
I0000 00:00:1785447789.262409    9864 abstract_learner.cc:185] The label "y" was removed from the input feature set.
I0000 00:00:1785447789.262644    9864 gradient_boosted_trees.cc:541] Default loss set to BINOMIAL_LOG_LIKELIHOOD
I0000 00:00:1785447789.263306    9864 gradient_boosted_trees.cc:1204] Training gradient boosted tree on 1500000 example(s) and 4096 feature(s).
I0000 00:00:1785447789.264020    9864 gradient_boosted_trees.cc:1244] 1500000 examples used for training and 0 examples used for validation
I0000 00:00:1785447789.272289    9864 gpu.cc:93] Cannot initialize GPU: Not compiled with GPU support
I0000 00:00:1785447789.272345    9864 training.cc:5197] Create processor with 48 threads for split computation
I0000 00:00:1785447789.273191    9864 gradient_boosted_trees.cc:1425] Create thread pool with 48 threads for loss computation
I0000 00:00:1785447790.351491    9864 gradient_boosted_trees.cc:1744] Train tree 1/300 train-loss:1.350288 train-accuracy:0.691587 [total:1.08s iter:1.08s]
I0000 00:00:1785447791.417369    9864 gradient_boosted_trees.cc:1744] Train tree 2/300 train-loss:1.321559 train-accuracy:0.740219 [total:2.14s iter:1.07s]
I0000 00:00:1785447792.517798    9864 gradient_boosted_trees.cc:1746] Train tree 3/300 train-loss:1.276219 train-accuracy:0.799128 [total:3.24s iter:1.10s]
I0000 00:00:1785447812.534469    9864 gradient_boosted_trees.cc:1746] Train tree 21/300 train-loss:0.880506 train-accuracy:0.934581 [total:23.26s iter:1.18s]
I0000 00:00:1785447832.936589    9864 gradient_boosted_trees.cc:1746] Train tree 40/300 train-loss:0.681473 train-accuracy:0.955512 [total:43.66s iter:1.06s]
I0000 00:00:1785447853.295938    9864 gradient_boosted_trees.cc:1746] Train tree 59/300 train-loss:0.556064 train-accuracy:0.963369 [total:1m4.02s iter:1.05s]
I0000 00:00:1785447873.970209    9864 gradient_boosted_trees.cc:1746] Train tree 78/300 train-loss:0.468810 train-accuracy:0.968320 [total:1m24.70s iter:1.06s]
I0000 00:00:1785447894.615877    9864 gradient_boosted_trees.cc:1746] Train tree 97/300 train-loss:0.389472 train-accuracy:0.972091 [total:1m45.34s iter:1.20s]
I0000 00:00:1785447915.344872    9864 gradient_boosted_trees.cc:1746] Train tree 116/300 train-loss:0.327234 train-accuracy:0.974635 [total:2m6.07s iter:1.17s]
I0000 00:00:1785447935.349887    9864 gradient_boosted_trees.cc:1746] Train tree 135/300 train-loss:0.281458 train-accuracy:0.976371 [total:2m26.08s iter:1.13s]
I0000 00:00:1785447955.689129    9864 gradient_boosted_trees.cc:1746] Train tree 155/300 train-loss:0.243745 train-accuracy:0.977961 [total:2m46.42s iter:1.04s]
I0000 00:00:1785447976.163526    9864 gradient_boosted_trees.cc:1746] Train tree 174/300 train-loss:0.222252 train-accuracy:0.979243 [total:3m6.89s iter:1.06s]
I0000 00:00:1785447997.054871    9864 gradient_boosted_trees.cc:1746] Train tree 194/300 train-loss:0.201119 train-accuracy:0.980383 [total:3m27.78s iter:1.11s]
I0000 00:00:1785448017.084962    9864 gradient_boosted_trees.cc:1746] Train tree 213/300 train-loss:0.185534 train-accuracy:0.981391 [total:3m47.81s iter:1.07s]
I0000 00:00:1785448037.689880    9864 gradient_boosted_trees.cc:1746] Train tree 233/300 train-loss:0.169834 train-accuracy:0.982323 [total:4m8.42s iter:1.05s]
I0000 00:00:1785448058.112505    9864 gradient_boosted_trees.cc:1746] Train tree 253/300 train-loss:0.156279 train-accuracy:0.983074 [total:4m28.84s iter:1.01s]
I0000 00:00:1785448078.191076    9864 gradient_boosted_trees.cc:1746] Train tree 272/300 train-loss:0.146564 train-accuracy:0.983839 [total:4m48.92s iter:0.96s]
I0000 00:00:1785448098.521132    9864 gradient_boosted_trees.cc:1746] Train tree 292/300 train-loss:0.137847 train-accuracy:0.984469 [total:5m9.25s iter:1.04s]
I0000 00:00:1785448107.549265    9864 gradient_boosted_trees.cc:1744] Train tree 300/300 train-loss:0.134392 train-accuracy:0.984695 [total:5m18.28s iter:1.26s]
I0000 00:00:1785448107.806477    9864 gradient_boosted_trees.cc:1825] gradient_boosted_trees.cc Training block took: 318.544 s
I0000 00:00:1785448107.813673    9864 train_oblique_forest.cc:964] train_oblique_forest wall-time - Training + Post-Processing: 318.552s
RESULT dataset=trunk_1500000_x_4096 threshold=1600 median=318.544s stddev=N/As n=1


======== Threshold 2100 ========

./bazel-bin/examples/train_oblique_forest --input_mode trunk --rows 1500000 --cols 4096 --num_trees=300 --dynamic_split_threshold=2100 --ensemble_method=Boosting
----- Run 1/1 -----
WARNING: All log messages before absl::InitializeLog() is called are written to STDERR
I0000 00:00:1785448108.485582   11872 train_oblique_forest.cc:614] Generating trunk synthetic dataset: rows=1500000, cols=4096, layout=column
I0000 00:00:1785448159.610810   11872 train_oblique_forest.cc:706] -1 (automatic) threads requested. 48 threads set.
I0000 00:00:1785448159.610834   11872 train_oblique_forest.cc:776] Configuring oblique splits
I0000 00:00:1785448159.610838   11872 train_oblique_forest.cc:861] Using Dynamic Random Histogram with 64 samples
I0000 00:00:1785448159.610851   11872 train_oblique_forest.cc:891] train_oblique_forest wall-time - Loading/Init (pre-train): 51.1253s
I0000 00:00:1785448159.611144   11872 abstract_learner.cc:171] No input feature explicitly specified. Using all the available input features.
I0000 00:00:1785448159.611150   11872 abstract_learner.cc:185] The label "y" was removed from the input feature set.
I0000 00:00:1785448159.611382   11872 gradient_boosted_trees.cc:541] Default loss set to BINOMIAL_LOG_LIKELIHOOD
I0000 00:00:1785448159.612037   11872 gradient_boosted_trees.cc:1204] Training gradient boosted tree on 1500000 example(s) and 4096 feature(s).
I0000 00:00:1785448159.612750   11872 gradient_boosted_trees.cc:1244] 1500000 examples used for training and 0 examples used for validation
I0000 00:00:1785448159.621291   11872 gpu.cc:93] Cannot initialize GPU: Not compiled with GPU support
I0000 00:00:1785448159.621348   11872 training.cc:5197] Create processor with 48 threads for split computation
I0000 00:00:1785448159.622201   11872 gradient_boosted_trees.cc:1425] Create thread pool with 48 threads for loss computation
I0000 00:00:1785448160.742770   11872 gradient_boosted_trees.cc:1744] Train tree 1/300 train-loss:1.350288 train-accuracy:0.691587 [total:1.12s iter:1.12s]
I0000 00:00:1785448161.836163   11872 gradient_boosted_trees.cc:1744] Train tree 2/300 train-loss:1.321559 train-accuracy:0.740219 [total:2.21s iter:1.09s]
I0000 00:00:1785448162.931643   11872 gradient_boosted_trees.cc:1746] Train tree 3/300 train-loss:1.276219 train-accuracy:0.799128 [total:3.31s iter:1.10s]
I0000 00:00:1785448183.830579   11872 gradient_boosted_trees.cc:1746] Train tree 22/300 train-loss:0.863104 train-accuracy:0.937757 [total:24.21s iter:1.03s]
I0000 00:00:1785448204.091728   11872 gradient_boosted_trees.cc:1746] Train tree 41/300 train-loss:0.662922 train-accuracy:0.956159 [total:44.47s iter:1.00s]
I0000 00:00:1785448225.134147   11872 gradient_boosted_trees.cc:1746] Train tree 60/300 train-loss:0.549864 train-accuracy:0.963729 [total:1m5.51s iter:1.08s]
I0000 00:00:1785448245.398758   11872 gradient_boosted_trees.cc:1746] Train tree 79/300 train-loss:0.464522 train-accuracy:0.968487 [total:1m25.78s iter:1.05s]
I0000 00:00:1785448266.372258   11872 gradient_boosted_trees.cc:1746] Train tree 99/300 train-loss:0.383819 train-accuracy:0.972316 [total:1m46.75s iter:1.06s]
I0000 00:00:1785448286.804159   11872 gradient_boosted_trees.cc:1746] Train tree 118/300 train-loss:0.324383 train-accuracy:0.974938 [total:2m7.18s iter:1.27s]
I0000 00:00:1785448307.441516   11872 gradient_boosted_trees.cc:1746] Train tree 137/300 train-loss:0.278619 train-accuracy:0.976521 [total:2m27.82s iter:1.09s]
I0000 00:00:1785448327.562441   11872 gradient_boosted_trees.cc:1746] Train tree 156/300 train-loss:0.242758 train-accuracy:0.978034 [total:2m47.94s iter:1.04s]
I0000 00:00:1785448348.387004   11872 gradient_boosted_trees.cc:1746] Train tree 176/300 train-loss:0.219776 train-accuracy:0.979307 [total:3m8.76s iter:1.01s]
I0000 00:00:1785448368.402473   11872 gradient_boosted_trees.cc:1746] Train tree 195/300 train-loss:0.200380 train-accuracy:0.980420 [total:3m28.78s iter:1.12s]
I0000 00:00:1785448388.456249   11872 gradient_boosted_trees.cc:1746] Train tree 214/300 train-loss:0.184363 train-accuracy:0.981407 [total:3m48.83s iter:1.12s]
I0000 00:00:1785448408.463126   11872 gradient_boosted_trees.cc:1746] Train tree 233/300 train-loss:0.169835 train-accuracy:0.982324 [total:4m8.84s iter:1.13s]
I0000 00:00:1785448428.666163   11872 gradient_boosted_trees.cc:1746] Train tree 252/300 train-loss:0.156898 train-accuracy:0.983019 [total:4m29.04s iter:1.04s]
I0000 00:00:1785448449.510181   11872 gradient_boosted_trees.cc:1746] Train tree 272/300 train-loss:0.146565 train-accuracy:0.983839 [total:4m49.89s iter:0.95s]
I0000 00:00:1785448470.085258   11872 gradient_boosted_trees.cc:1746] Train tree 292/300 train-loss:0.137847 train-accuracy:0.984470 [total:5m10.46s iter:1.02s]
I0000 00:00:1785448478.526237   11872 gradient_boosted_trees.cc:1744] Train tree 300/300 train-loss:0.134393 train-accuracy:0.984696 [total:5m18.90s iter:1.17s]
I0000 00:00:1785448478.792899   11872 gradient_boosted_trees.cc:1825] gradient_boosted_trees.cc Training block took: 319.182 s
I0000 00:00:1785448478.801136   11872 train_oblique_forest.cc:964] train_oblique_forest wall-time - Training + Post-Processing: 319.19s
RESULT dataset=trunk_1500000_x_4096 threshold=2100 median=319.182s stddev=N/As n=1


======== Threshold 2600 ========

./bazel-bin/examples/train_oblique_forest --input_mode trunk --rows 1500000 --cols 4096 --num_trees=300 --dynamic_split_threshold=2600 --ensemble_method=Boosting
----- Run 1/1 -----
