==== PROVENANCE ====
date_utc: 2026-07-30T23:51:57Z
git_sha: 4a7ab2a2
git_branch: rebased-main
machine: Intel(R) Xeon(R) Platinum 8488C (nproc=48)
machine_serial: ec236675-b9cb-4b1f-a6c7-8a6eb313da8a
EXTRA_BAZEL_CONFIGS: --config=disable_std_upper_bound_vectorization
EXTRA_TRAIN_ARGS: --ensemble_method=Boosting --num_trees=100
NUM_TREES: 300  NUM_RUNS: 1
DYNAMIC_SPLIT_THRESHOLDS: 100 600 1100 1600 2100 2600 3100 3600 4100 4600 5100
====================


======== DYNAMIC THRESHOLD SWEEP  configs: --config=disable_std_upper_bound_vectorization  args: --ensemble_method=Boosting --num_trees=100 ========



======== Threshold 100 ========

./bazel-bin/examples/train_oblique_forest --input_mode trunk --rows 1500000 --cols 4096 --num_trees=300 --dynamic_split_threshold=100 --ensemble_method=Boosting --num_trees=100
----- Run 1/1 -----
WARNING: All log messages before absl::InitializeLog() is called are written to STDERR
I0000 00:00:1785455517.401353   13581 train_oblique_forest.cc:614] Generating trunk synthetic dataset: rows=1500000, cols=4096, layout=column
I0000 00:00:1785455568.719702   13581 train_oblique_forest.cc:706] -1 (automatic) threads requested. 48 threads set.
I0000 00:00:1785455568.719726   13581 train_oblique_forest.cc:776] Configuring oblique splits
I0000 00:00:1785455568.719730   13581 train_oblique_forest.cc:861] Using Dynamic Random Histogram with 64 samples
I0000 00:00:1785455568.719740   13581 train_oblique_forest.cc:891] train_oblique_forest wall-time - Loading/Init (pre-train): 51.3184s
I0000 00:00:1785455568.719990   13581 abstract_learner.cc:171] No input feature explicitly specified. Using all the available input features.
I0000 00:00:1785455568.719995   13581 abstract_learner.cc:185] The label "y" was removed from the input feature set.
I0000 00:00:1785455568.720241   13581 gradient_boosted_trees.cc:541] Default loss set to BINOMIAL_LOG_LIKELIHOOD
I0000 00:00:1785455568.720881   13581 gradient_boosted_trees.cc:1204] Training gradient boosted tree on 1500000 example(s) and 4096 feature(s).
I0000 00:00:1785455568.721646   13581 gradient_boosted_trees.cc:1244] 1500000 examples used for training and 0 examples used for validation
I0000 00:00:1785455568.730854   13581 gpu.cc:93] Cannot initialize GPU: Not compiled with GPU support
I0000 00:00:1785455568.730910   13581 training.cc:5186] Create processor with 48 threads for split computation
I0000 00:00:1785455568.731728   13581 gradient_boosted_trees.cc:1425] Create thread pool with 48 threads for loss computation
I0000 00:00:1785455571.100027   13581 gradient_boosted_trees.cc:1744] Train tree 1/100 train-loss:1.350288 train-accuracy:0.691587 [total:2.37s iter:2.37s]
I0000 00:00:1785455573.458899   13581 gradient_boosted_trees.cc:1744] Train tree 2/100 train-loss:1.321559 train-accuracy:0.740219 [total:4.73s iter:2.36s]
I0000 00:00:1785455575.806691   13581 gradient_boosted_trees.cc:1746] Train tree 3/100 train-loss:1.276219 train-accuracy:0.799128 [total:7.07s iter:2.35s]
I0000 00:00:1785455596.919770   13581 gradient_boosted_trees.cc:1746] Train tree 12/100 train-loss:1.019616 train-accuracy:0.911872 [total:28.19s iter:2.34s]
I0000 00:00:1785455618.027568   13581 gradient_boosted_trees.cc:1746] Train tree 21/100 train-loss:0.880506 train-accuracy:0.934581 [total:49.30s iter:2.32s]
I0000 00:00:1785455639.092088   13581 gradient_boosted_trees.cc:1746] Train tree 30/100 train-loss:0.776587 train-accuracy:0.947663 [total:1m10.36s iter:2.36s]
I0000 00:00:1785455660.088497   13581 gradient_boosted_trees.cc:1746] Train tree 39/100 train-loss:0.687517 train-accuracy:0.954853 [total:1m31.36s iter:2.32s]
I0000 00:00:1785455681.073300   13581 gradient_boosted_trees.cc:1746] Train tree 48/100 train-loss:0.615745 train-accuracy:0.959545 [total:1m52.34s iter:2.34s]
I0000 00:00:1785455702.163875   13581 gradient_boosted_trees.cc:1746] Train tree 57/100 train-loss:0.564056 train-accuracy:0.962708 [total:2m13.43s iter:2.37s]
I0000 00:00:1785455723.171347   13581 gradient_boosted_trees.cc:1746] Train tree 66/100 train-loss:0.521159 train-accuracy:0.965789 [total:2m34.44s iter:2.34s]
I0000 00:00:1785455744.215096   13581 gradient_boosted_trees.cc:1746] Train tree 75/100 train-loss:0.484268 train-accuracy:0.967711 [total:2m55.48s iter:2.34s]
I0000 00:00:1785455765.218950   13581 gradient_boosted_trees.cc:1746] Train tree 84/100 train-loss:0.439398 train-accuracy:0.969789 [total:3m16.49s iter:2.36s]
I0000 00:00:1785455786.124337   13581 gradient_boosted_trees.cc:1746] Train tree 93/100 train-loss:0.410427 train-accuracy:0.971163 [total:3m37.39s iter:2.30s]
I0000 00:00:1785455802.360874   13581 gradient_boosted_trees.cc:1744] Train tree 100/100 train-loss:0.379932 train-accuracy:0.972539 [total:3m53.63s iter:2.30s]
I0000 00:00:1785455802.426314   13581 gradient_boosted_trees.cc:1825] gradient_boosted_trees.cc Training block took: 233.707 s
I0000 00:00:1785455802.435150   13581 train_oblique_forest.cc:964] train_oblique_forest wall-time - Training + Post-Processing: 233.715s
RESULT dataset=trunk_1500000_x_4096 threshold=100 median=233.707s stddev=N/As n=1


======== Threshold 600 ========

./bazel-bin/examples/train_oblique_forest --input_mode trunk --rows 1500000 --cols 4096 --num_trees=300 --dynamic_split_threshold=600 --ensemble_method=Boosting --num_trees=100
----- Run 1/1 -----
WARNING: All log messages before absl::InitializeLog() is called are written to STDERR
I0000 00:00:1785455803.143252   13701 train_oblique_forest.cc:614] Generating trunk synthetic dataset: rows=1500000, cols=4096, layout=column
I0000 00:00:1785455854.369659   13701 train_oblique_forest.cc:706] -1 (automatic) threads requested. 48 threads set.
I0000 00:00:1785455854.369682   13701 train_oblique_forest.cc:776] Configuring oblique splits
I0000 00:00:1785455854.369685   13701 train_oblique_forest.cc:861] Using Dynamic Random Histogram with 64 samples
I0000 00:00:1785455854.369695   13701 train_oblique_forest.cc:891] train_oblique_forest wall-time - Loading/Init (pre-train): 51.2265s
I0000 00:00:1785455854.369946   13701 abstract_learner.cc:171] No input feature explicitly specified. Using all the available input features.
I0000 00:00:1785455854.369952   13701 abstract_learner.cc:185] The label "y" was removed from the input feature set.
I0000 00:00:1785455854.370186   13701 gradient_boosted_trees.cc:541] Default loss set to BINOMIAL_LOG_LIKELIHOOD
I0000 00:00:1785455854.370819   13701 gradient_boosted_trees.cc:1204] Training gradient boosted tree on 1500000 example(s) and 4096 feature(s).
I0000 00:00:1785455854.371545   13701 gradient_boosted_trees.cc:1244] 1500000 examples used for training and 0 examples used for validation
I0000 00:00:1785455854.380399   13701 gpu.cc:93] Cannot initialize GPU: Not compiled with GPU support
I0000 00:00:1785455854.380453   13701 training.cc:5186] Create processor with 48 threads for split computation
I0000 00:00:1785455854.381318   13701 gradient_boosted_trees.cc:1425] Create thread pool with 48 threads for loss computation
I0000 00:00:1785455856.752386   13701 gradient_boosted_trees.cc:1744] Train tree 1/100 train-loss:1.350288 train-accuracy:0.691587 [total:2.37s iter:2.37s]
I0000 00:00:1785455859.107964   13701 gradient_boosted_trees.cc:1744] Train tree 2/100 train-loss:1.321559 train-accuracy:0.740219 [total:4.73s iter:2.36s]
I0000 00:00:1785455861.457880   13701 gradient_boosted_trees.cc:1746] Train tree 3/100 train-loss:1.276219 train-accuracy:0.799128 [total:7.08s iter:2.35s]
I0000 00:00:1785455882.529343   13701 gradient_boosted_trees.cc:1746] Train tree 12/100 train-loss:1.019616 train-accuracy:0.911872 [total:28.15s iter:2.35s]
I0000 00:00:1785455903.619181   13701 gradient_boosted_trees.cc:1746] Train tree 21/100 train-loss:0.880506 train-accuracy:0.934581 [total:49.24s iter:2.33s]
I0000 00:00:1785455924.709630   13701 gradient_boosted_trees.cc:1746] Train tree 30/100 train-loss:0.776587 train-accuracy:0.947663 [total:1m10.33s iter:2.36s]
I0000 00:00:1785455945.688907   13701 gradient_boosted_trees.cc:1746] Train tree 39/100 train-loss:0.687517 train-accuracy:0.954853 [total:1m31.31s iter:2.32s]
I0000 00:00:1785455966.627898   13701 gradient_boosted_trees.cc:1746] Train tree 48/100 train-loss:0.615745 train-accuracy:0.959545 [total:1m52.25s iter:2.33s]
I0000 00:00:1785455987.726992   13701 gradient_boosted_trees.cc:1746] Train tree 57/100 train-loss:0.564056 train-accuracy:0.962708 [total:2m13.34s iter:2.37s]
I0000 00:00:1785456008.765180   13701 gradient_boosted_trees.cc:1746] Train tree 66/100 train-loss:0.521159 train-accuracy:0.965789 [total:2m34.38s iter:2.34s]
I0000 00:00:1785456029.860221   13701 gradient_boosted_trees.cc:1746] Train tree 75/100 train-loss:0.484268 train-accuracy:0.967711 [total:2m55.48s iter:2.36s]
I0000 00:00:1785456050.847864   13701 gradient_boosted_trees.cc:1746] Train tree 84/100 train-loss:0.439398 train-accuracy:0.969789 [total:3m16.47s iter:2.35s]
I0000 00:00:1785456071.757238   13701 gradient_boosted_trees.cc:1746] Train tree 93/100 train-loss:0.410427 train-accuracy:0.971163 [total:3m37.38s iter:2.30s]
I0000 00:00:1785456088.029405   13701 gradient_boosted_trees.cc:1744] Train tree 100/100 train-loss:0.379932 train-accuracy:0.972539 [total:3m53.65s iter:2.31s]
I0000 00:00:1785456088.094494   13701 gradient_boosted_trees.cc:1825] gradient_boosted_trees.cc Training block took: 233.725 s
I0000 00:00:1785456088.102616   13701 train_oblique_forest.cc:964] train_oblique_forest wall-time - Training + Post-Processing: 233.733s
RESULT dataset=trunk_1500000_x_4096 threshold=600 median=233.725s stddev=N/As n=1


======== Threshold 1100 ========

./bazel-bin/examples/train_oblique_forest --input_mode trunk --rows 1500000 --cols 4096 --num_trees=300 --dynamic_split_threshold=1100 --ensemble_method=Boosting --num_trees=100
----- Run 1/1 -----
WARNING: All log messages before absl::InitializeLog() is called are written to STDERR
I0000 00:00:1785456088.830946   14520 train_oblique_forest.cc:614] Generating trunk synthetic dataset: rows=1500000, cols=4096, layout=column
I0000 00:00:1785456140.134994   14520 train_oblique_forest.cc:706] -1 (automatic) threads requested. 48 threads set.
I0000 00:00:1785456140.135018   14520 train_oblique_forest.cc:776] Configuring oblique splits
I0000 00:00:1785456140.135021   14520 train_oblique_forest.cc:861] Using Dynamic Random Histogram with 64 samples
I0000 00:00:1785456140.135032   14520 train_oblique_forest.cc:891] train_oblique_forest wall-time - Loading/Init (pre-train): 51.3041s
I0000 00:00:1785456140.135289   14520 abstract_learner.cc:171] No input feature explicitly specified. Using all the available input features.
I0000 00:00:1785456140.135295   14520 abstract_learner.cc:185] The label "y" was removed from the input feature set.
I0000 00:00:1785456140.135529   14520 gradient_boosted_trees.cc:541] Default loss set to BINOMIAL_LOG_LIKELIHOOD
I0000 00:00:1785456140.136159   14520 gradient_boosted_trees.cc:1204] Training gradient boosted tree on 1500000 example(s) and 4096 feature(s).
I0000 00:00:1785456140.136892   14520 gradient_boosted_trees.cc:1244] 1500000 examples used for training and 0 examples used for validation
I0000 00:00:1785456140.145731   14520 gpu.cc:93] Cannot initialize GPU: Not compiled with GPU support
I0000 00:00:1785456140.145787   14520 training.cc:5186] Create processor with 48 threads for split computation
I0000 00:00:1785456140.146745   14520 gradient_boosted_trees.cc:1425] Create thread pool with 48 threads for loss computation
I0000 00:00:1785456142.519608   14520 gradient_boosted_trees.cc:1744] Train tree 1/100 train-loss:1.350288 train-accuracy:0.691587 [total:2.37s iter:2.37s]
I0000 00:00:1785456144.888186   14520 gradient_boosted_trees.cc:1744] Train tree 2/100 train-loss:1.321559 train-accuracy:0.740219 [total:4.74s iter:2.37s]
I0000 00:00:1785456147.228717   14520 gradient_boosted_trees.cc:1746] Train tree 3/100 train-loss:1.276219 train-accuracy:0.799128 [total:7.08s iter:2.34s]
I0000 00:00:1785456168.337197   14520 gradient_boosted_trees.cc:1746] Train tree 12/100 train-loss:1.019616 train-accuracy:0.911872 [total:28.19s iter:2.35s]
I0000 00:00:1785456189.415059   14520 gradient_boosted_trees.cc:1746] Train tree 21/100 train-loss:0.880506 train-accuracy:0.934581 [total:49.27s iter:2.32s]
I0000 00:00:1785456210.397135   14520 gradient_boosted_trees.cc:1746] Train tree 30/100 train-loss:0.776587 train-accuracy:0.947663 [total:1m10.25s iter:2.34s]
I0000 00:00:1785456231.363419   14520 gradient_boosted_trees.cc:1746] Train tree 39/100 train-loss:0.687517 train-accuracy:0.954853 [total:1m31.22s iter:2.31s]
I0000 00:00:1785456252.307784   14520 gradient_boosted_trees.cc:1746] Train tree 48/100 train-loss:0.615745 train-accuracy:0.959545 [total:1m52.16s iter:2.34s]
I0000 00:00:1785456273.399385   14520 gradient_boosted_trees.cc:1746] Train tree 57/100 train-loss:0.564056 train-accuracy:0.962708 [total:2m13.25s iter:2.36s]
I0000 00:00:1785456294.403336   14520 gradient_boosted_trees.cc:1746] Train tree 66/100 train-loss:0.521159 train-accuracy:0.965789 [total:2m34.26s iter:2.33s]
I0000 00:00:1785456315.412266   14520 gradient_boosted_trees.cc:1746] Train tree 75/100 train-loss:0.484268 train-accuracy:0.967711 [total:2m55.26s iter:2.34s]
I0000 00:00:1785456336.351189   14520 gradient_boosted_trees.cc:1746] Train tree 84/100 train-loss:0.439398 train-accuracy:0.969789 [total:3m16.20s iter:2.34s]
I0000 00:00:1785456357.181882   14520 gradient_boosted_trees.cc:1746] Train tree 93/100 train-loss:0.410427 train-accuracy:0.971163 [total:3m37.03s iter:2.30s]
I0000 00:00:1785456373.339699   14520 gradient_boosted_trees.cc:1744] Train tree 100/100 train-loss:0.379932 train-accuracy:0.972539 [total:3m53.19s iter:2.30s]
I0000 00:00:1785456373.405249   14520 gradient_boosted_trees.cc:1825] gradient_boosted_trees.cc Training block took: 233.27 s
I0000 00:00:1785456373.413280   14520 train_oblique_forest.cc:964] train_oblique_forest wall-time - Training + Post-Processing: 233.278s
RESULT dataset=trunk_1500000_x_4096 threshold=1100 median=233.27s stddev=N/As n=1


======== Threshold 1600 ========

./bazel-bin/examples/train_oblique_forest --input_mode trunk --rows 1500000 --cols 4096 --num_trees=300 --dynamic_split_threshold=1600 --ensemble_method=Boosting --num_trees=100
----- Run 1/1 -----
WARNING: All log messages before absl::InitializeLog() is called are written to STDERR
I0000 00:00:1785456374.127992   14667 train_oblique_forest.cc:614] Generating trunk synthetic dataset: rows=1500000, cols=4096, layout=column
I0000 00:00:1785456425.408236   14667 train_oblique_forest.cc:706] -1 (automatic) threads requested. 48 threads set.
I0000 00:00:1785456425.408260   14667 train_oblique_forest.cc:776] Configuring oblique splits
I0000 00:00:1785456425.408263   14667 train_oblique_forest.cc:861] Using Dynamic Random Histogram with 64 samples
I0000 00:00:1785456425.408275   14667 train_oblique_forest.cc:891] train_oblique_forest wall-time - Loading/Init (pre-train): 51.2803s
I0000 00:00:1785456425.408533   14667 abstract_learner.cc:171] No input feature explicitly specified. Using all the available input features.
I0000 00:00:1785456425.408539   14667 abstract_learner.cc:185] The label "y" was removed from the input feature set.
I0000 00:00:1785456425.408770   14667 gradient_boosted_trees.cc:541] Default loss set to BINOMIAL_LOG_LIKELIHOOD
I0000 00:00:1785456425.409405   14667 gradient_boosted_trees.cc:1204] Training gradient boosted tree on 1500000 example(s) and 4096 feature(s).
I0000 00:00:1785456425.410124   14667 gradient_boosted_trees.cc:1244] 1500000 examples used for training and 0 examples used for validation
I0000 00:00:1785456425.419089   14667 gpu.cc:93] Cannot initialize GPU: Not compiled with GPU support
I0000 00:00:1785456425.419144   14667 training.cc:5186] Create processor with 48 threads for split computation
I0000 00:00:1785456425.419978   14667 gradient_boosted_trees.cc:1425] Create thread pool with 48 threads for loss computation
I0000 00:00:1785456427.796331   14667 gradient_boosted_trees.cc:1744] Train tree 1/100 train-loss:1.350288 train-accuracy:0.691587 [total:2.38s iter:2.38s]
I0000 00:00:1785456430.146816   14667 gradient_boosted_trees.cc:1744] Train tree 2/100 train-loss:1.321559 train-accuracy:0.740219 [total:4.73s iter:2.35s]
I0000 00:00:1785456432.491242   14667 gradient_boosted_trees.cc:1746] Train tree 3/100 train-loss:1.276219 train-accuracy:0.799128 [total:7.07s iter:2.34s]
I0000 00:00:1785456453.604618   14667 gradient_boosted_trees.cc:1746] Train tree 12/100 train-loss:1.019616 train-accuracy:0.911872 [total:28.18s iter:2.35s]
I0000 00:00:1785456474.710537   14667 gradient_boosted_trees.cc:1746] Train tree 21/100 train-loss:0.880506 train-accuracy:0.934581 [total:49.29s iter:2.32s]
I0000 00:00:1785456495.721484   14667 gradient_boosted_trees.cc:1746] Train tree 30/100 train-loss:0.776587 train-accuracy:0.947663 [total:1m10.30s iter:2.34s]
I0000 00:00:1785456516.680208   14667 gradient_boosted_trees.cc:1746] Train tree 39/100 train-loss:0.687517 train-accuracy:0.954853 [total:1m31.26s iter:2.31s]
I0000 00:00:1785456537.562015   14667 gradient_boosted_trees.cc:1746] Train tree 48/100 train-loss:0.615745 train-accuracy:0.959545 [total:1m52.14s iter:2.33s]
I0000 00:00:1785456558.614557   14667 gradient_boosted_trees.cc:1746] Train tree 57/100 train-loss:0.564056 train-accuracy:0.962708 [total:2m13.19s iter:2.36s]
I0000 00:00:1785456579.646641   14667 gradient_boosted_trees.cc:1746] Train tree 66/100 train-loss:0.521159 train-accuracy:0.965789 [total:2m34.23s iter:2.34s]
I0000 00:00:1785456600.699699   14667 gradient_boosted_trees.cc:1746] Train tree 75/100 train-loss:0.484268 train-accuracy:0.967711 [total:2m55.28s iter:2.33s]
I0000 00:00:1785456621.649026   14667 gradient_boosted_trees.cc:1746] Train tree 84/100 train-loss:0.439398 train-accuracy:0.969789 [total:3m16.23s iter:2.35s]
I0000 00:00:1785456642.489255   14667 gradient_boosted_trees.cc:1746] Train tree 93/100 train-loss:0.410427 train-accuracy:0.971163 [total:3m37.07s iter:2.30s]
I0000 00:00:1785456658.662097   14667 gradient_boosted_trees.cc:1744] Train tree 100/100 train-loss:0.379932 train-accuracy:0.972539 [total:3m53.24s iter:2.30s]
I0000 00:00:1785456658.727194   14667 gradient_boosted_trees.cc:1825] gradient_boosted_trees.cc Training block took: 233.319 s
I0000 00:00:1785456658.735064   14667 train_oblique_forest.cc:964] train_oblique_forest wall-time - Training + Post-Processing: 233.327s
RESULT dataset=trunk_1500000_x_4096 threshold=1600 median=233.319s stddev=N/As n=1


======== Threshold 2100 ========

./bazel-bin/examples/train_oblique_forest --input_mode trunk --rows 1500000 --cols 4096 --num_trees=300 --dynamic_split_threshold=2100 --ensemble_method=Boosting --num_trees=100
----- Run 1/1 -----
WARNING: All log messages before absl::InitializeLog() is called are written to STDERR
I0000 00:00:1785456659.448618   14809 train_oblique_forest.cc:614] Generating trunk synthetic dataset: rows=1500000, cols=4096, layout=column
I0000 00:00:1785456710.690011   14809 train_oblique_forest.cc:706] -1 (automatic) threads requested. 48 threads set.
I0000 00:00:1785456710.690035   14809 train_oblique_forest.cc:776] Configuring oblique splits
I0000 00:00:1785456710.690039   14809 train_oblique_forest.cc:861] Using Dynamic Random Histogram with 64 samples
I0000 00:00:1785456710.690049   14809 train_oblique_forest.cc:891] train_oblique_forest wall-time - Loading/Init (pre-train): 51.2415s
I0000 00:00:1785456710.690305   14809 abstract_learner.cc:171] No input feature explicitly specified. Using all the available input features.
I0000 00:00:1785456710.690311   14809 abstract_learner.cc:185] The label "y" was removed from the input feature set.
I0000 00:00:1785456710.690551   14809 gradient_boosted_trees.cc:541] Default loss set to BINOMIAL_LOG_LIKELIHOOD
I0000 00:00:1785456710.691183   14809 gradient_boosted_trees.cc:1204] Training gradient boosted tree on 1500000 example(s) and 4096 feature(s).
I0000 00:00:1785456710.691906   14809 gradient_boosted_trees.cc:1244] 1500000 examples used for training and 0 examples used for validation
I0000 00:00:1785456710.700756   14809 gpu.cc:93] Cannot initialize GPU: Not compiled with GPU support
I0000 00:00:1785456710.700811   14809 training.cc:5186] Create processor with 48 threads for split computation
I0000 00:00:1785456710.701631   14809 gradient_boosted_trees.cc:1425] Create thread pool with 48 threads for loss computation
I0000 00:00:1785456713.073801   14809 gradient_boosted_trees.cc:1744] Train tree 1/100 train-loss:1.350288 train-accuracy:0.691587 [total:2.37s iter:2.37s]
I0000 00:00:1785456715.423780   14809 gradient_boosted_trees.cc:1744] Train tree 2/100 train-loss:1.321559 train-accuracy:0.740219 [total:4.72s iter:2.35s]
I0000 00:00:1785456717.765770   14809 gradient_boosted_trees.cc:1746] Train tree 3/100 train-loss:1.276219 train-accuracy:0.799128 [total:7.06s iter:2.34s]
I0000 00:00:1785456738.839352   14809 gradient_boosted_trees.cc:1746] Train tree 12/100 train-loss:1.019616 train-accuracy:0.911872 [total:28.14s iter:2.34s]
I0000 00:00:1785456759.899500   14809 gradient_boosted_trees.cc:1746] Train tree 21/100 train-loss:0.880506 train-accuracy:0.934581 [total:49.20s iter:2.32s]
I0000 00:00:1785456780.901866   14809 gradient_boosted_trees.cc:1746] Train tree 30/100 train-loss:0.776587 train-accuracy:0.947663 [total:1m10.20s iter:2.34s]
I0000 00:00:1785456801.853244   14809 gradient_boosted_trees.cc:1746] Train tree 39/100 train-loss:0.687517 train-accuracy:0.954853 [total:1m31.15s iter:2.31s]
I0000 00:00:1785456822.751222   14809 gradient_boosted_trees.cc:1746] Train tree 48/100 train-loss:0.615745 train-accuracy:0.959545 [total:1m52.05s iter:2.32s]
I0000 00:00:1785456843.780660   14809 gradient_boosted_trees.cc:1746] Train tree 57/100 train-loss:0.564056 train-accuracy:0.962708 [total:2m13.08s iter:2.36s]
I0000 00:00:1785456864.781120   14809 gradient_boosted_trees.cc:1746] Train tree 66/100 train-loss:0.521159 train-accuracy:0.965789 [total:2m34.08s iter:2.34s]
I0000 00:00:1785456885.827180   14809 gradient_boosted_trees.cc:1746] Train tree 75/100 train-loss:0.484268 train-accuracy:0.967711 [total:2m55.12s iter:2.34s]
I0000 00:00:1785456906.808388   14809 gradient_boosted_trees.cc:1746] Train tree 84/100 train-loss:0.439398 train-accuracy:0.969789 [total:3m16.11s iter:2.36s]
I0000 00:00:1785456927.662568   14809 gradient_boosted_trees.cc:1746] Train tree 93/100 train-loss:0.410427 train-accuracy:0.971163 [total:3m36.96s iter:2.30s]
I0000 00:00:1785456943.839045   14809 gradient_boosted_trees.cc:1744] Train tree 100/100 train-loss:0.379932 train-accuracy:0.972539 [total:3m53.14s iter:2.30s]
I0000 00:00:1785456943.904384   14809 gradient_boosted_trees.cc:1825] gradient_boosted_trees.cc Training block took: 233.214 s
I0000 00:00:1785456943.912205   14809 train_oblique_forest.cc:964] train_oblique_forest wall-time - Training + Post-Processing: 233.222s
RESULT dataset=trunk_1500000_x_4096 threshold=2100 median=233.214s stddev=N/As n=1


======== Threshold 2600 ========

./bazel-bin/examples/train_oblique_forest --input_mode trunk --rows 1500000 --cols 4096 --num_trees=300 --dynamic_split_threshold=2600 --ensemble_method=Boosting --num_trees=100
----- Run 1/1 -----
WARNING: All log messages before absl::InitializeLog() is called are written to STDERR
I0000 00:00:1785456944.626858   14931 train_oblique_forest.cc:614] Generating trunk synthetic dataset: rows=1500000, cols=4096, layout=column
I0000 00:00:1785456995.971146   14931 train_oblique_forest.cc:706] -1 (automatic) threads requested. 48 threads set.
I0000 00:00:1785456995.971170   14931 train_oblique_forest.cc:776] Configuring oblique splits
I0000 00:00:1785456995.971173   14931 train_oblique_forest.cc:861] Using Dynamic Random Histogram with 64 samples
I0000 00:00:1785456995.971185   14931 train_oblique_forest.cc:891] train_oblique_forest wall-time - Loading/Init (pre-train): 51.3443s
I0000 00:00:1785456995.971442   14931 abstract_learner.cc:171] No input feature explicitly specified. Using all the available input features.
I0000 00:00:1785456995.971448   14931 abstract_learner.cc:185] The label "y" was removed from the input feature set.
I0000 00:00:1785456995.971681   14931 gradient_boosted_trees.cc:541] Default loss set to BINOMIAL_LOG_LIKELIHOOD
I0000 00:00:1785456995.972354   14931 gradient_boosted_trees.cc:1204] Training gradient boosted tree on 1500000 example(s) and 4096 feature(s).
I0000 00:00:1785456995.973094   14931 gradient_boosted_trees.cc:1244] 1500000 examples used for training and 0 examples used for validation
I0000 00:00:1785456995.982083   14931 gpu.cc:93] Cannot initialize GPU: Not compiled with GPU support
I0000 00:00:1785456995.982138   14931 training.cc:5186] Create processor with 48 threads for split computation
I0000 00:00:1785456995.982969   14931 gradient_boosted_trees.cc:1425] Create thread pool with 48 threads for loss computation
I0000 00:00:1785456998.346337   14931 gradient_boosted_trees.cc:1744] Train tree 1/100 train-loss:1.350288 train-accuracy:0.691587 [total:2.36s iter:2.36s]
I0000 00:00:1785457000.696789   14931 gradient_boosted_trees.cc:1744] Train tree 2/100 train-loss:1.321559 train-accuracy:0.740219 [total:4.71s iter:2.35s]
I0000 00:00:1785457003.035164   14931 gradient_boosted_trees.cc:1746] Train tree 3/100 train-loss:1.276219 train-accuracy:0.799128 [total:7.05s iter:2.34s]
I0000 00:00:1785457024.138079   14931 gradient_boosted_trees.cc:1746] Train tree 12/100 train-loss:1.019616 train-accuracy:0.911872 [total:28.15s iter:2.34s]
I0000 00:00:1785457045.191105   14931 gradient_boosted_trees.cc:1746] Train tree 21/100 train-loss:0.880506 train-accuracy:0.934581 [total:49.21s iter:2.31s]
I0000 00:00:1785457066.189447   14931 gradient_boosted_trees.cc:1746] Train tree 30/100 train-loss:0.776586 train-accuracy:0.947662 [total:1m10.21s iter:2.34s]
I0000 00:00:1785457087.170250   14931 gradient_boosted_trees.cc:1746] Train tree 39/100 train-loss:0.687516 train-accuracy:0.954851 [total:1m31.19s iter:2.31s]
I0000 00:00:1785457108.055070   14931 gradient_boosted_trees.cc:1746] Train tree 48/100 train-loss:0.615745 train-accuracy:0.959548 [total:1m52.07s iter:2.32s]
I0000 00:00:1785457129.097812   14931 gradient_boosted_trees.cc:1746] Train tree 57/100 train-loss:0.564055 train-accuracy:0.962703 [total:2m13.11s iter:2.37s]
I0000 00:00:1785457150.073230   14931 gradient_boosted_trees.cc:1746] Train tree 66/100 train-loss:0.521147 train-accuracy:0.965789 [total:2m34.09s iter:2.33s]
I0000 00:00:1785457171.136032   14931 gradient_boosted_trees.cc:1746] Train tree 75/100 train-loss:0.484259 train-accuracy:0.967721 [total:2m55.15s iter:2.37s]
I0000 00:00:1785457192.128001   14931 gradient_boosted_trees.cc:1746] Train tree 84/100 train-loss:0.439388 train-accuracy:0.969807 [total:3m16.14s iter:2.35s]
I0000 00:00:1785457212.961246   14931 gradient_boosted_trees.cc:1746] Train tree 93/100 train-loss:0.410416 train-accuracy:0.971164 [total:3m36.98s iter:2.30s]
I0000 00:00:1785457229.115987   14931 gradient_boosted_trees.cc:1744] Train tree 100/100 train-loss:0.379923 train-accuracy:0.972530 [total:3m53.13s iter:2.30s]
I0000 00:00:1785457229.181143   14931 gradient_boosted_trees.cc:1825] gradient_boosted_trees.cc Training block took: 233.21 s
I0000 00:00:1785457229.189265   14931 train_oblique_forest.cc:964] train_oblique_forest wall-time - Training + Post-Processing: 233.218s
RESULT dataset=trunk_1500000_x_4096 threshold=2600 median=233.21s stddev=N/As n=1


======== Threshold 3100 ========

./bazel-bin/examples/train_oblique_forest --input_mode trunk --rows 1500000 --cols 4096 --num_trees=300 --dynamic_split_threshold=3100 --ensemble_method=Boosting --num_trees=100
----- Run 1/1 -----
WARNING: All log messages before absl::InitializeLog() is called are written to STDERR
I0000 00:00:1785457229.925354   15055 train_oblique_forest.cc:614] Generating trunk synthetic dataset: rows=1500000, cols=4096, layout=column
I0000 00:00:1785457281.209854   15055 train_oblique_forest.cc:706] -1 (automatic) threads requested. 48 threads set.
I0000 00:00:1785457281.209877   15055 train_oblique_forest.cc:776] Configuring oblique splits
I0000 00:00:1785457281.209880   15055 train_oblique_forest.cc:861] Using Dynamic Random Histogram with 64 samples
I0000 00:00:1785457281.209891   15055 train_oblique_forest.cc:891] train_oblique_forest wall-time - Loading/Init (pre-train): 51.2846s
I0000 00:00:1785457281.210155   15055 abstract_learner.cc:171] No input feature explicitly specified. Using all the available input features.
I0000 00:00:1785457281.210161   15055 abstract_learner.cc:185] The label "y" was removed from the input feature set.
I0000 00:00:1785457281.210388   15055 gradient_boosted_trees.cc:541] Default loss set to BINOMIAL_LOG_LIKELIHOOD
I0000 00:00:1785457281.211069   15055 gradient_boosted_trees.cc:1204] Training gradient boosted tree on 1500000 example(s) and 4096 feature(s).
I0000 00:00:1785457281.211793   15055 gradient_boosted_trees.cc:1244] 1500000 examples used for training and 0 examples used for validation
I0000 00:00:1785457281.220589   15055 gpu.cc:93] Cannot initialize GPU: Not compiled with GPU support
I0000 00:00:1785457281.220675   15055 training.cc:5186] Create processor with 48 threads for split computation
I0000 00:00:1785457281.221536   15055 gradient_boosted_trees.cc:1425] Create thread pool with 48 threads for loss computation
I0000 00:00:1785457283.589782   15055 gradient_boosted_trees.cc:1744] Train tree 1/100 train-loss:1.350288 train-accuracy:0.691587 [total:2.37s iter:2.37s]
I0000 00:00:1785457285.952639   15055 gradient_boosted_trees.cc:1744] Train tree 2/100 train-loss:1.321559 train-accuracy:0.740219 [total:4.73s iter:2.36s]
I0000 00:00:1785457288.298293   15055 gradient_boosted_trees.cc:1746] Train tree 3/100 train-loss:1.276219 train-accuracy:0.799128 [total:7.08s iter:2.35s]
I0000 00:00:1785457309.393588   15055 gradient_boosted_trees.cc:1746] Train tree 12/100 train-loss:1.019616 train-accuracy:0.911872 [total:28.17s iter:2.33s]
I0000 00:00:1785457330.468591   15055 gradient_boosted_trees.cc:1746] Train tree 21/100 train-loss:0.880506 train-accuracy:0.934581 [total:49.25s iter:2.32s]
I0000 00:00:1785457351.500858   15055 gradient_boosted_trees.cc:1746] Train tree 30/100 train-loss:0.776586 train-accuracy:0.947662 [total:1m10.28s iter:2.35s]
I0000 00:00:1785457372.428494   15055 gradient_boosted_trees.cc:1746] Train tree 39/100 train-loss:0.687516 train-accuracy:0.954851 [total:1m31.21s iter:2.31s]
I0000 00:00:1785457393.328697   15055 gradient_boosted_trees.cc:1746] Train tree 48/100 train-loss:0.615745 train-accuracy:0.959548 [total:1m52.11s iter:2.33s]
I0000 00:00:1785457414.393245   15055 gradient_boosted_trees.cc:1746] Train tree 57/100 train-loss:0.564055 train-accuracy:0.962703 [total:2m13.17s iter:2.36s]
I0000 00:00:1785457435.447742   15055 gradient_boosted_trees.cc:1746] Train tree 66/100 train-loss:0.521147 train-accuracy:0.965789 [total:2m34.23s iter:2.34s]
I0000 00:00:1785457456.454694   15055 gradient_boosted_trees.cc:1746] Train tree 75/100 train-loss:0.484259 train-accuracy:0.967721 [total:2m55.23s iter:2.33s]
I0000 00:00:1785457477.349056   15055 gradient_boosted_trees.cc:1746] Train tree 84/100 train-loss:0.439388 train-accuracy:0.969807 [total:3m16.13s iter:2.35s]
I0000 00:00:1785457498.180157   15055 gradient_boosted_trees.cc:1746] Train tree 93/100 train-loss:0.410416 train-accuracy:0.971164 [total:3m36.96s iter:2.31s]
I0000 00:00:1785457514.347848   15055 gradient_boosted_trees.cc:1744] Train tree 100/100 train-loss:0.379923 train-accuracy:0.972530 [total:3m53.13s iter:2.30s]
I0000 00:00:1785457514.412252   15055 gradient_boosted_trees.cc:1825] gradient_boosted_trees.cc Training block took: 233.202 s
I0000 00:00:1785457514.420139   15055 train_oblique_forest.cc:964] train_oblique_forest wall-time - Training + Post-Processing: 233.21s
RESULT dataset=trunk_1500000_x_4096 threshold=3100 median=233.202s stddev=N/As n=1


======== Threshold 3600 ========

./bazel-bin/examples/train_oblique_forest --input_mode trunk --rows 1500000 --cols 4096 --num_trees=300 --dynamic_split_threshold=3600 --ensemble_method=Boosting --num_trees=100
----- Run 1/1 -----
WARNING: All log messages before absl::InitializeLog() is called are written to STDERR
I0000 00:00:1785457515.134438   15179 train_oblique_forest.cc:614] Generating trunk synthetic dataset: rows=1500000, cols=4096, layout=column
I0000 00:00:1785457566.392264   15179 train_oblique_forest.cc:706] -1 (automatic) threads requested. 48 threads set.
I0000 00:00:1785457566.392287   15179 train_oblique_forest.cc:776] Configuring oblique splits
I0000 00:00:1785457566.392290   15179 train_oblique_forest.cc:861] Using Dynamic Random Histogram with 64 samples
I0000 00:00:1785457566.392300   15179 train_oblique_forest.cc:891] train_oblique_forest wall-time - Loading/Init (pre-train): 51.2579s
I0000 00:00:1785457566.392549   15179 abstract_learner.cc:171] No input feature explicitly specified. Using all the available input features.
I0000 00:00:1785457566.392555   15179 abstract_learner.cc:185] The label "y" was removed from the input feature set.
I0000 00:00:1785457566.392785   15179 gradient_boosted_trees.cc:541] Default loss set to BINOMIAL_LOG_LIKELIHOOD
I0000 00:00:1785457566.393420   15179 gradient_boosted_trees.cc:1204] Training gradient boosted tree on 1500000 example(s) and 4096 feature(s).
I0000 00:00:1785457566.394134   15179 gradient_boosted_trees.cc:1244] 1500000 examples used for training and 0 examples used for validation
I0000 00:00:1785457566.403014   15179 gpu.cc:93] Cannot initialize GPU: Not compiled with GPU support
I0000 00:00:1785457566.403067   15179 training.cc:5186] Create processor with 48 threads for split computation
I0000 00:00:1785457566.403922   15179 gradient_boosted_trees.cc:1425] Create thread pool with 48 threads for loss computation
I0000 00:00:1785457568.766094   15179 gradient_boosted_trees.cc:1744] Train tree 1/100 train-loss:1.350288 train-accuracy:0.691587 [total:2.36s iter:2.36s]
I0000 00:00:1785457571.118387   15179 gradient_boosted_trees.cc:1744] Train tree 2/100 train-loss:1.321559 train-accuracy:0.740219 [total:4.71s iter:2.35s]
I0000 00:00:1785457573.461620   15179 gradient_boosted_trees.cc:1746] Train tree 3/100 train-loss:1.276219 train-accuracy:0.799128 [total:7.06s iter:2.34s]
I0000 00:00:1785457594.595821   15179 gradient_boosted_trees.cc:1746] Train tree 12/100 train-loss:1.019616 train-accuracy:0.911872 [total:28.19s iter:2.34s]
I0000 00:00:1785457615.658219   15179 gradient_boosted_trees.cc:1746] Train tree 21/100 train-loss:0.880506 train-accuracy:0.934581 [total:49.25s iter:2.32s]
I0000 00:00:1785457636.688876   15179 gradient_boosted_trees.cc:1746] Train tree 30/100 train-loss:0.776586 train-accuracy:0.947662 [total:1m10.28s iter:2.39s]
I0000 00:00:1785457657.690344   15179 gradient_boosted_trees.cc:1746] Train tree 39/100 train-loss:0.687516 train-accuracy:0.954851 [total:1m31.29s iter:2.32s]
I0000 00:00:1785457678.638470   15179 gradient_boosted_trees.cc:1746] Train tree 48/100 train-loss:0.615745 train-accuracy:0.959548 [total:1m52.23s iter:2.33s]
I0000 00:00:1785457699.698883   15179 gradient_boosted_trees.cc:1746] Train tree 57/100 train-loss:0.564055 train-accuracy:0.962703 [total:2m13.29s iter:2.36s]
I0000 00:00:1785457720.726507   15179 gradient_boosted_trees.cc:1746] Train tree 66/100 train-loss:0.521147 train-accuracy:0.965789 [total:2m34.32s iter:2.34s]
I0000 00:00:1785457741.732930   15179 gradient_boosted_trees.cc:1746] Train tree 75/100 train-loss:0.484259 train-accuracy:0.967721 [total:2m55.33s iter:2.34s]
I0000 00:00:1785457762.702611   15179 gradient_boosted_trees.cc:1746] Train tree 84/100 train-loss:0.439388 train-accuracy:0.969807 [total:3m16.30s iter:2.35s]
I0000 00:00:1785457783.507349   15179 gradient_boosted_trees.cc:1746] Train tree 93/100 train-loss:0.410416 train-accuracy:0.971164 [total:3m37.10s iter:2.29s]
I0000 00:00:1785457799.665453   15179 gradient_boosted_trees.cc:1744] Train tree 100/100 train-loss:0.379923 train-accuracy:0.972530 [total:3m53.26s iter:2.30s]
I0000 00:00:1785457799.730704   15179 gradient_boosted_trees.cc:1825] gradient_boosted_trees.cc Training block took: 233.338 s
I0000 00:00:1785457799.738794   15179 train_oblique_forest.cc:964] train_oblique_forest wall-time - Training + Post-Processing: 233.346s
RESULT dataset=trunk_1500000_x_4096 threshold=3600 median=233.338s stddev=N/As n=1


======== Threshold 4100 ========

./bazel-bin/examples/train_oblique_forest --input_mode trunk --rows 1500000 --cols 4096 --num_trees=300 --dynamic_split_threshold=4100 --ensemble_method=Boosting --num_trees=100
----- Run 1/1 -----
WARNING: All log messages before absl::InitializeLog() is called are written to STDERR
I0000 00:00:1785457800.455297   15299 train_oblique_forest.cc:614] Generating trunk synthetic dataset: rows=1500000, cols=4096, layout=column
I0000 00:00:1785457851.761702   15299 train_oblique_forest.cc:706] -1 (automatic) threads requested. 48 threads set.
I0000 00:00:1785457851.761727   15299 train_oblique_forest.cc:776] Configuring oblique splits
I0000 00:00:1785457851.761730   15299 train_oblique_forest.cc:861] Using Dynamic Random Histogram with 64 samples
I0000 00:00:1785457851.761741   15299 train_oblique_forest.cc:891] train_oblique_forest wall-time - Loading/Init (pre-train): 51.3065s
I0000 00:00:1785457851.761986   15299 abstract_learner.cc:171] No input feature explicitly specified. Using all the available input features.
I0000 00:00:1785457851.761992   15299 abstract_learner.cc:185] The label "y" was removed from the input feature set.
I0000 00:00:1785457851.762226   15299 gradient_boosted_trees.cc:541] Default loss set to BINOMIAL_LOG_LIKELIHOOD
I0000 00:00:1785457851.762858   15299 gradient_boosted_trees.cc:1204] Training gradient boosted tree on 1500000 example(s) and 4096 feature(s).
I0000 00:00:1785457851.763582   15299 gradient_boosted_trees.cc:1244] 1500000 examples used for training and 0 examples used for validation
I0000 00:00:1785457851.772522   15299 gpu.cc:93] Cannot initialize GPU: Not compiled with GPU support
I0000 00:00:1785457851.772577   15299 training.cc:5186] Create processor with 48 threads for split computation
I0000 00:00:1785457851.773397   15299 gradient_boosted_trees.cc:1425] Create thread pool with 48 threads for loss computation
I0000 00:00:1785457854.151309   15299 gradient_boosted_trees.cc:1744] Train tree 1/100 train-loss:1.350288 train-accuracy:0.691587 [total:2.38s iter:2.38s]
I0000 00:00:1785457856.500048   15299 gradient_boosted_trees.cc:1744] Train tree 2/100 train-loss:1.321559 train-accuracy:0.740219 [total:4.73s iter:2.35s]
I0000 00:00:1785457858.839045   15299 gradient_boosted_trees.cc:1746] Train tree 3/100 train-loss:1.276219 train-accuracy:0.799128 [total:7.06s iter:2.34s]
I0000 00:00:1785457879.937159   15299 gradient_boosted_trees.cc:1746] Train tree 12/100 train-loss:1.019616 train-accuracy:0.911872 [total:28.16s iter:2.37s]
I0000 00:00:1785457900.988181   15299 gradient_boosted_trees.cc:1746] Train tree 21/100 train-loss:0.880506 train-accuracy:0.934581 [total:49.21s iter:2.32s]
I0000 00:00:1785457922.009004   15299 gradient_boosted_trees.cc:1746] Train tree 30/100 train-loss:0.776586 train-accuracy:0.947662 [total:1m10.23s iter:2.35s]
I0000 00:00:1785457942.983311   15299 gradient_boosted_trees.cc:1746] Train tree 39/100 train-loss:0.687516 train-accuracy:0.954851 [total:1m31.21s iter:2.31s]
I0000 00:00:1785457963.883576   15299 gradient_boosted_trees.cc:1746] Train tree 48/100 train-loss:0.615745 train-accuracy:0.959548 [total:1m52.11s iter:2.33s]
I0000 00:00:1785457984.978010   15299 gradient_boosted_trees.cc:1746] Train tree 57/100 train-loss:0.564055 train-accuracy:0.962703 [total:2m13.20s iter:2.39s]
I0000 00:00:1785458006.008031   15299 gradient_boosted_trees.cc:1746] Train tree 66/100 train-loss:0.521147 train-accuracy:0.965789 [total:2m34.23s iter:2.33s]
I0000 00:00:1785458027.035244   15299 gradient_boosted_trees.cc:1746] Train tree 75/100 train-loss:0.484259 train-accuracy:0.967721 [total:2m55.26s iter:2.34s]
I0000 00:00:1785458047.996829   15299 gradient_boosted_trees.cc:1746] Train tree 84/100 train-loss:0.439388 train-accuracy:0.969807 [total:3m16.22s iter:2.35s]
I0000 00:00:1785458068.853156   15299 gradient_boosted_trees.cc:1746] Train tree 93/100 train-loss:0.410416 train-accuracy:0.971164 [total:3m37.08s iter:2.30s]
I0000 00:00:1785458085.021202   15299 gradient_boosted_trees.cc:1744] Train tree 100/100 train-loss:0.379923 train-accuracy:0.972530 [total:3m53.25s iter:2.30s]
I0000 00:00:1785458085.086502   15299 gradient_boosted_trees.cc:1825] gradient_boosted_trees.cc Training block took: 233.325 s
I0000 00:00:1785458085.094373   15299 train_oblique_forest.cc:964] train_oblique_forest wall-time - Training + Post-Processing: 233.333s
RESULT dataset=trunk_1500000_x_4096 threshold=4100 median=233.325s stddev=N/As n=1


======== Threshold 4600 ========

./bazel-bin/examples/train_oblique_forest --input_mode trunk --rows 1500000 --cols 4096 --num_trees=300 --dynamic_split_threshold=4600 --ensemble_method=Boosting --num_trees=100
----- Run 1/1 -----
WARNING: All log messages before absl::InitializeLog() is called are written to STDERR
I0000 00:00:1785458085.814652   15424 train_oblique_forest.cc:614] Generating trunk synthetic dataset: rows=1500000, cols=4096, layout=column
I0000 00:00:1785458137.104200   15424 train_oblique_forest.cc:706] -1 (automatic) threads requested. 48 threads set.
I0000 00:00:1785458137.104225   15424 train_oblique_forest.cc:776] Configuring oblique splits
I0000 00:00:1785458137.104229   15424 train_oblique_forest.cc:861] Using Dynamic Random Histogram with 64 samples
I0000 00:00:1785458137.104239   15424 train_oblique_forest.cc:891] train_oblique_forest wall-time - Loading/Init (pre-train): 51.2896s
I0000 00:00:1785458137.104495   15424 abstract_learner.cc:171] No input feature explicitly specified. Using all the available input features.
I0000 00:00:1785458137.104501   15424 abstract_learner.cc:185] The label "y" was removed from the input feature set.
I0000 00:00:1785458137.104737   15424 gradient_boosted_trees.cc:541] Default loss set to BINOMIAL_LOG_LIKELIHOOD
I0000 00:00:1785458137.105408   15424 gradient_boosted_trees.cc:1204] Training gradient boosted tree on 1500000 example(s) and 4096 feature(s).
I0000 00:00:1785458137.106127   15424 gradient_boosted_trees.cc:1244] 1500000 examples used for training and 0 examples used for validation
I0000 00:00:1785458137.114823   15424 gpu.cc:93] Cannot initialize GPU: Not compiled with GPU support
I0000 00:00:1785458137.114877   15424 training.cc:5186] Create processor with 48 threads for split computation
I0000 00:00:1785458137.116157   15424 gradient_boosted_trees.cc:1425] Create thread pool with 48 threads for loss computation
I0000 00:00:1785458139.488232   15424 gradient_boosted_trees.cc:1744] Train tree 1/100 train-loss:1.350288 train-accuracy:0.691587 [total:2.37s iter:2.37s]
I0000 00:00:1785458141.841978   15424 gradient_boosted_trees.cc:1744] Train tree 2/100 train-loss:1.321559 train-accuracy:0.740219 [total:4.73s iter:2.35s]
I0000 00:00:1785458144.182894   15424 gradient_boosted_trees.cc:1746] Train tree 3/100 train-loss:1.276219 train-accuracy:0.799128 [total:7.07s iter:2.34s]
I0000 00:00:1785458165.283166   15424 gradient_boosted_trees.cc:1746] Train tree 12/100 train-loss:1.019616 train-accuracy:0.911872 [total:28.17s iter:2.36s]
I0000 00:00:1785458186.386663   15424 gradient_boosted_trees.cc:1746] Train tree 21/100 train-loss:0.880506 train-accuracy:0.934581 [total:49.27s iter:2.32s]
I0000 00:00:1785458207.413695   15424 gradient_boosted_trees.cc:1746] Train tree 30/100 train-loss:0.776586 train-accuracy:0.947662 [total:1m10.30s iter:2.35s]
I0000 00:00:1785458228.426540   15424 gradient_boosted_trees.cc:1746] Train tree 39/100 train-loss:0.687516 train-accuracy:0.954851 [total:1m31.31s iter:2.33s]
I0000 00:00:1785458249.390064   15424 gradient_boosted_trees.cc:1746] Train tree 48/100 train-loss:0.615745 train-accuracy:0.959548 [total:1m52.27s iter:2.33s]
I0000 00:00:1785458270.443027   15424 gradient_boosted_trees.cc:1746] Train tree 57/100 train-loss:0.564055 train-accuracy:0.962703 [total:2m13.33s iter:2.37s]
I0000 00:00:1785458291.471022   15424 gradient_boosted_trees.cc:1746] Train tree 66/100 train-loss:0.521147 train-accuracy:0.965789 [total:2m34.35s iter:2.34s]
I0000 00:00:1785458312.493029   15424 gradient_boosted_trees.cc:1746] Train tree 75/100 train-loss:0.484259 train-accuracy:0.967721 [total:2m55.38s iter:2.34s]
I0000 00:00:1785458333.466691   15424 gradient_boosted_trees.cc:1746] Train tree 84/100 train-loss:0.439388 train-accuracy:0.969807 [total:3m16.35s iter:2.36s]
I0000 00:00:1785458354.361531   15424 gradient_boosted_trees.cc:1746] Train tree 93/100 train-loss:0.410416 train-accuracy:0.971164 [total:3m37.24s iter:2.30s]
I0000 00:00:1785458370.538249   15424 gradient_boosted_trees.cc:1744] Train tree 100/100 train-loss:0.379923 train-accuracy:0.972530 [total:3m53.42s iter:2.30s]
I0000 00:00:1785458370.603445   15424 gradient_boosted_trees.cc:1825] gradient_boosted_trees.cc Training block took: 233.499 s
I0000 00:00:1785458370.611099   15424 train_oblique_forest.cc:964] train_oblique_forest wall-time - Training + Post-Processing: 233.507s
RESULT dataset=trunk_1500000_x_4096 threshold=4600 median=233.499s stddev=N/As n=1


======== Threshold 5100 ========

./bazel-bin/examples/train_oblique_forest --input_mode trunk --rows 1500000 --cols 4096 --num_trees=300 --dynamic_split_threshold=5100 --ensemble_method=Boosting --num_trees=100
----- Run 1/1 -----
WARNING: All log messages before absl::InitializeLog() is called are written to STDERR
I0000 00:00:1785458371.329207   15543 train_oblique_forest.cc:614] Generating trunk synthetic dataset: rows=1500000, cols=4096, layout=column
I0000 00:00:1785458422.570190   15543 train_oblique_forest.cc:706] -1 (automatic) threads requested. 48 threads set.
I0000 00:00:1785458422.570216   15543 train_oblique_forest.cc:776] Configuring oblique splits
I0000 00:00:1785458422.570219   15543 train_oblique_forest.cc:861] Using Dynamic Random Histogram with 64 samples
I0000 00:00:1785458422.570229   15543 train_oblique_forest.cc:891] train_oblique_forest wall-time - Loading/Init (pre-train): 51.241s
I0000 00:00:1785458422.570480   15543 abstract_learner.cc:171] No input feature explicitly specified. Using all the available input features.
I0000 00:00:1785458422.570486   15543 abstract_learner.cc:185] The label "y" was removed from the input feature set.
I0000 00:00:1785458422.570723   15543 gradient_boosted_trees.cc:541] Default loss set to BINOMIAL_LOG_LIKELIHOOD
I0000 00:00:1785458422.571401   15543 gradient_boosted_trees.cc:1204] Training gradient boosted tree on 1500000 example(s) and 4096 feature(s).
I0000 00:00:1785458422.572131   15543 gradient_boosted_trees.cc:1244] 1500000 examples used for training and 0 examples used for validation
I0000 00:00:1785458422.581016   15543 gpu.cc:93] Cannot initialize GPU: Not compiled with GPU support
I0000 00:00:1785458422.581070   15543 training.cc:5186] Create processor with 48 threads for split computation
I0000 00:00:1785458422.582311   15543 gradient_boosted_trees.cc:1425] Create thread pool with 48 threads for loss computation
I0000 00:00:1785458424.946532   15543 gradient_boosted_trees.cc:1744] Train tree 1/100 train-loss:1.350288 train-accuracy:0.691587 [total:2.36s iter:2.36s]
I0000 00:00:1785458427.304268   15543 gradient_boosted_trees.cc:1744] Train tree 2/100 train-loss:1.321559 train-accuracy:0.740219 [total:4.72s iter:2.36s]
I0000 00:00:1785458429.652609   15543 gradient_boosted_trees.cc:1746] Train tree 3/100 train-loss:1.276219 train-accuracy:0.799128 [total:7.07s iter:2.35s]
I0000 00:00:1785458450.742772   15543 gradient_boosted_trees.cc:1746] Train tree 12/100 train-loss:1.019616 train-accuracy:0.911872 [total:28.16s iter:2.35s]
I0000 00:00:1785458471.827200   15543 gradient_boosted_trees.cc:1746] Train tree 21/100 train-loss:0.880506 train-accuracy:0.934581 [total:49.24s iter:2.32s]
I0000 00:00:1785458492.869796   15543 gradient_boosted_trees.cc:1746] Train tree 30/100 train-loss:0.776586 train-accuracy:0.947662 [total:1m10.29s iter:2.35s]
I0000 00:00:1785458513.828238   15543 gradient_boosted_trees.cc:1746] Train tree 39/100 train-loss:0.687516 train-accuracy:0.954851 [total:1m31.25s iter:2.31s]
I0000 00:00:1785458534.730768   15543 gradient_boosted_trees.cc:1746] Train tree 48/100 train-loss:0.615745 train-accuracy:0.959548 [total:1m52.15s iter:2.32s]
I0000 00:00:1785458555.770166   15543 gradient_boosted_trees.cc:1746] Train tree 57/100 train-loss:0.564055 train-accuracy:0.962703 [total:2m13.19s iter:2.37s]
I0000 00:00:1785458576.776513   15543 gradient_boosted_trees.cc:1746] Train tree 66/100 train-loss:0.521147 train-accuracy:0.965789 [total:2m34.19s iter:2.33s]
I0000 00:00:1785458597.807552   15543 gradient_boosted_trees.cc:1746] Train tree 75/100 train-loss:0.484259 train-accuracy:0.967721 [total:2m55.22s iter:2.36s]
I0000 00:00:1785458618.745371   15543 gradient_boosted_trees.cc:1746] Train tree 84/100 train-loss:0.439388 train-accuracy:0.969807 [total:3m16.16s iter:2.35s]
I0000 00:00:1785458639.650856   15543 gradient_boosted_trees.cc:1746] Train tree 93/100 train-loss:0.410416 train-accuracy:0.971164 [total:3m37.07s iter:2.30s]
I0000 00:00:1785458655.842650   15543 gradient_boosted_trees.cc:1744] Train tree 100/100 train-loss:0.379923 train-accuracy:0.972530 [total:3m53.26s iter:2.31s]
I0000 00:00:1785458655.907566   15543 gradient_boosted_trees.cc:1825] gradient_boosted_trees.cc Training block took: 233.337 s
I0000 00:00:1785458655.915385   15543 train_oblique_forest.cc:964] train_oblique_forest wall-time - Training + Post-Processing: 233.345s
RESULT dataset=trunk_1500000_x_4096 threshold=5100 median=233.337s stddev=N/As n=1
