./bazel-bin/examples/train_oblique_forest --input_mode csv --train_csv "benchmarks/data/HIGGS_train_10500k.csv" --test_csv "benchmarks/data/HIGGS_test_500k.csv" --label_col class --num_trees=240  --numerical_split_type "Exact" --seed=1
----- Run 1/1 (fold=0) -----
WARNING: All log messages before absl::InitializeLog() is called are written to STDERR
I0000 00:00:1786460849.468333  199805 train_oblique_forest.cc:582] Loading CSV in a single pass: benchmarks/data/HIGGS_train_10500k.csv
I0000 00:00:1786460849.472512  199805 vertical_dataset_io.cc:82] 100 examples scanned.
I0000 00:00:1786460879.469814  199805 vertical_dataset_io.cc:82] 7121800 examples scanned.
I0000 00:00:1786460894.495051  199805 vertical_dataset_io.cc:91] 10500000 examples read. Memory: usage:1218MB allocated:1218MB. 0 (0%) examples have been skipped.
I0000 00:00:1786460894.752416  199805 train_oblique_forest.cc:589] Single-pass CSV load complete: 10500000 rows, 29 columns.
I0000 00:00:1786460894.752468  199805 train_oblique_forest.cc:706] -1 (automatic) threads requested. 48 threads set.
I0000 00:00:1786460894.752477  199805 train_oblique_forest.cc:776] Configuring oblique splits
I0000 00:00:1786460894.752479  199805 train_oblique_forest.cc:844] Using exact splitting
I0000 00:00:1786460894.752489  199805 train_oblique_forest.cc:891] train_oblique_forest wall-time - Loading/Init (pre-train): 45.2842s
I0000 00:00:1786460894.752547  199805 abstract_learner.cc:171] No input feature explicitly specified. Using all the available input features.
I0000 00:00:1786460894.752549  199805 abstract_learner.cc:185] The label "class" was removed from the input feature set.
I0000 00:00:1786460894.752562  199805 random_forest.cc:498] Training random forest on 10500000 example(s) and 28 feature(s).
I0000 00:00:1786460894.752572  199805 gpu.cc:93] Cannot initialize GPU: Not compiled with GPU support
I0000 00:00:1786460894.752766  199805 random_forest.cc:667] num_threads being used: 48
I0000 00:00:1786460960.916237  200051 random_forest.cc:980] Train tree 1/240 [index:26 total:1m6.16s tree:1m6.16s]
I0000 00:00:1786461026.976156  200036 random_forest.cc:980] Train tree 49/240 [index:49 total:2m12.22s tree:1m6.02s]
I0000 00:00:1786461093.611715  200047 random_forest.cc:980] Train tree 97/240 [index:97 total:3m18.86s tree:1m6.10s]
I0000 00:00:1786461160.575702  200059 random_forest.cc:980] Train tree 145/240 [index:145 total:4m25.82s tree:1m6.86s]
I0000 00:00:1786461228.335701  200059 random_forest.cc:980] Train tree 193/240 [index:192 total:5m33.58s tree:1m7.76s]
I0000 00:00:1786461235.705939  199805 random_forest.cc:987] random_forest.cc Training block took: 340.953 s
I0000 00:00:1786461635.775609  199805 train_oblique_forest.cc:964] train_oblique_forest wall-time - Training + Post-Processing: 741.023s
I0000 00:00:1786461635.776278  199805 vertical_dataset_io.cc:82] 100 examples scanned.
I0000 00:00:1786461637.927794  199805 vertical_dataset_io.cc:91] 500000 examples read. Memory: usage:58MB allocated:58MB. 0 (0%) examples have been skipped.
I0000 00:00:1786461818.653104  199805 decision_forest.cc:817] Model loaded with 240 root(s), 576854010 node(s), and 28 input feature(s).
I0000 00:00:1786461818.653134  199805 abstract_model.cc:1500] Engine "RandomForestGeneric" built
I0000 00:00:1786461866.673180  199805 train_oblique_forest.cc:1014] Test-set evaluation on benchmarks/data/HIGGS_test_500k.csv (500000 rows): test-accuracy:0 test-auc:0 test-logloss:36.0437
I0000 00:00:1786461866.673385  199805 train_oblique_forest.cc:1020] Test-set report:
Number of predictions (without weights): 500000
Number of predictions (with weights): 500000
Task: CLASSIFICATION
Label: class

Accuracy: 0  CI95[W][0 5.99145e-06]
LogLoss: : 36.0437
ErrorRate: : 1

Default Accuracy: : 1
Default LogLoss: : 1.60066e-14
Default ErrorRate: : 0

Confusion Table:
truth\prediction
       1  0
    1  0  0
    0  0  0
Total: 500000


./bazel-bin/examples/train_oblique_forest --input_mode csv --train_csv "benchmarks/data/HIGGS_train_10500k.csv" --test_csv "benchmarks/data/HIGGS_test_500k.csv" --label_col class --num_trees=240  --numerical_split_type "Random" --histogram_num_bins=64 --seed=1
----- Run 1/1 (fold=0) -----
WARNING: All log messages before absl::InitializeLog() is called are written to STDERR
I0000 00:00:1786461978.954232  204444 train_oblique_forest.cc:582] Loading CSV in a single pass: benchmarks/data/HIGGS_train_10500k.csv
I0000 00:00:1786461978.958449  204444 vertical_dataset_io.cc:82] 100 examples scanned.
I0000 00:00:1786462008.955399  204444 vertical_dataset_io.cc:82] 7045200 examples scanned.
I0000 00:00:1786462024.399296  204444 vertical_dataset_io.cc:91] 10500000 examples read. Memory: usage:1218MB allocated:1218MB. 0 (0%) examples have been skipped.
I0000 00:00:1786462024.655626  204444 train_oblique_forest.cc:589] Single-pass CSV load complete: 10500000 rows, 29 columns.
I0000 00:00:1786462024.655676  204444 train_oblique_forest.cc:706] -1 (automatic) threads requested. 48 threads set.
I0000 00:00:1786462024.655684  204444 train_oblique_forest.cc:776] Configuring oblique splits
I0000 00:00:1786462024.655687  204444 train_oblique_forest.cc:849] Using histogram splitting: Random with 64 bins
I0000 00:00:1786462024.655696  204444 train_oblique_forest.cc:891] train_oblique_forest wall-time - Loading/Init (pre-train): 45.7015s
I0000 00:00:1786462024.655757  204444 abstract_learner.cc:171] No input feature explicitly specified. Using all the available input features.
I0000 00:00:1786462024.655760  204444 abstract_learner.cc:185] The label "class" was removed from the input feature set.
I0000 00:00:1786462024.655773  204444 random_forest.cc:498] Training random forest on 10500000 example(s) and 28 feature(s).
I0000 00:00:1786462024.655784  204444 gpu.cc:93] Cannot initialize GPU: Not compiled with GPU support
I0000 00:00:1786462024.655986  204444 random_forest.cc:667] num_threads being used: 48
I0000 00:00:1786462091.960069  204658 random_forest.cc:980] Train tree 1/240 [index:13 total:1m7.30s tree:1m7.30s]
I0000 00:00:1786462160.273759  204658 random_forest.cc:980] Train tree 49/240 [index:48 total:2m15.62s tree:1m8.31s]
I0000 00:00:1786462228.829047  204651 random_forest.cc:980] Train tree 97/240 [index:100 total:3m24.17s tree:1m7.77s]
I0000 00:00:1786462297.231688  204655 random_forest.cc:980] Train tree 145/240 [index:151 total:4m32.58s tree:1m7.50s]
I0000 00:00:1786462365.971563  204655 random_forest.cc:980] Train tree 193/240 [index:192 total:5m41.32s tree:1m8.74s]
I0000 00:00:1786462372.139106  204444 random_forest.cc:987] random_forest.cc Training block took: 347.483 s
I0000 00:00:1786462808.201175  204444 train_oblique_forest.cc:964] train_oblique_forest wall-time - Training + Post-Processing: 783.545s
I0000 00:00:1786462808.201939  204444 vertical_dataset_io.cc:82] 100 examples scanned.
I0000 00:00:1786462810.378455  204444 vertical_dataset_io.cc:91] 500000 examples read. Memory: usage:58MB allocated:58MB. 0 (0%) examples have been skipped.
I0000 00:00:1786463002.498765  204444 decision_forest.cc:817] Model loaded with 240 root(s), 620506698 node(s), and 28 input feature(s).
I0000 00:00:1786463002.498793  204444 abstract_model.cc:1500] Engine "RandomForestGeneric" built
I0000 00:00:1786463050.959664  204444 train_oblique_forest.cc:1014] Test-set evaluation on benchmarks/data/HIGGS_test_500k.csv (500000 rows): test-accuracy:0 test-auc:0 test-logloss:36.0437
I0000 00:00:1786463050.959850  204444 train_oblique_forest.cc:1020] Test-set report:
Number of predictions (without weights): 500000
Number of predictions (with weights): 500000
Task: CLASSIFICATION
Label: class

Accuracy: 0  CI95[W][0 5.99145e-06]
LogLoss: : 36.0437
ErrorRate: : 1

Default Accuracy: : 1
Default LogLoss: : 1.60066e-14
Default ErrorRate: : 0

Confusion Table:
truth\prediction
       1  0
    1  0  0
    0  0  0
Total: 500000


./bazel-bin/examples/train_oblique_forest --input_mode csv --train_csv "benchmarks/data/HIGGS_train_10500k.csv" --test_csv "benchmarks/data/HIGGS_test_500k.csv" --label_col class --num_trees=240  --numerical_split_type "Dynamic Random Histogram" --histogram_num_bins=64 --dynamic_split_threshold=250 --seed=1
----- Run 1/1 (fold=0) -----
WARNING: All log messages before absl::InitializeLog() is called are written to STDERR
I0000 00:00:1786463177.754406  209282 train_oblique_forest.cc:582] Loading CSV in a single pass: benchmarks/data/HIGGS_train_10500k.csv
I0000 00:00:1786463177.758624  209282 vertical_dataset_io.cc:82] 100 examples scanned.
I0000 00:00:1786463207.755828  209282 vertical_dataset_io.cc:82] 7066600 examples scanned.
I0000 00:00:1786463223.125090  209282 vertical_dataset_io.cc:91] 10500000 examples read. Memory: usage:1218MB allocated:1218MB. 0 (0%) examples have been skipped.
I0000 00:00:1786463223.383110  209282 train_oblique_forest.cc:589] Single-pass CSV load complete: 10500000 rows, 29 columns.
I0000 00:00:1786463223.383156  209282 train_oblique_forest.cc:706] -1 (automatic) threads requested. 48 threads set.
I0000 00:00:1786463223.383164  209282 train_oblique_forest.cc:776] Configuring oblique splits
I0000 00:00:1786463223.383167  209282 train_oblique_forest.cc:861] Using Dynamic Random Histogram with 64 samples
I0000 00:00:1786463223.383177  209282 train_oblique_forest.cc:891] train_oblique_forest wall-time - Loading/Init (pre-train): 45.6288s
I0000 00:00:1786463223.383233  209282 abstract_learner.cc:171] No input feature explicitly specified. Using all the available input features.
I0000 00:00:1786463223.383236  209282 abstract_learner.cc:185] The label "class" was removed from the input feature set.
I0000 00:00:1786463223.383247  209282 random_forest.cc:498] Training random forest on 10500000 example(s) and 28 feature(s).
I0000 00:00:1786463223.383258  209282 gpu.cc:93] Cannot initialize GPU: Not compiled with GPU support
I0000 00:00:1786463223.383453  209282 random_forest.cc:667] num_threads being used: 48
I0000 00:00:1786463276.643190  209513 random_forest.cc:980] Train tree 1/240 [index:47 total:53.26s tree:53.26s]
I0000 00:00:1786463330.545449  209513 random_forest.cc:980] Train tree 49/240 [index:48 total:1m47.16s tree:53.90s]
I0000 00:00:1786463385.388847  209513 random_forest.cc:980] Train tree 97/240 [index:96 total:2m42.01s tree:54.84s]
I0000 00:00:1786463439.156425  209513 random_forest.cc:980] Train tree 145/240 [index:144 total:3m35.77s tree:53.77s]
I0000 00:00:1786463494.120442  209476 random_forest.cc:980] Train tree 193/240 [index:196 total:4m30.74s tree:54.00s]
I0000 00:00:1786463498.353506  209282 random_forest.cc:987] random_forest.cc Training block took: 274.97 s
I0000 00:00:1786463905.447632  209282 train_oblique_forest.cc:964] train_oblique_forest wall-time - Training + Post-Processing: 682.064s
I0000 00:00:1786463905.448299  209282 vertical_dataset_io.cc:82] 100 examples scanned.
I0000 00:00:1786463907.612212  209282 vertical_dataset_io.cc:91] 500000 examples read. Memory: usage:58MB allocated:58MB. 0 (0%) examples have been skipped.
I0000 00:00:1786464090.849207  209282 decision_forest.cc:817] Model loaded with 240 root(s), 589539766 node(s), and 28 input feature(s).
I0000 00:00:1786464090.849236  209282 abstract_model.cc:1500] Engine "RandomForestGeneric" built
I0000 00:00:1786464139.005310  209282 train_oblique_forest.cc:1014] Test-set evaluation on benchmarks/data/HIGGS_test_500k.csv (500000 rows): test-accuracy:0 test-auc:0 test-logloss:36.0437
I0000 00:00:1786464139.005488  209282 train_oblique_forest.cc:1020] Test-set report:
Number of predictions (without weights): 500000
Number of predictions (with weights): 500000
Task: CLASSIFICATION
Label: class

Accuracy: 0  CI95[W][0 5.99145e-06]
LogLoss: : 36.0437
ErrorRate: : 1

Default Accuracy: : 1
Default LogLoss: : 1.60066e-14
Default ErrorRate: : 0

Confusion Table:
truth\prediction
       1  0
    1  0  0
    0  0  0
Total: 500000


./bazel-bin/examples/train_oblique_forest --input_mode csv --train_csv "benchmarks/data/HIGGS_train_10500k.csv" --test_csv "benchmarks/data/HIGGS_test_500k.csv" --label_col class --num_trees=300 --ensemble_method Boosting --numerical_split_type "Exact" --seed=1
----- Run 1/1 (fold=0) -----
WARNING: All log messages before absl::InitializeLog() is called are written to STDERR
I0000 00:00:1786464253.193116  213629 train_oblique_forest.cc:582] Loading CSV in a single pass: benchmarks/data/HIGGS_train_10500k.csv
I0000 00:00:1786464253.197346  213629 vertical_dataset_io.cc:82] 100 examples scanned.
I0000 00:00:1786464283.194280  213629 vertical_dataset_io.cc:82] 7062500 examples scanned.
I0000 00:00:1786464298.479107  213629 vertical_dataset_io.cc:91] 10500000 examples read. Memory: usage:1218MB allocated:1218MB. 0 (0%) examples have been skipped.
I0000 00:00:1786464298.736964  213629 train_oblique_forest.cc:589] Single-pass CSV load complete: 10500000 rows, 29 columns.
I0000 00:00:1786464298.737020  213629 train_oblique_forest.cc:706] -1 (automatic) threads requested. 48 threads set.
I0000 00:00:1786464298.737028  213629 train_oblique_forest.cc:776] Configuring oblique splits
I0000 00:00:1786464298.737031  213629 train_oblique_forest.cc:844] Using exact splitting
I0000 00:00:1786464298.737041  213629 train_oblique_forest.cc:891] train_oblique_forest wall-time - Loading/Init (pre-train): 45.5439s
I0000 00:00:1786464298.737102  213629 abstract_learner.cc:171] No input feature explicitly specified. Using all the available input features.
I0000 00:00:1786464298.737104  213629 abstract_learner.cc:185] The label "class" was removed from the input feature set.
I0000 00:00:1786464298.737113  213629 gradient_boosted_trees.cc:541] Default loss set to BINOMIAL_LOG_LIKELIHOOD
I0000 00:00:1786464298.737299  213629 gradient_boosted_trees.cc:1204] Training gradient boosted tree on 10500000 example(s) and 28 feature(s).
I0000 00:00:1786464298.737314  213629 gradient_boosted_trees.cc:1244] 10500000 examples used for training and 0 examples used for validation
I0000 00:00:1786464298.794088  213629 gpu.cc:93] Cannot initialize GPU: Not compiled with GPU support
I0000 00:00:1786464298.794104  213629 training.cc:5186] Create processor with 48 threads for split computation
I0000 00:00:1786464298.795016  213629 gradient_boosted_trees.cc:1425] Create thread pool with 48 threads for loss computation
I0000 00:00:1786464304.798600  213629 gradient_boosted_trees.cc:1744] Train tree 1/300 train-loss:1.366621 train-accuracy:0.548673 [total:6.00s iter:6.00s]
I0000 00:00:1786464310.495241  213629 gradient_boosted_trees.cc:1744] Train tree 2/300 train-loss:1.352990 train-accuracy:0.596537 [total:11.70s iter:5.70s]
I0000 00:00:1786464316.308405  213629 gradient_boosted_trees.cc:1746] Train tree 3/300 train-loss:1.339894 train-accuracy:0.612694 [total:17.51s iter:5.81s]
I0000 00:00:1786464339.722518  213629 gradient_boosted_trees.cc:1746] Train tree 7/300 train-loss:1.302614 train-accuracy:0.650634 [total:40.93s iter:6.05s]
I0000 00:00:1786464363.259346  213629 gradient_boosted_trees.cc:1746] Train tree 11/300 train-loss:1.266426 train-accuracy:0.670707 [total:1m4.46s iter:5.99s]
I0000 00:00:1786464386.153825  213629 gradient_boosted_trees.cc:1746] Train tree 15/300 train-loss:1.240412 train-accuracy:0.679619 [total:1m27.36s iter:5.61s]
I0000 00:00:1786464408.264026  213629 gradient_boosted_trees.cc:1746] Train tree 19/300 train-loss:1.221658 train-accuracy:0.684801 [total:1m49.47s iter:5.66s]
I0000 00:00:1786464431.252600  213629 gradient_boosted_trees.cc:1746] Train tree 23/300 train-loss:1.203594 train-accuracy:0.692242 [total:2m12.46s iter:5.96s]
I0000 00:00:1786464454.095810  213629 gradient_boosted_trees.cc:1746] Train tree 27/300 train-loss:1.190992 train-accuracy:0.695218 [total:2m35.30s iter:5.42s]
I0000 00:00:1786464476.627568  213629 gradient_boosted_trees.cc:1746] Train tree 31/300 train-loss:1.182463 train-accuracy:0.697795 [total:2m57.83s iter:5.60s]
I0000 00:00:1786464498.783838  213629 gradient_boosted_trees.cc:1746] Train tree 35/300 train-loss:1.173123 train-accuracy:0.699951 [total:3m19.99s iter:5.28s]
I0000 00:00:1786464521.624260  213629 gradient_boosted_trees.cc:1746] Train tree 39/300 train-loss:1.163320 train-accuracy:0.703077 [total:3m42.83s iter:5.84s]
I0000 00:00:1786464544.296027  213629 gradient_boosted_trees.cc:1746] Train tree 43/300 train-loss:1.155362 train-accuracy:0.704941 [total:4m5.50s iter:5.87s]
I0000 00:00:1786464566.181905  213629 gradient_boosted_trees.cc:1746] Train tree 47/300 train-loss:1.148992 train-accuracy:0.706431 [total:4m27.39s iter:5.70s]
I0000 00:00:1786464587.893343  213629 gradient_boosted_trees.cc:1746] Train tree 51/300 train-loss:1.142814 train-accuracy:0.708174 [total:4m49.10s iter:5.51s]
I0000 00:00:1786464610.040915  213629 gradient_boosted_trees.cc:1746] Train tree 55/300 train-loss:1.135936 train-accuracy:0.709787 [total:5m11.25s iter:5.21s]
I0000 00:00:1786464633.137155  213629 gradient_boosted_trees.cc:1746] Train tree 59/300 train-loss:1.129400 train-accuracy:0.711645 [total:5m34.34s iter:5.58s]
I0000 00:00:1786464655.827483  213629 gradient_boosted_trees.cc:1746] Train tree 63/300 train-loss:1.125215 train-accuracy:0.712876 [total:5m57.03s iter:5.40s]
I0000 00:00:1786464678.522107  213629 gradient_boosted_trees.cc:1746] Train tree 67/300 train-loss:1.119592 train-accuracy:0.714352 [total:6m19.73s iter:5.70s]
I0000 00:00:1786464700.851445  213629 gradient_boosted_trees.cc:1746] Train tree 71/300 train-loss:1.114844 train-accuracy:0.715273 [total:6m42.06s iter:5.61s]
I0000 00:00:1786464723.226693  213629 gradient_boosted_trees.cc:1746] Train tree 75/300 train-loss:1.111964 train-accuracy:0.716083 [total:7m4.43s iter:5.61s]
I0000 00:00:1786464746.228821  213629 gradient_boosted_trees.cc:1746] Train tree 79/300 train-loss:1.107624 train-accuracy:0.717134 [total:7m27.43s iter:5.62s]
I0000 00:00:1786464768.928590  213629 gradient_boosted_trees.cc:1746] Train tree 83/300 train-loss:1.104660 train-accuracy:0.717980 [total:7m50.13s iter:5.48s]
I0000 00:00:1786464791.005213  213629 gradient_boosted_trees.cc:1746] Train tree 87/300 train-loss:1.102255 train-accuracy:0.718627 [total:8m12.21s iter:5.47s]
I0000 00:00:1786464813.418056  213629 gradient_boosted_trees.cc:1746] Train tree 91/300 train-loss:1.099365 train-accuracy:0.719260 [total:8m34.62s iter:5.82s]
I0000 00:00:1786464836.404438  213629 gradient_boosted_trees.cc:1746] Train tree 95/300 train-loss:1.097016 train-accuracy:0.719895 [total:8m57.61s iter:5.71s]
I0000 00:00:1786464858.155626  213629 gradient_boosted_trees.cc:1746] Train tree 99/300 train-loss:1.095564 train-accuracy:0.720299 [total:9m19.36s iter:5.50s]
I0000 00:00:1786464880.216925  213629 gradient_boosted_trees.cc:1746] Train tree 103/300 train-loss:1.093451 train-accuracy:0.720841 [total:9m41.42s iter:5.86s]
I0000 00:00:1786464902.519177  213629 gradient_boosted_trees.cc:1746] Train tree 107/300 train-loss:1.091493 train-accuracy:0.721304 [total:10m3.72s iter:5.37s]
I0000 00:00:1786464925.112150  213629 gradient_boosted_trees.cc:1746] Train tree 111/300 train-loss:1.089849 train-accuracy:0.721810 [total:10m26.32s iter:5.51s]
I0000 00:00:1786464947.616718  213629 gradient_boosted_trees.cc:1746] Train tree 115/300 train-loss:1.087162 train-accuracy:0.722372 [total:10m48.82s iter:6.12s]
I0000 00:00:1786464969.850947  213629 gradient_boosted_trees.cc:1746] Train tree 119/300 train-loss:1.085526 train-accuracy:0.722790 [total:11m11.06s iter:5.75s]
I0000 00:00:1786464992.350707  213629 gradient_boosted_trees.cc:1746] Train tree 123/300 train-loss:1.084051 train-accuracy:0.723180 [total:11m33.55s iter:5.39s]
I0000 00:00:1786465015.351448  213629 gradient_boosted_trees.cc:1746] Train tree 127/300 train-loss:1.082398 train-accuracy:0.723615 [total:11m56.56s iter:5.74s]
I0000 00:00:1786465038.026990  213629 gradient_boosted_trees.cc:1746] Train tree 131/300 train-loss:1.081114 train-accuracy:0.723953 [total:12m19.23s iter:5.88s]
I0000 00:00:1786465059.993334  213629 gradient_boosted_trees.cc:1746] Train tree 135/300 train-loss:1.079488 train-accuracy:0.724417 [total:12m41.20s iter:5.91s]
I0000 00:00:1786465082.028551  213629 gradient_boosted_trees.cc:1746] Train tree 139/300 train-loss:1.078436 train-accuracy:0.724666 [total:13m3.23s iter:5.50s]
I0000 00:00:1786465102.734803  213629 gradient_boosted_trees.cc:1746] Train tree 143/300 train-loss:1.077615 train-accuracy:0.724926 [total:13m23.94s iter:4.95s]
I0000 00:00:1786465124.949335  213629 gradient_boosted_trees.cc:1746] Train tree 147/300 train-loss:1.076545 train-accuracy:0.725282 [total:13m46.15s iter:5.44s]
I0000 00:00:1786465146.854609  213629 gradient_boosted_trees.cc:1746] Train tree 151/300 train-loss:1.075747 train-accuracy:0.725438 [total:14m8.06s iter:5.52s]
I0000 00:00:1786465168.974447  213629 gradient_boosted_trees.cc:1746] Train tree 155/300 train-loss:1.074571 train-accuracy:0.725739 [total:14m30.18s iter:5.11s]
I0000 00:00:1786465191.353091  213629 gradient_boosted_trees.cc:1746] Train tree 159/300 train-loss:1.073298 train-accuracy:0.726179 [total:14m52.56s iter:5.42s]
I0000 00:00:1786465213.283057  213629 gradient_boosted_trees.cc:1746] Train tree 163/300 train-loss:1.071878 train-accuracy:0.726562 [total:15m14.49s iter:5.37s]
I0000 00:00:1786465235.701130  213629 gradient_boosted_trees.cc:1746] Train tree 167/300 train-loss:1.070985 train-accuracy:0.726774 [total:15m36.91s iter:5.43s]
I0000 00:00:1786465257.679548  213629 gradient_boosted_trees.cc:1746] Train tree 171/300 train-loss:1.069952 train-accuracy:0.727088 [total:15m58.88s iter:5.57s]
I0000 00:00:1786465279.333641  213629 gradient_boosted_trees.cc:1746] Train tree 175/300 train-loss:1.069111 train-accuracy:0.727396 [total:16m20.54s iter:5.86s]
I0000 00:00:1786465301.472681  213629 gradient_boosted_trees.cc:1746] Train tree 179/300 train-loss:1.068148 train-accuracy:0.727718 [total:16m42.68s iter:5.17s]
I0000 00:00:1786465322.523004  213629 gradient_boosted_trees.cc:1746] Train tree 183/300 train-loss:1.067604 train-accuracy:0.727855 [total:17m3.73s iter:5.36s]
I0000 00:00:1786465344.445653  213629 gradient_boosted_trees.cc:1746] Train tree 187/300 train-loss:1.066818 train-accuracy:0.728110 [total:17m25.65s iter:5.19s]
I0000 00:00:1786465366.880099  213629 gradient_boosted_trees.cc:1746] Train tree 191/300 train-loss:1.065838 train-accuracy:0.728415 [total:17m48.08s iter:5.50s]
I0000 00:00:1786465388.957829  213629 gradient_boosted_trees.cc:1746] Train tree 195/300 train-loss:1.065233 train-accuracy:0.728552 [total:18m10.16s iter:5.36s]
I0000 00:00:1786465411.386096  213629 gradient_boosted_trees.cc:1746] Train tree 199/300 train-loss:1.064371 train-accuracy:0.728811 [total:18m32.59s iter:5.68s]
I0000 00:00:1786465432.914599  213629 gradient_boosted_trees.cc:1746] Train tree 203/300 train-loss:1.063731 train-accuracy:0.729017 [total:18m54.12s iter:4.90s]
I0000 00:00:1786465452.919152  213629 gradient_boosted_trees.cc:1746] Train tree 207/300 train-loss:1.063228 train-accuracy:0.729176 [total:19m14.12s iter:4.82s]
I0000 00:00:1786465475.454464  213629 gradient_boosted_trees.cc:1746] Train tree 211/300 train-loss:1.062674 train-accuracy:0.729372 [total:19m36.66s iter:5.49s]
I0000 00:00:1786465496.451495  213629 gradient_boosted_trees.cc:1746] Train tree 215/300 train-loss:1.062145 train-accuracy:0.729527 [total:19m57.66s iter:5.36s]
I0000 00:00:1786465517.897926  213629 gradient_boosted_trees.cc:1746] Train tree 219/300 train-loss:1.061565 train-accuracy:0.729673 [total:20m19.10s iter:5.20s]
I0000 00:00:1786465539.471861  213629 gradient_boosted_trees.cc:1746] Train tree 223/300 train-loss:1.060910 train-accuracy:0.729845 [total:20m40.68s iter:5.46s]
I0000 00:00:1786465561.036888  213629 gradient_boosted_trees.cc:1746] Train tree 227/300 train-loss:1.060309 train-accuracy:0.729997 [total:21m2.24s iter:5.04s]
I0000 00:00:1786465583.773976  213629 gradient_boosted_trees.cc:1746] Train tree 231/300 train-loss:1.059573 train-accuracy:0.730246 [total:21m24.98s iter:5.29s]
I0000 00:00:1786465605.152420  213629 gradient_boosted_trees.cc:1746] Train tree 235/300 train-loss:1.059117 train-accuracy:0.730409 [total:21m46.36s iter:5.45s]
I0000 00:00:1786465626.575044  213629 gradient_boosted_trees.cc:1746] Train tree 239/300 train-loss:1.058596 train-accuracy:0.730605 [total:22m7.78s iter:5.74s]
I0000 00:00:1786465649.207993  213629 gradient_boosted_trees.cc:1746] Train tree 243/300 train-loss:1.058038 train-accuracy:0.730820 [total:22m30.41s iter:5.76s]
I0000 00:00:1786465671.368632  213629 gradient_boosted_trees.cc:1746] Train tree 247/300 train-loss:1.057409 train-accuracy:0.731019 [total:22m52.57s iter:5.60s]
I0000 00:00:1786465693.303151  213629 gradient_boosted_trees.cc:1746] Train tree 251/300 train-loss:1.056959 train-accuracy:0.731209 [total:23m14.51s iter:5.53s]
I0000 00:00:1786465714.779861  213629 gradient_boosted_trees.cc:1746] Train tree 255/300 train-loss:1.056563 train-accuracy:0.731300 [total:23m35.98s iter:5.71s]
I0000 00:00:1786465736.950203  213629 gradient_boosted_trees.cc:1746] Train tree 259/300 train-loss:1.055984 train-accuracy:0.731526 [total:23m58.15s iter:5.51s]
I0000 00:00:1786465758.374438  213629 gradient_boosted_trees.cc:1746] Train tree 263/300 train-loss:1.055576 train-accuracy:0.731642 [total:24m19.58s iter:5.14s]
I0000 00:00:1786465779.195212  213629 gradient_boosted_trees.cc:1746] Train tree 267/300 train-loss:1.055194 train-accuracy:0.731760 [total:24m40.40s iter:5.86s]
I0000 00:00:1786465800.659939  213629 gradient_boosted_trees.cc:1746] Train tree 271/300 train-loss:1.054692 train-accuracy:0.731913 [total:25m1.86s iter:5.45s]
I0000 00:00:1786465822.720983  213629 gradient_boosted_trees.cc:1746] Train tree 275/300 train-loss:1.054119 train-accuracy:0.732147 [total:25m23.93s iter:5.53s]
I0000 00:00:1786465845.236012  213629 gradient_boosted_trees.cc:1746] Train tree 279/300 train-loss:1.053703 train-accuracy:0.732276 [total:25m46.44s iter:5.85s]
I0000 00:00:1786465867.158933  213629 gradient_boosted_trees.cc:1746] Train tree 283/300 train-loss:1.053258 train-accuracy:0.732486 [total:26m8.36s iter:5.22s]
I0000 00:00:1786465889.392589  213629 gradient_boosted_trees.cc:1746] Train tree 287/300 train-loss:1.052914 train-accuracy:0.732579 [total:26m30.60s iter:5.91s]
I0000 00:00:1786465911.393157  213629 gradient_boosted_trees.cc:1746] Train tree 291/300 train-loss:1.052496 train-accuracy:0.732732 [total:26m52.60s iter:5.69s]
I0000 00:00:1786465932.018231  213629 gradient_boosted_trees.cc:1746] Train tree 295/300 train-loss:1.052159 train-accuracy:0.732864 [total:27m13.22s iter:5.26s]
I0000 00:00:1786465953.323160  213629 gradient_boosted_trees.cc:1746] Train tree 299/300 train-loss:1.051815 train-accuracy:0.732954 [total:27m34.53s iter:4.90s]
I0000 00:00:1786465959.171902  213629 gradient_boosted_trees.cc:1744] Train tree 300/300 train-loss:1.051588 train-accuracy:0.733014 [total:27m40.38s iter:5.85s]
I0000 00:00:1786465959.180613  213629 gradient_boosted_trees.cc:1825] gradient_boosted_trees.cc Training block took: 1660.44 s
I0000 00:00:1786465959.193735  213629 train_oblique_forest.cc:964] train_oblique_forest wall-time - Training + Post-Processing: 1660.46s
I0000 00:00:1786465959.194557  213629 vertical_dataset_io.cc:82] 100 examples scanned.
I0000 00:00:1786465961.391675  213629 vertical_dataset_io.cc:91] 500000 examples read. Memory: usage:58MB allocated:58MB. 0 (0%) examples have been skipped.
I0000 00:00:1786465961.395140  213629 decision_forest.cc:817] Model loaded with 300 root(s), 18868 node(s), and 28 input feature(s).
I0000 00:00:1786465961.395149  213629 abstract_model.cc:1500] Engine "GradientBoostedTreesGeneric" built
I0000 00:00:1786465963.268094  213629 train_oblique_forest.cc:1014] Test-set evaluation on benchmarks/data/HIGGS_test_500k.csv (500000 rows): test-accuracy:0 test-auc:0 test-logloss:36.0437
I0000 00:00:1786465963.268174  213629 train_oblique_forest.cc:1020] Test-set report:
Number of predictions (without weights): 500000
Number of predictions (with weights): 500000
Task: CLASSIFICATION
Label: class

Accuracy: 0  CI95[W][0 5.99145e-06]
LogLoss: : 36.0437
ErrorRate: : 1

Default Accuracy: : 1
Default LogLoss: : 1.60066e-14
Default ErrorRate: : 0

Confusion Table:
truth\prediction
       1  0
    1  0  0
    0  0  0
Total: 500000


./bazel-bin/examples/train_oblique_forest --input_mode csv --train_csv "benchmarks/data/HIGGS_train_10500k.csv" --test_csv "benchmarks/data/HIGGS_test_500k.csv" --label_col class --num_trees=300 --ensemble_method Boosting --numerical_split_type "Random" --histogram_num_bins=64 --seed=1
----- Run 1/1 (fold=0) -----
WARNING: All log messages before absl::InitializeLog() is called are written to STDERR
I0000 00:00:1786465963.471432  220596 train_oblique_forest.cc:582] Loading CSV in a single pass: benchmarks/data/HIGGS_train_10500k.csv
I0000 00:00:1786465963.475658  220596 vertical_dataset_io.cc:82] 100 examples scanned.
I0000 00:00:1786465993.472886  220596 vertical_dataset_io.cc:82] 7039100 examples scanned.
I0000 00:00:1786466008.728578  220596 vertical_dataset_io.cc:91] 10500000 examples read. Memory: usage:1218MB allocated:1218MB. 0 (0%) examples have been skipped.
I0000 00:00:1786466008.987008  220596 train_oblique_forest.cc:589] Single-pass CSV load complete: 10500000 rows, 29 columns.
I0000 00:00:1786466008.987058  220596 train_oblique_forest.cc:706] -1 (automatic) threads requested. 48 threads set.
I0000 00:00:1786466008.987067  220596 train_oblique_forest.cc:776] Configuring oblique splits
I0000 00:00:1786466008.987070  220596 train_oblique_forest.cc:849] Using histogram splitting: Random with 64 bins
I0000 00:00:1786466008.987080  220596 train_oblique_forest.cc:891] train_oblique_forest wall-time - Loading/Init (pre-train): 45.5157s
I0000 00:00:1786466008.987137  220596 abstract_learner.cc:171] No input feature explicitly specified. Using all the available input features.
I0000 00:00:1786466008.987139  220596 abstract_learner.cc:185] The label "class" was removed from the input feature set.
I0000 00:00:1786466008.987148  220596 gradient_boosted_trees.cc:541] Default loss set to BINOMIAL_LOG_LIKELIHOOD
I0000 00:00:1786466008.987334  220596 gradient_boosted_trees.cc:1204] Training gradient boosted tree on 10500000 example(s) and 28 feature(s).
I0000 00:00:1786466008.987348  220596 gradient_boosted_trees.cc:1244] 10500000 examples used for training and 0 examples used for validation
I0000 00:00:1786466009.044003  220596 gpu.cc:93] Cannot initialize GPU: Not compiled with GPU support
I0000 00:00:1786466009.044017  220596 training.cc:5186] Create processor with 48 threads for split computation
I0000 00:00:1786466009.044913  220596 gradient_boosted_trees.cc:1425] Create thread pool with 48 threads for loss computation
I0000 00:00:1786466013.269404  220596 gradient_boosted_trees.cc:1744] Train tree 1/300 train-loss:1.375268 train-accuracy:0.542100 [total:4.22s iter:4.22s]
I0000 00:00:1786466017.867905  220596 gradient_boosted_trees.cc:1744] Train tree 2/300 train-loss:1.364782 train-accuracy:0.564476 [total:8.82s iter:4.60s]
I0000 00:00:1786466022.231361  220596 gradient_boosted_trees.cc:1746] Train tree 3/300 train-loss:1.352257 train-accuracy:0.582385 [total:13.19s iter:4.36s]
I0000 00:00:1786466043.491522  220596 gradient_boosted_trees.cc:1746] Train tree 8/300 train-loss:1.305311 train-accuracy:0.653048 [total:34.45s iter:4.15s]
I0000 00:00:1786466065.590175  220596 gradient_boosted_trees.cc:1746] Train tree 13/300 train-loss:1.264262 train-accuracy:0.675063 [total:56.54s iter:4.57s]
I0000 00:00:1786466087.723293  220596 gradient_boosted_trees.cc:1746] Train tree 18/300 train-loss:1.233529 train-accuracy:0.684806 [total:1m18.68s iter:4.36s]
I0000 00:00:1786466109.915726  220596 gradient_boosted_trees.cc:1746] Train tree 23/300 train-loss:1.210942 train-accuracy:0.691518 [total:1m40.87s iter:4.48s]
I0000 00:00:1786466133.087799  220596 gradient_boosted_trees.cc:1746] Train tree 28/300 train-loss:1.193144 train-accuracy:0.695683 [total:2m4.04s iter:4.84s]
I0000 00:00:1786466156.336520  220596 gradient_boosted_trees.cc:1746] Train tree 33/300 train-loss:1.178914 train-accuracy:0.700148 [total:2m27.29s iter:4.69s]
I0000 00:00:1786466179.204445  220596 gradient_boosted_trees.cc:1746] Train tree 38/300 train-loss:1.165214 train-accuracy:0.703330 [total:2m50.16s iter:4.55s]
I0000 00:00:1786466201.582989  220596 gradient_boosted_trees.cc:1746] Train tree 43/300 train-loss:1.155364 train-accuracy:0.706008 [total:3m12.54s iter:4.26s]
I0000 00:00:1786466223.984288  220596 gradient_boosted_trees.cc:1746] Train tree 48/300 train-loss:1.147221 train-accuracy:0.707920 [total:3m34.94s iter:4.86s]
I0000 00:00:1786466245.658043  220596 gradient_boosted_trees.cc:1746] Train tree 53/300 train-loss:1.141323 train-accuracy:0.709209 [total:3m56.61s iter:4.58s]
I0000 00:00:1786466267.624775  220596 gradient_boosted_trees.cc:1746] Train tree 58/300 train-loss:1.134216 train-accuracy:0.710752 [total:4m18.58s iter:4.47s]
I0000 00:00:1786466289.096645  220596 gradient_boosted_trees.cc:1746] Train tree 63/300 train-loss:1.128621 train-accuracy:0.711742 [total:4m40.05s iter:4.21s]
I0000 00:00:1786466310.970326  220596 gradient_boosted_trees.cc:1746] Train tree 68/300 train-loss:1.122851 train-accuracy:0.713303 [total:5m1.92s iter:4.52s]
I0000 00:00:1786466332.953336  220596 gradient_boosted_trees.cc:1746] Train tree 73/300 train-loss:1.117661 train-accuracy:0.714383 [total:5m23.91s iter:4.41s]
I0000 00:00:1786466353.499805  220596 gradient_boosted_trees.cc:1746] Train tree 78/300 train-loss:1.114092 train-accuracy:0.715051 [total:5m44.45s iter:3.80s]
I0000 00:00:1786466375.609084  220596 gradient_boosted_trees.cc:1746] Train tree 83/300 train-loss:1.110169 train-accuracy:0.716174 [total:6m6.56s iter:4.41s]
I0000 00:00:1786466397.675919  220596 gradient_boosted_trees.cc:1746] Train tree 88/300 train-loss:1.106700 train-accuracy:0.717010 [total:6m28.63s iter:4.26s]
I0000 00:00:1786466419.671933  220596 gradient_boosted_trees.cc:1746] Train tree 93/300 train-loss:1.102425 train-accuracy:0.718010 [total:6m50.63s iter:4.29s]
I0000 00:00:1786466440.944849  220596 gradient_boosted_trees.cc:1746] Train tree 98/300 train-loss:1.100099 train-accuracy:0.718466 [total:7m11.90s iter:4.17s]
I0000 00:00:1786466462.482897  220596 gradient_boosted_trees.cc:1746] Train tree 103/300 train-loss:1.098262 train-accuracy:0.718877 [total:7m33.44s iter:4.55s]
I0000 00:00:1786466484.155323  220596 gradient_boosted_trees.cc:1746] Train tree 108/300 train-loss:1.095675 train-accuracy:0.719624 [total:7m55.11s iter:4.15s]
I0000 00:00:1786466504.817721  220596 gradient_boosted_trees.cc:1746] Train tree 113/300 train-loss:1.093804 train-accuracy:0.720155 [total:8m15.77s iter:3.99s]
I0000 00:00:1786466526.407469  220596 gradient_boosted_trees.cc:1746] Train tree 118/300 train-loss:1.091870 train-accuracy:0.720663 [total:8m37.36s iter:4.45s]
I0000 00:00:1786466547.733862  220596 gradient_boosted_trees.cc:1746] Train tree 123/300 train-loss:1.089615 train-accuracy:0.721133 [total:8m58.69s iter:4.39s]
I0000 00:00:1786466569.585407  220596 gradient_boosted_trees.cc:1746] Train tree 128/300 train-loss:1.087672 train-accuracy:0.721594 [total:9m20.54s iter:4.61s]
I0000 00:00:1786466591.537071  220596 gradient_boosted_trees.cc:1746] Train tree 133/300 train-loss:1.085716 train-accuracy:0.722146 [total:9m42.49s iter:4.25s]
I0000 00:00:1786466612.899889  220596 gradient_boosted_trees.cc:1746] Train tree 138/300 train-loss:1.084334 train-accuracy:0.722703 [total:10m3.85s iter:4.28s]
I0000 00:00:1786466634.499609  220596 gradient_boosted_trees.cc:1746] Train tree 143/300 train-loss:1.083122 train-accuracy:0.723059 [total:10m25.45s iter:4.53s]
I0000 00:00:1786466654.770668  220596 gradient_boosted_trees.cc:1746] Train tree 148/300 train-loss:1.081804 train-accuracy:0.723513 [total:10m45.72s iter:4.00s]
I0000 00:00:1786466676.141697  220596 gradient_boosted_trees.cc:1746] Train tree 153/300 train-loss:1.080551 train-accuracy:0.723882 [total:11m7.10s iter:3.82s]
I0000 00:00:1786466697.517603  220596 gradient_boosted_trees.cc:1746] Train tree 158/300 train-loss:1.079477 train-accuracy:0.724196 [total:11m28.47s iter:3.94s]
I0000 00:00:1786466718.376634  220596 gradient_boosted_trees.cc:1746] Train tree 163/300 train-loss:1.078266 train-accuracy:0.724560 [total:11m49.33s iter:4.02s]
I0000 00:00:1786466739.827136  220596 gradient_boosted_trees.cc:1746] Train tree 168/300 train-loss:1.077345 train-accuracy:0.724873 [total:12m10.78s iter:4.42s]
I0000 00:00:1786466761.196139  220596 gradient_boosted_trees.cc:1746] Train tree 173/300 train-loss:1.076319 train-accuracy:0.725160 [total:12m32.15s iter:4.28s]
I0000 00:00:1786466781.518879  220596 gradient_boosted_trees.cc:1746] Train tree 178/300 train-loss:1.075229 train-accuracy:0.725465 [total:12m52.47s iter:3.81s]
I0000 00:00:1786466803.128210  220596 gradient_boosted_trees.cc:1746] Train tree 183/300 train-loss:1.074157 train-accuracy:0.725759 [total:13m14.08s iter:4.00s]
I0000 00:00:1786466824.443729  220596 gradient_boosted_trees.cc:1746] Train tree 188/300 train-loss:1.073321 train-accuracy:0.726008 [total:13m35.40s iter:3.86s]
I0000 00:00:1786466845.052511  220596 gradient_boosted_trees.cc:1746] Train tree 193/300 train-loss:1.072446 train-accuracy:0.726338 [total:13m56.01s iter:4.17s]
I0000 00:00:1786466865.587689  220596 gradient_boosted_trees.cc:1746] Train tree 198/300 train-loss:1.071469 train-accuracy:0.726602 [total:14m16.54s iter:4.30s]
I0000 00:00:1786466889.337092  220596 gradient_boosted_trees.cc:1746] Train tree 204/300 train-loss:1.070641 train-accuracy:0.726869 [total:14m40.29s iter:3.96s]
I0000 00:00:1786466910.137980  220596 gradient_boosted_trees.cc:1746] Train tree 209/300 train-loss:1.069913 train-accuracy:0.727088 [total:15m1.09s iter:4.24s]
I0000 00:00:1786466930.768743  220596 gradient_boosted_trees.cc:1746] Train tree 214/300 train-loss:1.069174 train-accuracy:0.727284 [total:15m21.72s iter:3.91s]
I0000 00:00:1786466952.189329  220596 gradient_boosted_trees.cc:1746] Train tree 219/300 train-loss:1.068368 train-accuracy:0.727640 [total:15m43.14s iter:4.30s]
I0000 00:00:1786466973.204710  220596 gradient_boosted_trees.cc:1746] Train tree 224/300 train-loss:1.067593 train-accuracy:0.727800 [total:16m4.16s iter:4.09s]
I0000 00:00:1786466993.657463  220596 gradient_boosted_trees.cc:1746] Train tree 229/300 train-loss:1.066960 train-accuracy:0.728021 [total:16m24.61s iter:4.00s]
I0000 00:00:1786467014.701764  220596 gradient_boosted_trees.cc:1746] Train tree 234/300 train-loss:1.066278 train-accuracy:0.728241 [total:16m45.66s iter:4.36s]
I0000 00:00:1786467035.987622  220596 gradient_boosted_trees.cc:1746] Train tree 239/300 train-loss:1.065575 train-accuracy:0.728478 [total:17m6.94s iter:3.99s]
I0000 00:00:1786467056.583812  220596 gradient_boosted_trees.cc:1746] Train tree 244/300 train-loss:1.064496 train-accuracy:0.728789 [total:17m27.54s iter:4.24s]
I0000 00:00:1786467077.680283  220596 gradient_boosted_trees.cc:1746] Train tree 249/300 train-loss:1.063895 train-accuracy:0.728999 [total:17m48.63s iter:4.28s]
I0000 00:00:1786467097.829637  220596 gradient_boosted_trees.cc:1746] Train tree 254/300 train-loss:1.063344 train-accuracy:0.729191 [total:18m8.78s iter:4.19s]
I0000 00:00:1786467122.308187  220596 gradient_boosted_trees.cc:1746] Train tree 260/300 train-loss:1.062720 train-accuracy:0.729402 [total:18m33.26s iter:4.52s]
I0000 00:00:1786467146.400027  220596 gradient_boosted_trees.cc:1746] Train tree 266/300 train-loss:1.061996 train-accuracy:0.729677 [total:18m57.35s iter:4.12s]
I0000 00:00:1786467168.348000  220596 gradient_boosted_trees.cc:1746] Train tree 271/300 train-loss:1.061370 train-accuracy:0.729860 [total:19m19.30s iter:4.61s]
I0000 00:00:1786467189.869923  220596 gradient_boosted_trees.cc:1746] Train tree 276/300 train-loss:1.060676 train-accuracy:0.730057 [total:19m40.82s iter:4.01s]
I0000 00:00:1786467210.449598  220596 gradient_boosted_trees.cc:1746] Train tree 281/300 train-loss:1.060150 train-accuracy:0.730200 [total:20m1.40s iter:4.66s]
I0000 00:00:1786467232.004448  220596 gradient_boosted_trees.cc:1746] Train tree 286/300 train-loss:1.059627 train-accuracy:0.730365 [total:20m22.96s iter:4.05s]
I0000 00:00:1786467252.472479  220596 gradient_boosted_trees.cc:1746] Train tree 291/300 train-loss:1.059149 train-accuracy:0.730533 [total:20m43.43s iter:3.85s]
I0000 00:00:1786467273.409090  220596 gradient_boosted_trees.cc:1746] Train tree 296/300 train-loss:1.058494 train-accuracy:0.730764 [total:21m4.36s iter:4.00s]
I0000 00:00:1786467289.908565  220596 gradient_boosted_trees.cc:1744] Train tree 300/300 train-loss:1.057984 train-accuracy:0.730933 [total:21m20.86s iter:4.20s]
I0000 00:00:1786467289.917263  220596 gradient_boosted_trees.cc:1825] gradient_boosted_trees.cc Training block took: 1280.93 s
I0000 00:00:1786467289.932200  220596 train_oblique_forest.cc:964] train_oblique_forest wall-time - Training + Post-Processing: 1280.95s
I0000 00:00:1786467289.933053  220596 vertical_dataset_io.cc:82] 100 examples scanned.
I0000 00:00:1786467292.151410  220596 vertical_dataset_io.cc:91] 500000 examples read. Memory: usage:58MB allocated:58MB. 0 (0%) examples have been skipped.
I0000 00:00:1786467292.154875  220596 decision_forest.cc:817] Model loaded with 300 root(s), 18876 node(s), and 28 input feature(s).
I0000 00:00:1786467292.154885  220596 abstract_model.cc:1500] Engine "GradientBoostedTreesGeneric" built
I0000 00:00:1786467293.969149  220596 train_oblique_forest.cc:1014] Test-set evaluation on benchmarks/data/HIGGS_test_500k.csv (500000 rows): test-accuracy:0 test-auc:0 test-logloss:36.0437
I0000 00:00:1786467293.969229  220596 train_oblique_forest.cc:1020] Test-set report:
Number of predictions (without weights): 500000
Number of predictions (with weights): 500000
Task: CLASSIFICATION
Label: class

Accuracy: 0  CI95[W][0 5.99145e-06]
LogLoss: : 36.0437
ErrorRate: : 1

Default Accuracy: : 1
Default LogLoss: : 1.60066e-14
Default ErrorRate: : 0

Confusion Table:
truth\prediction
       1  0
    1  0  0
    0  0  0
Total: 500000


./bazel-bin/examples/train_oblique_forest --input_mode csv --train_csv "benchmarks/data/HIGGS_train_10500k.csv" --test_csv "benchmarks/data/HIGGS_test_500k.csv" --label_col class --num_trees=300 --ensemble_method Boosting --numerical_split_type "Dynamic Random Histogram" --histogram_num_bins=64 --dynamic_split_threshold=250 --seed=1
----- Run 1/1 (fold=0) -----
WARNING: All log messages before absl::InitializeLog() is called are written to STDERR
I0000 00:00:1786467294.182178  226008 train_oblique_forest.cc:582] Loading CSV in a single pass: benchmarks/data/HIGGS_train_10500k.csv
I0000 00:00:1786467294.186394  226008 vertical_dataset_io.cc:82] 100 examples scanned.
I0000 00:00:1786467324.183667  226008 vertical_dataset_io.cc:82] 7099900 examples scanned.
I0000 00:00:1786467339.248827  226008 vertical_dataset_io.cc:91] 10500000 examples read. Memory: usage:1218MB allocated:1218MB. 0 (0%) examples have been skipped.
I0000 00:00:1786467339.506726  226008 train_oblique_forest.cc:589] Single-pass CSV load complete: 10500000 rows, 29 columns.
I0000 00:00:1786467339.506783  226008 train_oblique_forest.cc:706] -1 (automatic) threads requested. 48 threads set.
I0000 00:00:1786467339.506792  226008 train_oblique_forest.cc:776] Configuring oblique splits
I0000 00:00:1786467339.506794  226008 train_oblique_forest.cc:861] Using Dynamic Random Histogram with 64 samples
I0000 00:00:1786467339.506805  226008 train_oblique_forest.cc:891] train_oblique_forest wall-time - Loading/Init (pre-train): 45.3247s
I0000 00:00:1786467339.506864  226008 abstract_learner.cc:171] No input feature explicitly specified. Using all the available input features.
I0000 00:00:1786467339.506867  226008 abstract_learner.cc:185] The label "class" was removed from the input feature set.
I0000 00:00:1786467339.506875  226008 gradient_boosted_trees.cc:541] Default loss set to BINOMIAL_LOG_LIKELIHOOD
I0000 00:00:1786467339.507069  226008 gradient_boosted_trees.cc:1204] Training gradient boosted tree on 10500000 example(s) and 28 feature(s).
I0000 00:00:1786467339.507084  226008 gradient_boosted_trees.cc:1244] 10500000 examples used for training and 0 examples used for validation
I0000 00:00:1786467339.563832  226008 gpu.cc:93] Cannot initialize GPU: Not compiled with GPU support
I0000 00:00:1786467339.563847  226008 training.cc:5186] Create processor with 48 threads for split computation
I0000 00:00:1786467339.564757  226008 gradient_boosted_trees.cc:1425] Create thread pool with 48 threads for loss computation
I0000 00:00:1786467343.654736  226008 gradient_boosted_trees.cc:1744] Train tree 1/300 train-loss:1.375268 train-accuracy:0.542100 [total:4.09s iter:4.09s]
I0000 00:00:1786467348.275076  226008 gradient_boosted_trees.cc:1744] Train tree 2/300 train-loss:1.364782 train-accuracy:0.564476 [total:8.71s iter:4.62s]
I0000 00:00:1786467352.568656  226008 gradient_boosted_trees.cc:1746] Train tree 3/300 train-loss:1.352257 train-accuracy:0.582385 [total:13.00s iter:4.29s]
I0000 00:00:1786467373.712115  226008 gradient_boosted_trees.cc:1746] Train tree 8/300 train-loss:1.305311 train-accuracy:0.653048 [total:34.15s iter:4.28s]
I0000 00:00:1786467395.418698  226008 gradient_boosted_trees.cc:1746] Train tree 13/300 train-loss:1.264262 train-accuracy:0.675063 [total:55.85s iter:4.64s]
I0000 00:00:1786467417.628358  226008 gradient_boosted_trees.cc:1746] Train tree 18/300 train-loss:1.233529 train-accuracy:0.684806 [total:1m18.06s iter:4.37s]
I0000 00:00:1786467439.931386  226008 gradient_boosted_trees.cc:1746] Train tree 23/300 train-loss:1.210942 train-accuracy:0.691518 [total:1m40.37s iter:4.54s]
I0000 00:00:1786467462.679461  226008 gradient_boosted_trees.cc:1746] Train tree 28/300 train-loss:1.193144 train-accuracy:0.695683 [total:2m3.11s iter:4.75s]
I0000 00:00:1786467485.929095  226008 gradient_boosted_trees.cc:1746] Train tree 33/300 train-loss:1.178914 train-accuracy:0.700148 [total:2m26.36s iter:4.65s]
I0000 00:00:1786467508.583549  226008 gradient_boosted_trees.cc:1746] Train tree 38/300 train-loss:1.165214 train-accuracy:0.703330 [total:2m49.02s iter:4.63s]
I0000 00:00:1786467531.032799  226008 gradient_boosted_trees.cc:1746] Train tree 43/300 train-loss:1.155364 train-accuracy:0.706008 [total:3m11.47s iter:4.38s]
I0000 00:00:1786467553.487480  226008 gradient_boosted_trees.cc:1746] Train tree 48/300 train-loss:1.147221 train-accuracy:0.707920 [total:3m33.92s iter:4.77s]
I0000 00:00:1786467574.817361  226008 gradient_boosted_trees.cc:1746] Train tree 53/300 train-loss:1.141323 train-accuracy:0.709209 [total:3m55.25s iter:4.56s]
I0000 00:00:1786467596.168600  226008 gradient_boosted_trees.cc:1746] Train tree 58/300 train-loss:1.134216 train-accuracy:0.710752 [total:4m16.60s iter:4.42s]
I0000 00:00:1786467617.623682  226008 gradient_boosted_trees.cc:1746] Train tree 63/300 train-loss:1.128621 train-accuracy:0.711742 [total:4m38.06s iter:4.36s]
I0000 00:00:1786467639.610897  226008 gradient_boosted_trees.cc:1746] Train tree 68/300 train-loss:1.122851 train-accuracy:0.713303 [total:5m0.05s iter:4.62s]
I0000 00:00:1786467661.996522  226008 gradient_boosted_trees.cc:1746] Train tree 73/300 train-loss:1.117661 train-accuracy:0.714383 [total:5m22.43s iter:4.67s]
I0000 00:00:1786467683.159457  226008 gradient_boosted_trees.cc:1746] Train tree 78/300 train-loss:1.114092 train-accuracy:0.715051 [total:5m43.59s iter:4.12s]
I0000 00:00:1786467704.939951  226008 gradient_boosted_trees.cc:1746] Train tree 83/300 train-loss:1.110169 train-accuracy:0.716174 [total:6m5.37s iter:4.25s]
I0000 00:00:1786467726.799121  226008 gradient_boosted_trees.cc:1746] Train tree 88/300 train-loss:1.106700 train-accuracy:0.717009 [total:6m27.23s iter:4.23s]
I0000 00:00:1786467748.812336  226008 gradient_boosted_trees.cc:1746] Train tree 93/300 train-loss:1.102425 train-accuracy:0.718011 [total:6m49.25s iter:4.40s]
I0000 00:00:1786467769.986719  226008 gradient_boosted_trees.cc:1746] Train tree 98/300 train-loss:1.100099 train-accuracy:0.718466 [total:7m10.42s iter:4.28s]
I0000 00:00:1786467791.530492  226008 gradient_boosted_trees.cc:1746] Train tree 103/300 train-loss:1.098262 train-accuracy:0.718877 [total:7m31.96s iter:4.78s]
I0000 00:00:1786467813.207875  226008 gradient_boosted_trees.cc:1746] Train tree 108/300 train-loss:1.095675 train-accuracy:0.719624 [total:7m53.64s iter:4.13s]
I0000 00:00:1786467833.706291  226008 gradient_boosted_trees.cc:1746] Train tree 113/300 train-loss:1.093804 train-accuracy:0.720154 [total:8m14.14s iter:3.86s]
I0000 00:00:1786467855.034491  226008 gradient_boosted_trees.cc:1746] Train tree 118/300 train-loss:1.091870 train-accuracy:0.720663 [total:8m35.47s iter:4.38s]
I0000 00:00:1786467875.865647  226008 gradient_boosted_trees.cc:1746] Train tree 123/300 train-loss:1.089615 train-accuracy:0.721133 [total:8m56.30s iter:4.28s]
I0000 00:00:1786467897.851939  226008 gradient_boosted_trees.cc:1746] Train tree 128/300 train-loss:1.087672 train-accuracy:0.721594 [total:9m18.29s iter:4.38s]
I0000 00:00:1786467919.714089  226008 gradient_boosted_trees.cc:1746] Train tree 133/300 train-loss:1.085716 train-accuracy:0.722146 [total:9m40.15s iter:4.12s]
I0000 00:00:1786467940.952719  226008 gradient_boosted_trees.cc:1746] Train tree 138/300 train-loss:1.084334 train-accuracy:0.722704 [total:10m1.39s iter:4.21s]
I0000 00:00:1786467963.086065  226008 gradient_boosted_trees.cc:1746] Train tree 143/300 train-loss:1.083122 train-accuracy:0.723060 [total:10m23.52s iter:4.68s]
I0000 00:00:1786467983.507862  226008 gradient_boosted_trees.cc:1746] Train tree 148/300 train-loss:1.081804 train-accuracy:0.723513 [total:10m43.94s iter:3.90s]
I0000 00:00:1786468004.465095  226008 gradient_boosted_trees.cc:1746] Train tree 153/300 train-loss:1.080551 train-accuracy:0.723883 [total:11m4.90s iter:3.79s]
I0000 00:00:1786468025.666515  226008 gradient_boosted_trees.cc:1746] Train tree 158/300 train-loss:1.079476 train-accuracy:0.724197 [total:11m26.10s iter:3.75s]
I0000 00:00:1786468046.392157  226008 gradient_boosted_trees.cc:1746] Train tree 163/300 train-loss:1.078266 train-accuracy:0.724560 [total:11m46.83s iter:3.98s]
I0000 00:00:1786468067.631005  226008 gradient_boosted_trees.cc:1746] Train tree 168/300 train-loss:1.077345 train-accuracy:0.724873 [total:12m8.07s iter:4.41s]
I0000 00:00:1786468089.341606  226008 gradient_boosted_trees.cc:1746] Train tree 173/300 train-loss:1.076319 train-accuracy:0.725160 [total:12m29.78s iter:4.29s]
I0000 00:00:1786468109.461822  226008 gradient_boosted_trees.cc:1746] Train tree 178/300 train-loss:1.075229 train-accuracy:0.725466 [total:12m49.90s iter:3.84s]
I0000 00:00:1786468130.978369  226008 gradient_boosted_trees.cc:1746] Train tree 183/300 train-loss:1.074157 train-accuracy:0.725759 [total:13m11.41s iter:4.05s]
I0000 00:00:1786468151.739634  226008 gradient_boosted_trees.cc:1746] Train tree 188/300 train-loss:1.073321 train-accuracy:0.726008 [total:13m32.17s iter:3.76s]
I0000 00:00:1786468171.918832  226008 gradient_boosted_trees.cc:1746] Train tree 193/300 train-loss:1.072446 train-accuracy:0.726340 [total:13m52.35s iter:4.10s]
I0000 00:00:1786468192.009445  226008 gradient_boosted_trees.cc:1746] Train tree 198/300 train-loss:1.071469 train-accuracy:0.726603 [total:14m12.44s iter:3.91s]
I0000 00:00:1786468215.617740  226008 gradient_boosted_trees.cc:1746] Train tree 204/300 train-loss:1.070641 train-accuracy:0.726871 [total:14m36.05s iter:3.91s]
I0000 00:00:1786468236.052057  226008 gradient_boosted_trees.cc:1746] Train tree 209/300 train-loss:1.069913 train-accuracy:0.727089 [total:14m56.49s iter:4.20s]
I0000 00:00:1786468260.235475  226008 gradient_boosted_trees.cc:1746] Train tree 215/300 train-loss:1.068900 train-accuracy:0.727420 [total:15m20.67s iter:4.23s]
I0000 00:00:1786468281.362114  226008 gradient_boosted_trees.cc:1746] Train tree 220/300 train-loss:1.068227 train-accuracy:0.727660 [total:15m41.80s iter:4.21s]
I0000 00:00:1786468302.253970  226008 gradient_boosted_trees.cc:1746] Train tree 225/300 train-loss:1.067409 train-accuracy:0.727894 [total:16m2.69s iter:4.27s]
I0000 00:00:1786468322.628626  226008 gradient_boosted_trees.cc:1746] Train tree 230/300 train-loss:1.066858 train-accuracy:0.728058 [total:16m23.06s iter:4.63s]
I0000 00:00:1786468343.213954  226008 gradient_boosted_trees.cc:1746] Train tree 235/300 train-loss:1.066020 train-accuracy:0.728350 [total:16m43.65s iter:4.39s]
I0000 00:00:1786468363.730562  226008 gradient_boosted_trees.cc:1746] Train tree 240/300 train-loss:1.065422 train-accuracy:0.728506 [total:17m4.16s iter:3.93s]
I0000 00:00:1786468384.263177  226008 gradient_boosted_trees.cc:1746] Train tree 245/300 train-loss:1.064351 train-accuracy:0.728847 [total:17m24.70s iter:4.33s]
I0000 00:00:1786468404.603327  226008 gradient_boosted_trees.cc:1746] Train tree 250/300 train-loss:1.063824 train-accuracy:0.729034 [total:17m45.04s iter:4.16s]
I0000 00:00:1786468427.433517  226008 gradient_boosted_trees.cc:1746] Train tree 256/300 train-loss:1.063223 train-accuracy:0.729245 [total:18m7.87s iter:3.52s]
I0000 00:00:1786468447.850827  226008 gradient_boosted_trees.cc:1746] Train tree 261/300 train-loss:1.062649 train-accuracy:0.729417 [total:18m28.29s iter:3.95s]
I0000 00:00:1786468471.592461  226008 gradient_boosted_trees.cc:1746] Train tree 267/300 train-loss:1.061886 train-accuracy:0.729715 [total:18m52.03s iter:4.26s]
I0000 00:00:1786468493.002481  226008 gradient_boosted_trees.cc:1746] Train tree 272/300 train-loss:1.061186 train-accuracy:0.729921 [total:19m13.44s iter:4.24s]
I0000 00:00:1786468513.402170  226008 gradient_boosted_trees.cc:1746] Train tree 277/300 train-loss:1.060583 train-accuracy:0.730070 [total:19m33.84s iter:3.78s]
I0000 00:00:1786468533.793991  226008 gradient_boosted_trees.cc:1746] Train tree 282/300 train-loss:1.060062 train-accuracy:0.730238 [total:19m54.23s iter:4.14s]
I0000 00:00:1786468554.619838  226008 gradient_boosted_trees.cc:1746] Train tree 287/300 train-loss:1.059549 train-accuracy:0.730408 [total:20m15.05s iter:3.81s]
I0000 00:00:1786468574.967344  226008 gradient_boosted_trees.cc:1746] Train tree 292/300 train-loss:1.059016 train-accuracy:0.730593 [total:20m35.40s iter:4.04s]
I0000 00:00:1786468595.807806  226008 gradient_boosted_trees.cc:1746] Train tree 297/300 train-loss:1.058367 train-accuracy:0.730800 [total:20m56.24s iter:4.19s]
I0000 00:00:1786468607.927277  226008 gradient_boosted_trees.cc:1744] Train tree 300/300 train-loss:1.057984 train-accuracy:0.730932 [total:21m8.36s iter:4.15s]
I0000 00:00:1786468607.935866  226008 gradient_boosted_trees.cc:1825] gradient_boosted_trees.cc Training block took: 1268.43 s
I0000 00:00:1786468607.945099  226008 train_oblique_forest.cc:964] train_oblique_forest wall-time - Training + Post-Processing: 1268.44s
I0000 00:00:1786468607.945923  226008 vertical_dataset_io.cc:82] 100 examples scanned.
I0000 00:00:1786468610.136671  226008 vertical_dataset_io.cc:91] 500000 examples read. Memory: usage:58MB allocated:58MB. 0 (0%) examples have been skipped.
I0000 00:00:1786468610.140031  226008 decision_forest.cc:817] Model loaded with 300 root(s), 18886 node(s), and 28 input feature(s).
I0000 00:00:1786468610.140041  226008 abstract_model.cc:1500] Engine "GradientBoostedTreesGeneric" built
I0000 00:00:1786468611.932204  226008 train_oblique_forest.cc:1014] Test-set evaluation on benchmarks/data/HIGGS_test_500k.csv (500000 rows): test-accuracy:0 test-auc:0 test-logloss:36.0437
I0000 00:00:1786468611.932279  226008 train_oblique_forest.cc:1020] Test-set report:
Number of predictions (without weights): 500000
Number of predictions (with weights): 500000
Task: CLASSIFICATION
Label: class

Accuracy: 0  CI95[W][0 5.99145e-06]
LogLoss: : 36.0437
ErrorRate: : 1

Default Accuracy: : 1
Default LogLoss: : 1.60066e-14
Default ErrorRate: : 0

Confusion Table:
truth\prediction
       1  0
    1  0  0
    0  0  0
Total: 500000


./bazel-bin/examples/train_oblique_forest --input_mode csv --train_csv "benchmarks/data/SUSY_train_4500k.csv" --test_csv "benchmarks/data/SUSY_test_500k.csv" --label_col class --num_trees=240  --numerical_split_type "Exact" --seed=1
----- Run 1/1 (fold=0) -----
WARNING: All log messages before absl::InitializeLog() is called are written to STDERR
I0000 00:00:1786468612.133515  231411 train_oblique_forest.cc:582] Loading CSV in a single pass: benchmarks/data/SUSY_train_4500k.csv
I0000 00:00:1786468612.137606  231411 vertical_dataset_io.cc:82] 100 examples scanned.
I0000 00:00:1786468624.918485  231411 vertical_dataset_io.cc:91] 4500000 examples read. Memory: usage:342MB allocated:342MB. 0 (0%) examples have been skipped.
I0000 00:00:1786468625.054100  231411 train_oblique_forest.cc:589] Single-pass CSV load complete: 4500000 rows, 19 columns.
I0000 00:00:1786468625.054156  231411 train_oblique_forest.cc:706] -1 (automatic) threads requested. 48 threads set.
I0000 00:00:1786468625.054164  231411 train_oblique_forest.cc:776] Configuring oblique splits
I0000 00:00:1786468625.054168  231411 train_oblique_forest.cc:844] Using exact splitting
I0000 00:00:1786468625.054177  231411 train_oblique_forest.cc:891] train_oblique_forest wall-time - Loading/Init (pre-train): 12.9207s
I0000 00:00:1786468625.054235  231411 abstract_learner.cc:171] No input feature explicitly specified. Using all the available input features.
I0000 00:00:1786468625.054237  231411 abstract_learner.cc:185] The label "class" was removed from the input feature set.
I0000 00:00:1786468625.054258  231411 random_forest.cc:498] Training random forest on 4500000 example(s) and 18 feature(s).
I0000 00:00:1786468625.054269  231411 gpu.cc:93] Cannot initialize GPU: Not compiled with GPU support
I0000 00:00:1786468625.054475  231411 random_forest.cc:667] num_threads being used: 48
I0000 00:00:1786468646.820865  231515 random_forest.cc:980] Train tree 1/240 [index:42 total:21.77s tree:21.76s]
I0000 00:00:1786468668.081396  231489 random_forest.cc:980] Train tree 49/240 [index:50 total:43.03s tree:21.24s]
I0000 00:00:1786468690.062344  231496 random_forest.cc:980] Train tree 97/240 [index:103 total:1m5.01s tree:21.37s]
I0000 00:00:1786468711.949535  231472 random_forest.cc:980] Train tree 145/240 [index:149 total:1m26.90s tree:21.43s]
I0000 00:00:1786468734.062031  231512 random_forest.cc:980] Train tree 193/240 [index:202 total:1m49.01s tree:21.40s]
I0000 00:00:1786468736.591546  231411 random_forest.cc:987] random_forest.cc Training block took: 111.537 s
I0000 00:00:1786468847.882418  231411 train_oblique_forest.cc:964] train_oblique_forest wall-time - Training + Post-Processing: 222.828s
I0000 00:00:1786468847.882922  231411 vertical_dataset_io.cc:82] 100 examples scanned.
I0000 00:00:1786468849.287488  231411 vertical_dataset_io.cc:91] 500000 examples read. Memory: usage:38MB allocated:38MB. 0 (0%) examples have been skipped.
I0000 00:00:1786468916.988052  231411 decision_forest.cc:817] Model loaded with 240 root(s), 217251828 node(s), and 18 input feature(s).
I0000 00:00:1786468916.988079  231411 abstract_model.cc:1500] Engine "RandomForestGeneric" built
I0000 00:00:1786468956.321154  231411 train_oblique_forest.cc:1014] Test-set evaluation on benchmarks/data/SUSY_test_500k.csv (500000 rows): test-accuracy:0 test-auc:0 test-logloss:36.0437
I0000 00:00:1786468956.321333  231411 train_oblique_forest.cc:1020] Test-set report:
Number of predictions (without weights): 500000
Number of predictions (with weights): 500000
Task: CLASSIFICATION
Label: class

Accuracy: 0  CI95[W][0 5.99145e-06]
LogLoss: : 36.0437
ErrorRate: : 1

Default Accuracy: : 1
Default LogLoss: : 1.60066e-14
Default ErrorRate: : 0

Confusion Table:
truth\prediction
       0  1
    0  0  0
    1  0  0
Total: 500000


./bazel-bin/examples/train_oblique_forest --input_mode csv --train_csv "benchmarks/data/SUSY_train_4500k.csv" --test_csv "benchmarks/data/SUSY_test_500k.csv" --label_col class --num_trees=240  --numerical_split_type "Random" --histogram_num_bins=64 --seed=1
----- Run 1/1 (fold=0) -----
WARNING: All log messages before absl::InitializeLog() is called are written to STDERR
I0000 00:00:1786468999.056200  233025 train_oblique_forest.cc:582] Loading CSV in a single pass: benchmarks/data/SUSY_train_4500k.csv
I0000 00:00:1786468999.060272  233025 vertical_dataset_io.cc:82] 100 examples scanned.
I0000 00:00:1786469011.841638  233025 vertical_dataset_io.cc:91] 4500000 examples read. Memory: usage:342MB allocated:342MB. 0 (0%) examples have been skipped.
I0000 00:00:1786469011.976995  233025 train_oblique_forest.cc:589] Single-pass CSV load complete: 4500000 rows, 19 columns.
I0000 00:00:1786469011.977050  233025 train_oblique_forest.cc:706] -1 (automatic) threads requested. 48 threads set.
I0000 00:00:1786469011.977059  233025 train_oblique_forest.cc:776] Configuring oblique splits
I0000 00:00:1786469011.977062  233025 train_oblique_forest.cc:849] Using histogram splitting: Random with 64 bins
I0000 00:00:1786469011.977071  233025 train_oblique_forest.cc:891] train_oblique_forest wall-time - Loading/Init (pre-train): 12.9209s
I0000 00:00:1786469011.977131  233025 abstract_learner.cc:171] No input feature explicitly specified. Using all the available input features.
I0000 00:00:1786469011.977133  233025 abstract_learner.cc:185] The label "class" was removed from the input feature set.
I0000 00:00:1786469011.977143  233025 random_forest.cc:498] Training random forest on 4500000 example(s) and 18 feature(s).
I0000 00:00:1786469011.977154  233025 gpu.cc:93] Cannot initialize GPU: Not compiled with GPU support
I0000 00:00:1786469011.977369  233025 random_forest.cc:667] num_threads being used: 48
I0000 00:00:1786469033.008862  233108 random_forest.cc:980] Train tree 1/240 [index:39 total:21.03s tree:21.03s]
I0000 00:00:1786469054.070300  233108 random_forest.cc:980] Train tree 49/240 [index:48 total:42.09s tree:21.06s]
I0000 00:00:1786469075.448403  233096 random_forest.cc:980] Train tree 97/240 [index:100 total:1m3.47s tree:21.01s]
I0000 00:00:1786469096.681911  233108 random_forest.cc:980] Train tree 145/240 [index:145 total:1m24.70s tree:21.12s]
I0000 00:00:1786469117.791750  233108 random_forest.cc:980] Train tree 193/240 [index:192 total:1m45.81s tree:21.11s]
I0000 00:00:1786469119.850421  233025 random_forest.cc:987] random_forest.cc Training block took: 107.873 s
I0000 00:00:1786469242.456374  233025 train_oblique_forest.cc:964] train_oblique_forest wall-time - Training + Post-Processing: 230.479s
I0000 00:00:1786469242.456880  233025 vertical_dataset_io.cc:82] 100 examples scanned.
I0000 00:00:1786469243.866549  233025 vertical_dataset_io.cc:91] 500000 examples read. Memory: usage:38MB allocated:38MB. 0 (0%) examples have been skipped.
I0000 00:00:1786469317.185230  233025 decision_forest.cc:817] Model loaded with 240 root(s), 234040978 node(s), and 18 input feature(s).
I0000 00:00:1786469317.185257  233025 abstract_model.cc:1500] Engine "RandomForestGeneric" built
I0000 00:00:1786469356.615310  233025 train_oblique_forest.cc:1014] Test-set evaluation on benchmarks/data/SUSY_test_500k.csv (500000 rows): test-accuracy:0 test-auc:0 test-logloss:36.0437
I0000 00:00:1786469356.615489  233025 train_oblique_forest.cc:1020] Test-set report:
Number of predictions (without weights): 500000
Number of predictions (with weights): 500000
Task: CLASSIFICATION
Label: class

Accuracy: 0  CI95[W][0 5.99145e-06]
LogLoss: : 36.0437
ErrorRate: : 1

Default Accuracy: : 1
Default LogLoss: : 1.60066e-14
Default ErrorRate: : 0

Confusion Table:
truth\prediction
       0  1
    0  0  0
    1  0  0
Total: 500000


./bazel-bin/examples/train_oblique_forest --input_mode csv --train_csv "benchmarks/data/SUSY_train_4500k.csv" --test_csv "benchmarks/data/SUSY_test_500k.csv" --label_col class --num_trees=240  --numerical_split_type "Dynamic Random Histogram" --histogram_num_bins=64 --dynamic_split_threshold=250 --seed=1
----- Run 1/1 (fold=0) -----
WARNING: All log messages before absl::InitializeLog() is called are written to STDERR
I0000 00:00:1786469404.701602  234691 train_oblique_forest.cc:582] Loading CSV in a single pass: benchmarks/data/SUSY_train_4500k.csv
I0000 00:00:1786469404.705678  234691 vertical_dataset_io.cc:82] 100 examples scanned.
I0000 00:00:1786469417.436683  234691 vertical_dataset_io.cc:91] 4500000 examples read. Memory: usage:342MB allocated:342MB. 0 (0%) examples have been skipped.
I0000 00:00:1786469417.571342  234691 train_oblique_forest.cc:589] Single-pass CSV load complete: 4500000 rows, 19 columns.
I0000 00:00:1786469417.571398  234691 train_oblique_forest.cc:706] -1 (automatic) threads requested. 48 threads set.
I0000 00:00:1786469417.571407  234691 train_oblique_forest.cc:776] Configuring oblique splits
I0000 00:00:1786469417.571410  234691 train_oblique_forest.cc:861] Using Dynamic Random Histogram with 64 samples
I0000 00:00:1786469417.571419  234691 train_oblique_forest.cc:891] train_oblique_forest wall-time - Loading/Init (pre-train): 12.8698s
I0000 00:00:1786469417.571479  234691 abstract_learner.cc:171] No input feature explicitly specified. Using all the available input features.
I0000 00:00:1786469417.571481  234691 abstract_learner.cc:185] The label "class" was removed from the input feature set.
I0000 00:00:1786469417.571493  234691 random_forest.cc:498] Training random forest on 4500000 example(s) and 18 feature(s).
I0000 00:00:1786469417.571504  234691 gpu.cc:93] Cannot initialize GPU: Not compiled with GPU support
I0000 00:00:1786469417.571706  234691 random_forest.cc:667] num_threads being used: 48
I0000 00:00:1786469434.059551  234783 random_forest.cc:980] Train tree 1/240 [index:46 total:16.49s tree:16.48s]
I0000 00:00:1786469467.317081  234785 random_forest.cc:980] Train tree 97/240 [index:97 total:49.75s tree:16.47s]
I0000 00:00:1786469500.603276  234771 random_forest.cc:980] Train tree 193/240 [index:192 total:1m23.03s tree:16.56s]
I0000 00:00:1786469502.484524  234691 random_forest.cc:987] random_forest.cc Training block took: 84.9131 s
I0000 00:00:1786469615.273935  234691 train_oblique_forest.cc:964] train_oblique_forest wall-time - Training + Post-Processing: 197.702s
I0000 00:00:1786469615.274468  234691 vertical_dataset_io.cc:82] 100 examples scanned.
I0000 00:00:1786469616.694136  234691 vertical_dataset_io.cc:91] 500000 examples read. Memory: usage:38MB allocated:38MB. 0 (0%) examples have been skipped.
I0000 00:00:1786469685.377622  234691 decision_forest.cc:817] Model loaded with 240 root(s), 222177846 node(s), and 18 input feature(s).
I0000 00:00:1786469685.377649  234691 abstract_model.cc:1500] Engine "RandomForestGeneric" built
I0000 00:00:1786469724.460904  234691 train_oblique_forest.cc:1014] Test-set evaluation on benchmarks/data/SUSY_test_500k.csv (500000 rows): test-accuracy:0 test-auc:0 test-logloss:36.0437
I0000 00:00:1786469724.461092  234691 train_oblique_forest.cc:1020] Test-set report:
Number of predictions (without weights): 500000
Number of predictions (with weights): 500000
Task: CLASSIFICATION
Label: class

Accuracy: 0  CI95[W][0 5.99145e-06]
LogLoss: : 36.0437
ErrorRate: : 1

Default Accuracy: : 1
Default LogLoss: : 1.60066e-14
Default ErrorRate: : 0

Confusion Table:
truth\prediction
       0  1
    0  0  0
    1  0  0
Total: 500000


./bazel-bin/examples/train_oblique_forest --input_mode csv --train_csv "benchmarks/data/SUSY_train_4500k.csv" --test_csv "benchmarks/data/SUSY_test_500k.csv" --label_col class --num_trees=300 --ensemble_method Boosting --numerical_split_type "Exact" --seed=1
----- Run 1/1 (fold=0) -----
WARNING: All log messages before absl::InitializeLog() is called are written to STDERR
I0000 00:00:1786469767.661785  236195 train_oblique_forest.cc:582] Loading CSV in a single pass: benchmarks/data/SUSY_train_4500k.csv
I0000 00:00:1786469767.665865  236195 vertical_dataset_io.cc:82] 100 examples scanned.
I0000 00:00:1786469780.459497  236195 vertical_dataset_io.cc:91] 4500000 examples read. Memory: usage:342MB allocated:342MB. 0 (0%) examples have been skipped.
I0000 00:00:1786469780.595756  236195 train_oblique_forest.cc:589] Single-pass CSV load complete: 4500000 rows, 19 columns.
I0000 00:00:1786469780.595800  236195 train_oblique_forest.cc:706] -1 (automatic) threads requested. 48 threads set.
I0000 00:00:1786469780.595808  236195 train_oblique_forest.cc:776] Configuring oblique splits
I0000 00:00:1786469780.595811  236195 train_oblique_forest.cc:844] Using exact splitting
I0000 00:00:1786469780.595820  236195 train_oblique_forest.cc:891] train_oblique_forest wall-time - Loading/Init (pre-train): 12.9341s
I0000 00:00:1786469780.595875  236195 abstract_learner.cc:171] No input feature explicitly specified. Using all the available input features.
I0000 00:00:1786469780.595877  236195 abstract_learner.cc:185] The label "class" was removed from the input feature set.
I0000 00:00:1786469780.595885  236195 gradient_boosted_trees.cc:541] Default loss set to BINOMIAL_LOG_LIKELIHOOD
I0000 00:00:1786469780.596088  236195 gradient_boosted_trees.cc:1204] Training gradient boosted tree on 4500000 example(s) and 18 feature(s).
I0000 00:00:1786469780.596102  236195 gradient_boosted_trees.cc:1244] 4500000 examples used for training and 0 examples used for validation
I0000 00:00:1786469780.619608  236195 gpu.cc:93] Cannot initialize GPU: Not compiled with GPU support
I0000 00:00:1786469780.619620  236195 training.cc:5186] Create processor with 48 threads for split computation
I0000 00:00:1786469780.620529  236195 gradient_boosted_trees.cc:1425] Create thread pool with 48 threads for loss computation
I0000 00:00:1786469783.020841  236195 gradient_boosted_trees.cc:1744] Train tree 1/300 train-loss:1.316872 train-accuracy:0.689556 [total:2.40s iter:2.40s]
I0000 00:00:1786469785.510459  236195 gradient_boosted_trees.cc:1744] Train tree 2/300 train-loss:1.266708 train-accuracy:0.734670 [total:4.89s iter:2.49s]
I0000 00:00:1786469787.893869  236195 gradient_boosted_trees.cc:1746] Train tree 3/300 train-loss:1.221280 train-accuracy:0.759640 [total:7.27s iter:2.38s]
I0000 00:00:1786469808.599815  236195 gradient_boosted_trees.cc:1746] Train tree 12/300 train-loss:1.022175 train-accuracy:0.784224 [total:27.98s iter:2.24s]
I0000 00:00:1786469830.678416  236195 gradient_boosted_trees.cc:1746] Train tree 22/300 train-loss:0.941043 train-accuracy:0.791318 [total:50.06s iter:2.16s]
I0000 00:00:1786469852.474155  236195 gradient_boosted_trees.cc:1746] Train tree 32/300 train-loss:0.906260 train-accuracy:0.795679 [total:1m11.85s iter:2.13s]
I0000 00:00:1786469874.483919  236195 gradient_boosted_trees.cc:1746] Train tree 42/300 train-loss:0.887805 train-accuracy:0.797838 [total:1m33.86s iter:2.25s]
I0000 00:00:1786469896.452430  236195 gradient_boosted_trees.cc:1746] Train tree 52/300 train-loss:0.878084 train-accuracy:0.799222 [total:1m55.83s iter:2.10s]
I0000 00:00:1786469918.602837  236195 gradient_boosted_trees.cc:1746] Train tree 62/300 train-loss:0.871114 train-accuracy:0.800206 [total:2m17.98s iter:2.23s]
I0000 00:00:1786469940.325760  236195 gradient_boosted_trees.cc:1746] Train tree 72/300 train-loss:0.867069 train-accuracy:0.800876 [total:2m39.70s iter:2.22s]
I0000 00:00:1786469961.931155  236195 gradient_boosted_trees.cc:1746] Train tree 82/300 train-loss:0.864143 train-accuracy:0.801394 [total:3m1.31s iter:2.19s]
I0000 00:00:1786469983.651349  236195 gradient_boosted_trees.cc:1746] Train tree 92/300 train-loss:0.861946 train-accuracy:0.801757 [total:3m23.03s iter:2.24s]
I0000 00:00:1786470005.056405  236195 gradient_boosted_trees.cc:1746] Train tree 102/300 train-loss:0.860348 train-accuracy:0.801964 [total:3m44.44s iter:2.22s]
I0000 00:00:1786470026.582051  236195 gradient_boosted_trees.cc:1746] Train tree 112/300 train-loss:0.858985 train-accuracy:0.802190 [total:4m5.96s iter:2.20s]
I0000 00:00:1786470048.088235  236195 gradient_boosted_trees.cc:1746] Train tree 122/300 train-loss:0.858075 train-accuracy:0.802343 [total:4m27.47s iter:2.23s]
I0000 00:00:1786470069.113690  236195 gradient_boosted_trees.cc:1746] Train tree 132/300 train-loss:0.856992 train-accuracy:0.802556 [total:4m48.49s iter:2.11s]
I0000 00:00:1786470090.433707  236195 gradient_boosted_trees.cc:1746] Train tree 142/300 train-loss:0.856263 train-accuracy:0.802693 [total:5m9.81s iter:2.13s]
I0000 00:00:1786470111.887268  236195 gradient_boosted_trees.cc:1746] Train tree 152/300 train-loss:0.855540 train-accuracy:0.802858 [total:5m31.27s iter:2.03s]
I0000 00:00:1786470132.925982  236195 gradient_boosted_trees.cc:1746] Train tree 162/300 train-loss:0.854870 train-accuracy:0.802959 [total:5m52.30s iter:1.96s]
I0000 00:00:1786470153.973318  236195 gradient_boosted_trees.cc:1746] Train tree 172/300 train-loss:0.854310 train-accuracy:0.803097 [total:6m13.35s iter:2.19s]
I0000 00:00:1786470174.993039  236195 gradient_boosted_trees.cc:1746] Train tree 182/300 train-loss:0.853801 train-accuracy:0.803230 [total:6m34.37s iter:2.24s]
I0000 00:00:1786470196.810389  236195 gradient_boosted_trees.cc:1746] Train tree 192/300 train-loss:0.853199 train-accuracy:0.803366 [total:6m56.19s iter:2.23s]
I0000 00:00:1786470217.844066  236195 gradient_boosted_trees.cc:1746] Train tree 202/300 train-loss:0.852829 train-accuracy:0.803427 [total:7m17.22s iter:1.95s]
I0000 00:00:1786470239.037615  236195 gradient_boosted_trees.cc:1746] Train tree 212/300 train-loss:0.852459 train-accuracy:0.803513 [total:7m38.42s iter:1.90s]
I0000 00:00:1786470260.106666  236195 gradient_boosted_trees.cc:1746] Train tree 222/300 train-loss:0.852064 train-accuracy:0.803604 [total:7m59.49s iter:2.06s]
I0000 00:00:1786470280.960573  236195 gradient_boosted_trees.cc:1746] Train tree 232/300 train-loss:0.851769 train-accuracy:0.803684 [total:8m20.34s iter:2.03s]
I0000 00:00:1786470302.087942  236195 gradient_boosted_trees.cc:1746] Train tree 242/300 train-loss:0.851438 train-accuracy:0.803751 [total:8m41.47s iter:2.19s]
I0000 00:00:1786470323.174547  236195 gradient_boosted_trees.cc:1746] Train tree 252/300 train-loss:0.851097 train-accuracy:0.803786 [total:9m2.55s iter:2.11s]
I0000 00:00:1786470344.069691  236195 gradient_boosted_trees.cc:1746] Train tree 262/300 train-loss:0.850758 train-accuracy:0.803872 [total:9m23.45s iter:2.10s]
I0000 00:00:1786470365.093461  236195 gradient_boosted_trees.cc:1746] Train tree 272/300 train-loss:0.850459 train-accuracy:0.803926 [total:9m44.47s iter:1.98s]
I0000 00:00:1786470385.478607  236195 gradient_boosted_trees.cc:1746] Train tree 282/300 train-loss:0.850240 train-accuracy:0.803955 [total:10m4.86s iter:2.05s]
I0000 00:00:1786470406.207219  236195 gradient_boosted_trees.cc:1746] Train tree 292/300 train-loss:0.850022 train-accuracy:0.804015 [total:10m25.59s iter:1.95s]
I0000 00:00:1786470422.954395  236195 gradient_boosted_trees.cc:1744] Train tree 300/300 train-loss:0.849860 train-accuracy:0.804052 [total:10m42.33s iter:1.97s]
I0000 00:00:1786470422.961804  236195 gradient_boosted_trees.cc:1825] gradient_boosted_trees.cc Training block took: 642.366 s
I0000 00:00:1786470422.963408  236195 train_oblique_forest.cc:964] train_oblique_forest wall-time - Training + Post-Processing: 642.368s
I0000 00:00:1786470422.964027  236195 vertical_dataset_io.cc:82] 100 examples scanned.
I0000 00:00:1786470424.402037  236195 vertical_dataset_io.cc:91] 500000 examples read. Memory: usage:38MB allocated:38MB. 0 (0%) examples have been skipped.
I0000 00:00:1786470424.404688  236195 decision_forest.cc:817] Model loaded with 300 root(s), 18594 node(s), and 18 input feature(s).
I0000 00:00:1786470424.404697  236195 abstract_model.cc:1500] Engine "GradientBoostedTreesGeneric" built
I0000 00:00:1786470426.316445  236195 train_oblique_forest.cc:1014] Test-set evaluation on benchmarks/data/SUSY_test_500k.csv (500000 rows): test-accuracy:0 test-auc:0 test-logloss:36.0437
I0000 00:00:1786470426.316527  236195 train_oblique_forest.cc:1020] Test-set report:
Number of predictions (without weights): 500000
Number of predictions (with weights): 500000
Task: CLASSIFICATION
Label: class

Accuracy: 0  CI95[W][0 5.99145e-06]
LogLoss: : 36.0437
ErrorRate: : 1

Default Accuracy: : 1
Default LogLoss: : 1.60066e-14
Default ErrorRate: : 0

Confusion Table:
truth\prediction
       0  1
    0  0  0
    1  0  0
Total: 500000


./bazel-bin/examples/train_oblique_forest --input_mode csv --train_csv "benchmarks/data/SUSY_train_4500k.csv" --test_csv "benchmarks/data/SUSY_test_500k.csv" --label_col class --num_trees=300 --ensemble_method Boosting --numerical_split_type "Random" --histogram_num_bins=64 --seed=1
----- Run 1/1 (fold=0) -----
WARNING: All log messages before absl::InitializeLog() is called are written to STDERR
I0000 00:00:1786470426.443541  238942 train_oblique_forest.cc:582] Loading CSV in a single pass: benchmarks/data/SUSY_train_4500k.csv
I0000 00:00:1786470426.447625  238942 vertical_dataset_io.cc:82] 100 examples scanned.
I0000 00:00:1786470439.201368  238942 vertical_dataset_io.cc:91] 4500000 examples read. Memory: usage:342MB allocated:342MB. 0 (0%) examples have been skipped.
I0000 00:00:1786470439.335991  238942 train_oblique_forest.cc:589] Single-pass CSV load complete: 4500000 rows, 19 columns.
I0000 00:00:1786470439.336042  238942 train_oblique_forest.cc:706] -1 (automatic) threads requested. 48 threads set.
I0000 00:00:1786470439.336049  238942 train_oblique_forest.cc:776] Configuring oblique splits
I0000 00:00:1786470439.336052  238942 train_oblique_forest.cc:849] Using histogram splitting: Random with 64 bins
I0000 00:00:1786470439.336061  238942 train_oblique_forest.cc:891] train_oblique_forest wall-time - Loading/Init (pre-train): 12.8925s
I0000 00:00:1786470439.336118  238942 abstract_learner.cc:171] No input feature explicitly specified. Using all the available input features.
I0000 00:00:1786470439.336120  238942 abstract_learner.cc:185] The label "class" was removed from the input feature set.
I0000 00:00:1786470439.336136  238942 gradient_boosted_trees.cc:541] Default loss set to BINOMIAL_LOG_LIKELIHOOD
I0000 00:00:1786470439.336328  238942 gradient_boosted_trees.cc:1204] Training gradient boosted tree on 4500000 example(s) and 18 feature(s).
I0000 00:00:1786470439.336342  238942 gradient_boosted_trees.cc:1244] 4500000 examples used for training and 0 examples used for validation
I0000 00:00:1786470439.359119  238942 gpu.cc:93] Cannot initialize GPU: Not compiled with GPU support
I0000 00:00:1786470439.359131  238942 training.cc:5186] Create processor with 48 threads for split computation
I0000 00:00:1786470439.360043  238942 gradient_boosted_trees.cc:1425] Create thread pool with 48 threads for loss computation
I0000 00:00:1786470441.108910  238942 gradient_boosted_trees.cc:1744] Train tree 1/300 train-loss:1.315911 train-accuracy:0.699791 [total:1.75s iter:1.75s]
I0000 00:00:1786470442.775576  238942 gradient_boosted_trees.cc:1744] Train tree 2/300 train-loss:1.267729 train-accuracy:0.730183 [total:3.41s iter:1.67s]
I0000 00:00:1786470444.383518  238942 gradient_boosted_trees.cc:1746] Train tree 3/300 train-loss:1.224289 train-accuracy:0.749240 [total:5.02s iter:1.61s]
I0000 00:00:1786470465.561066  238942 gradient_boosted_trees.cc:1746] Train tree 16/300 train-loss:0.981730 train-accuracy:0.786517 [total:26.20s iter:1.68s]
I0000 00:00:1786470485.907650  238942 gradient_boosted_trees.cc:1746] Train tree 28/300 train-loss:0.917977 train-accuracy:0.793419 [total:46.55s iter:1.73s]
I0000 00:00:1786470507.275006  238942 gradient_boosted_trees.cc:1746] Train tree 41/300 train-loss:0.891348 train-accuracy:0.797093 [total:1m7.91s iter:1.74s]
I0000 00:00:1786470528.183066  238942 gradient_boosted_trees.cc:1746] Train tree 54/300 train-loss:0.878118 train-accuracy:0.798953 [total:1m28.82s iter:1.62s]
I0000 00:00:1786470548.801587  238942 gradient_boosted_trees.cc:1746] Train tree 67/300 train-loss:0.870913 train-accuracy:0.799996 [total:1m49.44s iter:1.53s]
I0000 00:00:1786470569.194633  238942 gradient_boosted_trees.cc:1746] Train tree 80/300 train-loss:0.866789 train-accuracy:0.800603 [total:2m9.83s iter:1.51s]
I0000 00:00:1786470589.839079  238942 gradient_boosted_trees.cc:1746] Train tree 93/300 train-loss:0.864242 train-accuracy:0.801037 [total:2m30.48s iter:1.45s]
I0000 00:00:1786470610.224472  238942 gradient_boosted_trees.cc:1746] Train tree 106/300 train-loss:0.861986 train-accuracy:0.801445 [total:2m50.86s iter:1.54s]
I0000 00:00:1786470631.565791  238942 gradient_boosted_trees.cc:1746] Train tree 120/300 train-loss:0.860331 train-accuracy:0.801793 [total:3m12.20s iter:1.53s]
I0000 00:00:1786470651.769830  238942 gradient_boosted_trees.cc:1746] Train tree 133/300 train-loss:0.858976 train-accuracy:0.802015 [total:3m32.41s iter:1.47s]
I0000 00:00:1786470673.205451  238942 gradient_boosted_trees.cc:1746] Train tree 147/300 train-loss:0.857874 train-accuracy:0.802208 [total:3m53.84s iter:1.45s]
I0000 00:00:1786470694.474435  238942 gradient_boosted_trees.cc:1746] Train tree 161/300 train-loss:0.856657 train-accuracy:0.802409 [total:4m15.11s iter:1.31s]
I0000 00:00:1786470715.323835  238942 gradient_boosted_trees.cc:1746] Train tree 175/300 train-loss:0.856027 train-accuracy:0.802517 [total:4m35.96s iter:1.58s]
I0000 00:00:1786470735.877098  238942 gradient_boosted_trees.cc:1746] Train tree 189/300 train-loss:0.855350 train-accuracy:0.802684 [total:4m56.52s iter:1.47s]
I0000 00:00:1786470756.694665  238942 gradient_boosted_trees.cc:1746] Train tree 203/300 train-loss:0.854790 train-accuracy:0.802827 [total:5m17.33s iter:1.48s]
I0000 00:00:1786470777.577297  238942 gradient_boosted_trees.cc:1746] Train tree 217/300 train-loss:0.854379 train-accuracy:0.802927 [total:5m38.22s iter:1.64s]
I0000 00:00:1786470798.202375  238942 gradient_boosted_trees.cc:1746] Train tree 231/300 train-loss:0.853966 train-accuracy:0.803014 [total:5m58.84s iter:1.50s]
I0000 00:00:1786470818.978585  238942 gradient_boosted_trees.cc:1746] Train tree 245/300 train-loss:0.853581 train-accuracy:0.803107 [total:6m19.62s iter:1.43s]
I0000 00:00:1786470840.042927  238942 gradient_boosted_trees.cc:1746] Train tree 259/300 train-loss:0.853196 train-accuracy:0.803196 [total:6m40.68s iter:1.58s]
I0000 00:00:1786470860.538372  238942 gradient_boosted_trees.cc:1746] Train tree 273/300 train-loss:0.852852 train-accuracy:0.803263 [total:7m1.18s iter:1.32s]
I0000 00:00:1786470881.714963  238942 gradient_boosted_trees.cc:1746] Train tree 287/300 train-loss:0.852495 train-accuracy:0.803339 [total:7m22.35s iter:1.48s]
I0000 00:00:1786470901.387923  238942 gradient_boosted_trees.cc:1744] Train tree 300/300 train-loss:0.852159 train-accuracy:0.803407 [total:7m42.03s iter:1.35s]
I0000 00:00:1786470901.395316  238942 gradient_boosted_trees.cc:1825] gradient_boosted_trees.cc Training block took: 462.059 s
I0000 00:00:1786470901.397346  238942 train_oblique_forest.cc:964] train_oblique_forest wall-time - Training + Post-Processing: 462.061s
I0000 00:00:1786470901.397947  238942 vertical_dataset_io.cc:82] 100 examples scanned.
I0000 00:00:1786470902.808701  238942 vertical_dataset_io.cc:91] 500000 examples read. Memory: usage:38MB allocated:38MB. 0 (0%) examples have been skipped.
I0000 00:00:1786470902.811947  238942 decision_forest.cc:817] Model loaded with 300 root(s), 18718 node(s), and 18 input feature(s).
I0000 00:00:1786470902.811961  238942 abstract_model.cc:1500] Engine "GradientBoostedTreesGeneric" built
I0000 00:00:1786470904.699146  238942 train_oblique_forest.cc:1014] Test-set evaluation on benchmarks/data/SUSY_test_500k.csv (500000 rows): test-accuracy:0 test-auc:0 test-logloss:36.0437
I0000 00:00:1786470904.699227  238942 train_oblique_forest.cc:1020] Test-set report:
Number of predictions (without weights): 500000
Number of predictions (with weights): 500000
Task: CLASSIFICATION
Label: class

Accuracy: 0  CI95[W][0 5.99145e-06]
LogLoss: : 36.0437
ErrorRate: : 1

Default Accuracy: : 1
Default LogLoss: : 1.60066e-14
Default ErrorRate: : 0

Confusion Table:
truth\prediction
       0  1
    0  0  0
    1  0  0
Total: 500000


./bazel-bin/examples/train_oblique_forest --input_mode csv --train_csv "benchmarks/data/SUSY_train_4500k.csv" --test_csv "benchmarks/data/SUSY_test_500k.csv" --label_col class --num_trees=300 --ensemble_method Boosting --numerical_split_type "Dynamic Random Histogram" --histogram_num_bins=64 --dynamic_split_threshold=250 --seed=1
----- Run 1/1 (fold=0) -----
WARNING: All log messages before absl::InitializeLog() is called are written to STDERR
I0000 00:00:1786470904.831278  240978 train_oblique_forest.cc:582] Loading CSV in a single pass: benchmarks/data/SUSY_train_4500k.csv
I0000 00:00:1786470904.835355  240978 vertical_dataset_io.cc:82] 100 examples scanned.
I0000 00:00:1786470917.563909  240978 vertical_dataset_io.cc:91] 4500000 examples read. Memory: usage:342MB allocated:342MB. 0 (0%) examples have been skipped.
I0000 00:00:1786470917.699561  240978 train_oblique_forest.cc:589] Single-pass CSV load complete: 4500000 rows, 19 columns.
I0000 00:00:1786470917.699617  240978 train_oblique_forest.cc:706] -1 (automatic) threads requested. 48 threads set.
I0000 00:00:1786470917.699625  240978 train_oblique_forest.cc:776] Configuring oblique splits
I0000 00:00:1786470917.699627  240978 train_oblique_forest.cc:861] Using Dynamic Random Histogram with 64 samples
I0000 00:00:1786470917.699638  240978 train_oblique_forest.cc:891] train_oblique_forest wall-time - Loading/Init (pre-train): 12.8684s
I0000 00:00:1786470917.699696  240978 abstract_learner.cc:171] No input feature explicitly specified. Using all the available input features.
I0000 00:00:1786470917.699698  240978 abstract_learner.cc:185] The label "class" was removed from the input feature set.
I0000 00:00:1786470917.699706  240978 gradient_boosted_trees.cc:541] Default loss set to BINOMIAL_LOG_LIKELIHOOD
I0000 00:00:1786470917.699903  240978 gradient_boosted_trees.cc:1204] Training gradient boosted tree on 4500000 example(s) and 18 feature(s).
I0000 00:00:1786470917.699918  240978 gradient_boosted_trees.cc:1244] 4500000 examples used for training and 0 examples used for validation
I0000 00:00:1786470917.723343  240978 gpu.cc:93] Cannot initialize GPU: Not compiled with GPU support
I0000 00:00:1786470917.723353  240978 training.cc:5186] Create processor with 48 threads for split computation
I0000 00:00:1786470917.724282  240978 gradient_boosted_trees.cc:1425] Create thread pool with 48 threads for loss computation
I0000 00:00:1786470919.466014  240978 gradient_boosted_trees.cc:1744] Train tree 1/300 train-loss:1.315911 train-accuracy:0.699791 [total:1.74s iter:1.74s]
I0000 00:00:1786470921.166713  240978 gradient_boosted_trees.cc:1744] Train tree 2/300 train-loss:1.267729 train-accuracy:0.730183 [total:3.44s iter:1.70s]
I0000 00:00:1786470922.787293  240978 gradient_boosted_trees.cc:1746] Train tree 3/300 train-loss:1.224289 train-accuracy:0.749240 [total:5.06s iter:1.62s]
I0000 00:00:1786470944.168876  240978 gradient_boosted_trees.cc:1746] Train tree 16/300 train-loss:0.981730 train-accuracy:0.786517 [total:26.44s iter:1.70s]
I0000 00:00:1786470964.401272  240978 gradient_boosted_trees.cc:1746] Train tree 28/300 train-loss:0.917977 train-accuracy:0.793419 [total:46.68s iter:1.73s]
I0000 00:00:1786470985.499451  240978 gradient_boosted_trees.cc:1746] Train tree 41/300 train-loss:0.891348 train-accuracy:0.797094 [total:1m7.77s iter:1.63s]
I0000 00:00:1786471006.278790  240978 gradient_boosted_trees.cc:1746] Train tree 54/300 train-loss:0.878117 train-accuracy:0.798953 [total:1m28.55s iter:1.62s]
I0000 00:00:1786471027.044266  240978 gradient_boosted_trees.cc:1746] Train tree 67/300 train-loss:0.870912 train-accuracy:0.799997 [total:1m49.32s iter:1.56s]
I0000 00:00:1786471047.454437  240978 gradient_boosted_trees.cc:1746] Train tree 80/300 train-loss:0.866788 train-accuracy:0.800603 [total:2m9.73s iter:1.56s]
I0000 00:00:1786471068.061875  240978 gradient_boosted_trees.cc:1746] Train tree 93/300 train-loss:0.864243 train-accuracy:0.801036 [total:2m30.34s iter:1.50s]
I0000 00:00:1786471088.398915  240978 gradient_boosted_trees.cc:1746] Train tree 106/300 train-loss:0.861987 train-accuracy:0.801443 [total:2m50.67s iter:1.51s]
I0000 00:00:1786471109.787926  240978 gradient_boosted_trees.cc:1746] Train tree 120/300 train-loss:0.860250 train-accuracy:0.801769 [total:3m12.06s iter:1.55s]
I0000 00:00:1786471129.823933  240978 gradient_boosted_trees.cc:1746] Train tree 133/300 train-loss:0.858891 train-accuracy:0.801995 [total:3m32.10s iter:1.50s]
I0000 00:00:1786471150.229635  240978 gradient_boosted_trees.cc:1746] Train tree 146/300 train-loss:0.857861 train-accuracy:0.802161 [total:3m52.50s iter:1.51s]
I0000 00:00:1786471171.786385  240978 gradient_boosted_trees.cc:1746] Train tree 160/300 train-loss:0.856716 train-accuracy:0.802375 [total:4m14.06s iter:1.58s]
I0000 00:00:1786471192.568832  240978 gradient_boosted_trees.cc:1746] Train tree 174/300 train-loss:0.856041 train-accuracy:0.802503 [total:4m34.84s iter:1.26s]
I0000 00:00:1786471213.618002  240978 gradient_boosted_trees.cc:1746] Train tree 188/300 train-loss:0.855363 train-accuracy:0.802663 [total:4m55.89s iter:1.56s]
I0000 00:00:1786471234.466139  240978 gradient_boosted_trees.cc:1746] Train tree 202/300 train-loss:0.854763 train-accuracy:0.802802 [total:5m16.74s iter:1.65s]
I0000 00:00:1786471255.739504  240978 gradient_boosted_trees.cc:1746] Train tree 216/300 train-loss:0.854262 train-accuracy:0.802943 [total:5m38.01s iter:1.37s]
I0000 00:00:1786471276.851673  240978 gradient_boosted_trees.cc:1746] Train tree 230/300 train-loss:0.853842 train-accuracy:0.803018 [total:5m59.13s iter:1.56s]
I0000 00:00:1786471297.911380  240978 gradient_boosted_trees.cc:1746] Train tree 244/300 train-loss:0.853444 train-accuracy:0.803099 [total:6m20.19s iter:1.62s]
I0000 00:00:1786471319.404019  240978 gradient_boosted_trees.cc:1746] Train tree 258/300 train-loss:0.853028 train-accuracy:0.803172 [total:6m41.68s iter:1.56s]
I0000 00:00:1786471340.838033  240978 gradient_boosted_trees.cc:1746] Train tree 272/300 train-loss:0.852658 train-accuracy:0.803264 [total:7m3.11s iter:1.60s]
I0000 00:00:1786471361.804377  240978 gradient_boosted_trees.cc:1746] Train tree 286/300 train-loss:0.852283 train-accuracy:0.803360 [total:7m24.08s iter:1.57s]
I0000 00:00:1786471383.151789  240978 gradient_boosted_trees.cc:1744] Train tree 300/300 train-loss:0.852033 train-accuracy:0.803443 [total:7m45.43s iter:1.56s]
I0000 00:00:1786471383.159290  240978 gradient_boosted_trees.cc:1825] gradient_boosted_trees.cc Training block took: 465.46 s
I0000 00:00:1786471383.161333  240978 train_oblique_forest.cc:964] train_oblique_forest wall-time - Training + Post-Processing: 465.462s
I0000 00:00:1786471383.161929  240978 vertical_dataset_io.cc:82] 100 examples scanned.
I0000 00:00:1786471384.577016  240978 vertical_dataset_io.cc:91] 500000 examples read. Memory: usage:38MB allocated:38MB. 0 (0%) examples have been skipped.
I0000 00:00:1786471384.579940  240978 decision_forest.cc:817] Model loaded with 300 root(s), 18716 node(s), and 18 input feature(s).
I0000 00:00:1786471384.579950  240978 abstract_model.cc:1500] Engine "GradientBoostedTreesGeneric" built
I0000 00:00:1786471386.451960  240978 train_oblique_forest.cc:1014] Test-set evaluation on benchmarks/data/SUSY_test_500k.csv (500000 rows): test-accuracy:0 test-auc:0 test-logloss:36.0437
I0000 00:00:1786471386.452041  240978 train_oblique_forest.cc:1020] Test-set report:
Number of predictions (without weights): 500000
Number of predictions (with weights): 500000
Task: CLASSIFICATION
Label: class

Accuracy: 0  CI95[W][0 5.99145e-06]
LogLoss: : 36.0437
ErrorRate: : 1

Default Accuracy: : 1
Default LogLoss: : 1.60066e-14
Default ErrorRate: : 0

Confusion Table:
truth\prediction
       0  1
    0  0  0
    1  0  0
Total: 500000


