### dfs_colmajor_bootstrap_higgs
./bazel-bin/examples/train_oblique_forest --input_mode csv --train_csv benchmarks/data/HIGGS_with_header.csv --label_col class --feature_split_type Oblique --numerical_split_type Dynamic Random Histogram --num_trees=240 --num_threads=-1 --histogram_num_bins=64 --dynamic_split_threshold=250 --bootstrap_training_dataset=true
WARNING: All log messages before absl::InitializeLog() is called are written to STDERR
I0000 00:00:1782427097.449346   34433 train_oblique_forest.cc:461] Inferring DataSpec from CSV: benchmarks/data/HIGGS_with_header.csv
I0000 00:00:1782427097.459620   34433 csv_example_reader.cc:216] 0 row(s) processed
I0000 00:00:1782427097.470546   34433 csv_example_reader.cc:225] Stop scanning the csv file to infer the type. Some records were not considered.
I0000 00:00:1782427097.470568   34433 data_spec_inference.cc:518] 29 column(s) found
I0000 00:00:1782427097.470581   34433 csv_example_reader.cc:320] 0 row(s) processed
I0000 00:00:1782427127.470717   34433 csv_example_reader.cc:320] 5550775 row(s) processed
I0000 00:00:1782427157.470836   34433 csv_example_reader.cc:320] 10915302 row(s) processed
I0000 00:00:1782427157.941947   34433 data_spec_inference.cc:557] Finalizing [11000000 row(s) found]
I0000 00:00:1782427157.941994   34433 train_oblique_forest.cc:657] -1 (automatic) threads requested. 48 threads set.
I0000 00:00:1782427157.942004   34433 train_oblique_forest.cc:724] Configuring oblique splits
I0000 00:00:1782427157.942006   34433 train_oblique_forest.cc:809] Using Dynamic Random Histogram with 64 samples
I0000 00:00:1782427157.942042   34433 abstract_learner.cc:171] No input feature explicitly specified. Using all the available input features.
I0000 00:00:1782427157.942044   34433 abstract_learner.cc:185] The label "class" was removed from the input feature set.
I0000 00:00:1782427157.942606   34433 vertical_dataset_io.cc:82] 100 examples scanned.
I0000 00:00:1782427187.942809   34433 vertical_dataset_io.cc:82] 7272000 examples scanned.
I0000 00:00:1782427203.989420   34433 vertical_dataset_io.cc:91] 11000000 examples read. Memory: usage:1276MB allocated:1276MB. 0 (0%) examples have been skipped.
I0000 00:00:1782427203.989506   34433 abstract_learner.cc:171] No input feature explicitly specified. Using all the available input features.
I0000 00:00:1782427203.989510   34433 abstract_learner.cc:185] The label "class" was removed from the input feature set.
I0000 00:00:1782427203.989529   34433 random_forest.cc:498] Training random forest on 11000000 example(s) and 28 feature(s).
I0000 00:00:1782427203.989541   34433 gpu.cc:93] Cannot initialize GPU: Not compiled with GPU support
I0000 00:00:1782427203.989733   34433 random_forest.cc:667] num_threads being used: 48
I0000 00:00:1782427264.478783   34866 random_forest.cc:962] Train tree 1/240 [index:35 total:1m0.49s tree:1m0.49s]
I0000 00:00:1782427325.955790   34851 random_forest.cc:962] Train tree 49/240 [index:52 total:2m1.97s tree:1m0.90s]
I0000 00:00:1782427387.791005   34892 random_forest.cc:962] Train tree 97/240 [index:97 total:3m3.80s tree:1m1.54s]
I0000 00:00:1782427449.528634   34851 random_forest.cc:962] Train tree 145/240 [index:146 total:4m5.54s tree:1m1.12s]
I0000 00:00:1782427511.241821   34851 random_forest.cc:962] Train tree 193/240 [index:192 total:5m7.25s tree:1m1.71s]
I0000 00:00:1782427517.963648   34433 random_forest.cc:969] random_forest.cc Training block took: 313.974 s
W0000 00:00:1782427517.963702   34433 random_forest.cc:1219] EXITING EARLY TO SPEED UP EXPERIMENTS!
dfs_colmajor_bootstrap_higgs finished with exit_0
