

Inferring DataSpec from CSV: /home/ubuntu/yggdrasil-oblique-forests/benchmarks/data/splits/HIGGS_train_500k.csv


Using axis-aligned splits (default behavior)
train_oblique_forest wall-time - Training + Post-Processing: 53.127s
Model saved to: /tmp/tmpdxpvfzc5/model
WARNING: All log messages before absl::InitializeLog() is called are written to STDERR
I0000 00:00:1777339595.284958   27819 csv_example_reader.cc:212] 0 row(s) processed
I0000 00:00:1777339595.294173   27819 csv_example_reader.cc:216] Stop scanning the csv file to infer the type. Some records were not considered.
I0000 00:00:1777339595.294193   27819 data_spec_inference.cc:457] 29 column(s) found
I0000 00:00:1777339595.294209   27819 csv_example_reader.cc:303] 0 row(s) processed
I0000 00:00:1777339597.279081   27819 data_spec_inference.cc:494] Finalizing [500000 row(s) found]
I0000 00:00:1777339597.279113   27819 train_oblique_forest.cc:315] Running with 8 threads, as requested.
I0000 00:00:1777339597.279132   27819 train_oblique_forest.cc:420] Num Candidate Attributes: 28
I0000 00:00:1777339597.279133   27819 train_oblique_forest.cc:435] Using exact splitting
I0000 00:00:1777339597.279184   27819 abstract_learner.cc:155] No input feature explicitly specified. Using all the available input features.
I0000 00:00:1777339597.279188   27819 abstract_learner.cc:172] The label "class" was removed from the input feature set.
I0000 00:00:1777339597.279794   27819 vertical_dataset_io.cc:82] 100 examples scanned.
I0000 00:00:1777339599.446899   27819 vertical_dataset_io.cc:88] 500000 examples read. Memory: usage:58MB allocated:58MB. 0 (0%) examples have been skipped.
I0000 00:00:1777339599.447005   27819 abstract_learner.cc:155] No input feature explicitly specified. Using all the available input features.
I0000 00:00:1777339599.447010   27819 abstract_learner.cc:172] The label "class" was removed from the input feature set.
I0000 00:00:1777339599.447019   27819 gradient_boosted_trees.cc:577] Default loss set to BINOMIAL_LOG_LIKELIHOOD
I0000 00:00:1777339599.447239   27819 gradient_boosted_trees.cc:1190] Training gradient boosted tree on 500000 example(s) and 28 feature(s).
I0000 00:00:1777339599.536700   27819 gradient_boosted_trees.cc:1230] 449607 examples used for training and 50393 examples used for validation
I0000 00:00:1777339599.701120   27819 gpu.cc:93] Cannot initialize GPU: Not compiled with GPU support
I0000 00:00:1777339600.291697   27819 gradient_boosted_trees.cc:1632] Train tree 1/100 train-loss:1.331163 train-accuracy:0.647899 valid-loss:1.337337 valid-accuracy:0.631873 [total:0.59s iter:0.59s]
I0000 00:00:1777339600.883825   27819 gradient_boosted_trees.cc:1632] Train tree 2/100 train-loss:1.287780 train-accuracy:0.714168 valid-loss:1.299909 valid-accuracy:0.684797 [total:1.18s iter:0.59s]
I0000 00:00:1777339601.467163   27819 gradient_boosted_trees.cc:1634] Train tree 3/100 train-loss:1.250197 train-accuracy:0.733701 valid-loss:1.268249 valid-accuracy:0.698371 [total:1.77s iter:0.58s]
I0000 00:00:1777339621.968890   27819 gradient_boosted_trees.cc:1634] Train tree 39/100 train-loss:0.884402 train-accuracy:0.810915 valid-loss:1.048138 valid-accuracy:0.734527 [total:22.27s iter:0.56s]
I0000 00:00:1777339642.138538   27819 gradient_boosted_trees.cc:1634] Train tree 81/100 train-loss:0.786839 train-accuracy:0.843365 valid-loss:1.029473 valid-accuracy:0.738118 [total:42.44s iter:0.53s]
I0000 00:00:1777339650.332364   27819 gradient_boosted_trees.cc:1632] Train tree 100/100 train-loss:0.761118 train-accuracy:0.852331 valid-loss:1.027254 valid-accuracy:0.739111 [total:50.63s iter:0.50s]
I0000 00:00:1777339650.332399   27819 gradient_boosted_trees.cc:279] Truncates the model to 99 tree(s) i.e. 99  iteration(s).
I0000 00:00:1777339650.332552   27819 gradient_boosted_trees.cc:341] Final model num-trees:99 valid-loss:1.027195 valid-accuracy:0.739091
