

Inferring DataSpec from CSV: /home/ubuntu/yggdrasil-oblique-forests/benchmarks/data/splits/HIGGS_train_500k.csv


train_oblique_forest wall-time - Training + Post-Processing: 37.35s
Model saved to: /tmp/tmpxtqhkhh2/model
WARNING: All log messages before absl::InitializeLog() is called are written to STDERR
I0000 00:00:1777339886.071376   31886 csv_example_reader.cc:212] 0 row(s) processed
I0000 00:00:1777339886.080602   31886 csv_example_reader.cc:216] Stop scanning the csv file to infer the type. Some records were not considered.
I0000 00:00:1777339886.080622   31886 data_spec_inference.cc:457] 29 column(s) found
I0000 00:00:1777339886.080640   31886 csv_example_reader.cc:303] 0 row(s) processed
I0000 00:00:1777339888.073472   31886 data_spec_inference.cc:494] Finalizing [500000 row(s) found]
I0000 00:00:1777339888.073505   31886 train_oblique_forest.cc:315] Running with 8 threads, as requested.
I0000 00:00:1777339888.073513   31886 train_oblique_forest.cc:387] Configuring oblique splits
I0000 00:00:1777339888.073516   31886 train_oblique_forest.cc:435] Using exact splitting
I0000 00:00:1777339888.073567   31886 abstract_learner.cc:155] No input feature explicitly specified. Using all the available input features.
I0000 00:00:1777339888.073571   31886 abstract_learner.cc:172] The label "class" was removed from the input feature set.
I0000 00:00:1777339888.074195   31886 vertical_dataset_io.cc:82] 100 examples scanned.
I0000 00:00:1777339890.237753   31886 vertical_dataset_io.cc:88] 500000 examples read. Memory: usage:58MB allocated:58MB. 0 (0%) examples have been skipped.
I0000 00:00:1777339890.237844   31886 abstract_learner.cc:155] No input feature explicitly specified. Using all the available input features.
I0000 00:00:1777339890.237851   31886 abstract_learner.cc:172] The label "class" was removed from the input feature set.
I0000 00:00:1777339890.237861   31886 gradient_boosted_trees.cc:577] Default loss set to BINOMIAL_LOG_LIKELIHOOD
I0000 00:00:1777339890.238106   31886 gradient_boosted_trees.cc:1190] Training gradient boosted tree on 500000 example(s) and 28 feature(s).
I0000 00:00:1777339890.329417   31886 gradient_boosted_trees.cc:1230] 449607 examples used for training and 50393 examples used for validation
I0000 00:00:1777339890.330678   31886 gpu.cc:93] Cannot initialize GPU: Not compiled with GPU support
I0000 00:00:1777339890.705196   31886 gradient_boosted_trees.cc:1632] Train tree 1/100 train-loss:1.358024 train-accuracy:0.553775 valid-loss:1.358793 valid-accuracy:0.553529 [total:0.37s iter:0.37s]
I0000 00:00:1777339891.067166   31886 gradient_boosted_trees.cc:1632] Train tree 2/100 train-loss:1.334921 train-accuracy:0.630237 valid-loss:1.336276 valid-accuracy:0.627071 [total:0.74s iter:0.36s]
I0000 00:00:1777339891.448231   31886 gradient_boosted_trees.cc:1634] Train tree 3/100 train-loss:1.319668 train-accuracy:0.636051 valid-loss:1.321184 valid-accuracy:0.634116 [total:1.12s iter:0.38s]
W0000 00:00:1777339907.706284   31886 training.cc:6283] [This message is only shown once] The effective split of examples does not match the expected split returned by the splitter algorithm. This problem can be caused by (1) large floating point values (e.g. value>=10e30) or (2) a bug in the software. You can turn this error in a warning with internal_error_on_wrong_splitter_statistics=false.

Details:
Num examples: 4334
Num positive examples (from split evaluation): 2322
Num positive examples (from split learning): 2321
Num negative examples (from split evaluation): 2012

Condition: na_value: false
attribute: 6
condition {
  oblique_condition {
    attributes: 6
    attributes: 7
    attributes: 23
    attributes: 26
    attributes: 27
    weights: -1
    weights: -1
    weights: -1
    weights: 1
    weights: 1
    threshold: -0.282536507
    na_replacements: 0.990044594
    na_replacements: -0.00174539199
    na_replacements: 1.02438128
    na_replacements: 0.973398447
    na_replacements: 1.03326452
  }
}
num_training_examples_without_weight: 4334
num_training_examples_with_weight: 4334
split_score: 0.00068668474
num_pos_training_examples_without_weight: 2321
num_pos_training_examples_with_weight: 2321

Attribute spec: type: NUMERICAL
name: "feature6"
is_manual_type: false
numerical {
  mean: 0.99004462172806262
  min_value: 0.13860172
  max_value: 8.38261
  standard_deviation: 0.47497630492967652
}

I0000 00:00:1777339911.754375   31886 gradient_boosted_trees.cc:1634] Train tree 61/100 train-loss:1.083405 train-accuracy:0.725758 valid-loss:1.095210 valid-accuracy:0.720338 [total:21.42s iter:0.35s]
I0000 00:00:1777339925.416664   31886 gradient_boosted_trees.cc:1632] Train tree 100/100 train-loss:1.057637 train-accuracy:0.732753 valid-loss:1.073925 valid-accuracy:0.725180 [total:35.09s iter:0.35s]
I0000 00:00:1777339925.416695   31886 gradient_boosted_trees.cc:279] Truncates the model to 100 tree(s) i.e. 100  iteration(s).
I0000 00:00:1777339925.416704   31886 gradient_boosted_trees.cc:341] Final model num-trees:100 valid-loss:1.073925 valid-accuracy:0.725180
