

Inferring DataSpec from CSV: /home/ubuntu/yggdrasil-oblique-forests/benchmarks/data/splits/HIGGS_train_500k.csv


train_oblique_forest wall-time - Training + Post-Processing: 53.2682s
Model saved to: /tmp/tmp9j3vtt9i/model
WARNING: All log messages before absl::InitializeLog() is called are written to STDERR
I0000 00:00:1777339956.748874   32696 csv_example_reader.cc:212] 0 row(s) processed
I0000 00:00:1777339956.758039   32696 csv_example_reader.cc:216] Stop scanning the csv file to infer the type. Some records were not considered.
I0000 00:00:1777339956.758059   32696 data_spec_inference.cc:457] 29 column(s) found
I0000 00:00:1777339956.758075   32696 csv_example_reader.cc:303] 0 row(s) processed
I0000 00:00:1777339958.744320   32696 data_spec_inference.cc:494] Finalizing [500000 row(s) found]
I0000 00:00:1777339958.744354   32696 train_oblique_forest.cc:315] Running with 8 threads, as requested.
I0000 00:00:1777339958.744362   32696 train_oblique_forest.cc:387] Configuring oblique splits
I0000 00:00:1777339958.744364   32696 train_oblique_forest.cc:435] Using exact splitting
I0000 00:00:1777339958.744417   32696 abstract_learner.cc:155] No input feature explicitly specified. Using all the available input features.
I0000 00:00:1777339958.744421   32696 abstract_learner.cc:172] The label "class" was removed from the input feature set.
I0000 00:00:1777339958.745044   32696 vertical_dataset_io.cc:82] 100 examples scanned.
I0000 00:00:1777339960.911500   32696 vertical_dataset_io.cc:88] 500000 examples read. Memory: usage:58MB allocated:58MB. 0 (0%) examples have been skipped.
I0000 00:00:1777339960.911582   32696 abstract_learner.cc:155] No input feature explicitly specified. Using all the available input features.
I0000 00:00:1777339960.911587   32696 abstract_learner.cc:172] The label "class" was removed from the input feature set.
I0000 00:00:1777339960.911595   32696 gradient_boosted_trees.cc:577] Default loss set to BINOMIAL_LOG_LIKELIHOOD
I0000 00:00:1777339960.911812   32696 gradient_boosted_trees.cc:1190] Training gradient boosted tree on 500000 example(s) and 28 feature(s).
I0000 00:00:1777339960.998752   32696 gradient_boosted_trees.cc:1230] 449607 examples used for training and 50393 examples used for validation
I0000 00:00:1777339960.999920   32696 gpu.cc:93] Cannot initialize GPU: Not compiled with GPU support
I0000 00:00:1777339961.529848   32696 gradient_boosted_trees.cc:1632] Train tree 1/100 train-loss:1.351552 train-accuracy:0.571579 valid-loss:1.352594 valid-accuracy:0.569206 [total:0.53s iter:0.53s]
I0000 00:00:1777339962.061937   32696 gradient_boosted_trees.cc:1632] Train tree 2/100 train-loss:1.323942 train-accuracy:0.653226 valid-loss:1.325715 valid-accuracy:0.649753 [total:1.06s iter:0.53s]
I0000 00:00:1777339962.563475   32696 gradient_boosted_trees.cc:1634] Train tree 3/100 train-loss:1.300532 train-accuracy:0.679996 valid-loss:1.303094 valid-accuracy:0.676523 [total:1.56s iter:0.50s]
W0000 00:00:1777339982.442167   32696 training.cc:6283] [This message is only shown once] The effective split of examples does not match the expected split returned by the splitter algorithm. This problem can be caused by (1) large floating point values (e.g. value>=10e30) or (2) a bug in the software. You can turn this error in a warning with internal_error_on_wrong_splitter_statistics=false.

Details:
Num examples: 183848
Num positive examples (from split evaluation): 116272
Num positive examples (from split learning): 116271
Num negative examples (from split evaluation): 67576

Condition: na_value: false
attribute: 13
condition {
  oblique_condition {
    attributes: 13
    attributes: 27
    attributes: 28
    weights: -1
    weights: -1
    weights: 1
    threshold: -2.28032851
    na_replacements: 0.999972701
    na_replacements: 1.03326452
    na_replacements: 0.959862411
  }
}
num_training_examples_without_weight: 183848
num_training_examples_with_weight: 183848
split_score: 0.000103390747
num_pos_training_examples_without_weight: 116271
num_pos_training_examples_with_weight: 116271

Attribute spec: type: NUMERICAL
name: "feature13"
is_manual_type: false
numerical {
  mean: 0.9999726804273128
  min_value: 0
  max_value: 2.21487212
  standard_deviation: 1.0490697430607534
}

I0000 00:00:1777339982.638156   32696 gradient_boosted_trees.cc:1634] Train tree 42/100 train-loss:1.060958 train-accuracy:0.736112 valid-loss:1.083536 valid-accuracy:0.724446 [total:21.64s iter:0.51s]
I0000 00:00:1777340002.977991   32696 gradient_boosted_trees.cc:1634] Train tree 82/100 train-loss:1.014992 train-accuracy:0.749303 valid-loss:1.053847 valid-accuracy:0.732681 [total:41.98s iter:0.52s]
I0000 00:00:1777340011.998265   32696 gradient_boosted_trees.cc:1632] Train tree 100/100 train-loss:1.002439 train-accuracy:0.753491 valid-loss:1.048003 valid-accuracy:0.733455 [total:51.00s iter:0.52s]
I0000 00:00:1777340011.998294   32696 gradient_boosted_trees.cc:279] Truncates the model to 100 tree(s) i.e. 100  iteration(s).
I0000 00:00:1777340011.998302   32696 gradient_boosted_trees.cc:341] Final model num-trees:100 valid-loss:1.048003 valid-accuracy:0.733455
