

Inferring DataSpec from CSV: /home/ubuntu/yggdrasil-oblique-forests/benchmarks/data/splits/SUSY_train_500k.csv


train_oblique_forest wall-time - Training + Post-Processing: 14.5411s
Model saved to: /tmp/tmpnle_s8qt/model
WARNING: All log messages before absl::InitializeLog() is called are written to STDERR
I0000 00:00:1777338917.387179   17671 csv_example_reader.cc:212] 0 row(s) processed
I0000 00:00:1777338917.393220   17671 csv_example_reader.cc:216] Stop scanning the csv file to infer the type. Some records were not considered.
I0000 00:00:1777338917.393241   17671 data_spec_inference.cc:457] 19 column(s) found
I0000 00:00:1777338917.393255   17671 csv_example_reader.cc:303] 0 row(s) processed
I0000 00:00:1777338918.691776   17671 data_spec_inference.cc:494] Finalizing [500000 row(s) found]
I0000 00:00:1777338918.691806   17671 train_oblique_forest.cc:315] Running with 8 threads, as requested.
I0000 00:00:1777338918.691815   17671 train_oblique_forest.cc:387] Configuring oblique splits
I0000 00:00:1777338918.691818   17671 train_oblique_forest.cc:435] Using exact splitting
I0000 00:00:1777338918.691868   17671 abstract_learner.cc:155] No input feature explicitly specified. Using all the available input features.
I0000 00:00:1777338918.691871   17671 abstract_learner.cc:172] The label "class" was removed from the input feature set.
I0000 00:00:1777338918.692341   17671 vertical_dataset_io.cc:82] 100 examples scanned.
I0000 00:00:1777338920.157452   17671 vertical_dataset_io.cc:88] 500000 examples read. Memory: usage:38MB allocated:38MB. 0 (0%) examples have been skipped.
I0000 00:00:1777338920.157530   17671 abstract_learner.cc:155] No input feature explicitly specified. Using all the available input features.
I0000 00:00:1777338920.157535   17671 abstract_learner.cc:172] The label "class" was removed from the input feature set.
I0000 00:00:1777338920.157543   17671 gradient_boosted_trees.cc:577] Default loss set to BINOMIAL_LOG_LIKELIHOOD
I0000 00:00:1777338920.157757   17671 gradient_boosted_trees.cc:1190] Training gradient boosted tree on 500000 example(s) and 18 feature(s).
I0000 00:00:1777338920.217892   17671 gradient_boosted_trees.cc:1230] 449607 examples used for training and 50393 examples used for validation
I0000 00:00:1777338920.219168   17671 gpu.cc:93] Cannot initialize GPU: Not compiled with GPU support
I0000 00:00:1777338920.349249   17671 gradient_boosted_trees.cc:1632] Train tree 1/100 train-loss:1.332733 train-accuracy:0.676980 valid-loss:1.332952 valid-accuracy:0.676344 [total:0.13s iter:0.13s]
I0000 00:00:1777338920.493137   17671 gradient_boosted_trees.cc:1632] Train tree 2/100 train-loss:1.290221 train-accuracy:0.714328 valid-loss:1.290686 valid-accuracy:0.714385 [total:0.27s iter:0.14s]
I0000 00:00:1777338920.635353   17671 gradient_boosted_trees.cc:1634] Train tree 3/100 train-loss:1.252024 train-accuracy:0.733434 valid-loss:1.252417 valid-accuracy:0.733832 [total:0.42s iter:0.14s]
W0000 00:00:1777338921.476967   17671 training.cc:6283] [This message is only shown once] The effective split of examples does not match the expected split returned by the splitter algorithm. This problem can be caused by (1) large floating point values (e.g. value>=10e30) or (2) a bug in the software. You can turn this error in a warning with internal_error_on_wrong_splitter_statistics=false.

Details:
Num examples: 449607
Num positive examples (from split evaluation): 212971
Num positive examples (from split learning): 212970
Num negative examples (from split evaluation): 236636

Condition: na_value: false
attribute: 7
condition {
  oblique_condition {
    attributes: 7
    attributes: 15
    attributes: 17
    weights: 1
    weights: 1
    weights: -1
    threshold: 0.778688073
    na_replacements: 1.00115883
    na_replacements: 0.99919647
    na_replacements: 0.999071598
  }
}
num_training_examples_without_weight: 449607
num_training_examples_with_weight: 449607
split_score: 0.0156745166
num_pos_training_examples_without_weight: 212970
num_pos_training_examples_with_weight: 212970

Attribute spec: type: NUMERICAL
name: "feature7"
is_manual_type: false
numerical {
  mean: 1.0011588455764617
  min_value: 0.00070887676
  max_value: 17.0551605
  standard_deviation: 0.87306768118492617
}

I0000 00:00:1777338933.228992   17671 gradient_boosted_trees.cc:1632] Train tree 100/100 train-loss:0.876999 train-accuracy:0.798958 valid-loss:0.883199 valid-accuracy:0.796341 [total:13.01s iter:0.13s]
I0000 00:00:1777338933.229011   17671 gradient_boosted_trees.cc:279] Truncates the model to 100 tree(s) i.e. 100  iteration(s).
I0000 00:00:1777338933.229018   17671 gradient_boosted_trees.cc:341] Final model num-trees:100 valid-loss:0.883199 valid-accuracy:0.796341
