

Inferring DataSpec from CSV: /home/ubuntu/yggdrasil-oblique-forests/benchmarks/data/splits/SUSY_train_500k.csv


train_oblique_forest wall-time - Training + Post-Processing: 8.01723s
Model saved to: /tmp/tmpnha6hbi3/model
WARNING: All log messages before absl::InitializeLog() is called are written to STDERR
I0000 00:00:1777338892.754658   16778 csv_example_reader.cc:212] 0 row(s) processed
I0000 00:00:1777338892.760599   16778 csv_example_reader.cc:216] Stop scanning the csv file to infer the type. Some records were not considered.
I0000 00:00:1777338892.760616   16778 data_spec_inference.cc:457] 19 column(s) found
I0000 00:00:1777338892.760630   16778 csv_example_reader.cc:303] 0 row(s) processed
I0000 00:00:1777338894.064253   16778 data_spec_inference.cc:494] Finalizing [500000 row(s) found]
I0000 00:00:1777338894.064285   16778 train_oblique_forest.cc:315] Running with 8 threads, as requested.
I0000 00:00:1777338894.064293   16778 train_oblique_forest.cc:387] Configuring oblique splits
I0000 00:00:1777338894.064297   16778 train_oblique_forest.cc:435] Using exact splitting
I0000 00:00:1777338894.064348   16778 abstract_learner.cc:155] No input feature explicitly specified. Using all the available input features.
I0000 00:00:1777338894.064351   16778 abstract_learner.cc:172] The label "class" was removed from the input feature set.
I0000 00:00:1777338894.064805   16778 vertical_dataset_io.cc:82] 100 examples scanned.
I0000 00:00:1777338895.456233   16778 vertical_dataset_io.cc:88] 500000 examples read. Memory: usage:38MB allocated:38MB. 0 (0%) examples have been skipped.
I0000 00:00:1777338895.456316   16778 abstract_learner.cc:155] No input feature explicitly specified. Using all the available input features.
I0000 00:00:1777338895.456321   16778 abstract_learner.cc:172] The label "class" was removed from the input feature set.
I0000 00:00:1777338895.456329   16778 gradient_boosted_trees.cc:577] Default loss set to BINOMIAL_LOG_LIKELIHOOD
I0000 00:00:1777338895.456546   16778 gradient_boosted_trees.cc:1190] Training gradient boosted tree on 500000 example(s) and 18 feature(s).
I0000 00:00:1777338895.514701   16778 gradient_boosted_trees.cc:1230] 449607 examples used for training and 50393 examples used for validation
I0000 00:00:1777338895.515874   16778 gpu.cc:93] Cannot initialize GPU: Not compiled with GPU support
I0000 00:00:1777338895.581970   16778 gradient_boosted_trees.cc:1632] Train tree 1/100 train-loss:1.339124 train-accuracy:0.541513 valid-loss:1.339438 valid-accuracy:0.541484 [total:0.07s iter:0.07s]
I0000 00:00:1777338895.645307   16778 gradient_boosted_trees.cc:1632] Train tree 2/100 train-loss:1.306218 train-accuracy:0.714157 valid-loss:1.306697 valid-accuracy:0.713313 [total:0.13s iter:0.06s]
I0000 00:00:1777338895.712381   16778 gradient_boosted_trees.cc:1634] Train tree 3/100 train-loss:1.284148 train-accuracy:0.720694 valid-loss:1.284611 valid-accuracy:0.720318 [total:0.20s iter:0.07s]
W0000 00:00:1777338897.376886   16778 training.cc:6283] [This message is only shown once] The effective split of examples does not match the expected split returned by the splitter algorithm. This problem can be caused by (1) large floating point values (e.g. value>=10e30) or (2) a bug in the software. You can turn this error in a warning with internal_error_on_wrong_splitter_statistics=false.

Details:
Num examples: 449607
Num positive examples (from split evaluation): 212971
Num positive examples (from split learning): 212970
Num negative examples (from split evaluation): 236636

Condition: na_value: false
attribute: 7
condition {
  oblique_condition {
    attributes: 7
    attributes: 15
    attributes: 17
    weights: 1
    weights: 1
    weights: -1
    threshold: 0.778688073
    na_replacements: 1.00115883
    na_replacements: 0.99919647
    na_replacements: 0.999071598
  }
}
num_training_examples_without_weight: 449607
num_training_examples_with_weight: 449607
split_score: 0.00542151881
num_pos_training_examples_without_weight: 212970
num_pos_training_examples_with_weight: 212970

Attribute spec: type: NUMERICAL
name: "feature7"
is_manual_type: false
numerical {
  mean: 1.0011588455764617
  min_value: 0.00070887676
  max_value: 17.0551605
  standard_deviation: 0.87306768118492617
}

I0000 00:00:1777338902.078112   16778 gradient_boosted_trees.cc:1632] Train tree 100/100 train-loss:0.910133 train-accuracy:0.792365 valid-loss:0.914337 valid-accuracy:0.790090 [total:6.56s iter:0.06s]
I0000 00:00:1777338902.078131   16778 gradient_boosted_trees.cc:279] Truncates the model to 100 tree(s) i.e. 100  iteration(s).
I0000 00:00:1777338902.078138   16778 gradient_boosted_trees.cc:341] Final model num-trees:100 valid-loss:0.914337 valid-accuracy:0.790090
