

Inferring DataSpec from CSV: /home/ubuntu/yggdrasil-oblique-forests/benchmarks/data/splits/SUSY_train_500k.csv


train_oblique_forest wall-time - Training + Post-Processing: 20.9602s
Model saved to: /tmp/tmpeihel0xw/model
WARNING: All log messages before absl::InitializeLog() is called are written to STDERR
I0000 00:00:1777338951.361917   18565 csv_example_reader.cc:212] 0 row(s) processed
I0000 00:00:1777338951.367862   18565 csv_example_reader.cc:216] Stop scanning the csv file to infer the type. Some records were not considered.
I0000 00:00:1777338951.367880   18565 data_spec_inference.cc:457] 19 column(s) found
I0000 00:00:1777338951.367893   18565 csv_example_reader.cc:303] 0 row(s) processed
I0000 00:00:1777338952.668698   18565 data_spec_inference.cc:494] Finalizing [500000 row(s) found]
I0000 00:00:1777338952.668728   18565 train_oblique_forest.cc:315] Running with 8 threads, as requested.
I0000 00:00:1777338952.668737   18565 train_oblique_forest.cc:387] Configuring oblique splits
I0000 00:00:1777338952.668739   18565 train_oblique_forest.cc:435] Using exact splitting
I0000 00:00:1777338952.668790   18565 abstract_learner.cc:155] No input feature explicitly specified. Using all the available input features.
I0000 00:00:1777338952.668793   18565 abstract_learner.cc:172] The label "class" was removed from the input feature set.
I0000 00:00:1777338952.669306   18565 vertical_dataset_io.cc:82] 100 examples scanned.
I0000 00:00:1777338954.135318   18565 vertical_dataset_io.cc:88] 500000 examples read. Memory: usage:38MB allocated:38MB. 0 (0%) examples have been skipped.
I0000 00:00:1777338954.135400   18565 abstract_learner.cc:155] No input feature explicitly specified. Using all the available input features.
I0000 00:00:1777338954.135405   18565 abstract_learner.cc:172] The label "class" was removed from the input feature set.
I0000 00:00:1777338954.135412   18565 gradient_boosted_trees.cc:577] Default loss set to BINOMIAL_LOG_LIKELIHOOD
I0000 00:00:1777338954.135632   18565 gradient_boosted_trees.cc:1190] Training gradient boosted tree on 500000 example(s) and 18 feature(s).
I0000 00:00:1777338954.193296   18565 gradient_boosted_trees.cc:1230] 449607 examples used for training and 50393 examples used for validation
I0000 00:00:1777338954.194498   18565 gpu.cc:93] Cannot initialize GPU: Not compiled with GPU support
I0000 00:00:1777338954.392432   18565 gradient_boosted_trees.cc:1632] Train tree 1/100 train-loss:1.319627 train-accuracy:0.717798 valid-loss:1.319770 valid-accuracy:0.717223 [total:0.20s iter:0.20s]
I0000 00:00:1777338954.599918   18565 gradient_boosted_trees.cc:1632] Train tree 2/100 train-loss:1.269677 train-accuracy:0.724648 valid-loss:1.270184 valid-accuracy:0.724049 [total:0.41s iter:0.21s]
I0000 00:00:1777338954.800218   18565 gradient_boosted_trees.cc:1634] Train tree 3/100 train-loss:1.226898 train-accuracy:0.741672 valid-loss:1.227413 valid-accuracy:0.742127 [total:0.61s iter:0.20s]
W0000 00:00:1777338966.362150   18565 training.cc:6283] [This message is only shown once] The effective split of examples does not match the expected split returned by the splitter algorithm. This problem can be caused by (1) large floating point values (e.g. value>=10e30) or (2) a bug in the software. You can turn this error in a warning with internal_error_on_wrong_splitter_statistics=false.

Details:
Num examples: 334500
Num positive examples (from split evaluation): 320155
Num positive examples (from split learning): 320154
Num negative examples (from split evaluation): 14345

Condition: na_value: false
attribute: 2
condition {
  oblique_condition {
    attributes: 2
    attributes: 5
    attributes: 11
    weights: 1
    weights: -1
    weights: -1
    threshold: -3.55607653
    na_replacements: 0.000360407488
    na_replacements: 0.000932197
    na_replacements: 0.999660909
  }
}
num_training_examples_without_weight: 334500
num_training_examples_with_weight: 334500
split_score: 8.74704128e-05
num_pos_training_examples_without_weight: 320154
num_pos_training_examples_with_weight: 320154

Attribute spec: type: NUMERICAL
name: "feature2"
is_manual_type: false
numerical {
  mean: 0.00036040748388527574
  min_value: -2.10285974
  max_value: 2.10158825
  standard_deviation: 1.0021474081505426
}

I0000 00:00:1777338973.624586   18565 gradient_boosted_trees.cc:1632] Train tree 100/100 train-loss:0.862598 train-accuracy:0.802285 valid-loss:0.871220 valid-accuracy:0.798722 [total:19.43s iter:0.18s]
I0000 00:00:1777338973.624606   18565 gradient_boosted_trees.cc:279] Truncates the model to 100 tree(s) i.e. 100  iteration(s).
I0000 00:00:1777338973.624613   18565 gradient_boosted_trees.cc:341] Final model num-trees:100 valid-loss:0.871220 valid-accuracy:0.798722
