

======== NORMAL EXPERIMENTS (no explicit vector ISA) histogram_num_bins=256 ========



======== OBLIQUE EXPERIMENTS histogram_num_bins=256 ========



======== Running Exact [Oblique] ========

./bazel-bin/examples/train_oblique_forest --input_mode csv --train_csv "benchmarks/data/epsilon_normalized_train.csv" --label_col "label" --feature_split_type "Oblique" --numerical_split_type "Exact" --num_trees 240 --num_threads -1 


Inferring DataSpec from CSV: benchmarks/data/epsilon_normalized_train.csv


WARNING: All log messages before absl::InitializeLog() is called are written to STDERR
I0000 00:00:1770224240.241211   40179 csv_example_reader.cc:212] 0 row(s) processed
I0000 00:00:1770224240.764249   40179 csv_example_reader.cc:216] Stop scanning the csv file to infer the type. Some records were not considered.
I0000 00:00:1770224240.764432   40179 data_spec_inference.cc:457] 2001 column(s) found
I0000 00:00:1770224240.767091   40179 csv_example_reader.cc:303] 0 row(s) processed
I0000 00:00:1770224270.767294   40179 csv_example_reader.cc:303] 128869 row(s) processed
I0000 00:00:1770224300.767516   40179 csv_example_reader.cc:303] 257651 row(s) processed
I0000 00:00:1770224330.767835   40179 csv_example_reader.cc:303] 386807 row(s) processed
I0000 00:00:1770224333.830056   40179 data_spec_inference.cc:494] Finalizing [400000 row(s) found]
I0000 00:00:1770224333.830285   40179 abstract_learner.cc:155] No input feature explicitly specified. Using all the available input features.
I0000 00:00:1770224333.830290   40179 abstract_learner.cc:172] The label "label" was removed from the input feature set.
I0000 00:00:1770224333.859437   40179 vertical_dataset_io.cc:82] 100 examples scanned.
I0000 00:00:1770224363.884697   40179 vertical_dataset_io.cc:82] 104600 examples scanned.
I0000 00:00:1770224393.886400   40179 vertical_dataset_io.cc:82] 200300 examples scanned.
I0000 00:00:1770224423.907421   40179 vertical_dataset_io.cc:82] 293600 examples scanned.
I0000 00:00:1770224453.912541   40179 vertical_dataset_io.cc:82] 388500 examples scanned.
I0000 00:00:1770224458.802115   40179 vertical_dataset_io.cc:88] 400000 examples read. Memory: usage:3201MB allocated:3201MB. 0 (0%) examples have been skipped.
I0000 00:00:1770224458.802600   40179 abstract_learner.cc:155] No input feature explicitly specified. Using all the available input features.
I0000 00:00:1770224458.802645   40179 abstract_learner.cc:172] The label "label" was removed from the input feature set.
I0000 00:00:1770224458.802854   40179 random_forest.cc:465] Training random forest on 400000 example(s) and 2000 feature(s).
I0000 00:00:1770224458.802943   40179 gpu.cc:93] Cannot initialize GPU: Not compiled with GPU support
I0000 00:00:1770224458.803362   40179 random_forest.cc:659] num_threads being used: 48
I0000 00:00:1770224479.579254   41058 random_forest.cc:981] Train tree 1/240 [index:9 total:20.78s tree:20.77s]
I0000 00:00:1770224500.517107   41053 random_forest.cc:981] Train tree 49/240 [index:57 total:41.71s tree:20.72s]
I0000 00:00:1770224521.484285   41052 random_forest.cc:981] Train tree 97/240 [index:98 total:1m2.68s tree:20.86s]
I0000 00:00:1770224542.637729   41053 random_forest.cc:981] Train tree 145/240 [index:145 total:1m23.83s tree:21.02s]
I0000 00:00:1770224563.767216   41050 random_forest.cc:981] Train tree 193/240 [index:196 total:1m44.96s tree:20.82s]
I0000 00:00:1770224566.325504   40179 random_forest.cc:990] random_forest.cc Training block took: 107.523 s
I0000 00:00:1770224566.325551   40179 random_forest.cc:1062] After Random Forest Training block. RETURNING EARLY TO SPEED UP XPS!!
-1 (automatic) threads requested. 48 threads set.
Configuring oblique splits
Using exact splitting


======== Running Random [Oblique] with 256 bins ========

./bazel-bin/examples/train_oblique_forest --input_mode csv --train_csv "benchmarks/data/epsilon_normalized_train.csv" --label_col "label" --feature_split_type "Oblique" --numerical_split_type "Random" --num_trees 240 --num_threads -1 --histogram_num_bins 256


Inferring DataSpec from CSV: benchmarks/data/epsilon_normalized_train.csv


WARNING: All log messages before absl::InitializeLog() is called are written to STDERR
I0000 00:00:1770224566.729323   41480 csv_example_reader.cc:212] 0 row(s) processed
I0000 00:00:1770224567.249359   41480 csv_example_reader.cc:216] Stop scanning the csv file to infer the type. Some records were not considered.
I0000 00:00:1770224567.249568   41480 data_spec_inference.cc:457] 2001 column(s) found
I0000 00:00:1770224567.252281   41480 csv_example_reader.cc:303] 0 row(s) processed
I0000 00:00:1770224597.252468   41480 csv_example_reader.cc:303] 129333 row(s) processed
I0000 00:00:1770224627.252629   41480 csv_example_reader.cc:303] 258601 row(s) processed
I0000 00:00:1770224657.252869   41480 csv_example_reader.cc:303] 387887 row(s) processed
I0000 00:00:1770224660.063015   41480 data_spec_inference.cc:494] Finalizing [400000 row(s) found]
I0000 00:00:1770224660.063238   41480 abstract_learner.cc:155] No input feature explicitly specified. Using all the available input features.
I0000 00:00:1770224660.063244   41480 abstract_learner.cc:172] The label "label" was removed from the input feature set.
I0000 00:00:1770224660.092481   41480 vertical_dataset_io.cc:82] 100 examples scanned.
I0000 00:00:1770224690.095360   41480 vertical_dataset_io.cc:82] 104600 examples scanned.
I0000 00:00:1770224720.113116   41480 vertical_dataset_io.cc:82] 200300 examples scanned.
I0000 00:00:1770224750.121994   41480 vertical_dataset_io.cc:82] 292800 examples scanned.
I0000 00:00:1770224780.122298   41480 vertical_dataset_io.cc:82] 387100 examples scanned.
I0000 00:00:1770224785.475223   41480 vertical_dataset_io.cc:88] 400000 examples read. Memory: usage:3201MB allocated:3201MB. 0 (0%) examples have been skipped.
I0000 00:00:1770224785.475738   41480 abstract_learner.cc:155] No input feature explicitly specified. Using all the available input features.
I0000 00:00:1770224785.475783   41480 abstract_learner.cc:172] The label "label" was removed from the input feature set.
I0000 00:00:1770224785.475981   41480 random_forest.cc:465] Training random forest on 400000 example(s) and 2000 feature(s).
I0000 00:00:1770224785.476060   41480 gpu.cc:93] Cannot initialize GPU: Not compiled with GPU support
I0000 00:00:1770224785.476471   41480 random_forest.cc:659] num_threads being used: 48
I0000 00:00:1770224855.957228   42327 random_forest.cc:981] Train tree 1/240 [index:17 total:1m10.48s tree:1m10.48s]
I0000 00:00:1770224927.869257   42345 random_forest.cc:981] Train tree 49/240 [index:52 total:2m22.39s tree:1m11.06s]
I0000 00:00:1770224999.872889   42354 random_forest.cc:981] Train tree 97/240 [index:99 total:3m34.40s tree:1m11.70s]
I0000 00:00:1770225071.245013   42354 random_forest.cc:981] Train tree 145/240 [index:144 total:4m45.77s tree:1m11.37s]
I0000 00:00:1770225143.241187   42356 random_forest.cc:981] Train tree 193/240 [index:193 total:5m57.76s tree:1m11.62s]
I0000 00:00:1770225147.308664   41480 random_forest.cc:990] random_forest.cc Training block took: 361.833 s
I0000 00:00:1770225147.308706   41480 random_forest.cc:1062] After Random Forest Training block. RETURNING EARLY TO SPEED UP XPS!!
-1 (automatic) threads requested. 48 threads set.
Configuring oblique splits
Using histogram splitting: Random with 256 bins


======== Running Dynamic Random Histogram [Oblique] with 256 bins ========

./bazel-bin/examples/train_oblique_forest --input_mode csv --train_csv "benchmarks/data/epsilon_normalized_train.csv" --label_col "label" --feature_split_type "Oblique" --numerical_split_type "Dynamic Random Histogram" --num_trees 240 --num_threads -1 --histogram_num_bins 256


Inferring DataSpec from CSV: benchmarks/data/epsilon_normalized_train.csv


WARNING: All log messages before absl::InitializeLog() is called are written to STDERR
I0000 00:00:1770225147.718107   43744 csv_example_reader.cc:212] 0 row(s) processed
I0000 00:00:1770225148.239319   43744 csv_example_reader.cc:216] Stop scanning the csv file to infer the type. Some records were not considered.
I0000 00:00:1770225148.239531   43744 data_spec_inference.cc:457] 2001 column(s) found
I0000 00:00:1770225148.242226   43744 csv_example_reader.cc:303] 0 row(s) processed
I0000 00:00:1770225178.242342   43744 csv_example_reader.cc:303] 128737 row(s) processed
I0000 00:00:1770225208.242500   43744 csv_example_reader.cc:303] 257488 row(s) processed
I0000 00:00:1770225238.242708   43744 csv_example_reader.cc:303] 386317 row(s) processed
I0000 00:00:1770225241.429327   43744 data_spec_inference.cc:494] Finalizing [400000 row(s) found]
I0000 00:00:1770225241.429547   43744 abstract_learner.cc:155] No input feature explicitly specified. Using all the available input features.
I0000 00:00:1770225241.429552   43744 abstract_learner.cc:172] The label "label" was removed from the input feature set.
I0000 00:00:1770225241.459024   43744 vertical_dataset_io.cc:82] 100 examples scanned.
I0000 00:00:1770225271.464449   43744 vertical_dataset_io.cc:82] 104400 examples scanned.
I0000 00:00:1770225301.483887   43744 vertical_dataset_io.cc:82] 200000 examples scanned.
I0000 00:00:1770225331.484526   43744 vertical_dataset_io.cc:82] 293000 examples scanned.
I0000 00:00:1770225361.493085   43744 vertical_dataset_io.cc:82] 388100 examples scanned.
I0000 00:00:1770225366.498317   43744 vertical_dataset_io.cc:88] 400000 examples read. Memory: usage:3201MB allocated:3201MB. 0 (0%) examples have been skipped.
I0000 00:00:1770225366.498853   43744 abstract_learner.cc:155] No input feature explicitly specified. Using all the available input features.
I0000 00:00:1770225366.498898   43744 abstract_learner.cc:172] The label "label" was removed from the input feature set.
I0000 00:00:1770225366.499105   43744 random_forest.cc:465] Training random forest on 400000 example(s) and 2000 feature(s).
I0000 00:00:1770225366.499193   43744 gpu.cc:93] Cannot initialize GPU: Not compiled with GPU support
I0000 00:00:1770225366.499612   43744 random_forest.cc:659] num_threads being used: 48
I0000 00:00:1770225383.814032   44607 random_forest.cc:981] Train tree 1/240 [index:18 total:17.31s tree:17.31s]
I0000 00:00:1770225418.640842   44607 random_forest.cc:981] Train tree 97/240 [index:96 total:52.14s tree:17.51s]
I0000 00:00:1770225453.505420   44592 random_forest.cc:981] Train tree 193/240 [index:192 total:1m27.01s tree:17.55s]
I0000 00:00:1770225455.318200   43744 random_forest.cc:990] random_forest.cc Training block took: 88.8197 s
I0000 00:00:1770225455.318249   43744 random_forest.cc:1062] After Random Forest Training block. RETURNING EARLY TO SPEED UP XPS!!
-1 (automatic) threads requested. 48 threads set.
Configuring oblique splits
Using Dynamic Random Histogram with 256 samples


======== VECTORIZED EXPERIMENTS [AVX512] (Oblique only) histogram_num_bins=256 ========

USING INSTRUCTION SET: AVX512


======== Running Random [VECTORIZE: AVX512] with 256 bins ========

./bazel-bin/examples/train_oblique_forest --input_mode csv --train_csv "benchmarks/data/epsilon_normalized_train.csv" --label_col "label" --numerical_split_type "Random" --num_trees 240 --num_threads -1 --histogram_num_bins 256


Inferring DataSpec from CSV: benchmarks/data/epsilon_normalized_train.csv


WARNING: All log messages before absl::InitializeLog() is called are written to STDERR
I0000 00:00:1770225491.948395   46629 csv_example_reader.cc:212] 0 row(s) processed
I0000 00:00:1770225492.471634   46629 csv_example_reader.cc:216] Stop scanning the csv file to infer the type. Some records were not considered.
I0000 00:00:1770225492.471827   46629 data_spec_inference.cc:457] 2001 column(s) found
I0000 00:00:1770225492.474399   46629 csv_example_reader.cc:303] 0 row(s) processed
I0000 00:00:1770225522.474605   46629 csv_example_reader.cc:303] 127070 row(s) processed
I0000 00:00:1770225552.474780   46629 csv_example_reader.cc:303] 254158 row(s) processed
I0000 00:00:1770225582.474882   46629 csv_example_reader.cc:303] 381233 row(s) processed
I0000 00:00:1770225586.905733   46629 data_spec_inference.cc:494] Finalizing [400000 row(s) found]
I0000 00:00:1770225586.905962   46629 abstract_learner.cc:155] No input feature explicitly specified. Using all the available input features.
I0000 00:00:1770225586.905967   46629 abstract_learner.cc:172] The label "label" was removed from the input feature set.
I0000 00:00:1770225586.935520   46629 vertical_dataset_io.cc:82] 100 examples scanned.
I0000 00:00:1770225616.942519   46629 vertical_dataset_io.cc:82] 102600 examples scanned.
I0000 00:00:1770225646.957651   46629 vertical_dataset_io.cc:82] 196500 examples scanned.
I0000 00:00:1770225676.980275   46629 vertical_dataset_io.cc:82] 287900 examples scanned.
I0000 00:00:1770225706.994217   46629 vertical_dataset_io.cc:82] 381100 examples scanned.
I0000 00:00:1770225714.363285   46629 vertical_dataset_io.cc:88] 400000 examples read. Memory: usage:3201MB allocated:3201MB. 0 (0%) examples have been skipped.
I0000 00:00:1770225714.363788   46629 abstract_learner.cc:155] No input feature explicitly specified. Using all the available input features.
I0000 00:00:1770225714.363837   46629 abstract_learner.cc:172] The label "label" was removed from the input feature set.
I0000 00:00:1770225714.364047   46629 random_forest.cc:465] Training random forest on 400000 example(s) and 2000 feature(s).
I0000 00:00:1770225714.364137   46629 gpu.cc:93] Cannot initialize GPU: Not compiled with GPU support
I0000 00:00:1770225714.364548   46629 random_forest.cc:659] num_threads being used: 48
I0000 00:00:1770225792.788728   47485 random_forest.cc:981] Train tree 1/240 [index:17 total:1m18.42s tree:1m18.42s]
I0000 00:00:1770225873.032532   47485 random_forest.cc:981] Train tree 49/240 [index:48 total:2m38.67s tree:1m20.24s]
I0000 00:00:1770225953.721974   47507 random_forest.cc:981] Train tree 97/240 [index:102 total:3m59.36s tree:1m19.58s]
I0000 00:00:1770226033.137314   47507 random_forest.cc:981] Train tree 145/240 [index:144 total:5m18.77s tree:1m19.42s]
I0000 00:00:1770226113.628829   47490 random_forest.cc:981] Train tree 193/240 [index:193 total:6m39.26s tree:1m19.96s]
I0000 00:00:1770226119.054052   46629 random_forest.cc:990] random_forest.cc Training block took: 404.691 s
I0000 00:00:1770226119.054093   46629 random_forest.cc:1062] After Random Forest Training block. RETURNING EARLY TO SPEED UP XPS!!
-1 (automatic) threads requested. 48 threads set.
Configuring oblique splits
Using histogram splitting: Random with 256 bins


======== Running Dynamic Random Histogram [VECTORIZE: AVX512] with 256 bins ========

./bazel-bin/examples/train_oblique_forest --input_mode csv --train_csv "benchmarks/data/epsilon_normalized_train.csv" --label_col "label" --numerical_split_type "Dynamic Random Histogram" --num_trees 240 --num_threads -1 --histogram_num_bins 256


Inferring DataSpec from CSV: benchmarks/data/epsilon_normalized_train.csv


WARNING: All log messages before absl::InitializeLog() is called are written to STDERR
I0000 00:00:1770226119.511216   49069 csv_example_reader.cc:212] 0 row(s) processed
I0000 00:00:1770226120.034757   49069 csv_example_reader.cc:216] Stop scanning the csv file to infer the type. Some records were not considered.
I0000 00:00:1770226120.034955   49069 data_spec_inference.cc:457] 2001 column(s) found
I0000 00:00:1770226120.037501   49069 csv_example_reader.cc:303] 0 row(s) processed
I0000 00:00:1770226150.037605   49069 csv_example_reader.cc:303] 127145 row(s) processed
I0000 00:00:1770226180.037806   49069 csv_example_reader.cc:303] 254232 row(s) processed
I0000 00:00:1770226210.037868   49069 csv_example_reader.cc:303] 381558 row(s) processed
I0000 00:00:1770226214.360226   49069 data_spec_inference.cc:494] Finalizing [400000 row(s) found]
I0000 00:00:1770226214.360447   49069 abstract_learner.cc:155] No input feature explicitly specified. Using all the available input features.
I0000 00:00:1770226214.360451   49069 abstract_learner.cc:172] The label "label" was removed from the input feature set.
I0000 00:00:1770226214.388863   49069 vertical_dataset_io.cc:82] 100 examples scanned.
I0000 00:00:1770226244.414094   49069 vertical_dataset_io.cc:82] 116000 examples scanned.
I0000 00:00:1770226274.417853   49069 vertical_dataset_io.cc:82] 228600 examples scanned.
I0000 00:00:1770226304.434262   49069 vertical_dataset_io.cc:82] 339100 examples scanned.
I0000 00:00:1770226321.682316   49069 vertical_dataset_io.cc:88] 400000 examples read. Memory: usage:3201MB allocated:3201MB. 0 (0%) examples have been skipped.
I0000 00:00:1770226321.682680   49069 abstract_learner.cc:155] No input feature explicitly specified. Using all the available input features.
I0000 00:00:1770226321.682722   49069 abstract_learner.cc:172] The label "label" was removed from the input feature set.
I0000 00:00:1770226321.682912   49069 random_forest.cc:465] Training random forest on 400000 example(s) and 2000 feature(s).
I0000 00:00:1770226321.682972   49069 gpu.cc:93] Cannot initialize GPU: Not compiled with GPU support
I0000 00:00:1770226321.683335   49069 random_forest.cc:659] num_threads being used: 48
I0000 00:00:1770226335.141771   49858 random_forest.cc:981] Train tree 1/240 [index:22 total:13.46s tree:13.46s]
I0000 00:00:1770226362.148051   49890 random_forest.cc:981] Train tree 97/240 [index:96 total:40.46s tree:13.54s]
I0000 00:00:1770226389.057180   49849 random_forest.cc:981] Train tree 193/240 [index:192 total:1m7.37s tree:13.53s]
I0000 00:00:1770226390.681398   49069 random_forest.cc:990] random_forest.cc Training block took: 68.9989 s
I0000 00:00:1770226390.681445   49069 random_forest.cc:1062] After Random Forest Training block. RETURNING EARLY TO SPEED UP XPS!!
-1 (automatic) threads requested. 48 threads set.
Configuring oblique splits
Using Dynamic Random Histogram with 256 samples
