

======== NORMAL EXPERIMENTS (no explicit vector ISA) histogram_num_bins=64 ========



======== Running Random with 64 bins ========

./bazel-bin/examples/train_oblique_forest --input_mode csv --train_csv "benchmarks/data/HIGGS_with_header.csv" --label_col "class" --numerical_split_type "Random" --num_trees 240 --num_threads -1 --histogram_num_bins 64


Inferring DataSpec from CSV: benchmarks/data/HIGGS_with_header.csv


WARNING: All log messages before absl::InitializeLog() is called are written to STDERR
I0000 00:00:1770217869.247341    9354 csv_example_reader.cc:212] 0 row(s) processed
I0000 00:00:1770217869.256980    9354 csv_example_reader.cc:216] Stop scanning the csv file to infer the type. Some records were not considered.
I0000 00:00:1770217869.256996    9354 data_spec_inference.cc:457] 29 column(s) found
I0000 00:00:1770217869.257010    9354 csv_example_reader.cc:303] 0 row(s) processed
I0000 00:00:1770217899.257096    9354 csv_example_reader.cc:303] 5509205 row(s) processed
I0000 00:00:1770217929.257179    9354 csv_example_reader.cc:303] 10867254 row(s) processed
I0000 00:00:1770217929.996566    9354 data_spec_inference.cc:494] Finalizing [11000000 row(s) found]
I0000 00:00:1770217929.996680    9354 abstract_learner.cc:155] No input feature explicitly specified. Using all the available input features.
I0000 00:00:1770217929.996683    9354 abstract_learner.cc:172] The label "class" was removed from the input feature set.
I0000 00:00:1770217929.997239    9354 vertical_dataset_io.cc:82] 100 examples scanned.
I0000 00:00:1770217959.997557    9354 vertical_dataset_io.cc:82] 7721000 examples scanned.
I0000 00:00:1770217973.593350    9354 vertical_dataset_io.cc:88] 11000000 examples read. Memory: usage:1276MB allocated:1276MB. 0 (0%) examples have been skipped.
I0000 00:00:1770217973.593432    9354 abstract_learner.cc:155] No input feature explicitly specified. Using all the available input features.
I0000 00:00:1770217973.593437    9354 abstract_learner.cc:172] The label "class" was removed from the input feature set.
I0000 00:00:1770217973.593457    9354 random_forest.cc:465] Training random forest on 11000000 example(s) and 28 feature(s).
I0000 00:00:1770217973.593468    9354 gpu.cc:93] Cannot initialize GPU: Not compiled with GPU support
I0000 00:00:1770217973.593712    9354 random_forest.cc:659] num_threads being used: 48
I0000 00:00:1770218098.355582    9792 random_forest.cc:981] Train tree 1/240 [index:3 total:2m4.76s tree:2m4.76s]
I0000 00:00:1770218232.486207    9801 random_forest.cc:981] Train tree 49/240 [index:92 total:4m18.89s tree:1m58.70s]
I0000 00:00:1770218252.629734    9782 random_forest.cc:981] Train tree 94/240 [index:87 total:4m39.04s tree:2m20.09s]
I0000 00:00:1770218368.387342    9801 random_forest.cc:981] Train tree 97/240 [index:96 total:6m34.79s tree:2m15.90s]
I0000 00:00:1770218388.469038    9789 random_forest.cc:981] Train tree 135/240 [index:140 total:6m54.88s tree:2m16.93s]
I0000 00:00:1770218505.581540    9801 random_forest.cc:981] Train tree 145/240 [index:144 total:8m51.99s tree:2m17.19s]
I0000 00:00:1770218525.615201    9775 random_forest.cc:981] Train tree 180/240 [index:181 total:9m12.02s tree:2m17.37s]
I0000 00:00:1770218643.515516    9801 random_forest.cc:981] Train tree 193/240 [index:192 total:11m9.92s tree:2m17.93s]
I0000 00:00:1770218663.758173    9800 random_forest.cc:981] Train tree 237/240 [index:237 total:11m30.16s tree:2m15.01s]
I0000 00:00:1770218664.589557    9354 random_forest.cc:990] random_forest.cc Training block took: 690.996 s
I0000 00:00:1770218664.589601    9354 random_forest.cc:1062] After Random Forest Training block. RETURNING EARLY TO SPEED UP XPS!!
-1 (automatic) threads requested. 48 threads set.
Configuring oblique splits
Using histogram splitting: Random with 64 bins
./bazel-bin/examples/train_oblique_forest --input_mode csv --train_csv "benchmarks/data/SUSY_with_header.csv" --label_col "class" --numerical_split_type "Random" --num_trees 240 --num_threads -1 --histogram_num_bins 64


Inferring DataSpec from CSV: benchmarks/data/SUSY_with_header.csv


WARNING: All log messages before absl::InitializeLog() is called are written to STDERR
I0000 00:00:1770218672.609249   12454 csv_example_reader.cc:212] 0 row(s) processed
I0000 00:00:1770218672.615430   12454 csv_example_reader.cc:216] Stop scanning the csv file to infer the type. Some records were not considered.
I0000 00:00:1770218672.615446   12454 data_spec_inference.cc:457] 19 column(s) found
I0000 00:00:1770218672.615459   12454 csv_example_reader.cc:303] 0 row(s) processed
I0000 00:00:1770218689.841781   12454 data_spec_inference.cc:494] Finalizing [5000000 row(s) found]
I0000 00:00:1770218689.841912   12454 abstract_learner.cc:155] No input feature explicitly specified. Using all the available input features.
I0000 00:00:1770218689.841915   12454 abstract_learner.cc:172] The label "class" was removed from the input feature set.
I0000 00:00:1770218689.842337   12454 vertical_dataset_io.cc:82] 100 examples scanned.
I0000 00:00:1770218702.593212   12454 vertical_dataset_io.cc:88] 5000000 examples read. Memory: usage:380MB allocated:380MB. 0 (0%) examples have been skipped.
I0000 00:00:1770218702.593284   12454 abstract_learner.cc:155] No input feature explicitly specified. Using all the available input features.
I0000 00:00:1770218702.593289   12454 abstract_learner.cc:172] The label "class" was removed from the input feature set.
I0000 00:00:1770218702.593307   12454 random_forest.cc:465] Training random forest on 5000000 example(s) and 18 feature(s).
I0000 00:00:1770218702.593317   12454 gpu.cc:93] Cannot initialize GPU: Not compiled with GPU support
I0000 00:00:1770218702.593556   12454 random_forest.cc:659] num_threads being used: 48
I0000 00:00:1770218748.371627   12592 random_forest.cc:981] Train tree 1/240 [index:28 total:45.78s tree:45.78s]
I0000 00:00:1770218786.024372   12611 random_forest.cc:981] Train tree 49/240 [index:76 total:1m23.43s tree:35.96s]
I0000 00:00:1770218832.422570   12611 random_forest.cc:981] Train tree 98/240 [index:96 total:2m9.83s tree:46.40s]
I0000 00:00:1770218879.322819   12611 random_forest.cc:981] Train tree 146/240 [index:145 total:2m56.73s tree:46.90s]
I0000 00:00:1770218925.854557   12611 random_forest.cc:981] Train tree 194/240 [index:193 total:3m43.26s tree:46.53s]
I0000 00:00:1770218939.102770   12454 random_forest.cc:990] random_forest.cc Training block took: 236.51 s
I0000 00:00:1770218939.102814   12454 random_forest.cc:1062] After Random Forest Training block. RETURNING EARLY TO SPEED UP XPS!!
-1 (automatic) threads requested. 48 threads set.
Configuring oblique splits
Using histogram splitting: Random with 64 bins
./bazel-bin/examples/train_oblique_forest --input_mode csv --train_csv "benchmarks/data/cc18_binary_csv/task_14965_bank-marketing/repeat0_fold0_sample0_train.csv" --label_col "Class" --numerical_split_type "Random" --num_trees 240 --num_threads -1 --histogram_num_bins 64


Inferring DataSpec from CSV: benchmarks/data/cc18_binary_csv/task_14965_bank-marketing/repeat0_fold0_sample0_train.csv


WARNING: All log messages before absl::InitializeLog() is called are written to STDERR
I0000 00:00:1770218942.308529   13557 csv_example_reader.cc:212] 0 row(s) processed
I0000 00:00:1770218942.311254   13557 csv_example_reader.cc:216] Stop scanning the csv file to infer the type. Some records were not considered.
I0000 00:00:1770218942.311268   13557 data_spec_inference.cc:457] 17 column(s) found
I0000 00:00:1770218942.311278   13557 csv_example_reader.cc:303] 0 row(s) processed
I0000 00:00:1770218942.352054   13557 data_spec_inference.cc:494] Finalizing [40689 row(s) found]
I0000 00:00:1770218942.352134   13557 abstract_learner.cc:155] No input feature explicitly specified. Using all the available input features.
I0000 00:00:1770218942.352136   13557 abstract_learner.cc:172] The label "Class" was removed from the input feature set.
I0000 00:00:1770218942.352434   13557 vertical_dataset_io.cc:82] 100 examples scanned.
I0000 00:00:1770218942.391232   13557 vertical_dataset_io.cc:88] 40689 examples read. Memory: usage:2MB allocated:2MB. 0 (0%) examples have been skipped.
I0000 00:00:1770218942.391268   13557 abstract_learner.cc:155] No input feature explicitly specified. Using all the available input features.
I0000 00:00:1770218942.391272   13557 abstract_learner.cc:172] The label "Class" was removed from the input feature set.
I0000 00:00:1770218942.391289   13557 random_forest.cc:465] Training random forest on 40689 example(s) and 16 feature(s).
I0000 00:00:1770218942.391297   13557 gpu.cc:93] Cannot initialize GPU: Not compiled with GPU support
I0000 00:00:1770218942.391502   13557 random_forest.cc:659] num_threads being used: 48
I0000 00:00:1770218942.501843   13598 random_forest.cc:981] Train tree 1/240 [index:12 total:0.11s tree:0.11s]
I0000 00:00:1770218942.967699   13557 random_forest.cc:990] random_forest.cc Training block took: 0.576459 s
I0000 00:00:1770218942.967747   13557 random_forest.cc:1062] After Random Forest Training block. RETURNING EARLY TO SPEED UP XPS!!
-1 (automatic) threads requested. 48 threads set.
Configuring oblique splits
Using histogram splitting: Random with 64 bins
./bazel-bin/examples/train_oblique_forest --input_mode csv --train_csv "benchmarks/data/cc18_binary_csv/task_14952_PhishingWebsites/repeat0_fold0_sample0_train.csv" --label_col "Result" --numerical_split_type "Random" --num_trees 240 --num_threads -1 --histogram_num_bins 64


Inferring DataSpec from CSV: benchmarks/data/cc18_binary_csv/task_14952_PhishingWebsites/repeat0_fold0_sample0_train.csv


WARNING: All log messages before absl::InitializeLog() is called are written to STDERR
I0000 00:00:1770218943.005887   13609 csv_example_reader.cc:212] 0 row(s) processed
I0000 00:00:1770218943.009838   13609 csv_example_reader.cc:216] Stop scanning the csv file to infer the type. Some records were not considered.
I0000 00:00:1770218943.009854   13609 data_spec_inference.cc:457] 31 column(s) found
I0000 00:00:1770218943.009866   13609 csv_example_reader.cc:303] 0 row(s) processed
I0000 00:00:1770218943.022793   13609 data_spec_inference.cc:494] Finalizing [9949 row(s) found]
I0000 00:00:1770218943.022859   13609 abstract_learner.cc:155] No input feature explicitly specified. Using all the available input features.
I0000 00:00:1770218943.022862   13609 abstract_learner.cc:172] The label "Result" was removed from the input feature set.
I0000 00:00:1770218943.023184   13609 vertical_dataset_io.cc:82] 100 examples scanned.
I0000 00:00:1770218943.037849   13609 vertical_dataset_io.cc:88] 9949 examples read. Memory: usage:1MB allocated:1MB. 0 (0%) examples have been skipped.
I0000 00:00:1770218943.037879   13609 abstract_learner.cc:155] No input feature explicitly specified. Using all the available input features.
I0000 00:00:1770218943.037883   13609 abstract_learner.cc:172] The label "Result" was removed from the input feature set.
I0000 00:00:1770218943.037895   13609 random_forest.cc:465] Training random forest on 9949 example(s) and 30 feature(s).
I0000 00:00:1770218943.037902   13609 gpu.cc:93] Cannot initialize GPU: Not compiled with GPU support
I0000 00:00:1770218943.038096   13609 random_forest.cc:659] num_threads being used: 48
I0000 00:00:1770218943.058801   13615 random_forest.cc:981] Train tree 1/240 [index:5 total:0.02s tree:0.02s]
I0000 00:00:1770218943.172571   13609 random_forest.cc:990] random_forest.cc Training block took: 0.134715 s
I0000 00:00:1770218943.172599   13609 random_forest.cc:1062] After Random Forest Training block. RETURNING EARLY TO SPEED UP XPS!!
-1 (automatic) threads requested. 48 threads set.
Configuring oblique splits
Using histogram splitting: Random with 64 bins
./bazel-bin/examples/train_oblique_forest --input_mode csv --train_csv "benchmarks/data/cc18_binary_csv/task_29_credit-approval/repeat0_fold0_sample0_train.csv" --label_col "class" --numerical_split_type "Random" --num_trees 240 --num_threads -1 --histogram_num_bins 64


Inferring DataSpec from CSV: benchmarks/data/cc18_binary_csv/task_29_credit-approval/repeat0_fold0_sample0_train.csv


WARNING: All log messages before absl::InitializeLog() is called are written to STDERR
I0000 00:00:1770218943.186427   13661 csv_example_reader.cc:212] 0 row(s) processed
I0000 00:00:1770218943.187920   13661 data_spec_inference.cc:457] 16 column(s) found
I0000 00:00:1770218943.187931   13661 csv_example_reader.cc:303] 0 row(s) processed
I0000 00:00:1770218943.188595   13661 data_spec_inference.cc:354] 1 item(s) have been pruned (i.e. they are considered out of dictionary) for the column A4 (2 item(s) left) because min_value_count=5 and max_number_of_unique_values=2000
I0000 00:00:1770218943.188601   13661 data_spec_inference.cc:354] 1 item(s) have been pruned (i.e. they are considered out of dictionary) for the column A5 (2 item(s) left) because min_value_count=5 and max_number_of_unique_values=2000
I0000 00:00:1770218943.188605   13661 data_spec_inference.cc:354] 1 item(s) have been pruned (i.e. they are considered out of dictionary) for the column A6 (13 item(s) left) because min_value_count=5 and max_number_of_unique_values=2000
I0000 00:00:1770218943.188610   13661 data_spec_inference.cc:354] 2 item(s) have been pruned (i.e. they are considered out of dictionary) for the column A7 (7 item(s) left) because min_value_count=5 and max_number_of_unique_values=2000
I0000 00:00:1770218943.188621   13661 data_spec_inference.cc:494] Finalizing [621 row(s) found]
I0000 00:00:1770218943.188676   13661 abstract_learner.cc:155] No input feature explicitly specified. Using all the available input features.
I0000 00:00:1770218943.188679   13661 abstract_learner.cc:172] The label "class" was removed from the input feature set.
I0000 00:00:1770218943.188972   13661 vertical_dataset_io.cc:82] 100 examples scanned.
I0000 00:00:1770218943.189454   13661 vertical_dataset_io.cc:88] 621 examples read. Memory: usage:0MB allocated:0MB. 0 (0%) examples have been skipped.
I0000 00:00:1770218943.189476   13661 abstract_learner.cc:155] No input feature explicitly specified. Using all the available input features.
I0000 00:00:1770218943.189481   13661 abstract_learner.cc:172] The label "class" was removed from the input feature set.
I0000 00:00:1770218943.189492   13661 random_forest.cc:465] Training random forest on 621 example(s) and 15 feature(s).
I0000 00:00:1770218943.189498   13661 gpu.cc:93] Cannot initialize GPU: Not compiled with GPU support
I0000 00:00:1770218943.189687   13661 random_forest.cc:659] num_threads being used: 48
I0000 00:00:1770218943.192705   13667 random_forest.cc:981] Train tree 1/240 [index:4 total:0.00s tree:0.00s]
I0000 00:00:1770218943.205222   13661 random_forest.cc:990] random_forest.cc Training block took: 0.0157634 s
I0000 00:00:1770218943.205247   13661 random_forest.cc:1062] After Random Forest Training block. RETURNING EARLY TO SPEED UP XPS!!
-1 (automatic) threads requested. 48 threads set.
Configuring oblique splits
Using histogram splitting: Random with 64 bins
./bazel-bin/examples/train_oblique_forest --input_mode csv --train_csv "benchmarks/data/cc18_binary_csv/task_167125_Internet-Advertisements/repeat0_fold0_sample0_train.csv" --label_col "class" --numerical_split_type "Random" --num_trees 240 --num_threads -1 --histogram_num_bins 64


Inferring DataSpec from CSV: benchmarks/data/cc18_binary_csv/task_167125_Internet-Advertisements/repeat0_fold0_sample0_train.csv


WARNING: All log messages before absl::InitializeLog() is called are written to STDERR
I0000 00:00:1770218943.216672   13713 csv_example_reader.cc:212] 0 row(s) processed
I0000 00:00:1770218943.357635   13713 csv_example_reader.cc:216] Stop scanning the csv file to infer the type. Some records were not considered.
I0000 00:00:1770218943.357800   13713 data_spec_inference.cc:457] 1559 column(s) found
I0000 00:00:1770218943.358635   13713 csv_example_reader.cc:303] 0 row(s) processed
I0000 00:00:1770218943.485448   13713 data_spec_inference.cc:494] Finalizing [2951 row(s) found]
I0000 00:00:1770218943.485605   13713 abstract_learner.cc:155] No input feature explicitly specified. Using all the available input features.
I0000 00:00:1770218943.485609   13713 abstract_learner.cc:172] The label "class" was removed from the input feature set.
I0000 00:00:1770218943.492891   13713 vertical_dataset_io.cc:82] 100 examples scanned.
I0000 00:00:1770218943.655559   13713 vertical_dataset_io.cc:88] 2951 examples read. Memory: usage:4MB allocated:4MB. 0 (0%) examples have been skipped.
I0000 00:00:1770218943.655858   13713 abstract_learner.cc:155] No input feature explicitly specified. Using all the available input features.
I0000 00:00:1770218943.655899   13713 abstract_learner.cc:172] The label "class" was removed from the input feature set.
I0000 00:00:1770218943.656020   13713 random_forest.cc:465] Training random forest on 2951 example(s) and 1558 feature(s).
I0000 00:00:1770218943.656065   13713 gpu.cc:93] Cannot initialize GPU: Not compiled with GPU support
I0000 00:00:1770218943.656329   13713 random_forest.cc:659] num_threads being used: 48
I0000 00:00:1770218943.678940   13750 random_forest.cc:981] Train tree 1/240 [index:11 total:0.02s tree:0.02s]
I0000 00:00:1770218943.873737   13713 random_forest.cc:990] random_forest.cc Training block took: 0.218039 s
I0000 00:00:1770218943.873760   13713 random_forest.cc:1062] After Random Forest Training block. RETURNING EARLY TO SPEED UP XPS!!
-1 (automatic) threads requested. 48 threads set.
Configuring oblique splits
Using histogram splitting: Random with 64 bins
./bazel-bin/examples/train_oblique_forest --input_mode trunk --rows 10000 --numerical_split_type "Random" --num_trees 240 --num_threads -1 --histogram_num_bins 64
WARNING: All log messages before absl::InitializeLog() is called are written to STDERR
I0000 00:00:1770218944.226128   13765 abstract_learner.cc:155] No input feature explicitly specified. Using all the available input features.
I0000 00:00:1770218944.226150   13765 abstract_learner.cc:172] The label "y" was removed from the input feature set.
I0000 00:00:1770218944.226705   13765 random_forest.cc:465] Training random forest on 10000 example(s) and 4096 feature(s).
I0000 00:00:1770218944.226871   13765 gpu.cc:93] Cannot initialize GPU: Not compiled with GPU support
I0000 00:00:1770218944.227749   13765 random_forest.cc:659] num_threads being used: 48
I0000 00:00:1770218944.830740   13768 random_forest.cc:981] Train tree 1/240 [index:8 total:0.60s tree:0.60s]
I0000 00:00:1770218947.978357   13765 random_forest.cc:990] random_forest.cc Training block took: 3.75259 s
I0000 00:00:1770218947.978411   13765 random_forest.cc:1062] After Random Forest Training block. RETURNING EARLY TO SPEED UP XPS!!

Generating trunk synthetic dataset: rows=10000, cols=4096
-1 (automatic) threads requested. 48 threads set.
Configuring oblique splits
Using histogram splitting: Random with 64 bins
./bazel-bin/examples/train_oblique_forest --input_mode trunk --rows 100000 --numerical_split_type "Random" --num_trees 240 --num_threads -1 --histogram_num_bins 64
WARNING: All log messages before absl::InitializeLog() is called are written to STDERR
I0000 00:00:1770218951.432512   13833 abstract_learner.cc:155] No input feature explicitly specified. Using all the available input features.
I0000 00:00:1770218951.432545   13833 abstract_learner.cc:172] The label "y" was removed from the input feature set.
I0000 00:00:1770218951.433145   13833 random_forest.cc:465] Training random forest on 100000 example(s) and 4096 feature(s).
I0000 00:00:1770218951.433364   13833 gpu.cc:93] Cannot initialize GPU: Not compiled with GPU support
I0000 00:00:1770218951.434328   13833 random_forest.cc:659] num_threads being used: 48
I0000 00:00:1770218957.745495   13865 random_forest.cc:981] Train tree 1/240 [index:25 total:6.31s tree:6.31s]
I0000 00:00:1770218981.391101   13864 random_forest.cc:981] Train tree 145/240 [index:144 total:29.96s tree:7.93s]
I0000 00:00:1770218991.533321   13833 random_forest.cc:990] random_forest.cc Training block took: 40.1012 s
I0000 00:00:1770218991.533376   13833 random_forest.cc:1062] After Random Forest Training block. RETURNING EARLY TO SPEED UP XPS!!

Generating trunk synthetic dataset: rows=100000, cols=4096
-1 (automatic) threads requested. 48 threads set.
Configuring oblique splits
Using histogram splitting: Random with 64 bins
./bazel-bin/examples/train_oblique_forest --input_mode trunk --rows 1000000 --numerical_split_type "Random" --num_trees 240 --num_threads -1 --histogram_num_bins 64
WARNING: All log messages before absl::InitializeLog() is called are written to STDERR
I0000 00:00:1770219025.841025   14054 abstract_learner.cc:155] No input feature explicitly specified. Using all the available input features.
I0000 00:00:1770219025.841057   14054 abstract_learner.cc:172] The label "y" was removed from the input feature set.
I0000 00:00:1770219025.841618   14054 random_forest.cc:465] Training random forest on 1000000 example(s) and 4096 feature(s).
I0000 00:00:1770219025.841771   14054 gpu.cc:93] Cannot initialize GPU: Not compiled with GPU support
I0000 00:00:1770219025.842660   14054 random_forest.cc:659] num_threads being used: 48
I0000 00:00:1770219104.101278   14215 random_forest.cc:981] Train tree 1/240 [index:36 total:1m18.26s tree:1m18.25s]
I0000 00:00:1770219182.646827   14192 random_forest.cc:981] Train tree 49/240 [index:54 total:2m36.80s tree:1m14.54s]
I0000 00:00:1770219216.671078   14188 random_forest.cc:981] Train tree 96/240 [index:95 total:3m10.83s tree:1m38.86s]
I0000 00:00:1770219263.943027   14235 random_forest.cc:981] Train tree 97/240 [index:111 total:3m58.10s tree:1m9.35s]
I0000 00:00:1770219284.533586   14195 random_forest.cc:981] Train tree 142/240 [index:141 total:4m18.69s tree:1m24.54s]
I0000 00:00:1770219339.449936   14235 random_forest.cc:981] Train tree 145/240 [index:144 total:5m13.61s tree:1m15.51s]
I0000 00:00:1770219359.581368   14214 random_forest.cc:981] Train tree 155/240 [index:161 total:5m33.74s tree:1m21.95s]
I0000 00:00:1770219381.314219   14219 random_forest.cc:981] Train tree 191/240 [index:190 total:5m55.47s tree:1m23.45s]
I0000 00:00:1770219420.577345   14235 random_forest.cc:981] Train tree 193/240 [index:192 total:6m34.73s tree:1m21.13s]
I0000 00:00:1770219440.584276   14196 random_forest.cc:981] Train tree 198/240 [index:217 total:6m54.74s tree:1m17.29s]
I0000 00:00:1770219467.589628   14188 random_forest.cc:981] Train tree 240/240 [index:239 total:7m21.75s tree:1m20.09s]
I0000 00:00:1770219467.590314   14054 random_forest.cc:990] random_forest.cc Training block took: 441.75 s
I0000 00:00:1770219467.590365   14054 random_forest.cc:1062] After Random Forest Training block. RETURNING EARLY TO SPEED UP XPS!!

Generating trunk synthetic dataset: rows=1000000, cols=4096
-1 (automatic) threads requested. 48 threads set.
Configuring oblique splits
Using histogram splitting: Random with 64 bins


======== Running Dynamic Random Histogram with 64 bins ========

./bazel-bin/examples/train_oblique_forest --input_mode csv --train_csv "benchmarks/data/HIGGS_with_header.csv" --label_col "class" --numerical_split_type "Dynamic Random Histogram" --num_trees 240 --num_threads -1 --histogram_num_bins 64


Inferring DataSpec from CSV: benchmarks/data/HIGGS_with_header.csv


WARNING: All log messages before absl::InitializeLog() is called are written to STDERR
I0000 00:00:1770219468.427417   15978 csv_example_reader.cc:212] 0 row(s) processed
I0000 00:00:1770219468.435542   15978 csv_example_reader.cc:216] Stop scanning the csv file to infer the type. Some records were not considered.
I0000 00:00:1770219468.435557   15978 data_spec_inference.cc:457] 29 column(s) found
I0000 00:00:1770219468.435569   15978 csv_example_reader.cc:303] 0 row(s) processed
I0000 00:00:1770219498.435662   15978 csv_example_reader.cc:303] 8331641 row(s) processed
I0000 00:00:1770219507.989920   15978 data_spec_inference.cc:494] Finalizing [11000000 row(s) found]
I0000 00:00:1770219507.990022   15978 abstract_learner.cc:155] No input feature explicitly specified. Using all the available input features.
I0000 00:00:1770219507.990025   15978 abstract_learner.cc:172] The label "class" was removed from the input feature set.
I0000 00:00:1770219507.990573   15978 vertical_dataset_io.cc:82] 100 examples scanned.
I0000 00:00:1770219537.990817   15978 vertical_dataset_io.cc:82] 7750200 examples scanned.
I0000 00:00:1770219551.369311   15978 vertical_dataset_io.cc:88] 11000000 examples read. Memory: usage:1276MB allocated:1276MB. 0 (0%) examples have been skipped.
I0000 00:00:1770219551.369388   15978 abstract_learner.cc:155] No input feature explicitly specified. Using all the available input features.
I0000 00:00:1770219551.369393   15978 abstract_learner.cc:172] The label "class" was removed from the input feature set.
I0000 00:00:1770219551.369414   15978 random_forest.cc:465] Training random forest on 11000000 example(s) and 28 feature(s).
I0000 00:00:1770219551.369425   15978 gpu.cc:93] Cannot initialize GPU: Not compiled with GPU support
I0000 00:00:1770219551.369670   15978 random_forest.cc:659] num_threads being used: 48
I0000 00:00:1770219623.634517   16333 random_forest.cc:981] Train tree 1/240 [index:39 total:1m12.26s tree:1m12.26s]
I0000 00:00:1770219695.363728   16316 random_forest.cc:981] Train tree 49/240 [index:52 total:2m23.99s tree:1m10.86s]
I0000 00:00:1770219769.464271   16316 random_forest.cc:981] Train tree 97/240 [index:96 total:3m38.09s tree:1m14.10s]
I0000 00:00:1770219844.110226   16337 random_forest.cc:981] Train tree 145/240 [index:146 total:4m52.74s tree:1m13.60s]
I0000 00:00:1770219915.482803   16324 random_forest.cc:981] Train tree 193/240 [index:211 total:6m4.11s tree:1m7.76s]
I0000 00:00:1770219927.524552   15978 random_forest.cc:990] random_forest.cc Training block took: 376.155 s
I0000 00:00:1770219927.524597   15978 random_forest.cc:1062] After Random Forest Training block. RETURNING EARLY TO SPEED UP XPS!!
-1 (automatic) threads requested. 48 threads set.
Configuring oblique splits
Using Dynamic Random Histogram with 64 samples
./bazel-bin/examples/train_oblique_forest --input_mode csv --train_csv "benchmarks/data/SUSY_with_header.csv" --label_col "class" --numerical_split_type "Dynamic Random Histogram" --num_trees 240 --num_threads -1 --histogram_num_bins 64


Inferring DataSpec from CSV: benchmarks/data/SUSY_with_header.csv


WARNING: All log messages before absl::InitializeLog() is called are written to STDERR
I0000 00:00:1770219935.182968   17808 csv_example_reader.cc:212] 0 row(s) processed
I0000 00:00:1770219935.188212   17808 csv_example_reader.cc:216] Stop scanning the csv file to infer the type. Some records were not considered.
I0000 00:00:1770219935.188228   17808 data_spec_inference.cc:457] 19 column(s) found
I0000 00:00:1770219935.188239   17808 csv_example_reader.cc:303] 0 row(s) processed
I0000 00:00:1770219947.216604   17808 data_spec_inference.cc:494] Finalizing [5000000 row(s) found]
I0000 00:00:1770219947.216701   17808 abstract_learner.cc:155] No input feature explicitly specified. Using all the available input features.
I0000 00:00:1770219947.216703   17808 abstract_learner.cc:172] The label "class" was removed from the input feature set.
I0000 00:00:1770219947.217107   17808 vertical_dataset_io.cc:82] 100 examples scanned.
I0000 00:00:1770219959.994067   17808 vertical_dataset_io.cc:88] 5000000 examples read. Memory: usage:380MB allocated:380MB. 0 (0%) examples have been skipped.
I0000 00:00:1770219959.994140   17808 abstract_learner.cc:155] No input feature explicitly specified. Using all the available input features.
I0000 00:00:1770219959.994145   17808 abstract_learner.cc:172] The label "class" was removed from the input feature set.
I0000 00:00:1770219959.994164   17808 random_forest.cc:465] Training random forest on 5000000 example(s) and 18 feature(s).
I0000 00:00:1770219959.994173   17808 gpu.cc:93] Cannot initialize GPU: Not compiled with GPU support
I0000 00:00:1770219959.994417   17808 random_forest.cc:659] num_threads being used: 48
I0000 00:00:1770219973.818546   17914 random_forest.cc:981] Train tree 1/240 [index:26 total:13.82s tree:13.82s]
I0000 00:00:1770219999.661847   17914 random_forest.cc:981] Train tree 49/240 [index:48 total:39.67s tree:25.84s]
I0000 00:00:1770220024.664174   17914 random_forest.cc:981] Train tree 98/240 [index:96 total:1m4.67s tree:25.00s]
I0000 00:00:1770220050.644969   17914 random_forest.cc:981] Train tree 146/240 [index:145 total:1m30.65s tree:25.98s]
I0000 00:00:1770220076.398078   17914 random_forest.cc:981] Train tree 194/240 [index:193 total:1m56.40s tree:25.75s]
I0000 00:00:1770220091.551254   17808 random_forest.cc:990] random_forest.cc Training block took: 131.557 s
I0000 00:00:1770220091.551302   17808 random_forest.cc:1062] After Random Forest Training block. RETURNING EARLY TO SPEED UP XPS!!
-1 (automatic) threads requested. 48 threads set.
Configuring oblique splits
Using Dynamic Random Histogram with 64 samples
./bazel-bin/examples/train_oblique_forest --input_mode csv --train_csv "benchmarks/data/cc18_binary_csv/task_14965_bank-marketing/repeat0_fold0_sample0_train.csv" --label_col "Class" --numerical_split_type "Dynamic Random Histogram" --num_trees 240 --num_threads -1 --histogram_num_bins 64


Inferring DataSpec from CSV: benchmarks/data/cc18_binary_csv/task_14965_bank-marketing/repeat0_fold0_sample0_train.csv


WARNING: All log messages before absl::InitializeLog() is called are written to STDERR
I0000 00:00:1770220094.648285   18461 csv_example_reader.cc:212] 0 row(s) processed
I0000 00:00:1770220094.650698   18461 csv_example_reader.cc:216] Stop scanning the csv file to infer the type. Some records were not considered.
I0000 00:00:1770220094.650713   18461 data_spec_inference.cc:457] 17 column(s) found
I0000 00:00:1770220094.650723   18461 csv_example_reader.cc:303] 0 row(s) processed
I0000 00:00:1770220094.691709   18461 data_spec_inference.cc:494] Finalizing [40689 row(s) found]
I0000 00:00:1770220094.691793   18461 abstract_learner.cc:155] No input feature explicitly specified. Using all the available input features.
I0000 00:00:1770220094.691796   18461 abstract_learner.cc:172] The label "Class" was removed from the input feature set.
I0000 00:00:1770220094.692096   18461 vertical_dataset_io.cc:82] 100 examples scanned.
I0000 00:00:1770220094.731113   18461 vertical_dataset_io.cc:88] 40689 examples read. Memory: usage:2MB allocated:2MB. 0 (0%) examples have been skipped.
I0000 00:00:1770220094.731149   18461 abstract_learner.cc:155] No input feature explicitly specified. Using all the available input features.
I0000 00:00:1770220094.731153   18461 abstract_learner.cc:172] The label "Class" was removed from the input feature set.
I0000 00:00:1770220094.731168   18461 random_forest.cc:465] Training random forest on 40689 example(s) and 16 feature(s).
I0000 00:00:1770220094.731176   18461 gpu.cc:93] Cannot initialize GPU: Not compiled with GPU support
I0000 00:00:1770220094.731377   18461 random_forest.cc:659] num_threads being used: 48
I0000 00:00:1770220094.789226   18482 random_forest.cc:981] Train tree 1/240 [index:27 total:0.06s tree:0.06s]
I0000 00:00:1770220095.046086   18461 random_forest.cc:990] random_forest.cc Training block took: 0.314966 s
I0000 00:00:1770220095.046129   18461 random_forest.cc:1062] After Random Forest Training block. RETURNING EARLY TO SPEED UP XPS!!
-1 (automatic) threads requested. 48 threads set.
Configuring oblique splits
Using Dynamic Random Histogram with 64 samples
./bazel-bin/examples/train_oblique_forest --input_mode csv --train_csv "benchmarks/data/cc18_binary_csv/task_14952_PhishingWebsites/repeat0_fold0_sample0_train.csv" --label_col "Result" --numerical_split_type "Dynamic Random Histogram" --num_trees 240 --num_threads -1 --histogram_num_bins 64


Inferring DataSpec from CSV: benchmarks/data/cc18_binary_csv/task_14952_PhishingWebsites/repeat0_fold0_sample0_train.csv


WARNING: All log messages before absl::InitializeLog() is called are written to STDERR
I0000 00:00:1770220095.082095   18513 csv_example_reader.cc:212] 0 row(s) processed
I0000 00:00:1770220095.086030   18513 csv_example_reader.cc:216] Stop scanning the csv file to infer the type. Some records were not considered.
I0000 00:00:1770220095.086045   18513 data_spec_inference.cc:457] 31 column(s) found
I0000 00:00:1770220095.086056   18513 csv_example_reader.cc:303] 0 row(s) processed
I0000 00:00:1770220095.099033   18513 data_spec_inference.cc:494] Finalizing [9949 row(s) found]
I0000 00:00:1770220095.099101   18513 abstract_learner.cc:155] No input feature explicitly specified. Using all the available input features.
I0000 00:00:1770220095.099104   18513 abstract_learner.cc:172] The label "Result" was removed from the input feature set.
I0000 00:00:1770220095.099418   18513 vertical_dataset_io.cc:82] 100 examples scanned.
I0000 00:00:1770220095.114150   18513 vertical_dataset_io.cc:88] 9949 examples read. Memory: usage:1MB allocated:1MB. 0 (0%) examples have been skipped.
I0000 00:00:1770220095.114184   18513 abstract_learner.cc:155] No input feature explicitly specified. Using all the available input features.
I0000 00:00:1770220095.114188   18513 abstract_learner.cc:172] The label "Result" was removed from the input feature set.
I0000 00:00:1770220095.114200   18513 random_forest.cc:465] Training random forest on 9949 example(s) and 30 feature(s).
I0000 00:00:1770220095.114208   18513 gpu.cc:93] Cannot initialize GPU: Not compiled with GPU support
I0000 00:00:1770220095.114399   18513 random_forest.cc:659] num_threads being used: 48
I0000 00:00:1770220095.125968   18520 random_forest.cc:981] Train tree 1/240 [index:5 total:0.01s tree:0.01s]
I0000 00:00:1770220095.186775   18513 random_forest.cc:990] random_forest.cc Training block took: 0.0726147 s
I0000 00:00:1770220095.186799   18513 random_forest.cc:1062] After Random Forest Training block. RETURNING EARLY TO SPEED UP XPS!!
-1 (automatic) threads requested. 48 threads set.
Configuring oblique splits
Using Dynamic Random Histogram with 64 samples
./bazel-bin/examples/train_oblique_forest --input_mode csv --train_csv "benchmarks/data/cc18_binary_csv/task_29_credit-approval/repeat0_fold0_sample0_train.csv" --label_col "class" --numerical_split_type "Dynamic Random Histogram" --num_trees 240 --num_threads -1 --histogram_num_bins 64


Inferring DataSpec from CSV: benchmarks/data/cc18_binary_csv/task_29_credit-approval/repeat0_fold0_sample0_train.csv


WARNING: All log messages before absl::InitializeLog() is called are written to STDERR
I0000 00:00:1770220095.199310   18565 csv_example_reader.cc:212] 0 row(s) processed
I0000 00:00:1770220095.200754   18565 data_spec_inference.cc:457] 16 column(s) found
I0000 00:00:1770220095.200766   18565 csv_example_reader.cc:303] 0 row(s) processed
I0000 00:00:1770220095.201454   18565 data_spec_inference.cc:354] 1 item(s) have been pruned (i.e. they are considered out of dictionary) for the column A4 (2 item(s) left) because min_value_count=5 and max_number_of_unique_values=2000
I0000 00:00:1770220095.201460   18565 data_spec_inference.cc:354] 1 item(s) have been pruned (i.e. they are considered out of dictionary) for the column A5 (2 item(s) left) because min_value_count=5 and max_number_of_unique_values=2000
I0000 00:00:1770220095.201463   18565 data_spec_inference.cc:354] 1 item(s) have been pruned (i.e. they are considered out of dictionary) for the column A6 (13 item(s) left) because min_value_count=5 and max_number_of_unique_values=2000
I0000 00:00:1770220095.201469   18565 data_spec_inference.cc:354] 2 item(s) have been pruned (i.e. they are considered out of dictionary) for the column A7 (7 item(s) left) because min_value_count=5 and max_number_of_unique_values=2000
I0000 00:00:1770220095.201480   18565 data_spec_inference.cc:494] Finalizing [621 row(s) found]
I0000 00:00:1770220095.201535   18565 abstract_learner.cc:155] No input feature explicitly specified. Using all the available input features.
I0000 00:00:1770220095.201538   18565 abstract_learner.cc:172] The label "class" was removed from the input feature set.
I0000 00:00:1770220095.201835   18565 vertical_dataset_io.cc:82] 100 examples scanned.
I0000 00:00:1770220095.202369   18565 vertical_dataset_io.cc:88] 621 examples read. Memory: usage:0MB allocated:0MB. 0 (0%) examples have been skipped.
I0000 00:00:1770220095.202392   18565 abstract_learner.cc:155] No input feature explicitly specified. Using all the available input features.
I0000 00:00:1770220095.202397   18565 abstract_learner.cc:172] The label "class" was removed from the input feature set.
I0000 00:00:1770220095.202409   18565 random_forest.cc:465] Training random forest on 621 example(s) and 15 feature(s).
I0000 00:00:1770220095.202416   18565 gpu.cc:93] Cannot initialize GPU: Not compiled with GPU support
I0000 00:00:1770220095.202623   18565 random_forest.cc:659] num_threads being used: 48
I0000 00:00:1770220095.204462   18572 random_forest.cc:981] Train tree 1/240 [index:5 total:0.00s tree:0.00s]
I0000 00:00:1770220095.210088   18565 random_forest.cc:990] random_forest.cc Training block took: 0.00771354 s
I0000 00:00:1770220095.210112   18565 random_forest.cc:1062] After Random Forest Training block. RETURNING EARLY TO SPEED UP XPS!!
-1 (automatic) threads requested. 48 threads set.
Configuring oblique splits
Using Dynamic Random Histogram with 64 samples
./bazel-bin/examples/train_oblique_forest --input_mode csv --train_csv "benchmarks/data/cc18_binary_csv/task_167125_Internet-Advertisements/repeat0_fold0_sample0_train.csv" --label_col "class" --numerical_split_type "Dynamic Random Histogram" --num_trees 240 --num_threads -1 --histogram_num_bins 64


Inferring DataSpec from CSV: benchmarks/data/cc18_binary_csv/task_167125_Internet-Advertisements/repeat0_fold0_sample0_train.csv


WARNING: All log messages before absl::InitializeLog() is called are written to STDERR
I0000 00:00:1770220095.220416   18617 csv_example_reader.cc:212] 0 row(s) processed
I0000 00:00:1770220095.359958   18617 csv_example_reader.cc:216] Stop scanning the csv file to infer the type. Some records were not considered.
I0000 00:00:1770220095.360153   18617 data_spec_inference.cc:457] 1559 column(s) found
I0000 00:00:1770220095.360993   18617 csv_example_reader.cc:303] 0 row(s) processed
I0000 00:00:1770220095.487070   18617 data_spec_inference.cc:494] Finalizing [2951 row(s) found]
I0000 00:00:1770220095.487234   18617 abstract_learner.cc:155] No input feature explicitly specified. Using all the available input features.
I0000 00:00:1770220095.487238   18617 abstract_learner.cc:172] The label "class" was removed from the input feature set.
I0000 00:00:1770220095.494514   18617 vertical_dataset_io.cc:82] 100 examples scanned.
I0000 00:00:1770220095.657761   18617 vertical_dataset_io.cc:88] 2951 examples read. Memory: usage:4MB allocated:4MB. 0 (0%) examples have been skipped.
I0000 00:00:1770220095.658056   18617 abstract_learner.cc:155] No input feature explicitly specified. Using all the available input features.
I0000 00:00:1770220095.658098   18617 abstract_learner.cc:172] The label "class" was removed from the input feature set.
I0000 00:00:1770220095.658221   18617 random_forest.cc:465] Training random forest on 2951 example(s) and 1558 feature(s).
I0000 00:00:1770220095.658270   18617 gpu.cc:93] Cannot initialize GPU: Not compiled with GPU support
I0000 00:00:1770220095.658552   18617 random_forest.cc:659] num_threads being used: 48
I0000 00:00:1770220095.680910   18636 random_forest.cc:981] Train tree 1/240 [index:23 total:0.02s tree:0.02s]
I0000 00:00:1770220095.869264   18617 random_forest.cc:990] random_forest.cc Training block took: 0.211372 s
I0000 00:00:1770220095.869290   18617 random_forest.cc:1062] After Random Forest Training block. RETURNING EARLY TO SPEED UP XPS!!
-1 (automatic) threads requested. 48 threads set.
Configuring oblique splits
Using Dynamic Random Histogram with 64 samples
./bazel-bin/examples/train_oblique_forest --input_mode trunk --rows 10000 --numerical_split_type "Dynamic Random Histogram" --num_trees 240 --num_threads -1 --histogram_num_bins 64
WARNING: All log messages before absl::InitializeLog() is called are written to STDERR
I0000 00:00:1770220096.219998   18669 abstract_learner.cc:155] No input feature explicitly specified. Using all the available input features.
I0000 00:00:1770220096.220021   18669 abstract_learner.cc:172] The label "y" was removed from the input feature set.
I0000 00:00:1770220096.220577   18669 random_forest.cc:465] Training random forest on 10000 example(s) and 4096 feature(s).
I0000 00:00:1770220096.220737   18669 gpu.cc:93] Cannot initialize GPU: Not compiled with GPU support
I0000 00:00:1770220096.221616   18669 random_forest.cc:659] num_threads being used: 48
I0000 00:00:1770220096.531787   18696 random_forest.cc:981] Train tree 1/240 [index:23 total:0.31s tree:0.31s]
I0000 00:00:1770220097.938004   18669 random_forest.cc:990] random_forest.cc Training block took: 1.71835 s
I0000 00:00:1770220097.938056   18669 random_forest.cc:1062] After Random Forest Training block. RETURNING EARLY TO SPEED UP XPS!!

Generating trunk synthetic dataset: rows=10000, cols=4096
-1 (automatic) threads requested. 48 threads set.
Configuring oblique splits
Using Dynamic Random Histogram with 64 samples
./bazel-bin/examples/train_oblique_forest --input_mode trunk --rows 100000 --numerical_split_type "Dynamic Random Histogram" --num_trees 240 --num_threads -1 --histogram_num_bins 64
WARNING: All log messages before absl::InitializeLog() is called are written to STDERR
I0000 00:00:1770220101.399472   18729 abstract_learner.cc:155] No input feature explicitly specified. Using all the available input features.
I0000 00:00:1770220101.399505   18729 abstract_learner.cc:172] The label "y" was removed from the input feature set.
I0000 00:00:1770220101.400106   18729 random_forest.cc:465] Training random forest on 100000 example(s) and 4096 feature(s).
I0000 00:00:1770220101.400311   18729 gpu.cc:93] Cannot initialize GPU: Not compiled with GPU support
I0000 00:00:1770220101.401250   18729 random_forest.cc:659] num_threads being used: 48
I0000 00:00:1770220105.236239   18763 random_forest.cc:981] Train tree 1/240 [index:25 total:3.83s tree:3.83s]
I0000 00:00:1770220123.134808   18729 random_forest.cc:990] random_forest.cc Training block took: 21.7357 s
I0000 00:00:1770220123.134860   18729 random_forest.cc:1062] After Random Forest Training block. RETURNING EARLY TO SPEED UP XPS!!

Generating trunk synthetic dataset: rows=100000, cols=4096
-1 (automatic) threads requested. 48 threads set.
Configuring oblique splits
Using Dynamic Random Histogram with 64 samples
./bazel-bin/examples/train_oblique_forest --input_mode trunk --rows 1000000 --numerical_split_type "Dynamic Random Histogram" --num_trees 240 --num_threads -1 --histogram_num_bins 64
WARNING: All log messages before absl::InitializeLog() is called are written to STDERR
I0000 00:00:1770220157.487092   18877 abstract_learner.cc:155] No input feature explicitly specified. Using all the available input features.
I0000 00:00:1770220157.487127   18877 abstract_learner.cc:172] The label "y" was removed from the input feature set.
I0000 00:00:1770220157.487701   18877 random_forest.cc:465] Training random forest on 1000000 example(s) and 4096 feature(s).
I0000 00:00:1770220157.487918   18877 gpu.cc:93] Cannot initialize GPU: Not compiled with GPU support
I0000 00:00:1770220157.488886   18877 random_forest.cc:659] num_threads being used: 48
I0000 00:00:1770220206.429411   19026 random_forest.cc:981] Train tree 1/240 [index:14 total:48.94s tree:48.94s]
I0000 00:00:1770220255.161309   19037 random_forest.cc:981] Train tree 49/240 [index:54 total:1m37.67s tree:47.98s]
I0000 00:00:1770220303.744407   19029 random_forest.cc:981] Train tree 97/240 [index:111 total:2m26.26s tree:46.01s]
I0000 00:00:1770220352.002138   19029 random_forest.cc:981] Train tree 145/240 [index:144 total:3m14.51s tree:48.26s]
I0000 00:00:1770220401.279675   19029 random_forest.cc:981] Train tree 193/240 [index:192 total:4m3.79s tree:49.28s]
I0000 00:00:1770220411.519671   18877 random_forest.cc:990] random_forest.cc Training block took: 254.033 s
I0000 00:00:1770220411.519749   18877 random_forest.cc:1062] After Random Forest Training block. RETURNING EARLY TO SPEED UP XPS!!

Generating trunk synthetic dataset: rows=1000000, cols=4096
-1 (automatic) threads requested. 48 threads set.
Configuring oblique splits
Using Dynamic Random Histogram with 64 samples


======== VECTORIZED EXPERIMENTS [AVX2] histogram_num_bins=64 ========



======== Running Random [VECTORIZE: AVX2] with 64 bins ========

./bazel-bin/examples/train_oblique_forest --input_mode csv --train_csv "benchmarks/data/HIGGS_with_header.csv" --label_col "class" --numerical_split_type "Random" --num_trees 240 --num_threads -1 --histogram_num_bins 64


Inferring DataSpec from CSV: benchmarks/data/HIGGS_with_header.csv


WARNING: All log messages before absl::InitializeLog() is called are written to STDERR
I0000 00:00:1770220449.193115   21691 csv_example_reader.cc:212] 0 row(s) processed
I0000 00:00:1770220449.202947   21691 csv_example_reader.cc:216] Stop scanning the csv file to infer the type. Some records were not considered.
I0000 00:00:1770220449.202962   21691 data_spec_inference.cc:457] 29 column(s) found
I0000 00:00:1770220449.202975   21691 csv_example_reader.cc:303] 0 row(s) processed
I0000 00:00:1770220479.203041   21691 csv_example_reader.cc:303] 8252342 row(s) processed
I0000 00:00:1770220489.154187   21691 data_spec_inference.cc:494] Finalizing [11000000 row(s) found]
I0000 00:00:1770220489.154285   21691 abstract_learner.cc:155] No input feature explicitly specified. Using all the available input features.
I0000 00:00:1770220489.154287   21691 abstract_learner.cc:172] The label "class" was removed from the input feature set.
I0000 00:00:1770220489.154834   21691 vertical_dataset_io.cc:82] 100 examples scanned.
I0000 00:00:1770220519.155275   21691 vertical_dataset_io.cc:82] 7649600 examples scanned.
I0000 00:00:1770220533.092060   21691 vertical_dataset_io.cc:88] 11000000 examples read. Memory: usage:1276MB allocated:1276MB. 0 (0%) examples have been skipped.
I0000 00:00:1770220533.092141   21691 abstract_learner.cc:155] No input feature explicitly specified. Using all the available input features.
I0000 00:00:1770220533.092147   21691 abstract_learner.cc:172] The label "class" was removed from the input feature set.
I0000 00:00:1770220533.092166   21691 random_forest.cc:465] Training random forest on 11000000 example(s) and 28 feature(s).
I0000 00:00:1770220533.092177   21691 gpu.cc:93] Cannot initialize GPU: Not compiled with GPU support
I0000 00:00:1770220533.092418   21691 random_forest.cc:659] num_threads being used: 48
I0000 00:00:1770220651.561072   22206 random_forest.cc:981] Train tree 1/240 [index:3 total:1m58.47s tree:1m58.47s]
I0000 00:00:1770220776.600327   22212 random_forest.cc:981] Train tree 49/240 [index:92 total:4m3.51s tree:1m51.83s]
I0000 00:00:1770220905.783360   22212 random_forest.cc:981] Train tree 97/240 [index:96 total:6m12.69s tree:2m9.18s]
I0000 00:00:1770221035.457226   22212 random_forest.cc:981] Train tree 145/240 [index:144 total:8m22.36s tree:2m9.67s]
I0000 00:00:1770221165.603008   22212 random_forest.cc:981] Train tree 193/240 [index:192 total:10m32.51s tree:2m10.14s]
I0000 00:00:1770221182.864172   21691 random_forest.cc:990] random_forest.cc Training block took: 649.772 s
I0000 00:00:1770221182.864217   21691 random_forest.cc:1062] After Random Forest Training block. RETURNING EARLY TO SPEED UP XPS!!
-1 (automatic) threads requested. 48 threads set.
Configuring oblique splits
Using histogram splitting: Random with 64 bins
./bazel-bin/examples/train_oblique_forest --input_mode csv --train_csv "benchmarks/data/SUSY_with_header.csv" --label_col "class" --numerical_split_type "Random" --num_trees 240 --num_threads -1 --histogram_num_bins 64


Inferring DataSpec from CSV: benchmarks/data/SUSY_with_header.csv


WARNING: All log messages before absl::InitializeLog() is called are written to STDERR
I0000 00:00:1770221191.004264   24716 csv_example_reader.cc:212] 0 row(s) processed
I0000 00:00:1770221191.009579   24716 csv_example_reader.cc:216] Stop scanning the csv file to infer the type. Some records were not considered.
I0000 00:00:1770221191.009593   24716 data_spec_inference.cc:457] 19 column(s) found
I0000 00:00:1770221191.009603   24716 csv_example_reader.cc:303] 0 row(s) processed
I0000 00:00:1770221202.935448   24716 data_spec_inference.cc:494] Finalizing [5000000 row(s) found]
I0000 00:00:1770221202.935549   24716 abstract_learner.cc:155] No input feature explicitly specified. Using all the available input features.
I0000 00:00:1770221202.935552   24716 abstract_learner.cc:172] The label "class" was removed from the input feature set.
I0000 00:00:1770221202.935967   24716 vertical_dataset_io.cc:82] 100 examples scanned.
I0000 00:00:1770221215.871082   24716 vertical_dataset_io.cc:88] 5000000 examples read. Memory: usage:380MB allocated:380MB. 0 (0%) examples have been skipped.
I0000 00:00:1770221215.871155   24716 abstract_learner.cc:155] No input feature explicitly specified. Using all the available input features.
I0000 00:00:1770221215.871161   24716 abstract_learner.cc:172] The label "class" was removed from the input feature set.
I0000 00:00:1770221215.871178   24716 random_forest.cc:465] Training random forest on 5000000 example(s) and 18 feature(s).
I0000 00:00:1770221215.871189   24716 gpu.cc:93] Cannot initialize GPU: Not compiled with GPU support
I0000 00:00:1770221215.871437   24716 random_forest.cc:659] num_threads being used: 48
I0000 00:00:1770221257.579975   24833 random_forest.cc:981] Train tree 1/240 [index:28 total:41.71s tree:41.71s]
I0000 00:00:1770221291.607226   24832 random_forest.cc:981] Train tree 49/240 [index:76 total:1m15.74s tree:32.38s]
I0000 00:00:1770221334.190231   24832 random_forest.cc:981] Train tree 98/240 [index:96 total:1m58.32s tree:42.58s]
I0000 00:00:1770221377.637149   24832 random_forest.cc:981] Train tree 146/240 [index:145 total:2m41.77s tree:43.45s]
I0000 00:00:1770221420.198827   24832 random_forest.cc:981] Train tree 194/240 [index:193 total:3m24.33s tree:42.56s]
I0000 00:00:1770221431.342250   24716 random_forest.cc:990] random_forest.cc Training block took: 215.471 s
I0000 00:00:1770221431.342289   24716 random_forest.cc:1062] After Random Forest Training block. RETURNING EARLY TO SPEED UP XPS!!
-1 (automatic) threads requested. 48 threads set.
Configuring oblique splits
Using histogram splitting: Random with 64 bins
./bazel-bin/examples/train_oblique_forest --input_mode csv --train_csv "benchmarks/data/cc18_binary_csv/task_14965_bank-marketing/repeat0_fold0_sample0_train.csv" --label_col "Class" --numerical_split_type "Random" --num_trees 240 --num_threads -1 --histogram_num_bins 64


Inferring DataSpec from CSV: benchmarks/data/cc18_binary_csv/task_14965_bank-marketing/repeat0_fold0_sample0_train.csv


WARNING: All log messages before absl::InitializeLog() is called are written to STDERR
I0000 00:00:1770221434.689494   25696 csv_example_reader.cc:212] 0 row(s) processed
I0000 00:00:1770221434.691884   25696 csv_example_reader.cc:216] Stop scanning the csv file to infer the type. Some records were not considered.
I0000 00:00:1770221434.691898   25696 data_spec_inference.cc:457] 17 column(s) found
I0000 00:00:1770221434.691907   25696 csv_example_reader.cc:303] 0 row(s) processed
I0000 00:00:1770221434.733047   25696 data_spec_inference.cc:494] Finalizing [40689 row(s) found]
I0000 00:00:1770221434.733131   25696 abstract_learner.cc:155] No input feature explicitly specified. Using all the available input features.
I0000 00:00:1770221434.733133   25696 abstract_learner.cc:172] The label "Class" was removed from the input feature set.
I0000 00:00:1770221434.733432   25696 vertical_dataset_io.cc:82] 100 examples scanned.
I0000 00:00:1770221434.772347   25696 vertical_dataset_io.cc:88] 40689 examples read. Memory: usage:2MB allocated:2MB. 0 (0%) examples have been skipped.
I0000 00:00:1770221434.772383   25696 abstract_learner.cc:155] No input feature explicitly specified. Using all the available input features.
I0000 00:00:1770221434.772387   25696 abstract_learner.cc:172] The label "Class" was removed from the input feature set.
I0000 00:00:1770221434.772404   25696 random_forest.cc:465] Training random forest on 40689 example(s) and 16 feature(s).
I0000 00:00:1770221434.772412   25696 gpu.cc:93] Cannot initialize GPU: Not compiled with GPU support
I0000 00:00:1770221434.772613   25696 random_forest.cc:659] num_threads being used: 48
I0000 00:00:1770221434.879431   25722 random_forest.cc:981] Train tree 1/240 [index:32 total:0.11s tree:0.11s]
I0000 00:00:1770221435.370888   25696 random_forest.cc:990] random_forest.cc Training block took: 0.598532 s
I0000 00:00:1770221435.370922   25696 random_forest.cc:1062] After Random Forest Training block. RETURNING EARLY TO SPEED UP XPS!!
-1 (automatic) threads requested. 48 threads set.
Configuring oblique splits
Using histogram splitting: Random with 64 bins
./bazel-bin/examples/train_oblique_forest --input_mode csv --train_csv "benchmarks/data/cc18_binary_csv/task_14952_PhishingWebsites/repeat0_fold0_sample0_train.csv" --label_col "Result" --numerical_split_type "Random" --num_trees 240 --num_threads -1 --histogram_num_bins 64


Inferring DataSpec from CSV: benchmarks/data/cc18_binary_csv/task_14952_PhishingWebsites/repeat0_fold0_sample0_train.csv


WARNING: All log messages before absl::InitializeLog() is called are written to STDERR
I0000 00:00:1770221435.405508   25756 csv_example_reader.cc:212] 0 row(s) processed
I0000 00:00:1770221435.409306   25756 csv_example_reader.cc:216] Stop scanning the csv file to infer the type. Some records were not considered.
I0000 00:00:1770221435.409320   25756 data_spec_inference.cc:457] 31 column(s) found
I0000 00:00:1770221435.409332   25756 csv_example_reader.cc:303] 0 row(s) processed
I0000 00:00:1770221435.421988   25756 data_spec_inference.cc:494] Finalizing [9949 row(s) found]
I0000 00:00:1770221435.422053   25756 abstract_learner.cc:155] No input feature explicitly specified. Using all the available input features.
I0000 00:00:1770221435.422056   25756 abstract_learner.cc:172] The label "Result" was removed from the input feature set.
I0000 00:00:1770221435.422368   25756 vertical_dataset_io.cc:82] 100 examples scanned.
I0000 00:00:1770221435.436731   25756 vertical_dataset_io.cc:88] 9949 examples read. Memory: usage:1MB allocated:1MB. 0 (0%) examples have been skipped.
I0000 00:00:1770221435.436766   25756 abstract_learner.cc:155] No input feature explicitly specified. Using all the available input features.
I0000 00:00:1770221435.436770   25756 abstract_learner.cc:172] The label "Result" was removed from the input feature set.
I0000 00:00:1770221435.436782   25756 random_forest.cc:465] Training random forest on 9949 example(s) and 30 feature(s).
I0000 00:00:1770221435.436790   25756 gpu.cc:93] Cannot initialize GPU: Not compiled with GPU support
I0000 00:00:1770221435.436978   25756 random_forest.cc:659] num_threads being used: 48
I0000 00:00:1770221435.459122   25760 random_forest.cc:981] Train tree 1/240 [index:5 total:0.02s tree:0.02s]
I0000 00:00:1770221435.580418   25756 random_forest.cc:990] random_forest.cc Training block took: 0.143678 s
I0000 00:00:1770221435.580445   25756 random_forest.cc:1062] After Random Forest Training block. RETURNING EARLY TO SPEED UP XPS!!
-1 (automatic) threads requested. 48 threads set.
Configuring oblique splits
Using histogram splitting: Random with 64 bins
./bazel-bin/examples/train_oblique_forest --input_mode csv --train_csv "benchmarks/data/cc18_binary_csv/task_29_credit-approval/repeat0_fold0_sample0_train.csv" --label_col "class" --numerical_split_type "Random" --num_trees 240 --num_threads -1 --histogram_num_bins 64


Inferring DataSpec from CSV: benchmarks/data/cc18_binary_csv/task_29_credit-approval/repeat0_fold0_sample0_train.csv


WARNING: All log messages before absl::InitializeLog() is called are written to STDERR
I0000 00:00:1770221435.594121   25808 csv_example_reader.cc:212] 0 row(s) processed
I0000 00:00:1770221435.595551   25808 data_spec_inference.cc:457] 16 column(s) found
I0000 00:00:1770221435.595561   25808 csv_example_reader.cc:303] 0 row(s) processed
I0000 00:00:1770221435.596207   25808 data_spec_inference.cc:354] 1 item(s) have been pruned (i.e. they are considered out of dictionary) for the column A4 (2 item(s) left) because min_value_count=5 and max_number_of_unique_values=2000
I0000 00:00:1770221435.596213   25808 data_spec_inference.cc:354] 1 item(s) have been pruned (i.e. they are considered out of dictionary) for the column A5 (2 item(s) left) because min_value_count=5 and max_number_of_unique_values=2000
I0000 00:00:1770221435.596217   25808 data_spec_inference.cc:354] 1 item(s) have been pruned (i.e. they are considered out of dictionary) for the column A6 (13 item(s) left) because min_value_count=5 and max_number_of_unique_values=2000
I0000 00:00:1770221435.596222   25808 data_spec_inference.cc:354] 2 item(s) have been pruned (i.e. they are considered out of dictionary) for the column A7 (7 item(s) left) because min_value_count=5 and max_number_of_unique_values=2000
I0000 00:00:1770221435.596232   25808 data_spec_inference.cc:494] Finalizing [621 row(s) found]
I0000 00:00:1770221435.596287   25808 abstract_learner.cc:155] No input feature explicitly specified. Using all the available input features.
I0000 00:00:1770221435.596291   25808 abstract_learner.cc:172] The label "class" was removed from the input feature set.
I0000 00:00:1770221435.596577   25808 vertical_dataset_io.cc:82] 100 examples scanned.
I0000 00:00:1770221435.597095   25808 vertical_dataset_io.cc:88] 621 examples read. Memory: usage:0MB allocated:0MB. 0 (0%) examples have been skipped.
I0000 00:00:1770221435.597119   25808 abstract_learner.cc:155] No input feature explicitly specified. Using all the available input features.
I0000 00:00:1770221435.597122   25808 abstract_learner.cc:172] The label "class" was removed from the input feature set.
I0000 00:00:1770221435.597134   25808 random_forest.cc:465] Training random forest on 621 example(s) and 15 feature(s).
I0000 00:00:1770221435.597140   25808 gpu.cc:93] Cannot initialize GPU: Not compiled with GPU support
I0000 00:00:1770221435.597339   25808 random_forest.cc:659] num_threads being used: 48
I0000 00:00:1770221435.600592   25822 random_forest.cc:981] Train tree 1/240 [index:9 total:0.00s tree:0.00s]
I0000 00:00:1770221435.613903   25808 random_forest.cc:990] random_forest.cc Training block took: 0.0168011 s
I0000 00:00:1770221435.613925   25808 random_forest.cc:1062] After Random Forest Training block. RETURNING EARLY TO SPEED UP XPS!!
-1 (automatic) threads requested. 48 threads set.
Configuring oblique splits
Using histogram splitting: Random with 64 bins
./bazel-bin/examples/train_oblique_forest --input_mode csv --train_csv "benchmarks/data/cc18_binary_csv/task_167125_Internet-Advertisements/repeat0_fold0_sample0_train.csv" --label_col "class" --numerical_split_type "Random" --num_trees 240 --num_threads -1 --histogram_num_bins 64


Inferring DataSpec from CSV: benchmarks/data/cc18_binary_csv/task_167125_Internet-Advertisements/repeat0_fold0_sample0_train.csv


WARNING: All log messages before absl::InitializeLog() is called are written to STDERR
I0000 00:00:1770221435.624053   25860 csv_example_reader.cc:212] 0 row(s) processed
I0000 00:00:1770221435.766570   25860 csv_example_reader.cc:216] Stop scanning the csv file to infer the type. Some records were not considered.
I0000 00:00:1770221435.766763   25860 data_spec_inference.cc:457] 1559 column(s) found
I0000 00:00:1770221435.767541   25860 csv_example_reader.cc:303] 0 row(s) processed
I0000 00:00:1770221435.888455   25860 data_spec_inference.cc:494] Finalizing [2951 row(s) found]
I0000 00:00:1770221435.888620   25860 abstract_learner.cc:155] No input feature explicitly specified. Using all the available input features.
I0000 00:00:1770221435.888624   25860 abstract_learner.cc:172] The label "class" was removed from the input feature set.
I0000 00:00:1770221435.895828   25860 vertical_dataset_io.cc:82] 100 examples scanned.
I0000 00:00:1770221436.059131   25860 vertical_dataset_io.cc:88] 2951 examples read. Memory: usage:4MB allocated:4MB. 0 (0%) examples have been skipped.
I0000 00:00:1770221436.059417   25860 abstract_learner.cc:155] No input feature explicitly specified. Using all the available input features.
I0000 00:00:1770221436.059459   25860 abstract_learner.cc:172] The label "class" was removed from the input feature set.
I0000 00:00:1770221436.059579   25860 random_forest.cc:465] Training random forest on 2951 example(s) and 1558 feature(s).
I0000 00:00:1770221436.059625   25860 gpu.cc:93] Cannot initialize GPU: Not compiled with GPU support
I0000 00:00:1770221436.059907   25860 random_forest.cc:659] num_threads being used: 48
I0000 00:00:1770221436.081948   25900 random_forest.cc:981] Train tree 1/240 [index:11 total:0.02s tree:0.02s]
I0000 00:00:1770221436.272779   25860 random_forest.cc:990] random_forest.cc Training block took: 0.213521 s
I0000 00:00:1770221436.272805   25860 random_forest.cc:1062] After Random Forest Training block. RETURNING EARLY TO SPEED UP XPS!!
-1 (automatic) threads requested. 48 threads set.
Configuring oblique splits
Using histogram splitting: Random with 64 bins
./bazel-bin/examples/train_oblique_forest --input_mode trunk --rows 10000 --numerical_split_type "Random" --num_trees 240 --num_threads -1 --histogram_num_bins 64
WARNING: All log messages before absl::InitializeLog() is called are written to STDERR
I0000 00:00:1770221436.625064   25912 abstract_learner.cc:155] No input feature explicitly specified. Using all the available input features.
I0000 00:00:1770221436.625085   25912 abstract_learner.cc:172] The label "y" was removed from the input feature set.
I0000 00:00:1770221436.625646   25912 random_forest.cc:465] Training random forest on 10000 example(s) and 4096 feature(s).
I0000 00:00:1770221436.625799   25912 gpu.cc:93] Cannot initialize GPU: Not compiled with GPU support
I0000 00:00:1770221436.626670   25912 random_forest.cc:659] num_threads being used: 48
I0000 00:00:1770221437.188332   25914 random_forest.cc:981] Train tree 1/240 [index:8 total:0.56s tree:0.56s]
I0000 00:00:1770221440.389764   25912 random_forest.cc:990] random_forest.cc Training block took: 3.76503 s
I0000 00:00:1770221440.389815   25912 random_forest.cc:1062] After Random Forest Training block. RETURNING EARLY TO SPEED UP XPS!!

Generating trunk synthetic dataset: rows=10000, cols=4096
-1 (automatic) threads requested. 48 threads set.
Configuring oblique splits
Using histogram splitting: Random with 64 bins
./bazel-bin/examples/train_oblique_forest --input_mode trunk --rows 100000 --numerical_split_type "Random" --num_trees 240 --num_threads -1 --histogram_num_bins 64
WARNING: All log messages before absl::InitializeLog() is called are written to STDERR
I0000 00:00:1770221443.856226   25980 abstract_learner.cc:155] No input feature explicitly specified. Using all the available input features.
I0000 00:00:1770221443.856259   25980 abstract_learner.cc:172] The label "y" was removed from the input feature set.
I0000 00:00:1770221443.856853   25980 random_forest.cc:465] Training random forest on 100000 example(s) and 4096 feature(s).
I0000 00:00:1770221443.857053   25980 gpu.cc:93] Cannot initialize GPU: Not compiled with GPU support
I0000 00:00:1770221443.857990   25980 random_forest.cc:659] num_threads being used: 48
I0000 00:00:1770221449.569915   26017 random_forest.cc:981] Train tree 1/240 [index:25 total:5.71s tree:5.71s]
I0000 00:00:1770221472.234860   26020 random_forest.cc:981] Train tree 145/240 [index:144 total:28.38s tree:7.71s]
I0000 00:00:1770221482.427632   25980 random_forest.cc:990] random_forest.cc Training block took: 38.5718 s
I0000 00:00:1770221482.427684   25980 random_forest.cc:1062] After Random Forest Training block. RETURNING EARLY TO SPEED UP XPS!!

Generating trunk synthetic dataset: rows=100000, cols=4096
-1 (automatic) threads requested. 48 threads set.
Configuring oblique splits
Using histogram splitting: Random with 64 bins
./bazel-bin/examples/train_oblique_forest --input_mode trunk --rows 1000000 --numerical_split_type "Random" --num_trees 240 --num_threads -1 --histogram_num_bins 64
WARNING: All log messages before absl::InitializeLog() is called are written to STDERR
I0000 00:00:1770221516.811412   26192 abstract_learner.cc:155] No input feature explicitly specified. Using all the available input features.
I0000 00:00:1770221516.811445   26192 abstract_learner.cc:172] The label "y" was removed from the input feature set.
I0000 00:00:1770221516.812032   26192 random_forest.cc:465] Training random forest on 1000000 example(s) and 4096 feature(s).
I0000 00:00:1770221516.812228   26192 gpu.cc:93] Cannot initialize GPU: Not compiled with GPU support
I0000 00:00:1770221516.813148   26192 random_forest.cc:659] num_threads being used: 48
I0000 00:00:1770221588.233213   26362 random_forest.cc:981] Train tree 1/240 [index:36 total:1m11.42s tree:1m11.42s]
I0000 00:00:1770221659.936946   26324 random_forest.cc:981] Train tree 49/240 [index:54 total:2m23.12s tree:1m7.03s]
I0000 00:00:1770221733.580456   26327 random_forest.cc:981] Train tree 97/240 [index:111 total:3m36.77s tree:1m0.65s]
I0000 00:00:1770221753.838183   26343 random_forest.cc:981] Train tree 137/240 [index:121 total:3m57.03s tree:1m20.02s]
I0000 00:00:1770221801.680496   26327 random_forest.cc:981] Train tree 145/240 [index:144 total:4m44.87s tree:1m8.10s]
I0000 00:00:1770221821.760738   26358 random_forest.cc:981] Train tree 150/240 [index:147 total:5m4.95s tree:1m18.82s]
I0000 00:00:1770221875.968726   26327 random_forest.cc:981] Train tree 193/240 [index:192 total:5m59.16s tree:1m14.29s]
I0000 00:00:1770221898.468416   26358 random_forest.cc:981] Train tree 196/240 [index:197 total:6m21.66s tree:1m16.71s]
I0000 00:00:1770221912.972888   26192 random_forest.cc:990] random_forest.cc Training block took: 396.162 s
I0000 00:00:1770221912.972942   26192 random_forest.cc:1062] After Random Forest Training block. RETURNING EARLY TO SPEED UP XPS!!

Generating trunk synthetic dataset: rows=1000000, cols=4096
-1 (automatic) threads requested. 48 threads set.
Configuring oblique splits
Using histogram splitting: Random with 64 bins


======== Running Dynamic Random Histogram [VECTORIZE: AVX2] with 64 bins ========

./bazel-bin/examples/train_oblique_forest --input_mode csv --train_csv "benchmarks/data/HIGGS_with_header.csv" --label_col "class" --numerical_split_type "Dynamic Random Histogram" --num_trees 240 --num_threads -1 --histogram_num_bins 64


Inferring DataSpec from CSV: benchmarks/data/HIGGS_with_header.csv


WARNING: All log messages before absl::InitializeLog() is called are written to STDERR
I0000 00:00:1770221913.850781   27881 csv_example_reader.cc:212] 0 row(s) processed
I0000 00:00:1770221913.859705   27881 csv_example_reader.cc:216] Stop scanning the csv file to infer the type. Some records were not considered.
I0000 00:00:1770221913.859740   27881 data_spec_inference.cc:457] 29 column(s) found
I0000 00:00:1770221913.859754   27881 csv_example_reader.cc:303] 0 row(s) processed
I0000 00:00:1770221943.859856   27881 csv_example_reader.cc:303] 8229286 row(s) processed
I0000 00:00:1770221953.926005   27881 data_spec_inference.cc:494] Finalizing [11000000 row(s) found]
I0000 00:00:1770221953.926108   27881 abstract_learner.cc:155] No input feature explicitly specified. Using all the available input features.
I0000 00:00:1770221953.926110   27881 abstract_learner.cc:172] The label "class" was removed from the input feature set.
I0000 00:00:1770221953.926656   27881 vertical_dataset_io.cc:82] 100 examples scanned.
I0000 00:00:1770221983.926902   27881 vertical_dataset_io.cc:82] 7673700 examples scanned.
I0000 00:00:1770221997.719573   27881 vertical_dataset_io.cc:88] 11000000 examples read. Memory: usage:1276MB allocated:1276MB. 0 (0%) examples have been skipped.
I0000 00:00:1770221997.719652   27881 abstract_learner.cc:155] No input feature explicitly specified. Using all the available input features.
I0000 00:00:1770221997.719657   27881 abstract_learner.cc:172] The label "class" was removed from the input feature set.
I0000 00:00:1770221997.719678   27881 random_forest.cc:465] Training random forest on 11000000 example(s) and 28 feature(s).
I0000 00:00:1770221997.719688   27881 gpu.cc:93] Cannot initialize GPU: Not compiled with GPU support
I0000 00:00:1770221997.719932   27881 random_forest.cc:659] num_threads being used: 48
I0000 00:00:1770222053.532162   28246 random_forest.cc:981] Train tree 1/240 [index:42 total:55.81s tree:55.81s]
I0000 00:00:1770222107.393184   28209 random_forest.cc:981] Train tree 49/240 [index:52 total:1m49.67s tree:53.62s]
I0000 00:00:1770222164.502943   28209 random_forest.cc:981] Train tree 97/240 [index:96 total:2m46.78s tree:57.11s]
I0000 00:00:1770222221.509083   28209 random_forest.cc:981] Train tree 145/240 [index:144 total:3m43.79s tree:57.00s]
I0000 00:00:1770222276.651788   28234 random_forest.cc:981] Train tree 193/240 [index:211 total:4m38.93s tree:52.45s]
I0000 00:00:1770222283.901900   27881 random_forest.cc:990] random_forest.cc Training block took: 286.182 s
I0000 00:00:1770222283.901947   27881 random_forest.cc:1062] After Random Forest Training block. RETURNING EARLY TO SPEED UP XPS!!
-1 (automatic) threads requested. 48 threads set.
Configuring oblique splits
Using Dynamic Random Histogram with 64 samples
./bazel-bin/examples/train_oblique_forest --input_mode csv --train_csv "benchmarks/data/SUSY_with_header.csv" --label_col "class" --numerical_split_type "Dynamic Random Histogram" --num_trees 240 --num_threads -1 --histogram_num_bins 64


Inferring DataSpec from CSV: benchmarks/data/SUSY_with_header.csv


WARNING: All log messages before absl::InitializeLog() is called are written to STDERR
I0000 00:00:1770222291.609786   29374 csv_example_reader.cc:212] 0 row(s) processed
I0000 00:00:1770222291.615099   29374 csv_example_reader.cc:216] Stop scanning the csv file to infer the type. Some records were not considered.
I0000 00:00:1770222291.615114   29374 data_spec_inference.cc:457] 19 column(s) found
I0000 00:00:1770222291.615125   29374 csv_example_reader.cc:303] 0 row(s) processed
I0000 00:00:1770222303.493799   29374 data_spec_inference.cc:494] Finalizing [5000000 row(s) found]
I0000 00:00:1770222303.493901   29374 abstract_learner.cc:155] No input feature explicitly specified. Using all the available input features.
I0000 00:00:1770222303.493904   29374 abstract_learner.cc:172] The label "class" was removed from the input feature set.
I0000 00:00:1770222303.494311   29374 vertical_dataset_io.cc:82] 100 examples scanned.
I0000 00:00:1770222316.370887   29374 vertical_dataset_io.cc:88] 5000000 examples read. Memory: usage:380MB allocated:380MB. 0 (0%) examples have been skipped.
I0000 00:00:1770222316.370977   29374 abstract_learner.cc:155] No input feature explicitly specified. Using all the available input features.
I0000 00:00:1770222316.370982   29374 abstract_learner.cc:172] The label "class" was removed from the input feature set.
I0000 00:00:1770222316.370998   29374 random_forest.cc:465] Training random forest on 5000000 example(s) and 18 feature(s).
I0000 00:00:1770222316.371008   29374 gpu.cc:93] Cannot initialize GPU: Not compiled with GPU support
I0000 00:00:1770222316.371254   29374 random_forest.cc:659] num_threads being used: 48
I0000 00:00:1770222326.594684   29500 random_forest.cc:981] Train tree 1/240 [index:26 total:10.22s tree:10.22s]
I0000 00:00:1770222353.473822   29490 random_forest.cc:981] Train tree 50/240 [index:53 total:37.10s tree:18.45s]
I0000 00:00:1770222373.490758   29479 random_forest.cc:981] Train tree 141/240 [index:143 total:57.12s tree:18.76s]
I0000 00:00:1770222401.485951   29500 random_forest.cc:981] Train tree 194/240 [index:193 total:1m25.11s tree:18.80s]
I0000 00:00:1770222411.083761   29374 random_forest.cc:990] random_forest.cc Training block took: 94.7128 s
I0000 00:00:1770222411.083805   29374 random_forest.cc:1062] After Random Forest Training block. RETURNING EARLY TO SPEED UP XPS!!
-1 (automatic) threads requested. 48 threads set.
Configuring oblique splits
Using Dynamic Random Histogram with 64 samples
./bazel-bin/examples/train_oblique_forest --input_mode csv --train_csv "benchmarks/data/cc18_binary_csv/task_14965_bank-marketing/repeat0_fold0_sample0_train.csv" --label_col "Class" --numerical_split_type "Dynamic Random Histogram" --num_trees 240 --num_threads -1 --histogram_num_bins 64


Inferring DataSpec from CSV: benchmarks/data/cc18_binary_csv/task_14965_bank-marketing/repeat0_fold0_sample0_train.csv


WARNING: All log messages before absl::InitializeLog() is called are written to STDERR
I0000 00:00:1770222414.206098   29894 csv_example_reader.cc:212] 0 row(s) processed
I0000 00:00:1770222414.208854   29894 csv_example_reader.cc:216] Stop scanning the csv file to infer the type. Some records were not considered.
I0000 00:00:1770222414.208869   29894 data_spec_inference.cc:457] 17 column(s) found
I0000 00:00:1770222414.208878   29894 csv_example_reader.cc:303] 0 row(s) processed
I0000 00:00:1770222414.249787   29894 data_spec_inference.cc:494] Finalizing [40689 row(s) found]
I0000 00:00:1770222414.249871   29894 abstract_learner.cc:155] No input feature explicitly specified. Using all the available input features.
I0000 00:00:1770222414.249873   29894 abstract_learner.cc:172] The label "Class" was removed from the input feature set.
I0000 00:00:1770222414.250171   29894 vertical_dataset_io.cc:82] 100 examples scanned.
I0000 00:00:1770222414.289023   29894 vertical_dataset_io.cc:88] 40689 examples read. Memory: usage:2MB allocated:2MB. 0 (0%) examples have been skipped.
I0000 00:00:1770222414.289058   29894 abstract_learner.cc:155] No input feature explicitly specified. Using all the available input features.
I0000 00:00:1770222414.289062   29894 abstract_learner.cc:172] The label "Class" was removed from the input feature set.
I0000 00:00:1770222414.289077   29894 random_forest.cc:465] Training random forest on 40689 example(s) and 16 feature(s).
I0000 00:00:1770222414.289084   29894 gpu.cc:93] Cannot initialize GPU: Not compiled with GPU support
I0000 00:00:1770222414.289290   29894 random_forest.cc:659] num_threads being used: 48
I0000 00:00:1770222414.337477   29896 random_forest.cc:981] Train tree 1/240 [index:6 total:0.05s tree:0.05s]
I0000 00:00:1770222414.544577   29894 random_forest.cc:990] random_forest.cc Training block took: 0.255547 s
I0000 00:00:1770222414.544619   29894 random_forest.cc:1062] After Random Forest Training block. RETURNING EARLY TO SPEED UP XPS!!
-1 (automatic) threads requested. 48 threads set.
Configuring oblique splits
Using Dynamic Random Histogram with 64 samples
./bazel-bin/examples/train_oblique_forest --input_mode csv --train_csv "benchmarks/data/cc18_binary_csv/task_14952_PhishingWebsites/repeat0_fold0_sample0_train.csv" --label_col "Result" --numerical_split_type "Dynamic Random Histogram" --num_trees 240 --num_threads -1 --histogram_num_bins 64


Inferring DataSpec from CSV: benchmarks/data/cc18_binary_csv/task_14952_PhishingWebsites/repeat0_fold0_sample0_train.csv


WARNING: All log messages before absl::InitializeLog() is called are written to STDERR
I0000 00:00:1770222414.580937   29946 csv_example_reader.cc:212] 0 row(s) processed
I0000 00:00:1770222414.584883   29946 csv_example_reader.cc:216] Stop scanning the csv file to infer the type. Some records were not considered.
I0000 00:00:1770222414.584898   29946 data_spec_inference.cc:457] 31 column(s) found
I0000 00:00:1770222414.584911   29946 csv_example_reader.cc:303] 0 row(s) processed
I0000 00:00:1770222414.597694   29946 data_spec_inference.cc:494] Finalizing [9949 row(s) found]
I0000 00:00:1770222414.597765   29946 abstract_learner.cc:155] No input feature explicitly specified. Using all the available input features.
I0000 00:00:1770222414.597768   29946 abstract_learner.cc:172] The label "Result" was removed from the input feature set.
I0000 00:00:1770222414.598089   29946 vertical_dataset_io.cc:82] 100 examples scanned.
I0000 00:00:1770222414.612454   29946 vertical_dataset_io.cc:88] 9949 examples read. Memory: usage:1MB allocated:1MB. 0 (0%) examples have been skipped.
I0000 00:00:1770222414.612491   29946 abstract_learner.cc:155] No input feature explicitly specified. Using all the available input features.
I0000 00:00:1770222414.612494   29946 abstract_learner.cc:172] The label "Result" was removed from the input feature set.
I0000 00:00:1770222414.612506   29946 random_forest.cc:465] Training random forest on 9949 example(s) and 30 feature(s).
I0000 00:00:1770222414.612514   29946 gpu.cc:93] Cannot initialize GPU: Not compiled with GPU support
I0000 00:00:1770222414.612704   29946 random_forest.cc:659] num_threads being used: 48
I0000 00:00:1770222414.623288   29951 random_forest.cc:981] Train tree 1/240 [index:5 total:0.01s tree:0.01s]
I0000 00:00:1770222414.681780   29946 random_forest.cc:990] random_forest.cc Training block took: 0.0693177 s
I0000 00:00:1770222414.681811   29946 random_forest.cc:1062] After Random Forest Training block. RETURNING EARLY TO SPEED UP XPS!!
-1 (automatic) threads requested. 48 threads set.
Configuring oblique splits
Using Dynamic Random Histogram with 64 samples
./bazel-bin/examples/train_oblique_forest --input_mode csv --train_csv "benchmarks/data/cc18_binary_csv/task_29_credit-approval/repeat0_fold0_sample0_train.csv" --label_col "class" --numerical_split_type "Dynamic Random Histogram" --num_trees 240 --num_threads -1 --histogram_num_bins 64


Inferring DataSpec from CSV: benchmarks/data/cc18_binary_csv/task_29_credit-approval/repeat0_fold0_sample0_train.csv


WARNING: All log messages before absl::InitializeLog() is called are written to STDERR
I0000 00:00:1770222414.694720   29998 csv_example_reader.cc:212] 0 row(s) processed
I0000 00:00:1770222414.696185   29998 data_spec_inference.cc:457] 16 column(s) found
I0000 00:00:1770222414.696196   29998 csv_example_reader.cc:303] 0 row(s) processed
I0000 00:00:1770222414.696877   29998 data_spec_inference.cc:354] 1 item(s) have been pruned (i.e. they are considered out of dictionary) for the column A4 (2 item(s) left) because min_value_count=5 and max_number_of_unique_values=2000
I0000 00:00:1770222414.696883   29998 data_spec_inference.cc:354] 1 item(s) have been pruned (i.e. they are considered out of dictionary) for the column A5 (2 item(s) left) because min_value_count=5 and max_number_of_unique_values=2000
I0000 00:00:1770222414.696887   29998 data_spec_inference.cc:354] 1 item(s) have been pruned (i.e. they are considered out of dictionary) for the column A6 (13 item(s) left) because min_value_count=5 and max_number_of_unique_values=2000
I0000 00:00:1770222414.696892   29998 data_spec_inference.cc:354] 2 item(s) have been pruned (i.e. they are considered out of dictionary) for the column A7 (7 item(s) left) because min_value_count=5 and max_number_of_unique_values=2000
I0000 00:00:1770222414.696904   29998 data_spec_inference.cc:494] Finalizing [621 row(s) found]
I0000 00:00:1770222414.696961   29998 abstract_learner.cc:155] No input feature explicitly specified. Using all the available input features.
I0000 00:00:1770222414.696964   29998 abstract_learner.cc:172] The label "class" was removed from the input feature set.
I0000 00:00:1770222414.697257   29998 vertical_dataset_io.cc:82] 100 examples scanned.
I0000 00:00:1770222414.697789   29998 vertical_dataset_io.cc:88] 621 examples read. Memory: usage:0MB allocated:0MB. 0 (0%) examples have been skipped.
I0000 00:00:1770222414.697814   29998 abstract_learner.cc:155] No input feature explicitly specified. Using all the available input features.
I0000 00:00:1770222414.697819   29998 abstract_learner.cc:172] The label "class" was removed from the input feature set.
I0000 00:00:1770222414.697831   29998 random_forest.cc:465] Training random forest on 621 example(s) and 15 feature(s).
I0000 00:00:1770222414.697837   29998 gpu.cc:93] Cannot initialize GPU: Not compiled with GPU support
I0000 00:00:1770222414.698042   29998 random_forest.cc:659] num_threads being used: 48
I0000 00:00:1770222414.699920   30005 random_forest.cc:981] Train tree 1/240 [index:5 total:0.00s tree:0.00s]
I0000 00:00:1770222414.705291   29998 random_forest.cc:990] random_forest.cc Training block took: 0.00749615 s
I0000 00:00:1770222414.705317   29998 random_forest.cc:1062] After Random Forest Training block. RETURNING EARLY TO SPEED UP XPS!!
-1 (automatic) threads requested. 48 threads set.
Configuring oblique splits
Using Dynamic Random Histogram with 64 samples
./bazel-bin/examples/train_oblique_forest --input_mode csv --train_csv "benchmarks/data/cc18_binary_csv/task_167125_Internet-Advertisements/repeat0_fold0_sample0_train.csv" --label_col "class" --numerical_split_type "Dynamic Random Histogram" --num_trees 240 --num_threads -1 --histogram_num_bins 64


Inferring DataSpec from CSV: benchmarks/data/cc18_binary_csv/task_167125_Internet-Advertisements/repeat0_fold0_sample0_train.csv


WARNING: All log messages before absl::InitializeLog() is called are written to STDERR
I0000 00:00:1770222414.715665   30050 csv_example_reader.cc:212] 0 row(s) processed
I0000 00:00:1770222414.898999   30050 csv_example_reader.cc:216] Stop scanning the csv file to infer the type. Some records were not considered.
I0000 00:00:1770222414.899201   30050 data_spec_inference.cc:457] 1559 column(s) found
I0000 00:00:1770222414.900003   30050 csv_example_reader.cc:303] 0 row(s) processed
I0000 00:00:1770222415.023407   30050 data_spec_inference.cc:494] Finalizing [2951 row(s) found]
I0000 00:00:1770222415.023574   30050 abstract_learner.cc:155] No input feature explicitly specified. Using all the available input features.
I0000 00:00:1770222415.023577   30050 abstract_learner.cc:172] The label "class" was removed from the input feature set.
I0000 00:00:1770222415.030840   30050 vertical_dataset_io.cc:82] 100 examples scanned.
I0000 00:00:1770222415.194225   30050 vertical_dataset_io.cc:88] 2951 examples read. Memory: usage:4MB allocated:4MB. 0 (0%) examples have been skipped.
I0000 00:00:1770222415.194540   30050 abstract_learner.cc:155] No input feature explicitly specified. Using all the available input features.
I0000 00:00:1770222415.194582   30050 abstract_learner.cc:172] The label "class" was removed from the input feature set.
I0000 00:00:1770222415.194711   30050 random_forest.cc:465] Training random forest on 2951 example(s) and 1558 feature(s).
I0000 00:00:1770222415.194767   30050 gpu.cc:93] Cannot initialize GPU: Not compiled with GPU support
I0000 00:00:1770222415.195046   30050 random_forest.cc:659] num_threads being used: 48
I0000 00:00:1770222415.216904   30062 random_forest.cc:981] Train tree 1/240 [index:23 total:0.02s tree:0.02s]
I0000 00:00:1770222415.402809   30050 random_forest.cc:990] random_forest.cc Training block took: 0.208449 s
I0000 00:00:1770222415.402835   30050 random_forest.cc:1062] After Random Forest Training block. RETURNING EARLY TO SPEED UP XPS!!
-1 (automatic) threads requested. 48 threads set.
Configuring oblique splits
Using Dynamic Random Histogram with 64 samples
./bazel-bin/examples/train_oblique_forest --input_mode trunk --rows 10000 --numerical_split_type "Dynamic Random Histogram" --num_trees 240 --num_threads -1 --histogram_num_bins 64
WARNING: All log messages before absl::InitializeLog() is called are written to STDERR
I0000 00:00:1770222415.755702   30102 abstract_learner.cc:155] No input feature explicitly specified. Using all the available input features.
I0000 00:00:1770222415.755727   30102 abstract_learner.cc:172] The label "y" was removed from the input feature set.
I0000 00:00:1770222415.756424   30102 random_forest.cc:465] Training random forest on 10000 example(s) and 4096 feature(s).
I0000 00:00:1770222415.756578   30102 gpu.cc:93] Cannot initialize GPU: Not compiled with GPU support
I0000 00:00:1770222415.757435   30102 random_forest.cc:659] num_threads being used: 48
I0000 00:00:1770222416.004281   30126 random_forest.cc:981] Train tree 1/240 [index:8 total:0.25s tree:0.24s]
I0000 00:00:1770222417.198808   30102 random_forest.cc:990] random_forest.cc Training block took: 1.44344 s
I0000 00:00:1770222417.198861   30102 random_forest.cc:1062] After Random Forest Training block. RETURNING EARLY TO SPEED UP XPS!!

Generating trunk synthetic dataset: rows=10000, cols=4096
-1 (automatic) threads requested. 48 threads set.
Configuring oblique splits
Using Dynamic Random Histogram with 64 samples
./bazel-bin/examples/train_oblique_forest --input_mode trunk --rows 100000 --numerical_split_type "Dynamic Random Histogram" --num_trees 240 --num_threads -1 --histogram_num_bins 64
WARNING: All log messages before absl::InitializeLog() is called are written to STDERR
I0000 00:00:1770222420.663558   30162 abstract_learner.cc:155] No input feature explicitly specified. Using all the available input features.
I0000 00:00:1770222420.663592   30162 abstract_learner.cc:172] The label "y" was removed from the input feature set.
I0000 00:00:1770222420.664183   30162 random_forest.cc:465] Training random forest on 100000 example(s) and 4096 feature(s).
I0000 00:00:1770222420.664395   30162 gpu.cc:93] Cannot initialize GPU: Not compiled with GPU support
I0000 00:00:1770222420.665322   30162 random_forest.cc:659] num_threads being used: 48
I0000 00:00:1770222423.604567   30198 random_forest.cc:981] Train tree 1/240 [index:25 total:2.94s tree:2.93s]
I0000 00:00:1770222438.320448   30162 random_forest.cc:990] random_forest.cc Training block took: 17.6573 s
I0000 00:00:1770222438.320503   30162 random_forest.cc:1062] After Random Forest Training block. RETURNING EARLY TO SPEED UP XPS!!

Generating trunk synthetic dataset: rows=100000, cols=4096
-1 (automatic) threads requested. 48 threads set.
Configuring oblique splits
Using Dynamic Random Histogram with 64 samples
./bazel-bin/examples/train_oblique_forest --input_mode trunk --rows 1000000 --numerical_split_type "Dynamic Random Histogram" --num_trees 240 --num_threads -1 --histogram_num_bins 64
WARNING: All log messages before absl::InitializeLog() is called are written to STDERR
I0000 00:00:1770222472.677049   30294 abstract_learner.cc:155] No input feature explicitly specified. Using all the available input features.
I0000 00:00:1770222472.677082   30294 abstract_learner.cc:172] The label "y" was removed from the input feature set.
I0000 00:00:1770222472.677659   30294 random_forest.cc:465] Training random forest on 1000000 example(s) and 4096 feature(s).
I0000 00:00:1770222472.677878   30294 gpu.cc:93] Cannot initialize GPU: Not compiled with GPU support
I0000 00:00:1770222472.678828   30294 random_forest.cc:659] num_threads being used: 48
I0000 00:00:1770222510.598395   30464 random_forest.cc:981] Train tree 1/240 [index:37 total:37.92s tree:37.92s]
I0000 00:00:1770222548.162144   30446 random_forest.cc:981] Train tree 49/240 [index:54 total:1m15.48s tree:36.49s]
I0000 00:00:1770222586.302463   30436 random_forest.cc:981] Train tree 97/240 [index:111 total:1m53.62s tree:34.48s]
I0000 00:00:1770222623.367867   30436 random_forest.cc:981] Train tree 145/240 [index:144 total:2m30.69s tree:37.07s]
I0000 00:00:1770222661.734195   30436 random_forest.cc:981] Train tree 193/240 [index:192 total:3m9.06s tree:38.37s]
I0000 00:00:1770222672.881569   30294 random_forest.cc:990] random_forest.cc Training block took: 200.205 s
I0000 00:00:1770222672.881630   30294 random_forest.cc:1062] After Random Forest Training block. RETURNING EARLY TO SPEED UP XPS!!

Generating trunk synthetic dataset: rows=1000000, cols=4096
-1 (automatic) threads requested. 48 threads set.
Configuring oblique splits
Using Dynamic Random Histogram with 64 samples
