

======== NORMAL EXPERIMENTS (no explicit vector ISA) histogram_num_bins=256 ========



======== OBLIQUE EXPERIMENTS histogram_num_bins=256 ========



======== Running Exact [Oblique] ========

./bazel-bin/examples/train_oblique_forest --input_mode csv --train_csv "benchmarks/data/SUSY_with_header.csv" --label_col "class" --feature_split_type "Oblique" --numerical_split_type "Exact" --num_trees=240 --num_threads=-1 --compute_oob_performances=true  


Inferring DataSpec from CSV: benchmarks/data/SUSY_with_header.csv


WARNING: All log messages before absl::InitializeLog() is called are written to STDERR
I0000 00:00:1776200840.307667    4527 csv_example_reader.cc:212] 0 row(s) processed
I0000 00:00:1776200840.314820    4527 csv_example_reader.cc:216] Stop scanning the csv file to infer the type. Some records were not considered.
I0000 00:00:1776200840.314837    4527 data_spec_inference.cc:457] 19 column(s) found
I0000 00:00:1776200840.314849    4527 csv_example_reader.cc:303] 0 row(s) processed
I0000 00:00:1776200857.611621    4527 data_spec_inference.cc:494] Finalizing [5000000 row(s) found]
I0000 00:00:1776200857.611743    4527 abstract_learner.cc:155] No input feature explicitly specified. Using all the available input features.
I0000 00:00:1776200857.611746    4527 abstract_learner.cc:172] The label "class" was removed from the input feature set.
I0000 00:00:1776200857.612160    4527 vertical_dataset_io.cc:82] 100 examples scanned.
I0000 00:00:1776200870.620049    4527 vertical_dataset_io.cc:88] 5000000 examples read. Memory: usage:380MB allocated:380MB. 0 (0%) examples have been skipped.
I0000 00:00:1776200870.620120    4527 abstract_learner.cc:155] No input feature explicitly specified. Using all the available input features.
I0000 00:00:1776200870.620124    4527 abstract_learner.cc:172] The label "class" was removed from the input feature set.
I0000 00:00:1776200870.620142    4527 random_forest.cc:465] Training random forest on 5000000 example(s) and 18 feature(s).
I0000 00:00:1776200870.620156    4527 gpu.cc:93] Cannot initialize GPU: Not compiled with GPU support
I0000 00:00:1776200870.778919    4527 random_forest.cc:659] num_threads being used: 48
I0000 00:00:1776200922.494731    4663 random_forest.cc:956] Train tree 1/240 accuracy:0.73149 logloss:8.72075 [index:18 total:51.72s tree:51.71s]
I0000 00:00:1776200936.732516    4675 random_forest.cc:956] Train tree 3/240 accuracy:0.728537 logloss:6.97807 [index:36 total:1m5.95s tree:1m5.95s]
I0000 00:00:1776200954.241410    4684 random_forest.cc:956] Train tree 5/240 accuracy:0.738465 logloss:5.5656 [index:44 total:1m23.46s tree:1m23.46s]
I0000 00:00:1776200972.590249    4662 random_forest.cc:956] Train tree 7/240 accuracy:0.747686 logloss:4.34984 [index:21 total:1m41.81s tree:1m41.81s]
I0000 00:00:1776200990.440864    4664 random_forest.cc:956] Train tree 9/240 accuracy:0.755565 logloss:3.41235 [index:23 total:1m59.66s tree:1m59.66s]
I0000 00:00:1776201008.530571    4656 random_forest.cc:956] Train tree 11/240 accuracy:0.762241 logloss:2.73407 [index:12 total:2m17.75s tree:2m17.75s]
I0000 00:00:1776201026.749402    4674 random_forest.cc:956] Train tree 13/240 accuracy:0.767385 logloss:2.24083 [index:25 total:2m35.97s tree:2m35.97s]
I0000 00:00:1776201045.177835    4652 random_forest.cc:956] Train tree 15/240 accuracy:0.771679 logloss:1.8862 [index:11 total:2m54.40s tree:2m54.40s]
I0000 00:00:1776201062.854496    4654 random_forest.cc:956] Train tree 17/240 accuracy:0.775206 logloss:1.60375 [index:14 total:3m12.08s tree:3m12.07s]
I0000 00:00:1776201081.184543    4661 random_forest.cc:956] Train tree 19/240 accuracy:0.777959 logloss:1.40816 [index:19 total:3m30.41s tree:3m30.40s]
I0000 00:00:1776201099.063144    4676 random_forest.cc:956] Train tree 21/240 accuracy:0.780238 logloss:1.25654 [index:35 total:3m48.28s tree:3m48.28s]
I0000 00:00:1776201117.226428    4678 random_forest.cc:956] Train tree 23/240 accuracy:0.782253 logloss:1.138 [index:30 total:4m6.45s tree:4m6.45s]
I0000 00:00:1776201135.631100    4680 random_forest.cc:956] Train tree 25/240 accuracy:0.783916 logloss:1.04477 [index:39 total:4m24.85s tree:4m24.85s]
I0000 00:00:1776201154.064346    4666 random_forest.cc:956] Train tree 27/240 accuracy:0.785311 logloss:0.966656 [index:22 total:4m43.29s tree:4m43.28s]
I0000 00:00:1776201172.099715    4688 random_forest.cc:956] Train tree 29/240 accuracy:0.786511 logloss:0.900304 [index:4 total:5m1.32s tree:5m1.32s]
I0000 00:00:1776201190.227964    4681 random_forest.cc:956] Train tree 31/240 accuracy:0.787459 logloss:0.846796 [index:37 total:5m19.45s tree:5m19.45s]
I0000 00:00:1776201207.999313    4697 random_forest.cc:956] Train tree 33/240 accuracy:0.788396 logloss:0.801567 [index:0 total:5m37.22s tree:5m37.22s]
I0000 00:00:1776201226.039469    4694 random_forest.cc:956] Train tree 35/240 accuracy:0.789283 logloss:0.763322 [index:46 total:5m55.26s tree:5m55.26s]
I0000 00:00:1776201244.088439    4660 random_forest.cc:956] Train tree 37/240 accuracy:0.789972 logloss:0.729101 [index:20 total:6m13.31s tree:6m13.31s]
I0000 00:00:1776201262.410826    4651 random_forest.cc:956] Train tree 39/240 accuracy:0.790584 logloss:0.701196 [index:7 total:6m31.63s tree:6m31.63s]
I0000 00:00:1776201280.546201    4671 random_forest.cc:956] Train tree 41/240 accuracy:0.791223 logloss:0.677433 [index:33 total:6m49.77s tree:6m49.76s]
I0000 00:00:1776201298.720561    4655 random_forest.cc:956] Train tree 43/240 accuracy:0.791743 logloss:0.656225 [index:13 total:7m7.94s tree:7m7.94s]
I0000 00:00:1776201316.611273    4693 random_forest.cc:956] Train tree 45/240 accuracy:0.792252 logloss:0.636812 [index:42 total:7m25.83s tree:7m25.83s]
I0000 00:00:1776201334.654895    4668 random_forest.cc:956] Train tree 47/240 accuracy:0.792674 logloss:0.619962 [index:26 total:7m43.88s tree:7m43.87s]
I0000 00:00:1776201353.089138    4663 random_forest.cc:956] Train tree 49/240 accuracy:0.793127 logloss:0.605959 [index:48 total:8m2.31s tree:7m10.59s]
I0000 00:00:1776201371.453453    4675 random_forest.cc:956] Train tree 51/240 accuracy:0.793492 logloss:0.593356 [index:50 total:8m20.67s tree:7m14.72s]
I0000 00:00:1776201389.651591    4684 random_forest.cc:956] Train tree 53/240 accuracy:0.793829 logloss:0.581463 [index:52 total:8m38.87s tree:7m15.41s]
I0000 00:00:1776201407.955423    4662 random_forest.cc:956] Train tree 55/240 accuracy:0.794182 logloss:0.571548 [index:54 total:8m57.18s tree:7m15.36s]
I0000 00:00:1776201425.790004    4664 random_forest.cc:956] Train tree 57/240 accuracy:0.794498 logloss:0.562231 [index:56 total:9m15.01s tree:7m15.35s]
I0000 00:00:1776201444.087062    4656 random_forest.cc:956] Train tree 59/240 accuracy:0.794797 logloss:0.553508 [index:58 total:9m33.31s tree:7m15.56s]
I0000 00:00:1776201462.044924    4674 random_forest.cc:956] Train tree 61/240 accuracy:0.795086 logloss:0.545104 [index:60 total:9m51.27s tree:7m15.29s]
I0000 00:00:1776201480.413371    4652 random_forest.cc:956] Train tree 63/240 accuracy:0.795346 logloss:0.537971 [index:62 total:10m9.63s tree:7m15.23s]
I0000 00:00:1776201498.588710    4654 random_forest.cc:956] Train tree 65/240 accuracy:0.795632 logloss:0.530206 [index:64 total:10m27.81s tree:7m15.73s]
I0000 00:00:1776201516.674107    4661 random_forest.cc:956] Train tree 67/240 accuracy:0.795814 logloss:0.524397 [index:66 total:10m45.90s tree:7m15.49s]
I0000 00:00:1776201534.871348    4676 random_forest.cc:956] Train tree 69/240 accuracy:0.79596 logloss:0.519109 [index:68 total:11m4.09s tree:7m15.81s]
I0000 00:00:1776201552.647837    4678 random_forest.cc:956] Train tree 71/240 accuracy:0.796188 logloss:0.51439 [index:70 total:11m21.87s tree:7m15.42s]
I0000 00:00:1776201570.582469    4680 random_forest.cc:956] Train tree 73/240 accuracy:0.796363 logloss:0.509723 [index:72 total:11m39.80s tree:7m14.95s]
I0000 00:00:1776201588.709384    4666 random_forest.cc:956] Train tree 75/240 accuracy:0.796549 logloss:0.504816 [index:74 total:11m57.93s tree:7m14.64s]
I0000 00:00:1776201604.822620    4688 random_forest.cc:956] Train tree 77/240 accuracy:0.796704 logloss:0.495035 [index:76 total:12m14.04s tree:7m12.72s]
I0000 00:00:1776201622.427523    4681 random_forest.cc:956] Train tree 79/240 accuracy:0.796889 logloss:0.492161 [index:78 total:12m31.65s tree:7m12.20s]
I0000 00:00:1776201639.975216    4697 random_forest.cc:956] Train tree 81/240 accuracy:0.797062 logloss:0.489186 [index:80 total:12m49.20s tree:7m11.98s]
I0000 00:00:1776201657.715998    4694 random_forest.cc:956] Train tree 83/240 accuracy:0.797146 logloss:0.486184 [index:82 total:13m6.94s tree:7m11.68s]
I0000 00:00:1776201675.744773    4660 random_forest.cc:956] Train tree 85/240 accuracy:0.797332 logloss:0.483402 [index:84 total:13m24.97s tree:7m11.66s]
I0000 00:00:1776201694.108771    4651 random_forest.cc:956] Train tree 87/240 accuracy:0.797491 logloss:0.480916 [index:86 total:13m43.33s tree:7m11.70s]
I0000 00:00:1776201712.160540    4671 random_forest.cc:956] Train tree 89/240 accuracy:0.797661 logloss:0.478652 [index:88 total:14m1.38s tree:7m11.61s]
I0000 00:00:1776201730.117321    4655 random_forest.cc:956] Train tree 91/240 accuracy:0.797749 logloss:0.476658 [index:90 total:14m19.34s tree:7m11.40s]
I0000 00:00:1776201748.200478    4693 random_forest.cc:956] Train tree 93/240 accuracy:0.797788 logloss:0.474815 [index:92 total:14m37.42s tree:7m11.59s]
I0000 00:00:1776201765.871696    4668 random_forest.cc:956] Train tree 95/240 accuracy:0.797912 logloss:0.473119 [index:94 total:14m55.09s tree:7m11.22s]
I0000 00:00:1776201783.942971    4663 random_forest.cc:956] Train tree 97/240 accuracy:0.797977 logloss:0.471109 [index:96 total:15m13.16s tree:7m10.85s]
I0000 00:00:1776201802.180464    4675 random_forest.cc:956] Train tree 99/240 accuracy:0.798078 logloss:0.469679 [index:98 total:15m31.40s tree:7m10.73s]
I0000 00:00:1776201820.453146    4684 random_forest.cc:956] Train tree 101/240 accuracy:0.798162 logloss:0.468118 [index:100 total:15m49.67s tree:7m10.80s]
I0000 00:00:1776201838.674548    4662 random_forest.cc:956] Train tree 103/240 accuracy:0.798273 logloss:0.466816 [index:102 total:16m7.90s tree:7m10.72s]
I0000 00:00:1776201856.726144    4664 random_forest.cc:956] Train tree 105/240 accuracy:0.798329 logloss:0.465544 [index:104 total:16m25.95s tree:7m10.94s]
I0000 00:00:1776201875.053601    4656 random_forest.cc:956] Train tree 107/240 accuracy:0.79843 logloss:0.464188 [index:106 total:16m44.27s tree:7m10.97s]
I0000 00:00:1776201892.976587    4674 random_forest.cc:956] Train tree 109/240 accuracy:0.798503 logloss:0.463067 [index:108 total:17m2.20s tree:7m10.93s]
I0000 00:00:1776201911.185855    4652 random_forest.cc:956] Train tree 111/240 accuracy:0.798593 logloss:0.462045 [index:110 total:17m20.41s tree:7m10.77s]
I0000 00:00:1776201929.469224    4654 random_forest.cc:956] Train tree 113/240 accuracy:0.798685 logloss:0.460908 [index:112 total:17m38.69s tree:7m10.88s]
I0000 00:00:1776201947.719646    4661 random_forest.cc:956] Train tree 115/240 accuracy:0.798778 logloss:0.459978 [index:114 total:17m56.94s tree:7m11.05s]
I0000 00:00:1776201965.528834    4676 random_forest.cc:956] Train tree 117/240 accuracy:0.798866 logloss:0.458974 [index:116 total:18m14.75s tree:7m10.66s]
I0000 00:00:1776201983.446192    4678 random_forest.cc:956] Train tree 119/240 accuracy:0.798883 logloss:0.458152 [index:118 total:18m32.67s tree:7m10.80s]
I0000 00:00:1776202001.936406    4680 random_forest.cc:956] Train tree 122/240 accuracy:0.798941 logloss:0.450468 [index:120 total:18m51.16s tree:7m11.35s]
I0000 00:00:1776202021.081324    4666 random_forest.cc:956] Train tree 124/240 accuracy:0.799025 logloss:0.449929 [index:122 total:19m10.30s tree:7m12.37s]
I0000 00:00:1776202039.729517    4669 random_forest.cc:956] Train tree 126/240 accuracy:0.79911 logloss:0.449483 [index:125 total:19m28.95s tree:7m6.17s]
I0000 00:00:1776202057.364587    4658 random_forest.cc:956] Train tree 128/240 accuracy:0.799157 logloss:0.448972 [index:127 total:19m46.59s tree:7m6.32s]
I0000 00:00:1776202075.693702    4672 random_forest.cc:956] Train tree 130/240 accuracy:0.799231 logloss:0.448533 [index:129 total:20m4.91s tree:7m6.97s]
I0000 00:00:1776202093.692743    4691 random_forest.cc:956] Train tree 132/240 accuracy:0.799279 logloss:0.448023 [index:131 total:20m22.91s tree:7m6.86s]
I0000 00:00:1776202111.386832    4679 random_forest.cc:956] Train tree 134/240 accuracy:0.799325 logloss:0.447597 [index:133 total:20m40.61s tree:7m6.68s]
I0000 00:00:1776202129.695926    4689 random_forest.cc:956] Train tree 136/240 accuracy:0.799348 logloss:0.447182 [index:135 total:20m58.92s tree:7m6.69s]
I0000 00:00:1776202147.541360    4665 random_forest.cc:956] Train tree 138/240 accuracy:0.799413 logloss:0.446753 [index:137 total:21m16.76s tree:7m6.63s]
I0000 00:00:1776202165.711403    4657 random_forest.cc:956] Train tree 140/240 accuracy:0.79943 logloss:0.446438 [index:139 total:21m34.93s tree:7m6.60s]
I0000 00:00:1776202182.848769    4683 random_forest.cc:956] Train tree 142/240 accuracy:0.799514 logloss:0.446051 [index:141 total:21m52.07s tree:7m5.91s]
I0000 00:00:1776202201.144471    4653 random_forest.cc:956] Train tree 144/240 accuracy:0.799534 logloss:0.445674 [index:143 total:22m10.37s tree:7m6.49s]
I0000 00:00:1776202219.727144    4695 random_forest.cc:956] Train tree 146/240 accuracy:0.799588 logloss:0.445276 [index:145 total:22m28.95s tree:7m6.81s]
I0000 00:00:1776202237.872037    4690 random_forest.cc:956] Train tree 148/240 accuracy:0.799607 logloss:0.444953 [index:147 total:22m47.09s tree:7m6.60s]
I0000 00:00:1776202256.161247    4686 random_forest.cc:956] Train tree 150/240 accuracy:0.799671 logloss:0.444553 [index:149 total:23m5.38s tree:7m6.58s]
I0000 00:00:1776202274.243856    4687 random_forest.cc:956] Train tree 152/240 accuracy:0.799721 logloss:0.444241 [index:151 total:23m23.46s tree:7m6.58s]
I0000 00:00:1776202291.295564    4696 random_forest.cc:956] Train tree 154/240 accuracy:0.799747 logloss:0.443872 [index:153 total:23m40.52s tree:7m5.47s]
I0000 00:00:1776202309.167567    4673 random_forest.cc:956] Train tree 156/240 accuracy:0.799795 logloss:0.443572 [index:155 total:23m58.39s tree:7m5.18s]
I0000 00:00:1776202327.591217    4677 random_forest.cc:956] Train tree 158/240 accuracy:0.799871 logloss:0.443243 [index:157 total:24m16.81s tree:7m5.38s]
I0000 00:00:1776202346.005261    4682 random_forest.cc:956] Train tree 160/240 accuracy:0.799857 logloss:0.443005 [index:159 total:24m35.23s tree:7m5.73s]
I0000 00:00:1776202363.856772    4685 random_forest.cc:956] Train tree 162/240 accuracy:0.799883 logloss:0.44269 [index:161 total:24m53.08s tree:7m5.24s]
I0000 00:00:1776202381.902060    4650 random_forest.cc:956] Train tree 164/240 accuracy:0.799939 logloss:0.442446 [index:163 total:25m11.12s tree:7m5.21s]
I0000 00:00:1776202399.911671    4659 random_forest.cc:956] Train tree 166/240 accuracy:0.800036 logloss:0.442235 [index:165 total:25m29.13s tree:7m5.60s]
I0000 00:00:1776202417.927049    4667 random_forest.cc:956] Train tree 168/240 accuracy:0.800063 logloss:0.441969 [index:167 total:25m47.15s tree:7m5.46s]
I0000 00:00:1776202435.967795    4680 random_forest.cc:956] Train tree 170/240 accuracy:0.800072 logloss:0.441681 [index:169 total:26m5.19s tree:7m14.03s]
I0000 00:00:1776202454.330371    4666 random_forest.cc:956] Train tree 172/240 accuracy:0.800126 logloss:0.441456 [index:171 total:26m23.55s tree:7m13.25s]
I0000 00:00:1776202472.473542    4669 random_forest.cc:956] Train tree 174/240 accuracy:0.800188 logloss:0.44118 [index:173 total:26m41.69s tree:7m12.74s]
I0000 00:00:1776202490.407616    4658 random_forest.cc:956] Train tree 176/240 accuracy:0.8002 logloss:0.440973 [index:175 total:26m59.63s tree:7m13.04s]
I0000 00:00:1776202508.385376    4672 random_forest.cc:956] Train tree 178/240 accuracy:0.800211 logloss:0.440731 [index:177 total:27m17.61s tree:7m12.69s]
I0000 00:00:1776202526.311444    4691 random_forest.cc:956] Train tree 180/240 accuracy:0.800239 logloss:0.440577 [index:179 total:27m35.53s tree:7m12.62s]
I0000 00:00:1776202544.019174    4679 random_forest.cc:956] Train tree 182/240 accuracy:0.800272 logloss:0.440404 [index:181 total:27m53.24s tree:7m12.63s]
I0000 00:00:1776202562.321666    4689 random_forest.cc:956] Train tree 184/240 accuracy:0.80029 logloss:0.440234 [index:183 total:28m11.54s tree:7m12.63s]
I0000 00:00:1776202580.389886    4665 random_forest.cc:956] Train tree 186/240 accuracy:0.800342 logloss:0.440095 [index:185 total:28m29.61s tree:7m12.85s]
I0000 00:00:1776202598.585287    4657 random_forest.cc:956] Train tree 188/240 accuracy:0.800405 logloss:0.439894 [index:187 total:28m47.81s tree:7m12.87s]
I0000 00:00:1776202616.391326    4683 random_forest.cc:956] Train tree 190/240 accuracy:0.800414 logloss:0.43972 [index:189 total:29m5.61s tree:7m13.54s]
I0000 00:00:1776202634.587258    4653 random_forest.cc:956] Train tree 192/240 accuracy:0.800408 logloss:0.43954 [index:191 total:29m23.81s tree:7m13.44s]
I0000 00:00:1776202652.797640    4695 random_forest.cc:956] Train tree 194/240 accuracy:0.800465 logloss:0.439399 [index:193 total:29m42.02s tree:7m13.07s]
I0000 00:00:1776202669.012335    4690 random_forest.cc:956] Train tree 196/240 accuracy:0.800476 logloss:0.439201 [index:195 total:29m58.23s tree:7m11.14s]
I0000 00:00:1776202683.313523    4686 random_forest.cc:956] Train tree 198/240 accuracy:0.800529 logloss:0.439059 [index:197 total:30m12.53s tree:7m7.15s]
I0000 00:00:1776202696.984646    4687 random_forest.cc:956] Train tree 200/240 accuracy:0.800568 logloss:0.43894 [index:199 total:30m26.21s tree:7m2.74s]
I0000 00:00:1776202710.565275    4696 random_forest.cc:956] Train tree 202/240 accuracy:0.800557 logloss:0.438831 [index:201 total:30m39.79s tree:6m59.27s]
I0000 00:00:1776202724.086306    4673 random_forest.cc:956] Train tree 204/240 accuracy:0.800621 logloss:0.438614 [index:203 total:30m53.31s tree:6m54.92s]
I0000 00:00:1776202737.783099    4677 random_forest.cc:956] Train tree 206/240 accuracy:0.800638 logloss:0.438432 [index:205 total:31m7.00s tree:6m50.19s]
I0000 00:00:1776202751.692352    4682 random_forest.cc:956] Train tree 208/240 accuracy:0.800662 logloss:0.4383 [index:207 total:31m20.91s tree:6m45.69s]
I0000 00:00:1776202765.359356    4685 random_forest.cc:956] Train tree 210/240 accuracy:0.800661 logloss:0.438156 [index:209 total:31m34.58s tree:6m41.50s]
I0000 00:00:1776202779.111048    4650 random_forest.cc:956] Train tree 212/240 accuracy:0.800684 logloss:0.438053 [index:211 total:31m48.33s tree:6m37.21s]
I0000 00:00:1776202792.457717    4659 random_forest.cc:956] Train tree 214/240 accuracy:0.800722 logloss:0.437933 [index:213 total:32m1.68s tree:6m32.55s]
I0000 00:00:1776202806.105221    4667 random_forest.cc:956] Train tree 216/240 accuracy:0.800742 logloss:0.43785 [index:215 total:32m15.33s tree:6m28.18s]
I0000 00:00:1776202819.850140    4680 random_forest.cc:956] Train tree 218/240 accuracy:0.800727 logloss:0.437715 [index:217 total:32m29.07s tree:6m23.88s]
I0000 00:00:1776202833.744910    4666 random_forest.cc:956] Train tree 220/240 accuracy:0.800757 logloss:0.437624 [index:219 total:32m42.97s tree:6m19.41s]
I0000 00:00:1776202847.602952    4669 random_forest.cc:956] Train tree 222/240 accuracy:0.80079 logloss:0.437471 [index:221 total:32m56.82s tree:6m15.13s]
I0000 00:00:1776202861.052974    4658 random_forest.cc:956] Train tree 224/240 accuracy:0.800838 logloss:0.437342 [index:223 total:33m10.27s tree:6m10.65s]
I0000 00:00:1776202874.689975    4672 random_forest.cc:956] Train tree 226/240 accuracy:0.800859 logloss:0.437239 [index:225 total:33m23.91s tree:6m6.30s]
I0000 00:00:1776202888.302589    4691 random_forest.cc:956] Train tree 228/240 accuracy:0.800866 logloss:0.437146 [index:227 total:33m37.52s tree:6m1.99s]
I0000 00:00:1776202901.735293    4679 random_forest.cc:956] Train tree 230/240 accuracy:0.800868 logloss:0.437078 [index:229 total:33m50.96s tree:5m57.72s]
I0000 00:00:1776202915.282359    4689 random_forest.cc:956] Train tree 232/240 accuracy:0.800931 logloss:0.436969 [index:231 total:34m4.50s tree:5m52.96s]
I0000 00:00:1776202928.865587    4665 random_forest.cc:956] Train tree 234/240 accuracy:0.80093 logloss:0.436852 [index:233 total:34m18.09s tree:5m48.48s]
I0000 00:00:1776202942.312469    4657 random_forest.cc:956] Train tree 236/240 accuracy:0.800926 logloss:0.4367 [index:235 total:34m31.53s tree:5m43.73s]
I0000 00:00:1776202955.752648    4683 random_forest.cc:956] Train tree 238/240 accuracy:0.800957 logloss:0.436605 [index:237 total:34m44.97s tree:5m39.36s]
I0000 00:00:1776202969.529728    4653 random_forest.cc:956] Train tree 240/240 accuracy:0.80098 logloss:0.436537 [index:239 total:34m58.75s tree:5m34.94s]
I0000 00:00:1776202969.530335    4527 random_forest.cc:990] random_forest.cc Training block took: 2098.91 s
I0000 00:00:1776202969.530369    4527 random_forest.cc:993] EXITING EARLY TO SPEED UP EXPERIMENTS!
-1 (automatic) threads requested. 48 threads set.
Configuring oblique splits
Using exact splitting
./bazel-bin/examples/train_oblique_forest --input_mode trunk --rows 10000 --feature_split_type "Oblique" --numerical_split_type "Exact" --num_trees=240 --num_threads=-1 --compute_oob_performances=true  
WARNING: All log messages before absl::InitializeLog() is called are written to STDERR
I0000 00:00:1776202972.542802   12769 abstract_learner.cc:155] No input feature explicitly specified. Using all the available input features.
I0000 00:00:1776202972.542828   12769 abstract_learner.cc:172] The label "y" was removed from the input feature set.
I0000 00:00:1776202972.543385   12769 random_forest.cc:465] Training random forest on 10000 example(s) and 4096 feature(s).
I0000 00:00:1776202972.543510   12769 gpu.cc:93] Cannot initialize GPU: Not compiled with GPU support
I0000 00:00:1776202972.544637   12769 random_forest.cc:659] num_threads being used: 48
I0000 00:00:1776202972.950080   12780 random_forest.cc:956] Train tree 1/240 accuracy:0.621291 logloss:13.6501 [index:20 total:0.41s tree:0.40s]
I0000 00:00:1776202973.004463   12785 random_forest.cc:956] Train tree 11/240 accuracy:0.667974 logloss:2.65466 [index:23 total:0.46s tree:0.46s]
I0000 00:00:1776202973.051691   12800 random_forest.cc:956] Train tree 21/240 accuracy:0.7107 logloss:0.763611 [index:36 total:0.51s tree:0.50s]
I0000 00:00:1776202973.099579   12802 random_forest.cc:956] Train tree 31/240 accuracy:0.7455 logloss:0.562129 [index:37 total:0.55s tree:0.55s]
I0000 00:00:1776202973.150450   12818 random_forest.cc:956] Train tree 41/240 accuracy:0.7627 logloss:0.541912 [index:0 total:0.61s tree:0.60s]
I0000 00:00:1776202973.365111   12788 random_forest.cc:956] Train tree 51/240 accuracy:0.7876 logloss:0.537489 [index:50 total:0.82s tree:0.40s]
I0000 00:00:1776202973.431487   12793 random_forest.cc:956] Train tree 61/240 accuracy:0.8135 logloss:0.527516 [index:60 total:0.89s tree:0.42s]
I0000 00:00:1776202973.483834   12800 random_forest.cc:956] Train tree 71/240 accuracy:0.831 logloss:0.524725 [index:68 total:0.94s tree:0.43s]
I0000 00:00:1776202973.536672   12811 random_forest.cc:956] Train tree 81/240 accuracy:0.8429 logloss:0.521949 [index:83 total:0.99s tree:0.41s]
I0000 00:00:1776202973.594398   12817 random_forest.cc:956] Train tree 91/240 accuracy:0.8567 logloss:0.518823 [index:89 total:1.05s tree:0.44s]
I0000 00:00:1776202973.814952   12774 random_forest.cc:956] Train tree 101/240 accuracy:0.8662 logloss:0.518596 [index:102 total:1.27s tree:0.43s]
I0000 00:00:1776202973.876132   12787 random_forest.cc:956] Train tree 111/240 accuracy:0.8736 logloss:0.515823 [index:107 total:1.33s tree:0.45s]
I0000 00:00:1776202973.931163   12771 random_forest.cc:956] Train tree 121/240 accuracy:0.8841 logloss:0.514745 [index:117 total:1.39s tree:0.45s]
I0000 00:00:1776202973.979375   12782 random_forest.cc:956] Train tree 131/240 accuracy:0.8905 logloss:0.514287 [index:135 total:1.43s tree:0.41s]
I0000 00:00:1776202974.036000   12817 random_forest.cc:956] Train tree 141/240 accuracy:0.8953 logloss:0.512462 [index:138 total:1.49s tree:0.44s]
I0000 00:00:1776202974.272044   12786 random_forest.cc:956] Train tree 151/240 accuracy:0.9016 logloss:0.512438 [index:156 total:1.73s tree:0.41s]
I0000 00:00:1776202974.320949   12781 random_forest.cc:956] Train tree 161/240 accuracy:0.9054 logloss:0.512245 [index:159 total:1.78s tree:0.44s]
I0000 00:00:1776202974.369794   12771 random_forest.cc:956] Train tree 171/240 accuracy:0.9137 logloss:0.511746 [index:168 total:1.83s tree:0.44s]
I0000 00:00:1776202974.419260   12805 random_forest.cc:956] Train tree 181/240 accuracy:0.9176 logloss:0.510821 [index:183 total:1.87s tree:0.41s]
I0000 00:00:1776202974.496275   12789 random_forest.cc:956] Train tree 191/240 accuracy:0.922 logloss:0.510255 [index:190 total:1.95s tree:0.42s]
I0000 00:00:1776202974.721716   12778 random_forest.cc:956] Train tree 201/240 accuracy:0.9239 logloss:0.509335 [index:203 total:2.18s tree:0.43s]
I0000 00:00:1776202974.769849   12781 random_forest.cc:956] Train tree 211/240 accuracy:0.9278 logloss:0.508073 [index:208 total:2.23s tree:0.45s]
I0000 00:00:1776202974.817088   12811 random_forest.cc:956] Train tree 221/240 accuracy:0.9278 logloss:0.507328 [index:219 total:2.27s tree:0.44s]
I0000 00:00:1776202974.862793   12805 random_forest.cc:956] Train tree 231/240 accuracy:0.931 logloss:0.506077 [index:228 total:2.32s tree:0.44s]
I0000 00:00:1776202974.954320   12795 random_forest.cc:956] Train tree 240/240 accuracy:0.9336 logloss:0.506019 [index:239 total:2.41s tree:0.44s]
I0000 00:00:1776202974.954661   12769 random_forest.cc:990] random_forest.cc Training block took: 2.41213 s
I0000 00:00:1776202974.954712   12769 random_forest.cc:993] EXITING EARLY TO SPEED UP EXPERIMENTS!

Generating trunk synthetic dataset: rows=10000, cols=4096
-1 (automatic) threads requested. 48 threads set.
Configuring oblique splits
Using exact splitting
./bazel-bin/examples/train_oblique_forest --input_mode trunk --rows 100000 --feature_split_type "Oblique" --numerical_split_type "Exact" --num_trees=240 --num_threads=-1 --compute_oob_performances=true  
WARNING: All log messages before absl::InitializeLog() is called are written to STDERR
I0000 00:00:1776202978.394264   12829 abstract_learner.cc:155] No input feature explicitly specified. Using all the available input features.
I0000 00:00:1776202978.394294   12829 abstract_learner.cc:172] The label "y" was removed from the input feature set.
I0000 00:00:1776202978.394864   12829 random_forest.cc:465] Training random forest on 100000 example(s) and 4096 feature(s).
I0000 00:00:1776202978.395007   12829 gpu.cc:93] Cannot initialize GPU: Not compiled with GPU support
I0000 00:00:1776202978.398881   12829 random_forest.cc:659] num_threads being used: 48
I0000 00:00:1776202984.384175   12876 random_forest.cc:956] Train tree 1/240 accuracy:0.712661 logloss:10.3567 [index:34 total:5.99s tree:5.98s]
I0000 00:00:1776202985.356714   12851 random_forest.cc:956] Train tree 11/240 accuracy:0.758542 logloss:1.80856 [index:12 total:6.96s tree:6.96s]
I0000 00:00:1776202986.382140   12889 random_forest.cc:956] Train tree 21/240 accuracy:0.800564 logloss:0.58843 [index:38 total:7.98s tree:7.98s]
I0000 00:00:1776202987.437972   12864 random_forest.cc:956] Train tree 31/240 accuracy:0.8327 logloss:0.472833 [index:21 total:9.04s tree:9.04s]
I0000 00:00:1776202988.550128   12881 random_forest.cc:956] Train tree 41/240 accuracy:0.85071 logloss:0.461511 [index:32 total:10.15s tree:10.15s]
I0000 00:00:1776202990.345470   12878 random_forest.cc:956] Train tree 51/240 accuracy:0.86723 logloss:0.460622 [index:50 total:11.95s tree:5.75s]
I0000 00:00:1776202991.517815   12848 random_forest.cc:956] Train tree 61/240 accuracy:0.88178 logloss:0.458819 [index:60 total:13.12s tree:5.96s]
I0000 00:00:1776202992.648419   12857 random_forest.cc:956] Train tree 71/240 accuracy:0.89243 logloss:0.459238 [index:70 total:14.25s tree:6.06s]
I0000 00:00:1776202993.859298   12859 random_forest.cc:956] Train tree 81/240 accuracy:0.90343 logloss:0.456911 [index:80 total:15.46s tree:6.21s]
I0000 00:00:1776202995.068325   12891 random_forest.cc:956] Train tree 91/240 accuracy:0.91146 logloss:0.455903 [index:90 total:16.67s tree:6.29s]
I0000 00:00:1776202996.797001   12860 random_forest.cc:956] Train tree 101/240 accuracy:0.91728 logloss:0.455332 [index:101 total:18.40s tree:6.09s]
I0000 00:00:1776202997.993461   12869 random_forest.cc:956] Train tree 111/240 accuracy:0.92268 logloss:0.454868 [index:110 total:19.59s tree:6.25s]
I0000 00:00:1776202999.162569   12852 random_forest.cc:956] Train tree 121/240 accuracy:0.92787 logloss:0.45474 [index:120 total:20.76s tree:6.24s]
I0000 00:00:1776203000.400831   12893 random_forest.cc:956] Train tree 131/240 accuracy:0.93161 logloss:0.455333 [index:130 total:22.00s tree:6.24s]
I0000 00:00:1776203001.664763   12868 random_forest.cc:956] Train tree 141/240 accuracy:0.93501 logloss:0.454983 [index:140 total:23.27s tree:6.37s]
I0000 00:00:1776203003.342345   12885 random_forest.cc:956] Train tree 151/240 accuracy:0.93859 logloss:0.454728 [index:150 total:24.94s tree:6.31s]
I0000 00:00:1776203004.669983   12880 random_forest.cc:956] Train tree 161/240 accuracy:0.9415 logloss:0.455474 [index:161 total:26.27s tree:6.35s]
I0000 00:00:1776203005.813149   12856 random_forest.cc:956] Train tree 171/240 accuracy:0.94325 logloss:0.456613 [index:170 total:27.41s tree:6.39s]
I0000 00:00:1776203006.952506   12855 random_forest.cc:956] Train tree 181/240 accuracy:0.94603 logloss:0.456441 [index:179 total:28.55s tree:6.44s]
I0000 00:00:1776203008.200661   12865 random_forest.cc:956] Train tree 191/240 accuracy:0.94774 logloss:0.455839 [index:190 total:29.80s tree:6.31s]
I0000 00:00:1776203009.811829   12854 random_forest.cc:956] Train tree 201/240 accuracy:0.94981 logloss:0.455395 [index:201 total:31.41s tree:6.13s]
I0000 00:00:1776203011.154499   12879 random_forest.cc:956] Train tree 211/240 accuracy:0.95095 logloss:0.455372 [index:210 total:32.76s tree:6.26s]
I0000 00:00:1776203012.194710   12875 random_forest.cc:956] Train tree 221/240 accuracy:0.95253 logloss:0.454959 [index:221 total:33.80s tree:6.05s]
I0000 00:00:1776203013.230607   12847 random_forest.cc:956] Train tree 231/240 accuracy:0.9533 logloss:0.4553 [index:231 total:34.83s tree:5.94s]
I0000 00:00:1776203014.156137   12888 random_forest.cc:956] Train tree 240/240 accuracy:0.95458 logloss:0.455307 [index:239 total:35.76s tree:5.84s]
I0000 00:00:1776203014.156371   12829 random_forest.cc:990] random_forest.cc Training block took: 35.7624 s
I0000 00:00:1776203014.156422   12829 random_forest.cc:993] EXITING EARLY TO SPEED UP EXPERIMENTS!

Generating trunk synthetic dataset: rows=100000, cols=4096
-1 (automatic) threads requested. 48 threads set.
Configuring oblique splits
Using exact splitting
./bazel-bin/examples/train_oblique_forest --input_mode trunk --rows 1000000 --feature_split_type "Oblique" --numerical_split_type "Exact" --num_trees=240 --num_threads=-1 --compute_oob_performances=true  
WARNING: All log messages before absl::InitializeLog() is called are written to STDERR
I0000 00:00:1776203048.306980   13034 abstract_learner.cc:155] No input feature explicitly specified. Using all the available input features.
I0000 00:00:1776203048.307007   13034 abstract_learner.cc:172] The label "y" was removed from the input feature set.
I0000 00:00:1776203048.307570   13034 random_forest.cc:465] Training random forest on 1000000 example(s) and 4096 feature(s).
I0000 00:00:1776203048.307710   13034 gpu.cc:93] Cannot initialize GPU: Not compiled with GPU support
I0000 00:00:1776203048.338741   13034 random_forest.cc:659] num_threads being used: 48
I0000 00:00:1776203128.550698   13186 random_forest.cc:956] Train tree 1/240 accuracy:0.722047 logloss:10.0184 [index:30 total:1m20.21s tree:1m20.21s]
I0000 00:00:1776203140.071439   13199 random_forest.cc:956] Train tree 8/240 accuracy:0.751243 logloss:3.00297 [index:46 total:1m31.73s tree:1m31.73s]
I0000 00:00:1776203150.883333   13196 random_forest.cc:956] Train tree 14/240 accuracy:0.789485 logloss:1.07137 [index:42 total:1m42.54s tree:1m42.54s]
I0000 00:00:1776203161.981489   13175 random_forest.cc:956] Train tree 20/240 accuracy:0.822772 logloss:0.572038 [index:20 total:1m53.64s tree:1m53.64s]
I0000 00:00:1776203173.846913   13184 random_forest.cc:956] Train tree 26/240 accuracy:0.842246 logloss:0.464211 [index:28 total:2m5.51s tree:2m5.51s]
I0000 00:00:1776203183.896840   13197 random_forest.cc:956] Train tree 31/240 accuracy:0.857958 logloss:0.436547 [index:43 total:2m15.56s tree:2m15.55s]
I0000 00:00:1776203194.152746   13166 random_forest.cc:956] Train tree 36/240 accuracy:0.870541 logloss:0.427005 [index:10 total:2m25.81s tree:2m25.81s]
I0000 00:00:1776203204.701237   13173 random_forest.cc:956] Train tree 41/240 accuracy:0.87932 logloss:0.425193 [index:16 total:2m36.36s tree:2m36.36s]
I0000 00:00:1776203215.323194   13201 random_forest.cc:956] Train tree 46/240 accuracy:0.886668 logloss:0.425177 [index:45 total:2m46.98s tree:2m46.98s]
I0000 00:00:1776203225.785070   13194 random_forest.cc:956] Train tree 51/240 accuracy:0.894157 logloss:0.424892 [index:50 total:2m57.45s tree:1m34.09s]
I0000 00:00:1776203236.084087   13199 random_forest.cc:956] Train tree 56/240 accuracy:0.901681 logloss:0.422346 [index:55 total:3m7.75s tree:1m36.01s]
I0000 00:00:1776203246.707009   13210 random_forest.cc:956] Train tree 61/240 accuracy:0.906182 logloss:0.423712 [index:60 total:3m18.37s tree:1m37.64s]
I0000 00:00:1776203256.866541   13209 random_forest.cc:956] Train tree 66/240 accuracy:0.912317 logloss:0.421587 [index:65 total:3m28.53s tree:1m38.67s]
I0000 00:00:1776203266.989998   13185 random_forest.cc:956] Train tree 71/240 accuracy:0.917898 logloss:0.419176 [index:69 total:3m38.65s tree:1m41.10s]
I0000 00:00:1776203277.139638   13165 random_forest.cc:956] Train tree 76/240 accuracy:0.922681 logloss:0.417186 [index:75 total:3m48.80s tree:1m39.44s]
I0000 00:00:1776203287.462647   13174 random_forest.cc:956] Train tree 81/240 accuracy:0.926403 logloss:0.416165 [index:80 total:3m59.12s tree:1m39.50s]
I0000 00:00:1776203297.979136   13179 random_forest.cc:956] Train tree 86/240 accuracy:0.929231 logloss:0.416603 [index:85 total:4m9.64s tree:1m39.65s]
I0000 00:00:1776203308.584326   13204 random_forest.cc:956] Train tree 91/240 accuracy:0.931879 logloss:0.417639 [index:90 total:4m20.25s tree:1m39.66s]
I0000 00:00:1776203319.060523   13211 random_forest.cc:956] Train tree 96/240 accuracy:0.934196 logloss:0.417856 [index:95 total:4m30.72s tree:1m39.48s]
I0000 00:00:1776203329.375153   13198 random_forest.cc:956] Train tree 101/240 accuracy:0.936693 logloss:0.417104 [index:100 total:4m41.04s tree:1m39.40s]
I0000 00:00:1776203340.010687   13202 random_forest.cc:956] Train tree 106/240 accuracy:0.938503 logloss:0.418077 [index:105 total:4m51.67s tree:1m39.67s]
I0000 00:00:1776203350.506827   13183 random_forest.cc:956] Train tree 111/240 accuracy:0.940511 logloss:0.418326 [index:110 total:5m2.17s tree:1m39.65s]
I0000 00:00:1776203360.934550   13175 random_forest.cc:956] Train tree 116/240 accuracy:0.942361 logloss:0.418407 [index:115 total:5m12.60s tree:1m39.90s]
I0000 00:00:1776203371.317412   13184 random_forest.cc:956] Train tree 121/240 accuracy:0.943967 logloss:0.418083 [index:120 total:5m22.98s tree:1m40.52s]
I0000 00:00:1776203381.857949   13208 random_forest.cc:956] Train tree 126/240 accuracy:0.945371 logloss:0.418353 [index:125 total:5m33.52s tree:1m40.58s]
I0000 00:00:1776203392.243400   13181 random_forest.cc:956] Train tree 131/240 accuracy:0.946915 logloss:0.41808 [index:130 total:5m43.90s tree:1m40.51s]
I0000 00:00:1776203402.329507   13173 random_forest.cc:956] Train tree 136/240 accuracy:0.948672 logloss:0.416828 [index:136 total:5m53.99s tree:1m38.00s]
I0000 00:00:1776203412.672797   13169 random_forest.cc:956] Train tree 141/240 accuracy:0.949741 logloss:0.416281 [index:139 total:6m4.33s tree:1m41.97s]
I0000 00:00:1776203423.149851   13187 random_forest.cc:956] Train tree 146/240 accuracy:0.950896 logloss:0.416328 [index:145 total:6m14.81s tree:1m40.11s]
I0000 00:00:1776203433.547191   13192 random_forest.cc:956] Train tree 151/240 accuracy:0.952042 logloss:0.415999 [index:150 total:6m25.21s tree:1m39.94s]
I0000 00:00:1776203444.163200   13168 random_forest.cc:956] Train tree 156/240 accuracy:0.953023 logloss:0.416412 [index:155 total:6m35.82s tree:1m39.97s]
I0000 00:00:1776203454.425078   13191 random_forest.cc:956] Train tree 161/240 accuracy:0.954015 logloss:0.415965 [index:160 total:6m46.09s tree:1m39.78s]
I0000 00:00:1776203464.753557   13188 random_forest.cc:956] Train tree 166/240 accuracy:0.954908 logloss:0.415582 [index:165 total:6m56.41s tree:1m39.82s]
I0000 00:00:1776203475.317350   13203 random_forest.cc:956] Train tree 171/240 accuracy:0.955699 logloss:0.415993 [index:170 total:7m6.98s tree:1m39.78s]
I0000 00:00:1776203485.848921   13193 random_forest.cc:956] Train tree 176/240 accuracy:0.956512 logloss:0.416301 [index:175 total:7m17.51s tree:1m39.88s]
I0000 00:00:1776203496.396897   13179 random_forest.cc:956] Train tree 181/240 accuracy:0.957392 logloss:0.416744 [index:180 total:7m28.06s tree:1m39.96s]
I0000 00:00:1776203506.874433   13167 random_forest.cc:956] Train tree 186/240 accuracy:0.958015 logloss:0.416769 [index:185 total:7m38.54s tree:1m40.37s]
I0000 00:00:1776203517.324183   13177 random_forest.cc:956] Train tree 191/240 accuracy:0.958655 logloss:0.416805 [index:190 total:7m48.99s tree:1m40.32s]
I0000 00:00:1776203527.610652   13200 random_forest.cc:956] Train tree 196/240 accuracy:0.959398 logloss:0.416783 [index:195 total:7m59.27s tree:1m40.30s]
I0000 00:00:1776203537.748114   13164 random_forest.cc:956] Train tree 201/240 accuracy:0.959939 logloss:0.417011 [index:200 total:8m9.41s tree:1m39.90s]
I0000 00:00:1776203549.329011   13183 random_forest.cc:956] Train tree 207/240 accuracy:0.960602 logloss:0.416929 [index:206 total:8m20.99s tree:1m38.84s]
I0000 00:00:1776203560.599676   13205 random_forest.cc:956] Train tree 213/240 accuracy:0.961425 logloss:0.417191 [index:212 total:8m32.26s tree:1m37.94s]
I0000 00:00:1776203571.475157   13203 random_forest.cc:956] Train tree 219/240 accuracy:0.962097 logloss:0.417301 [index:218 total:8m43.14s tree:1m36.16s]
I0000 00:00:1776203581.872829   13174 random_forest.cc:956] Train tree 225/240 accuracy:0.962576 logloss:0.417157 [index:224 total:8m53.53s tree:1m33.96s]
I0000 00:00:1776203593.458538   13173 random_forest.cc:956] Train tree 232/240 accuracy:0.963167 logloss:0.417709 [index:231 total:9m5.12s tree:1m30.87s]
I0000 00:00:1776203604.942215   13177 random_forest.cc:956] Train tree 239/240 accuracy:0.96383 logloss:0.417656 [index:238 total:9m16.60s tree:1m27.62s]
I0000 00:00:1776203606.560064   13211 random_forest.cc:956] Train tree 240/240 accuracy:0.96386 logloss:0.417623 [index:239 total:9m18.22s tree:1m27.27s]
I0000 00:00:1776203606.560197   13034 random_forest.cc:990] random_forest.cc Training block took: 558.254 s
I0000 00:00:1776203606.560262   13034 random_forest.cc:993] EXITING EARLY TO SPEED UP EXPERIMENTS!

Generating trunk synthetic dataset: rows=1000000, cols=4096
-1 (automatic) threads requested. 48 threads set.
Configuring oblique splits
Using exact splitting


======== No vectorizable Oblique methods selected; skipping vectorized experiments ========

