

Inferring DataSpec from CSV: /home/ubuntu/yggdrasil-oblique-forests/benchmarks/data/openml/bioresponse_train.csv


train_oblique_forest wall-time - Training + Post-Processing: 24.361s
Model saved to: /tmp/tmp_5k0nrq4/model
WARNING: All log messages before absl::InitializeLog() is called are written to STDERR
I0000 00:00:1777423159.097268   51787 csv_example_reader.cc:212] 0 row(s) processed
I0000 00:00:1777423159.351200   51787 csv_example_reader.cc:216] Stop scanning the csv file to infer the type. Some records were not considered.
I0000 00:00:1777423159.351386   51787 data_spec_inference.cc:457] 1777 column(s) found
I0000 00:00:1777423159.353788   51787 csv_example_reader.cc:303] 0 row(s) processed
I0000 00:00:1777423159.575937   51787 data_spec_inference.cc:494] Finalizing [3000 row(s) found]
I0000 00:00:1777423159.575977   51787 train_oblique_forest.cc:315] Running with 8 threads, as requested.
I0000 00:00:1777423159.575985   51787 train_oblique_forest.cc:387] Configuring oblique splits
I0000 00:00:1777423159.575988   51787 train_oblique_forest.cc:435] Using exact splitting
I0000 00:00:1777423159.576158   51787 abstract_learner.cc:155] No input feature explicitly specified. Using all the available input features.
I0000 00:00:1777423159.576163   51787 abstract_learner.cc:172] The label "class" was removed from the input feature set.
I0000 00:00:1777423159.588842   51787 vertical_dataset_io.cc:82] 100 examples scanned.
I0000 00:00:1777423159.853630   51787 vertical_dataset_io.cc:88] 3000 examples read. Memory: usage:13MB allocated:13MB. 0 (0%) examples have been skipped.
I0000 00:00:1777423159.853957   51787 abstract_learner.cc:155] No input feature explicitly specified. Using all the available input features.
I0000 00:00:1777423159.853998   51787 abstract_learner.cc:172] The label "class" was removed from the input feature set.
I0000 00:00:1777423159.854074   51787 gradient_boosted_trees.cc:577] Default loss set to BINOMIAL_LOG_LIKELIHOOD
I0000 00:00:1777423159.854277   51787 gradient_boosted_trees.cc:1190] Training gradient boosted tree on 3000 example(s) and 1776 feature(s).
I0000 00:00:1777423159.881524   51787 gradient_boosted_trees.cc:1230] 2667 examples used for training and 333 examples used for validation
I0000 00:00:1777423159.881894   51787 gpu.cc:93] Cannot initialize GPU: Not compiled with GPU support
I0000 00:00:1777423160.307152   51787 gradient_boosted_trees.cc:1632] Train tree 1/100 train-loss:1.268904 train-accuracy:0.808399 valid-loss:1.292103 valid-accuracy:0.735736 [total:0.43s iter:0.43s]
I0000 00:00:1777423160.735783   51787 gradient_boosted_trees.cc:1632] Train tree 2/100 train-loss:1.178646 train-accuracy:0.864642 valid-loss:1.221667 valid-accuracy:0.783784 [total:0.85s iter:0.43s]
I0000 00:00:1777423161.196308   51787 gradient_boosted_trees.cc:1634] Train tree 3/100 train-loss:1.094598 train-accuracy:0.897638 valid-loss:1.167114 valid-accuracy:0.795796 [total:1.31s iter:0.46s]
W0000 00:00:1777423165.587436   51787 training.cc:6283] [This message is only shown once] The effective split of examples does not match the expected split returned by the splitter algorithm. This problem can be caused by (1) large floating point values (e.g. value>=10e30) or (2) a bug in the software. You can turn this error in a warning with internal_error_on_wrong_splitter_statistics=false.

Details:
Num examples: 1051
Num positive examples (from split evaluation): 989
Num positive examples (from split learning): 990
Num negative examples (from split evaluation): 62

Condition: na_value: false
attribute: 167
condition {
  oblique_condition {
    attributes: 167
    attributes: 224
    attributes: 295
    attributes: 370
    attributes: 402
    attributes: 548
    attributes: 699
    attributes: 761
    weights: 1
    weights: -1
    weights: 1
    weights: 1
    weights: -1
    weights: -1
    weights: 1
    weights: -1
    threshold: -0.124999993
    na_replacements: 0.0364707448
    na_replacements: 0.0118333334
    na_replacements: 0.0016852445
    na_replacements: 0.000833333354
    na_replacements: 0.00233333348
    na_replacements: 0.00547916675
    na_replacements: 0.018626444
    na_replacements: 0.0375481769
  }
}
num_training_examples_without_weight: 1051
num_training_examples_with_weight: 1051
split_score: 0.00179989811
num_pos_training_examples_without_weight: 990
num_pos_training_examples_with_weight: 990

Attribute spec: type: NUMERICAL
name: "D168"
is_manual_type: false
numerical {
  mean: 0.036470743904511133
  min_value: 0
  max_value: 0.714285731
  standard_deviation: 0.073695398320081
}

I0000 00:00:1777423181.339094   51787 gradient_boosted_trees.cc:1634] Train tree 56/100 train-loss:0.169028 train-accuracy:0.998500 valid-loss:0.852363 valid-accuracy:0.834835 [total:21.46s iter:0.41s]
I0000 00:00:1777423183.869694   51787 early_stopping.cc:54] Early stop of the training because the validation loss does not decrease anymore. Best valid-loss: 0.843005
I0000 00:00:1777423183.869736   51787 gradient_boosted_trees.cc:279] Truncates the model to 34 tree(s) i.e. 34  iteration(s).
I0000 00:00:1777423183.870819   51787 gradient_boosted_trees.cc:341] Final model num-trees:34 valid-loss:0.843005 valid-accuracy:0.822823
