

Inferring DataSpec from CSV: /home/ubuntu/yggdrasil-oblique-forests/benchmarks/data/openml/bioresponse_train.csv


train_oblique_forest wall-time - Training + Post-Processing: 13.8293s
Model saved to: /tmp/tmpz9lwe6tk/model
WARNING: All log messages before absl::InitializeLog() is called are written to STDERR
I0000 00:00:1777423144.389881   50955 csv_example_reader.cc:212] 0 row(s) processed
I0000 00:00:1777423144.644518   50955 csv_example_reader.cc:216] Stop scanning the csv file to infer the type. Some records were not considered.
I0000 00:00:1777423144.644698   50955 data_spec_inference.cc:457] 1777 column(s) found
I0000 00:00:1777423144.647082   50955 csv_example_reader.cc:303] 0 row(s) processed
I0000 00:00:1777423144.868587   50955 data_spec_inference.cc:494] Finalizing [3000 row(s) found]
I0000 00:00:1777423144.868620   50955 train_oblique_forest.cc:315] Running with 8 threads, as requested.
I0000 00:00:1777423144.868627   50955 train_oblique_forest.cc:387] Configuring oblique splits
I0000 00:00:1777423144.868629   50955 train_oblique_forest.cc:435] Using exact splitting
I0000 00:00:1777423144.868790   50955 abstract_learner.cc:155] No input feature explicitly specified. Using all the available input features.
I0000 00:00:1777423144.868794   50955 abstract_learner.cc:172] The label "class" was removed from the input feature set.
I0000 00:00:1777423144.881245   50955 vertical_dataset_io.cc:82] 100 examples scanned.
I0000 00:00:1777423145.144476   50955 vertical_dataset_io.cc:88] 3000 examples read. Memory: usage:13MB allocated:13MB. 0 (0%) examples have been skipped.
I0000 00:00:1777423145.144782   50955 abstract_learner.cc:155] No input feature explicitly specified. Using all the available input features.
I0000 00:00:1777423145.144822   50955 abstract_learner.cc:172] The label "class" was removed from the input feature set.
I0000 00:00:1777423145.144897   50955 gradient_boosted_trees.cc:577] Default loss set to BINOMIAL_LOG_LIKELIHOOD
I0000 00:00:1777423145.145094   50955 gradient_boosted_trees.cc:1190] Training gradient boosted tree on 3000 example(s) and 1776 feature(s).
I0000 00:00:1777423145.172215   50955 gradient_boosted_trees.cc:1230] 2667 examples used for training and 333 examples used for validation
I0000 00:00:1777423145.172593   50955 gpu.cc:93] Cannot initialize GPU: Not compiled with GPU support
I0000 00:00:1777423145.321927   50955 gradient_boosted_trees.cc:1632] Train tree 1/100 train-loss:1.291868 train-accuracy:0.581552 valid-loss:1.306086 valid-accuracy:0.552553 [total:0.15s iter:0.15s]
I0000 00:00:1777423145.470192   50955 gradient_boosted_trees.cc:1632] Train tree 2/100 train-loss:1.223233 train-accuracy:0.800150 valid-loss:1.252688 valid-accuracy:0.741742 [total:0.30s iter:0.15s]
I0000 00:00:1777423145.619603   50955 gradient_boosted_trees.cc:1634] Train tree 3/100 train-loss:1.166546 train-accuracy:0.831646 valid-loss:1.203699 valid-accuracy:0.768769 [total:0.45s iter:0.15s]
W0000 00:00:1777423148.807703   50955 training.cc:6283] [This message is only shown once] The effective split of examples does not match the expected split returned by the splitter algorithm. This problem can be caused by (1) large floating point values (e.g. value>=10e30) or (2) a bug in the software. You can turn this error in a warning with internal_error_on_wrong_splitter_statistics=false.

Details:
Num examples: 2667
Num positive examples (from split evaluation): 1891
Num positive examples (from split learning): 1872
Num negative examples (from split evaluation): 776

Condition: na_value: false
attribute: 0
condition {
  oblique_condition {
    attributes: 0
    attributes: 122
    attributes: 322
    attributes: 361
    attributes: 386
    attributes: 491
    attributes: 594
    attributes: 606
    attributes: 674
    attributes: 866
    weights: 1
    weights: -1
    weights: 1
    weights: -1
    weights: 1
    weights: -1
    weights: -1
    weights: -1
    weights: -1
    weights: 1
    threshold: -0.1381
    na_replacements: 0.0781218484
    na_replacements: 0.0255689472
    na_replacements: 0.0029333334
    na_replacements: 0.009
    na_replacements: 0.0137777785
    na_replacements: 0.00912752841
    na_replacements: 0.0459666662
    na_replacements: 0.0536369458
    na_replacements: 0.0194166675
    na_replacements: 0.0042
  }
}
num_training_examples_without_weight: 2667
num_training_examples_with_weight: 2667
split_score: 0.000722934201
num_pos_training_examples_without_weight: 1872
num_pos_training_examples_with_weight: 1872

Attribute spec: type: NUMERICAL
name: "D1"
is_manual_type: false
numerical {
  mean: 0.078121845391889419
  min_value: 0
  max_value: 1
  standard_deviation: 0.082395059356906275
}

I0000 00:00:1777423158.652937   50955 gradient_boosted_trees.cc:1632] Train tree 100/100 train-loss:0.230346 train-accuracy:0.994751 valid-loss:0.815747 valid-accuracy:0.834835 [total:13.48s iter:0.11s]
I0000 00:00:1777423158.652962   50955 gradient_boosted_trees.cc:279] Truncates the model to 76 tree(s) i.e. 76  iteration(s).
I0000 00:00:1777423158.653310   50955 gradient_boosted_trees.cc:341] Final model num-trees:76 valid-loss:0.807177 valid-accuracy:0.834835
