

Inferring DataSpec from CSV: /home/ubuntu/yggdrasil-oblique-forests/benchmarks/data/splits/SUSY_train_500k.csv


train_oblique_forest wall-time - Training + Post-Processing: 165.402s
Model saved to: /tmp/tmpk7yizen9/model
WARNING: All log messages before absl::InitializeLog() is called are written to STDERR
I0000 00:00:1777422640.132830   46604 csv_example_reader.cc:212] 0 row(s) processed
I0000 00:00:1777422640.139365   46604 csv_example_reader.cc:216] Stop scanning the csv file to infer the type. Some records were not considered.
I0000 00:00:1777422640.139382   46604 data_spec_inference.cc:457] 19 column(s) found
I0000 00:00:1777422640.139409   46604 csv_example_reader.cc:303] 0 row(s) processed
I0000 00:00:1777422641.560728   46604 data_spec_inference.cc:494] Finalizing [500000 row(s) found]
I0000 00:00:1777422641.560755   46604 train_oblique_forest.cc:315] Running with 8 threads, as requested.
I0000 00:00:1777422641.560763   46604 train_oblique_forest.cc:387] Configuring oblique splits
I0000 00:00:1777422641.560765   46604 train_oblique_forest.cc:435] Using exact splitting
I0000 00:00:1777422641.560818   46604 abstract_learner.cc:155] No input feature explicitly specified. Using all the available input features.
I0000 00:00:1777422641.560822   46604 abstract_learner.cc:172] The label "class" was removed from the input feature set.
I0000 00:00:1777422641.561311   46604 vertical_dataset_io.cc:82] 100 examples scanned.
I0000 00:00:1777422643.082092   46604 vertical_dataset_io.cc:88] 500000 examples read. Memory: usage:38MB allocated:38MB. 0 (0%) examples have been skipped.
I0000 00:00:1777422643.082171   46604 abstract_learner.cc:155] No input feature explicitly specified. Using all the available input features.
I0000 00:00:1777422643.082177   46604 abstract_learner.cc:172] The label "class" was removed from the input feature set.
I0000 00:00:1777422643.082186   46604 gradient_boosted_trees.cc:577] Default loss set to BINOMIAL_LOG_LIKELIHOOD
I0000 00:00:1777422643.082419   46604 gradient_boosted_trees.cc:1190] Training gradient boosted tree on 500000 example(s) and 18 feature(s).
I0000 00:00:1777422643.143830   46604 gradient_boosted_trees.cc:1230] 449607 examples used for training and 50393 examples used for validation
I0000 00:00:1777422643.144973   46604 gpu.cc:93] Cannot initialize GPU: Not compiled with GPU support
I0000 00:00:1777422644.855754   46604 gradient_boosted_trees.cc:1632] Train tree 1/100 train-loss:1.304181 train-accuracy:0.720785 valid-loss:1.304635 valid-accuracy:0.721628 [total:1.71s iter:1.71s]
I0000 00:00:1777422646.532584   46604 gradient_boosted_trees.cc:1632] Train tree 2/100 train-loss:1.243706 train-accuracy:0.770099 valid-loss:1.244406 valid-accuracy:0.770504 [total:3.39s iter:1.68s]
I0000 00:00:1777422648.181736   46604 gradient_boosted_trees.cc:1634] Train tree 3/100 train-loss:1.193526 train-accuracy:0.783355 valid-loss:1.194557 valid-accuracy:0.782331 [total:5.04s iter:1.65s]
W0000 00:00:1777422648.877229   46604 training.cc:6283] [This message is only shown once] The effective split of examples does not match the expected split returned by the splitter algorithm. This problem can be caused by (1) large floating point values (e.g. value>=10e30) or (2) a bug in the software. You can turn this error in a warning with internal_error_on_wrong_splitter_statistics=false.

Details:
Num examples: 16907
Num positive examples (from split evaluation): 7751
Num positive examples (from split learning): 7750
Num negative examples (from split evaluation): 9156

Condition: na_value: false
attribute: 1
condition {
  oblique_condition {
    attributes: 1
    attributes: 7
    attributes: 10
    weights: 1
    weights: 1
    weights: 1
    threshold: 1.69800067
    na_replacements: 1.00048816
    na_replacements: 1.00115883
    na_replacements: 0.00307102455
  }
}
num_training_examples_without_weight: 16907
num_training_examples_with_weight: 16907
split_score: 0.00561594125
num_pos_training_examples_without_weight: 7750
num_pos_training_examples_with_weight: 7750

Attribute spec: type: NUMERICAL
name: "feature1"
is_manual_type: false
numerical {
  mean: 1.0004881708805562
  min_value: 0.255506605
  max_value: 16.6323719
  standard_deviation: 0.68372581520159093
}

I0000 00:00:1777422669.683281   46604 gradient_boosted_trees.cc:1634] Train tree 16/100 train-loss:0.926765 train-accuracy:0.800550 valid-loss:0.932247 valid-accuracy:0.796499 [total:26.54s iter:1.63s]
I0000 00:00:1777422689.739334   46604 gradient_boosted_trees.cc:1634] Train tree 28/100 train-loss:0.874990 train-accuracy:0.803408 valid-loss:0.883393 valid-accuracy:0.798821 [total:46.59s iter:1.70s]
I0000 00:00:1777422709.847254   46604 gradient_boosted_trees.cc:1634] Train tree 40/100 train-loss:0.858025 train-accuracy:0.804765 valid-loss:0.868946 valid-accuracy:0.800389 [total:1m6.70s iter:1.64s]
I0000 00:00:1777422731.045060   46604 gradient_boosted_trees.cc:1634] Train tree 53/100 train-loss:0.849874 train-accuracy:0.805597 valid-loss:0.862959 valid-accuracy:0.800746 [total:1m27.90s iter:1.65s]
I0000 00:00:1777422752.095283   46604 gradient_boosted_trees.cc:1634] Train tree 66/100 train-loss:0.845327 train-accuracy:0.806680 valid-loss:0.860129 valid-accuracy:0.801341 [total:1m48.95s iter:1.63s]
I0000 00:00:1777422773.010563   46604 gradient_boosted_trees.cc:1634] Train tree 79/100 train-loss:0.842055 train-accuracy:0.807218 valid-loss:0.858284 valid-accuracy:0.801282 [total:2m9.87s iter:1.61s]
I0000 00:00:1777422793.981822   46604 gradient_boosted_trees.cc:1634] Train tree 92/100 train-loss:0.839516 train-accuracy:0.807841 valid-loss:0.857442 valid-accuracy:0.801361 [total:2m30.84s iter:1.60s]
I0000 00:00:1777422806.956864   46604 gradient_boosted_trees.cc:1632] Train tree 100/100 train-loss:0.838020 train-accuracy:0.808208 valid-loss:0.856866 valid-accuracy:0.801917 [total:2m43.81s iter:1.63s]
I0000 00:00:1777422806.956882   46604 gradient_boosted_trees.cc:279] Truncates the model to 100 tree(s) i.e. 100  iteration(s).
I0000 00:00:1777422806.956889   46604 gradient_boosted_trees.cc:341] Final model num-trees:100 valid-loss:0.856866 valid-accuracy:0.801917
