

Inferring DataSpec from CSV: /home/ubuntu/yggdrasil-oblique-forests/benchmarks/data/splits/SUSY_train_500k.csv


train_oblique_forest wall-time - Training + Post-Processing: 118.992s
Model saved to: /tmp/tmpr48pm9_v/model
WARNING: All log messages before absl::InitializeLog() is called are written to STDERR
I0000 00:00:1777422491.118177   45715 csv_example_reader.cc:212] 0 row(s) processed
I0000 00:00:1777422491.124717   45715 csv_example_reader.cc:216] Stop scanning the csv file to infer the type. Some records were not considered.
I0000 00:00:1777422491.124735   45715 data_spec_inference.cc:457] 19 column(s) found
I0000 00:00:1777422491.124750   45715 csv_example_reader.cc:303] 0 row(s) processed
I0000 00:00:1777422492.543652   45715 data_spec_inference.cc:494] Finalizing [500000 row(s) found]
I0000 00:00:1777422492.543685   45715 train_oblique_forest.cc:315] Running with 8 threads, as requested.
I0000 00:00:1777422492.543694   45715 train_oblique_forest.cc:387] Configuring oblique splits
I0000 00:00:1777422492.543697   45715 train_oblique_forest.cc:435] Using exact splitting
I0000 00:00:1777422492.543755   45715 abstract_learner.cc:155] No input feature explicitly specified. Using all the available input features.
I0000 00:00:1777422492.543758   45715 abstract_learner.cc:172] The label "class" was removed from the input feature set.
I0000 00:00:1777422492.544261   45715 vertical_dataset_io.cc:82] 100 examples scanned.
I0000 00:00:1777422494.076674   45715 vertical_dataset_io.cc:88] 500000 examples read. Memory: usage:38MB allocated:38MB. 0 (0%) examples have been skipped.
I0000 00:00:1777422494.076756   45715 abstract_learner.cc:155] No input feature explicitly specified. Using all the available input features.
I0000 00:00:1777422494.076761   45715 abstract_learner.cc:172] The label "class" was removed from the input feature set.
I0000 00:00:1777422494.076770   45715 gradient_boosted_trees.cc:577] Default loss set to BINOMIAL_LOG_LIKELIHOOD
I0000 00:00:1777422494.076985   45715 gradient_boosted_trees.cc:1190] Training gradient boosted tree on 500000 example(s) and 18 feature(s).
I0000 00:00:1777422494.139329   45715 gradient_boosted_trees.cc:1230] 449607 examples used for training and 50393 examples used for validation
I0000 00:00:1777422494.140545   45715 gpu.cc:93] Cannot initialize GPU: Not compiled with GPU support
I0000 00:00:1777422495.497507   45715 gradient_boosted_trees.cc:1632] Train tree 1/100 train-loss:1.309415 train-accuracy:0.708639 valid-loss:1.309617 valid-accuracy:0.709186 [total:1.36s iter:1.36s]
I0000 00:00:1777422496.807056   45715 gradient_boosted_trees.cc:1632] Train tree 2/100 train-loss:1.250718 train-accuracy:0.767001 valid-loss:1.251249 valid-accuracy:0.766555 [total:2.67s iter:1.31s]
I0000 00:00:1777422498.150486   45715 gradient_boosted_trees.cc:1634] Train tree 3/100 train-loss:1.201706 train-accuracy:0.776967 valid-loss:1.202452 valid-accuracy:0.776338 [total:4.01s iter:1.34s]
W0000 00:00:1777422503.652828   45715 training.cc:6283] [This message is only shown once] The effective split of examples does not match the expected split returned by the splitter algorithm. This problem can be caused by (1) large floating point values (e.g. value>=10e30) or (2) a bug in the software. You can turn this error in a warning with internal_error_on_wrong_splitter_statistics=false.

Details:
Num examples: 449607
Num positive examples (from split evaluation): 270690
Num positive examples (from split learning): 270689
Num negative examples (from split evaluation): 178917

Condition: na_value: false
attribute: 1
condition {
  oblique_condition {
    attributes: 1
    attributes: 7
    attributes: 17
    weights: -1
    weights: -1
    weights: 1
    threshold: -0.910438299
    na_replacements: 1.00048816
    na_replacements: 1.00115883
    na_replacements: 0.999071598
  }
}
num_training_examples_without_weight: 449607
num_training_examples_with_weight: 449607
split_score: 0.0173817351
num_pos_training_examples_without_weight: 270689
num_pos_training_examples_with_weight: 270689

Attribute spec: type: NUMERICAL
name: "feature1"
is_manual_type: false
numerical {
  mean: 1.0004881708805562
  min_value: 0.255506605
  max_value: 16.6323719
  standard_deviation: 0.68372581520159093
}

I0000 00:00:1777422518.735116   45715 gradient_boosted_trees.cc:1634] Train tree 21/100 train-loss:0.910784 train-accuracy:0.799787 valid-loss:0.916456 valid-accuracy:0.795984 [total:24.59s iter:1.01s]
I0000 00:00:1777422539.464053   45715 gradient_boosted_trees.cc:1634] Train tree 41/100 train-loss:0.866649 train-accuracy:0.803121 valid-loss:0.875076 valid-accuracy:0.799417 [total:45.32s iter:1.01s]
I0000 00:00:1777422560.167827   45715 gradient_boosted_trees.cc:1634] Train tree 60/100 train-loss:0.855403 train-accuracy:0.804391 valid-loss:0.865342 valid-accuracy:0.800131 [total:1m6.03s iter:1.30s]
I0000 00:00:1777422580.754313   45715 gradient_boosted_trees.cc:1634] Train tree 76/100 train-loss:0.850852 train-accuracy:0.805128 valid-loss:0.861861 valid-accuracy:0.800270 [total:1m26.61s iter:1.32s]
I0000 00:00:1777422601.293637   45715 gradient_boosted_trees.cc:1634] Train tree 92/100 train-loss:0.847859 train-accuracy:0.805670 valid-loss:0.859836 valid-accuracy:0.800349 [total:1m47.15s iter:1.29s]
I0000 00:00:1777422611.531104   45715 gradient_boosted_trees.cc:1632] Train tree 100/100 train-loss:0.846730 train-accuracy:0.805835 valid-loss:0.859391 valid-accuracy:0.800627 [total:1m57.39s iter:1.28s]
I0000 00:00:1777422611.531121   45715 gradient_boosted_trees.cc:279] Truncates the model to 100 tree(s) i.e. 100  iteration(s).
I0000 00:00:1777422611.531129   45715 gradient_boosted_trees.cc:341] Final model num-trees:100 valid-loss:0.859391 valid-accuracy:0.800627
