

Inferring DataSpec from CSV: /home/ubuntu/yggdrasil-oblique-forests/benchmarks/data/splits/SUSY_train_500k.csv


train_oblique_forest wall-time - Training + Post-Processing: 65.0172s
Model saved to: /tmp/tmpl9tpsxfj/model
WARNING: All log messages before absl::InitializeLog() is called are written to STDERR
I0000 00:00:1777422283.379805   43981 csv_example_reader.cc:212] 0 row(s) processed
I0000 00:00:1777422283.386329   43981 csv_example_reader.cc:216] Stop scanning the csv file to infer the type. Some records were not considered.
I0000 00:00:1777422283.386347   43981 data_spec_inference.cc:457] 19 column(s) found
I0000 00:00:1777422283.386361   43981 csv_example_reader.cc:303] 0 row(s) processed
I0000 00:00:1777422284.809680   43981 data_spec_inference.cc:494] Finalizing [500000 row(s) found]
I0000 00:00:1777422284.809708   43981 train_oblique_forest.cc:315] Running with 8 threads, as requested.
I0000 00:00:1777422284.809717   43981 train_oblique_forest.cc:387] Configuring oblique splits
I0000 00:00:1777422284.809720   43981 train_oblique_forest.cc:435] Using exact splitting
I0000 00:00:1777422284.809773   43981 abstract_learner.cc:155] No input feature explicitly specified. Using all the available input features.
I0000 00:00:1777422284.809776   43981 abstract_learner.cc:172] The label "class" was removed from the input feature set.
I0000 00:00:1777422284.810267   43981 vertical_dataset_io.cc:82] 100 examples scanned.
I0000 00:00:1777422286.334212   43981 vertical_dataset_io.cc:88] 500000 examples read. Memory: usage:38MB allocated:38MB. 0 (0%) examples have been skipped.
I0000 00:00:1777422286.334288   43981 abstract_learner.cc:155] No input feature explicitly specified. Using all the available input features.
I0000 00:00:1777422286.334293   43981 abstract_learner.cc:172] The label "class" was removed from the input feature set.
I0000 00:00:1777422286.334300   43981 gradient_boosted_trees.cc:577] Default loss set to BINOMIAL_LOG_LIKELIHOOD
I0000 00:00:1777422286.334532   43981 gradient_boosted_trees.cc:1190] Training gradient boosted tree on 500000 example(s) and 18 feature(s).
I0000 00:00:1777422286.395078   43981 gradient_boosted_trees.cc:1230] 449607 examples used for training and 50393 examples used for validation
I0000 00:00:1777422286.396190   43981 gpu.cc:93] Cannot initialize GPU: Not compiled with GPU support
W0000 00:00:1777422287.050316   43981 training.cc:6283] [This message is only shown once] The effective split of examples does not match the expected split returned by the splitter algorithm. This problem can be caused by (1) large floating point values (e.g. value>=10e30) or (2) a bug in the software. You can turn this error in a warning with internal_error_on_wrong_splitter_statistics=false.

Details:
Num examples: 324887
Num positive examples (from split evaluation): 90786
Num positive examples (from split learning): 90785
Num negative examples (from split evaluation): 234101

Condition: na_value: false
attribute: 1
condition {
  oblique_condition {
    attributes: 1
    attributes: 7
    attributes: 12
    attributes: 18
    weights: 1
    weights: 1
    weights: -1
    weights: 1
    threshold: 0.994079411
    na_replacements: 1.00048816
    na_replacements: 1.00115883
    na_replacements: 0.999875844
    na_replacements: 0.22527355
  }
}
num_training_examples_without_weight: 324887
num_training_examples_with_weight: 324887
split_score: 0.0235529467
num_pos_training_examples_without_weight: 90785
num_pos_training_examples_with_weight: 90785

Attribute spec: type: NUMERICAL
name: "feature1"
is_manual_type: false
numerical {
  mean: 1.0004881708805562
  min_value: 0.255506605
  max_value: 16.6323719
  standard_deviation: 0.68372581520159093
}

I0000 00:00:1777422287.071319   43981 gradient_boosted_trees.cc:1632] Train tree 1/100 train-loss:1.316650 train-accuracy:0.716294 valid-loss:1.317198 valid-accuracy:0.716290 [total:0.68s iter:0.68s]
I0000 00:00:1777422287.729177   43981 gradient_boosted_trees.cc:1632] Train tree 2/100 train-loss:1.265297 train-accuracy:0.745431 valid-loss:1.265918 valid-accuracy:0.746235 [total:1.33s iter:0.66s]
I0000 00:00:1777422288.380551   43981 gradient_boosted_trees.cc:1634] Train tree 3/100 train-loss:1.225457 train-accuracy:0.749259 valid-loss:1.226074 valid-accuracy:0.750263 [total:1.98s iter:0.65s]
I0000 00:00:1777422308.788718   43981 gradient_boosted_trees.cc:1634] Train tree 35/100 train-loss:0.911324 train-accuracy:0.793951 valid-loss:0.916237 valid-accuracy:0.791201 [total:22.39s iter:0.63s]
I0000 00:00:1777422328.926770   43981 gradient_boosted_trees.cc:1634] Train tree 67/100 train-loss:0.877484 train-accuracy:0.799747 valid-loss:0.883642 valid-accuracy:0.796619 [total:42.53s iter:0.64s]
I0000 00:00:1777422349.188699   43981 gradient_boosted_trees.cc:1634] Train tree 99/100 train-loss:0.866419 train-accuracy:0.801840 valid-loss:0.873373 valid-accuracy:0.798484 [total:1m2.79s iter:0.63s]
I0000 00:00:1777422349.822813   43981 gradient_boosted_trees.cc:1632] Train tree 100/100 train-loss:0.866100 train-accuracy:0.801854 valid-loss:0.872975 valid-accuracy:0.798484 [total:1m3.43s iter:0.63s]
I0000 00:00:1777422349.822832   43981 gradient_boosted_trees.cc:279] Truncates the model to 100 tree(s) i.e. 100  iteration(s).
I0000 00:00:1777422349.822840   43981 gradient_boosted_trees.cc:341] Final model num-trees:100 valid-loss:0.872975 valid-accuracy:0.798484
