

Inferring DataSpec from CSV: /home/ubuntu/yggdrasil-oblique-forests/benchmarks/data/openml/bioresponse_train.csv


train_oblique_forest wall-time - Training + Post-Processing: 1.94342s
Model saved to: /tmp/tmpuv2ydfdy/model
WARNING: All log messages before absl::InitializeLog() is called are written to STDERR
I0000 00:00:1777410606.244810   20799 csv_example_reader.cc:212] 0 row(s) processed
I0000 00:00:1777410606.477710   20799 csv_example_reader.cc:216] Stop scanning the csv file to infer the type. Some records were not considered.
I0000 00:00:1777410606.477901   20799 data_spec_inference.cc:457] 1777 column(s) found
I0000 00:00:1777410606.480180   20799 csv_example_reader.cc:303] 0 row(s) processed
I0000 00:00:1777410606.681034   20799 data_spec_inference.cc:494] Finalizing [3000 row(s) found]
I0000 00:00:1777410606.681076   20799 train_oblique_forest.cc:315] Running with 8 threads, as requested.
I0000 00:00:1777410606.681085   20799 train_oblique_forest.cc:387] Configuring oblique splits
I0000 00:00:1777410606.681087   20799 train_oblique_forest.cc:435] Using exact splitting
I0000 00:00:1777410606.681291   20799 abstract_learner.cc:155] No input feature explicitly specified. Using all the available input features.
I0000 00:00:1777410606.681296   20799 abstract_learner.cc:172] The label "class" was removed from the input feature set.
I0000 00:00:1777410606.692784   20799 vertical_dataset_io.cc:82] 100 examples scanned.
I0000 00:00:1777410606.934704   20799 vertical_dataset_io.cc:88] 3000 examples read. Memory: usage:13MB allocated:13MB. 0 (0%) examples have been skipped.
I0000 00:00:1777410606.935033   20799 abstract_learner.cc:155] No input feature explicitly specified. Using all the available input features.
I0000 00:00:1777410606.935075   20799 abstract_learner.cc:172] The label "class" was removed from the input feature set.
I0000 00:00:1777410606.935149   20799 gradient_boosted_trees.cc:577] Default loss set to BINOMIAL_LOG_LIKELIHOOD
I0000 00:00:1777410606.935357   20799 gradient_boosted_trees.cc:1190] Training gradient boosted tree on 3000 example(s) and 1776 feature(s).
I0000 00:00:1777410606.961464   20799 gradient_boosted_trees.cc:1230] 2667 examples used for training and 333 examples used for validation
I0000 00:00:1777410606.961836   20799 gpu.cc:93] Cannot initialize GPU: Not compiled with GPU support
I0000 00:00:1777410606.979474   20799 gradient_boosted_trees.cc:1632] Train tree 1/100 train-loss:1.324909 train-accuracy:0.545182 valid-loss:1.314847 valid-accuracy:0.555556 [total:0.02s iter:0.02s]
I0000 00:00:1777410606.995751   20799 gradient_boosted_trees.cc:1632] Train tree 2/100 train-loss:1.283655 train-accuracy:0.725534 valid-loss:1.269782 valid-accuracy:0.747748 [total:0.03s iter:0.02s]
I0000 00:00:1777410607.012422   20799 gradient_boosted_trees.cc:1634] Train tree 3/100 train-loss:1.248418 train-accuracy:0.748781 valid-loss:1.230195 valid-accuracy:0.783784 [total:0.05s iter:0.02s]
W0000 00:00:1777410608.575261   20799 training.cc:6283] [This message is only shown once] The effective split of examples does not match the expected split returned by the splitter algorithm. This problem can be caused by (1) large floating point values (e.g. value>=10e30) or (2) a bug in the software. You can turn this error in a warning with internal_error_on_wrong_splitter_statistics=false.

Details:
Num examples: 2667
Num positive examples (from split evaluation): 109
Num positive examples (from split learning): 110
Num negative examples (from split evaluation): 2558

Condition: na_value: false
attribute: 48
condition {
  oblique_condition {
    attributes: 48
    attributes: 126
    attributes: 648
    attributes: 755
    weights: 1
    weights: -1
    weights: 1
    weights: -1
    threshold: 0.192066684
    na_replacements: 0.0605675168
    na_replacements: 0.107555561
    na_replacements: 0.0140262228
    na_replacements: 0.00640979502
  }
}
num_training_examples_without_weight: 2667
num_training_examples_with_weight: 2667
split_score: 0.000585049274
num_pos_training_examples_without_weight: 110
num_pos_training_examples_with_weight: 110

Attribute spec: type: NUMERICAL
name: "D49"
is_manual_type: false
numerical {
  mean: 0.060567518266839517
  min_value: 0
  max_value: 0.775406659
  standard_deviation: 0.072127128161378937
}

I0000 00:00:1777410608.618924   20799 gradient_boosted_trees.cc:1632] Train tree 100/100 train-loss:0.815488 train-accuracy:0.830521 valid-loss:0.883510 valid-accuracy:0.828829 [total:1.66s iter:0.02s]
I0000 00:00:1777410608.618946   20799 gradient_boosted_trees.cc:279] Truncates the model to 100 tree(s) i.e. 100  iteration(s).
I0000 00:00:1777410608.618952   20799 gradient_boosted_trees.cc:341] Final model num-trees:100 valid-loss:0.883510 valid-accuracy:0.828829
