

Inferring DataSpec from CSV: /home/ubuntu/yggdrasil-oblique-forests/benchmarks/data/openml/bioresponse_train.csv


train_oblique_forest wall-time - Training + Post-Processing: 26.893s
Model saved to: /tmp/tmpd3xm0jdz/model
WARNING: All log messages before absl::InitializeLog() is called are written to STDERR
I0000 00:00:1777410633.862926   24042 csv_example_reader.cc:212] 0 row(s) processed
I0000 00:00:1777410634.094514   24042 csv_example_reader.cc:216] Stop scanning the csv file to infer the type. Some records were not considered.
I0000 00:00:1777410634.094735   24042 data_spec_inference.cc:457] 1777 column(s) found
I0000 00:00:1777410634.096905   24042 csv_example_reader.cc:303] 0 row(s) processed
I0000 00:00:1777410634.297819   24042 data_spec_inference.cc:494] Finalizing [3000 row(s) found]
I0000 00:00:1777410634.297861   24042 train_oblique_forest.cc:315] Running with 8 threads, as requested.
I0000 00:00:1777410634.297869   24042 train_oblique_forest.cc:387] Configuring oblique splits
I0000 00:00:1777410634.297872   24042 train_oblique_forest.cc:435] Using exact splitting
I0000 00:00:1777410634.298025   24042 abstract_learner.cc:155] No input feature explicitly specified. Using all the available input features.
I0000 00:00:1777410634.298030   24042 abstract_learner.cc:172] The label "class" was removed from the input feature set.
I0000 00:00:1777410634.309416   24042 vertical_dataset_io.cc:82] 100 examples scanned.
I0000 00:00:1777410634.551183   24042 vertical_dataset_io.cc:88] 3000 examples read. Memory: usage:13MB allocated:13MB. 0 (0%) examples have been skipped.
I0000 00:00:1777410634.551529   24042 abstract_learner.cc:155] No input feature explicitly specified. Using all the available input features.
I0000 00:00:1777410634.551571   24042 abstract_learner.cc:172] The label "class" was removed from the input feature set.
I0000 00:00:1777410634.551670   24042 gradient_boosted_trees.cc:577] Default loss set to BINOMIAL_LOG_LIKELIHOOD
I0000 00:00:1777410634.551879   24042 gradient_boosted_trees.cc:1190] Training gradient boosted tree on 3000 example(s) and 1776 feature(s).
I0000 00:00:1777410634.578619   24042 gradient_boosted_trees.cc:1230] 2667 examples used for training and 333 examples used for validation
I0000 00:00:1777410634.578993   24042 gpu.cc:93] Cannot initialize GPU: Not compiled with GPU support
I0000 00:00:1777410634.942152   24042 gradient_boosted_trees.cc:1632] Train tree 1/100 train-loss:1.279027 train-accuracy:0.749531 valid-loss:1.296483 valid-accuracy:0.687688 [total:0.36s iter:0.36s]
I0000 00:00:1777410635.238260   24042 gradient_boosted_trees.cc:1632] Train tree 2/100 train-loss:1.199916 train-accuracy:0.843270 valid-loss:1.229050 valid-accuracy:0.783784 [total:0.66s iter:0.30s]
I0000 00:00:1777410635.581882   24042 gradient_boosted_trees.cc:1634] Train tree 3/100 train-loss:1.127646 train-accuracy:0.866517 valid-loss:1.170865 valid-accuracy:0.807808 [total:1.00s iter:0.34s]
W0000 00:00:1777410642.127125   24042 training.cc:6283] [This message is only shown once] The effective split of examples does not match the expected split returned by the splitter algorithm. This problem can be caused by (1) large floating point values (e.g. value>=10e30) or (2) a bug in the software. You can turn this error in a warning with internal_error_on_wrong_splitter_statistics=false.

Details:
Num examples: 755
Num positive examples (from split evaluation): 23
Num positive examples (from split learning): 22
Num negative examples (from split evaluation): 732

Condition: na_value: false
attribute: 368
condition {
  oblique_condition {
    attributes: 368
    attributes: 648
    attributes: 686
    attributes: 746
    weights: -1
    weights: -1
    weights: -1
    weights: 1
    threshold: 0.166666657
    na_replacements: 0.00255555566
    na_replacements: 0.0140262228
    na_replacements: 0.0194416884
    na_replacements: 0.0571666658
  }
}
num_training_examples_without_weight: 755
num_training_examples_with_weight: 755
split_score: 0.00119075505
num_pos_training_examples_without_weight: 22
num_pos_training_examples_with_weight: 22

Attribute spec: type: NUMERICAL
name: "D369"
is_manual_type: false
numerical {
  mean: 0.0025555556217829387
  min_value: 0
  max_value: 1
  standard_deviation: 0.039825391672633832
}

I0000 00:00:1777410655.876038   24042 gradient_boosted_trees.cc:1634] Train tree 71/100 train-loss:0.156935 train-accuracy:0.999250 valid-loss:0.797075 valid-accuracy:0.822823 [total:21.30s iter:0.35s]
I0000 00:00:1777410661.110942   24042 early_stopping.cc:54] Early stop of the training because the validation loss does not decrease anymore. Best valid-loss: 0.785965
I0000 00:00:1777410661.110992   24042 gradient_boosted_trees.cc:279] Truncates the model to 61 tree(s) i.e. 61  iteration(s).
I0000 00:00:1777410661.111977   24042 gradient_boosted_trees.cc:341] Final model num-trees:61 valid-loss:0.785965 valid-accuracy:0.819820
