

Inferring DataSpec from CSV: /home/ubuntu/yggdrasil-oblique-forests/benchmarks/data/openml/bioresponse_train.csv


train_oblique_forest wall-time - Training + Post-Processing: 3.67752s
Model saved to: /tmp/tmp1oh2cwl7/model
WARNING: All log messages before absl::InitializeLog() is called are written to STDERR
I0000 00:00:1777410608.946484   21609 csv_example_reader.cc:212] 0 row(s) processed
I0000 00:00:1777410609.177607   21609 csv_example_reader.cc:216] Stop scanning the csv file to infer the type. Some records were not considered.
I0000 00:00:1777410609.177806   21609 data_spec_inference.cc:457] 1777 column(s) found
I0000 00:00:1777410609.180064   21609 csv_example_reader.cc:303] 0 row(s) processed
I0000 00:00:1777410609.381861   21609 data_spec_inference.cc:494] Finalizing [3000 row(s) found]
I0000 00:00:1777410609.381902   21609 train_oblique_forest.cc:315] Running with 8 threads, as requested.
I0000 00:00:1777410609.381910   21609 train_oblique_forest.cc:387] Configuring oblique splits
I0000 00:00:1777410609.381913   21609 train_oblique_forest.cc:435] Using exact splitting
I0000 00:00:1777410609.382066   21609 abstract_learner.cc:155] No input feature explicitly specified. Using all the available input features.
I0000 00:00:1777410609.382071   21609 abstract_learner.cc:172] The label "class" was removed from the input feature set.
I0000 00:00:1777410609.393562   21609 vertical_dataset_io.cc:82] 100 examples scanned.
I0000 00:00:1777410609.636123   21609 vertical_dataset_io.cc:88] 3000 examples read. Memory: usage:13MB allocated:13MB. 0 (0%) examples have been skipped.
I0000 00:00:1777410609.636462   21609 abstract_learner.cc:155] No input feature explicitly specified. Using all the available input features.
I0000 00:00:1777410609.636498   21609 abstract_learner.cc:172] The label "class" was removed from the input feature set.
I0000 00:00:1777410609.636569   21609 gradient_boosted_trees.cc:577] Default loss set to BINOMIAL_LOG_LIKELIHOOD
I0000 00:00:1777410609.636778   21609 gradient_boosted_trees.cc:1190] Training gradient boosted tree on 3000 example(s) and 1776 feature(s).
I0000 00:00:1777410609.662804   21609 gradient_boosted_trees.cc:1230] 2667 examples used for training and 333 examples used for validation
I0000 00:00:1777410609.663155   21609 gpu.cc:93] Cannot initialize GPU: Not compiled with GPU support
I0000 00:00:1777410609.697166   21609 gradient_boosted_trees.cc:1632] Train tree 1/100 train-loss:1.316271 train-accuracy:0.545182 valid-loss:1.307206 valid-accuracy:0.555556 [total:0.03s iter:0.03s]
I0000 00:00:1777410609.731063   21609 gradient_boosted_trees.cc:1632] Train tree 2/100 train-loss:1.268015 train-accuracy:0.764154 valid-loss:1.258764 valid-accuracy:0.786787 [total:0.07s iter:0.03s]
I0000 00:00:1777410609.763892   21609 gradient_boosted_trees.cc:1634] Train tree 3/100 train-loss:1.225384 train-accuracy:0.771654 valid-loss:1.212621 valid-accuracy:0.807808 [total:0.10s iter:0.03s]
W0000 00:00:1777410611.069171   21609 training.cc:6283] [This message is only shown once] The effective split of examples does not match the expected split returned by the splitter algorithm. This problem can be caused by (1) large floating point values (e.g. value>=10e30) or (2) a bug in the software. You can turn this error in a warning with internal_error_on_wrong_splitter_statistics=false.

Details:
Num examples: 2551
Num positive examples (from split evaluation): 106
Num positive examples (from split learning): 107
Num negative examples (from split evaluation): 2445

Condition: na_value: false
attribute: 48
condition {
  oblique_condition {
    attributes: 48
    attributes: 126
    attributes: 648
    attributes: 755
    weights: 1
    weights: -1
    weights: 1
    weights: -1
    threshold: 0.192066684
    na_replacements: 0.0605675168
    na_replacements: 0.107555561
    na_replacements: 0.0140262228
    na_replacements: 0.00640979502
  }
}
num_training_examples_without_weight: 2551
num_training_examples_with_weight: 2551
split_score: 0.000807818724
num_pos_training_examples_without_weight: 107
num_pos_training_examples_with_weight: 107

Attribute spec: type: NUMERICAL
name: "D49"
is_manual_type: false
numerical {
  mean: 0.060567518266839517
  min_value: 0
  max_value: 0.775406659
  standard_deviation: 0.072127128161378937
}

I0000 00:00:1777410613.048168   21609 gradient_boosted_trees.cc:1632] Train tree 100/100 train-loss:0.635711 train-accuracy:0.887889 valid-loss:0.842327 valid-accuracy:0.822823 [total:3.39s iter:0.03s]
I0000 00:00:1777410613.048193   21609 gradient_boosted_trees.cc:279] Truncates the model to 100 tree(s) i.e. 100  iteration(s).
I0000 00:00:1777410613.048199   21609 gradient_boosted_trees.cc:341] Final model num-trees:100 valid-loss:0.842327 valid-accuracy:0.822823
