

======== NORMAL EXPERIMENTS (no explicit vector ISA) histogram_num_bins=256 ========



======== OBLIQUE EXPERIMENTS histogram_num_bins=256 ========



======== Running Dynamic Random Histogram [Oblique] with 256 bins threshold=1350 ========

./bazel-bin/examples/train_oblique_forest --input_mode csv --train_csv "benchmarks/data/HIGGS_with_header.csv" --label_col "class" --feature_split_type "Oblique" --numerical_split_type "Dynamic Random Histogram" --num_trees=240 --num_threads=-1 --compute_oob_performances=false --histogram_num_bins=256 --dynamic_split_threshold=1350


Inferring DataSpec from CSV: benchmarks/data/HIGGS_with_header.csv


WARNING: All log messages before absl::InitializeLog() is called are written to STDERR
I0000 00:00:1770417513.972285   36840 csv_example_reader.cc:212] 0 row(s) processed
I0000 00:00:1770417513.982412   36840 csv_example_reader.cc:216] Stop scanning the csv file to infer the type. Some records were not considered.
I0000 00:00:1770417513.982428   36840 data_spec_inference.cc:457] 29 column(s) found
I0000 00:00:1770417513.982442   36840 csv_example_reader.cc:303] 0 row(s) processed
I0000 00:00:1770417543.982425   36840 csv_example_reader.cc:303] 8222758 row(s) processed
I0000 00:00:1770417554.057564   36840 data_spec_inference.cc:494] Finalizing [11000000 row(s) found]
I0000 00:00:1770417554.057666   36840 abstract_learner.cc:155] No input feature explicitly specified. Using all the available input features.
I0000 00:00:1770417554.057668   36840 abstract_learner.cc:172] The label "class" was removed from the input feature set.
I0000 00:00:1770417554.058215   36840 vertical_dataset_io.cc:82] 100 examples scanned.
I0000 00:00:1770417584.058316   36840 vertical_dataset_io.cc:82] 7548000 examples scanned.
I0000 00:00:1770417598.447065   36840 vertical_dataset_io.cc:88] 11000000 examples read. Memory: usage:1276MB allocated:1276MB. 0 (0%) examples have been skipped.
I0000 00:00:1770417598.447136   36840 abstract_learner.cc:155] No input feature explicitly specified. Using all the available input features.
I0000 00:00:1770417598.447141   36840 abstract_learner.cc:172] The label "class" was removed from the input feature set.
I0000 00:00:1770417598.447161   36840 random_forest.cc:465] Training random forest on 11000000 example(s) and 28 feature(s).
I0000 00:00:1770417598.447171   36840 gpu.cc:93] Cannot initialize GPU: Not compiled with GPU support
I0000 00:00:1770417598.447410   36840 random_forest.cc:659] num_threads being used: 48
I0000 00:00:1770417683.877735   37163 random_forest.cc:981] Train tree 1/240 [index:4 total:1m25.43s tree:1m25.43s]
I0000 00:00:1770417758.247580   37182 random_forest.cc:981] Train tree 49/240 [index:94 total:2m39.80s tree:1m9.20s]
I0000 00:00:1770417779.472734   37164 random_forest.cc:981] Train tree 95/240 [index:95 total:3m1.03s tree:1m29.32s]
I0000 00:00:1770417846.205863   37182 random_forest.cc:981] Train tree 97/240 [index:96 total:4m7.76s tree:1m27.96s]
I0000 00:00:1770417866.394823   37167 random_forest.cc:981] Train tree 138/240 [index:127 total:4m27.95s tree:1m30.07s]
I0000 00:00:1770417932.753109   37182 random_forest.cc:981] Train tree 145/240 [index:144 total:5m34.31s tree:1m26.55s]
I0000 00:00:1770417952.847028   37209 random_forest.cc:981] Train tree 164/240 [index:159 total:5m54.40s tree:1m29.54s]
I0000 00:00:1770418021.173493   37182 random_forest.cc:981] Train tree 193/240 [index:192 total:7m2.73s tree:1m28.42s]
I0000 00:00:1770418041.496980   37192 random_forest.cc:981] Train tree 210/240 [index:209 total:7m23.05s tree:1m28.87s]
I0000 00:00:1770418047.925424   36840 random_forest.cc:990] random_forest.cc Training block took: 449.478 s
I0000 00:00:1770418047.925471   36840 random_forest.cc:1062] After Random Forest Training block. RETURNING EARLY TO SPEED UP XPS!!
-1 (automatic) threads requested. 48 threads set.
Configuring oblique splits
Using Dynamic Random Histogram with 256 samples
./bazel-bin/examples/train_oblique_forest --input_mode csv --train_csv "benchmarks/data/SUSY_with_header.csv" --label_col "class" --feature_split_type "Oblique" --numerical_split_type "Dynamic Random Histogram" --num_trees=240 --num_threads=-1 --compute_oob_performances=false --histogram_num_bins=256 --dynamic_split_threshold=1350


Inferring DataSpec from CSV: benchmarks/data/SUSY_with_header.csv


WARNING: All log messages before absl::InitializeLog() is called are written to STDERR
I0000 00:00:1770418055.787785   38943 csv_example_reader.cc:212] 0 row(s) processed
I0000 00:00:1770418055.793834   38943 csv_example_reader.cc:216] Stop scanning the csv file to infer the type. Some records were not considered.
I0000 00:00:1770418055.793850   38943 data_spec_inference.cc:457] 19 column(s) found
I0000 00:00:1770418055.793861   38943 csv_example_reader.cc:303] 0 row(s) processed
I0000 00:00:1770418073.020834   38943 data_spec_inference.cc:494] Finalizing [5000000 row(s) found]
I0000 00:00:1770418073.020971   38943 abstract_learner.cc:155] No input feature explicitly specified. Using all the available input features.
I0000 00:00:1770418073.020973   38943 abstract_learner.cc:172] The label "class" was removed from the input feature set.
I0000 00:00:1770418073.021391   38943 vertical_dataset_io.cc:82] 100 examples scanned.
I0000 00:00:1770418086.178721   38943 vertical_dataset_io.cc:88] 5000000 examples read. Memory: usage:380MB allocated:380MB. 0 (0%) examples have been skipped.
I0000 00:00:1770418086.178796   38943 abstract_learner.cc:155] No input feature explicitly specified. Using all the available input features.
I0000 00:00:1770418086.178801   38943 abstract_learner.cc:172] The label "class" was removed from the input feature set.
I0000 00:00:1770418086.178820   38943 random_forest.cc:465] Training random forest on 5000000 example(s) and 18 feature(s).
I0000 00:00:1770418086.178831   38943 gpu.cc:93] Cannot initialize GPU: Not compiled with GPU support
I0000 00:00:1770418086.179073   38943 random_forest.cc:659] num_threads being used: 48
I0000 00:00:1770418116.366337   39078 random_forest.cc:981] Train tree 1/240 [index:21 total:30.19s tree:30.19s]
I0000 00:00:1770418147.969117   39078 random_forest.cc:981] Train tree 49/240 [index:48 total:1m1.79s tree:31.60s]
I0000 00:00:1770418179.598452   39101 random_forest.cc:981] Train tree 98/240 [index:97 total:1m33.42s tree:31.59s]
I0000 00:00:1770418210.811626   39099 random_forest.cc:981] Train tree 146/240 [index:146 total:2m4.63s tree:31.21s]
I0000 00:00:1770418242.287288   39099 random_forest.cc:981] Train tree 194/240 [index:193 total:2m36.11s tree:31.48s]
I0000 00:00:1770418247.631943   38943 random_forest.cc:990] random_forest.cc Training block took: 161.453 s
I0000 00:00:1770418247.631984   38943 random_forest.cc:1062] After Random Forest Training block. RETURNING EARLY TO SPEED UP XPS!!
-1 (automatic) threads requested. 48 threads set.
Configuring oblique splits
Using Dynamic Random Histogram with 256 samples
./bazel-bin/examples/train_oblique_forest --input_mode csv --train_csv "benchmarks/data/epsilon_normalized_train.csv" --label_col "label" --feature_split_type "Oblique" --numerical_split_type "Dynamic Random Histogram" --num_trees=240 --num_threads=-1 --compute_oob_performances=false --histogram_num_bins=256 --dynamic_split_threshold=1350


Inferring DataSpec from CSV: benchmarks/data/epsilon_normalized_train.csv


WARNING: All log messages before absl::InitializeLog() is called are written to STDERR
I0000 00:00:1770418250.735634   39738 csv_example_reader.cc:212] 0 row(s) processed
I0000 00:00:1770418251.284687   39738 csv_example_reader.cc:216] Stop scanning the csv file to infer the type. Some records were not considered.
I0000 00:00:1770418251.284884   39738 data_spec_inference.cc:457] 2001 column(s) found
I0000 00:00:1770418251.287477   39738 csv_example_reader.cc:303] 0 row(s) processed
I0000 00:00:1770418281.287546   39738 csv_example_reader.cc:303] 103797 row(s) processed
I0000 00:00:1770418311.287686   39738 csv_example_reader.cc:303] 204039 row(s) processed
I0000 00:00:1770418341.287819   39738 csv_example_reader.cc:303] 304280 row(s) processed
I0000 00:00:1770418369.936431   39738 data_spec_inference.cc:494] Finalizing [400000 row(s) found]
I0000 00:00:1770418369.936680   39738 abstract_learner.cc:155] No input feature explicitly specified. Using all the available input features.
I0000 00:00:1770418369.936684   39738 abstract_learner.cc:172] The label "label" was removed from the input feature set.
I0000 00:00:1770418369.966196   39738 vertical_dataset_io.cc:82] 100 examples scanned.
I0000 00:00:1770418399.983101   39738 vertical_dataset_io.cc:82] 103000 examples scanned.
I0000 00:00:1770418430.005645   39738 vertical_dataset_io.cc:82] 196700 examples scanned.
I0000 00:00:1770418460.006837   39738 vertical_dataset_io.cc:82] 287700 examples scanned.
I0000 00:00:1770418490.033125   39738 vertical_dataset_io.cc:82] 385900 examples scanned.
I0000 00:00:1770418495.032576   39738 vertical_dataset_io.cc:88] 400000 examples read. Memory: usage:3201MB allocated:3201MB. 0 (0%) examples have been skipped.
I0000 00:00:1770418495.032995   39738 abstract_learner.cc:155] No input feature explicitly specified. Using all the available input features.
I0000 00:00:1770418495.033037   39738 abstract_learner.cc:172] The label "label" was removed from the input feature set.
I0000 00:00:1770418495.033234   39738 random_forest.cc:465] Training random forest on 400000 example(s) and 2000 feature(s).
I0000 00:00:1770418495.033301   39738 gpu.cc:93] Cannot initialize GPU: Not compiled with GPU support
I0000 00:00:1770418495.033696   39738 random_forest.cc:659] num_threads being used: 48
I0000 00:00:1770418511.354136   40692 random_forest.cc:981] Train tree 1/240 [index:22 total:16.32s tree:16.32s]
I0000 00:00:1770418544.064768   40711 random_forest.cc:981] Train tree 97/240 [index:98 total:49.03s tree:16.22s]
I0000 00:00:1770418576.928448   40704 random_forest.cc:981] Train tree 193/240 [index:193 total:1m21.89s tree:16.40s]
I0000 00:00:1770418580.177470   39738 random_forest.cc:990] random_forest.cc Training block took: 85.1447 s
I0000 00:00:1770418580.177515   39738 random_forest.cc:1062] After Random Forest Training block. RETURNING EARLY TO SPEED UP XPS!!
-1 (automatic) threads requested. 48 threads set.
Configuring oblique splits
Using Dynamic Random Histogram with 256 samples
./bazel-bin/examples/train_oblique_forest --input_mode csv --train_csv "benchmarks/data/cc18_binary_csv/task_14965_bank-marketing/repeat0_fold0_sample0_train.csv" --label_col "Class" --feature_split_type "Oblique" --numerical_split_type "Dynamic Random Histogram" --num_trees=240 --num_threads=-1 --compute_oob_performances=false --histogram_num_bins=256 --dynamic_split_threshold=1350


Inferring DataSpec from CSV: benchmarks/data/cc18_binary_csv/task_14965_bank-marketing/repeat0_fold0_sample0_train.csv


WARNING: All log messages before absl::InitializeLog() is called are written to STDERR
I0000 00:00:1770418580.553486   41050 csv_example_reader.cc:212] 0 row(s) processed
I0000 00:00:1770418580.556323   41050 csv_example_reader.cc:216] Stop scanning the csv file to infer the type. Some records were not considered.
I0000 00:00:1770418580.556339   41050 data_spec_inference.cc:457] 17 column(s) found
I0000 00:00:1770418580.556348   41050 csv_example_reader.cc:303] 0 row(s) processed
I0000 00:00:1770418580.599521   41050 data_spec_inference.cc:494] Finalizing [40689 row(s) found]
I0000 00:00:1770418580.599604   41050 abstract_learner.cc:155] No input feature explicitly specified. Using all the available input features.
I0000 00:00:1770418580.599607   41050 abstract_learner.cc:172] The label "Class" was removed from the input feature set.
I0000 00:00:1770418580.599935   41050 vertical_dataset_io.cc:82] 100 examples scanned.
I0000 00:00:1770418580.640444   41050 vertical_dataset_io.cc:88] 40689 examples read. Memory: usage:2MB allocated:2MB. 0 (0%) examples have been skipped.
I0000 00:00:1770418580.640476   41050 abstract_learner.cc:155] No input feature explicitly specified. Using all the available input features.
I0000 00:00:1770418580.640480   41050 abstract_learner.cc:172] The label "Class" was removed from the input feature set.
I0000 00:00:1770418580.640498   41050 random_forest.cc:465] Training random forest on 40689 example(s) and 16 feature(s).
I0000 00:00:1770418580.640505   41050 gpu.cc:93] Cannot initialize GPU: Not compiled with GPU support
I0000 00:00:1770418580.640701   41050 random_forest.cc:659] num_threads being used: 48
I0000 00:00:1770418580.707166   41099 random_forest.cc:981] Train tree 1/240 [index:0 total:0.07s tree:0.07s]
I0000 00:00:1770418581.003254   41050 random_forest.cc:990] random_forest.cc Training block took: 0.362803 s
I0000 00:00:1770418581.003296   41050 random_forest.cc:1062] After Random Forest Training block. RETURNING EARLY TO SPEED UP XPS!!
-1 (automatic) threads requested. 48 threads set.
Configuring oblique splits
Using Dynamic Random Histogram with 256 samples
./bazel-bin/examples/train_oblique_forest --input_mode csv --train_csv "benchmarks/data/cc18_binary_csv/task_14952_PhishingWebsites/repeat0_fold0_sample0_train.csv" --label_col "Result" --feature_split_type "Oblique" --numerical_split_type "Dynamic Random Histogram" --num_trees=240 --num_threads=-1 --compute_oob_performances=false --histogram_num_bins=256 --dynamic_split_threshold=1350


Inferring DataSpec from CSV: benchmarks/data/cc18_binary_csv/task_14952_PhishingWebsites/repeat0_fold0_sample0_train.csv


WARNING: All log messages before absl::InitializeLog() is called are written to STDERR
I0000 00:00:1770418581.031602   41102 csv_example_reader.cc:212] 0 row(s) processed
I0000 00:00:1770418581.036221   41102 csv_example_reader.cc:216] Stop scanning the csv file to infer the type. Some records were not considered.
I0000 00:00:1770418581.036237   41102 data_spec_inference.cc:457] 31 column(s) found
I0000 00:00:1770418581.036249   41102 csv_example_reader.cc:303] 0 row(s) processed
I0000 00:00:1770418581.049102   41102 data_spec_inference.cc:494] Finalizing [9949 row(s) found]
I0000 00:00:1770418581.049172   41102 abstract_learner.cc:155] No input feature explicitly specified. Using all the available input features.
I0000 00:00:1770418581.049174   41102 abstract_learner.cc:172] The label "Result" was removed from the input feature set.
I0000 00:00:1770418581.049499   41102 vertical_dataset_io.cc:82] 100 examples scanned.
I0000 00:00:1770418581.064645   41102 vertical_dataset_io.cc:88] 9949 examples read. Memory: usage:1MB allocated:1MB. 0 (0%) examples have been skipped.
I0000 00:00:1770418581.064679   41102 abstract_learner.cc:155] No input feature explicitly specified. Using all the available input features.
I0000 00:00:1770418581.064683   41102 abstract_learner.cc:172] The label "Result" was removed from the input feature set.
I0000 00:00:1770418581.064695   41102 random_forest.cc:465] Training random forest on 9949 example(s) and 30 feature(s).
I0000 00:00:1770418581.064703   41102 gpu.cc:93] Cannot initialize GPU: Not compiled with GPU support
I0000 00:00:1770418581.064902   41102 random_forest.cc:659] num_threads being used: 48
I0000 00:00:1770418581.077101   41104 random_forest.cc:981] Train tree 1/240 [index:3 total:0.01s tree:0.01s]
I0000 00:00:1770418581.139036   41102 random_forest.cc:990] random_forest.cc Training block took: 0.0743863 s
I0000 00:00:1770418581.139070   41102 random_forest.cc:1062] After Random Forest Training block. RETURNING EARLY TO SPEED UP XPS!!
-1 (automatic) threads requested. 48 threads set.
Configuring oblique splits
Using Dynamic Random Histogram with 256 samples
./bazel-bin/examples/train_oblique_forest --input_mode csv --train_csv "benchmarks/data/cc18_binary_csv/task_29_credit-approval/repeat0_fold0_sample0_train.csv" --label_col "class" --feature_split_type "Oblique" --numerical_split_type "Dynamic Random Histogram" --num_trees=240 --num_threads=-1 --compute_oob_performances=false --histogram_num_bins=256 --dynamic_split_threshold=1350


Inferring DataSpec from CSV: benchmarks/data/cc18_binary_csv/task_29_credit-approval/repeat0_fold0_sample0_train.csv


WARNING: All log messages before absl::InitializeLog() is called are written to STDERR
I0000 00:00:1770418581.152507   41154 csv_example_reader.cc:212] 0 row(s) processed
I0000 00:00:1770418581.154144   41154 data_spec_inference.cc:457] 16 column(s) found
I0000 00:00:1770418581.154156   41154 csv_example_reader.cc:303] 0 row(s) processed
I0000 00:00:1770418581.154848   41154 data_spec_inference.cc:354] 1 item(s) have been pruned (i.e. they are considered out of dictionary) for the column A4 (2 item(s) left) because min_value_count=5 and max_number_of_unique_values=2000
I0000 00:00:1770418581.154854   41154 data_spec_inference.cc:354] 1 item(s) have been pruned (i.e. they are considered out of dictionary) for the column A5 (2 item(s) left) because min_value_count=5 and max_number_of_unique_values=2000
I0000 00:00:1770418581.154858   41154 data_spec_inference.cc:354] 1 item(s) have been pruned (i.e. they are considered out of dictionary) for the column A6 (13 item(s) left) because min_value_count=5 and max_number_of_unique_values=2000
I0000 00:00:1770418581.154864   41154 data_spec_inference.cc:354] 2 item(s) have been pruned (i.e. they are considered out of dictionary) for the column A7 (7 item(s) left) because min_value_count=5 and max_number_of_unique_values=2000
I0000 00:00:1770418581.154876   41154 data_spec_inference.cc:494] Finalizing [621 row(s) found]
I0000 00:00:1770418581.154935   41154 abstract_learner.cc:155] No input feature explicitly specified. Using all the available input features.
I0000 00:00:1770418581.154938   41154 abstract_learner.cc:172] The label "class" was removed from the input feature set.
I0000 00:00:1770418581.155238   41154 vertical_dataset_io.cc:82] 100 examples scanned.
I0000 00:00:1770418581.155790   41154 vertical_dataset_io.cc:88] 621 examples read. Memory: usage:0MB allocated:0MB. 0 (0%) examples have been skipped.
I0000 00:00:1770418581.155812   41154 abstract_learner.cc:155] No input feature explicitly specified. Using all the available input features.
I0000 00:00:1770418581.155817   41154 abstract_learner.cc:172] The label "class" was removed from the input feature set.
I0000 00:00:1770418581.155829   41154 random_forest.cc:465] Training random forest on 621 example(s) and 15 feature(s).
I0000 00:00:1770418581.155836   41154 gpu.cc:93] Cannot initialize GPU: Not compiled with GPU support
I0000 00:00:1770418581.156048   41154 random_forest.cc:659] num_threads being used: 48
I0000 00:00:1770418581.157957   41156 random_forest.cc:981] Train tree 1/240 [index:1 total:0.00s tree:0.00s]
I0000 00:00:1770418581.163495   41154 random_forest.cc:990] random_forest.cc Training block took: 0.00769836 s
I0000 00:00:1770418581.163517   41154 random_forest.cc:1062] After Random Forest Training block. RETURNING EARLY TO SPEED UP XPS!!
-1 (automatic) threads requested. 48 threads set.
Configuring oblique splits
Using Dynamic Random Histogram with 256 samples
./bazel-bin/examples/train_oblique_forest --input_mode csv --train_csv "benchmarks/data/cc18_binary_csv/task_167125_Internet-Advertisements/repeat0_fold0_sample0_train.csv" --label_col "class" --feature_split_type "Oblique" --numerical_split_type "Dynamic Random Histogram" --num_trees=240 --num_threads=-1 --compute_oob_performances=false --histogram_num_bins=256 --dynamic_split_threshold=1350


Inferring DataSpec from CSV: benchmarks/data/cc18_binary_csv/task_167125_Internet-Advertisements/repeat0_fold0_sample0_train.csv


WARNING: All log messages before absl::InitializeLog() is called are written to STDERR
I0000 00:00:1770418581.175384   41206 csv_example_reader.cc:212] 0 row(s) processed
I0000 00:00:1770418581.330898   41206 csv_example_reader.cc:216] Stop scanning the csv file to infer the type. Some records were not considered.
I0000 00:00:1770418581.331087   41206 data_spec_inference.cc:457] 1559 column(s) found
I0000 00:00:1770418581.331881   41206 csv_example_reader.cc:303] 0 row(s) processed
I0000 00:00:1770418581.457353   41206 data_spec_inference.cc:494] Finalizing [2951 row(s) found]
I0000 00:00:1770418581.457511   41206 abstract_learner.cc:155] No input feature explicitly specified. Using all the available input features.
I0000 00:00:1770418581.457515   41206 abstract_learner.cc:172] The label "class" was removed from the input feature set.
I0000 00:00:1770418581.464868   41206 vertical_dataset_io.cc:82] 100 examples scanned.
I0000 00:00:1770418581.632377   41206 vertical_dataset_io.cc:88] 2951 examples read. Memory: usage:4MB allocated:4MB. 0 (0%) examples have been skipped.
I0000 00:00:1770418581.632695   41206 abstract_learner.cc:155] No input feature explicitly specified. Using all the available input features.
I0000 00:00:1770418581.632737   41206 abstract_learner.cc:172] The label "class" was removed from the input feature set.
I0000 00:00:1770418581.632867   41206 random_forest.cc:465] Training random forest on 2951 example(s) and 1558 feature(s).
I0000 00:00:1770418581.632909   41206 gpu.cc:93] Cannot initialize GPU: Not compiled with GPU support
I0000 00:00:1770418581.633182   41206 random_forest.cc:659] num_threads being used: 48
I0000 00:00:1770418581.657376   41250 random_forest.cc:981] Train tree 1/240 [index:11 total:0.02s tree:0.02s]
I0000 00:00:1770418581.853064   41206 random_forest.cc:990] random_forest.cc Training block took: 0.220566 s
I0000 00:00:1770418581.853088   41206 random_forest.cc:1062] After Random Forest Training block. RETURNING EARLY TO SPEED UP XPS!!
-1 (automatic) threads requested. 48 threads set.
Configuring oblique splits
Using Dynamic Random Histogram with 256 samples
./bazel-bin/examples/train_oblique_forest --input_mode trunk --rows 10000 --feature_split_type "Oblique" --numerical_split_type "Dynamic Random Histogram" --num_trees=240 --num_threads=-1 --compute_oob_performances=false --histogram_num_bins=256 --dynamic_split_threshold=1350
WARNING: All log messages before absl::InitializeLog() is called are written to STDERR
I0000 00:00:1770418582.202992   41258 abstract_learner.cc:155] No input feature explicitly specified. Using all the available input features.
I0000 00:00:1770418582.203015   41258 abstract_learner.cc:172] The label "y" was removed from the input feature set.
I0000 00:00:1770418582.203561   41258 random_forest.cc:465] Training random forest on 10000 example(s) and 4096 feature(s).
I0000 00:00:1770418582.203706   41258 gpu.cc:93] Cannot initialize GPU: Not compiled with GPU support
I0000 00:00:1770418582.204607   41258 random_forest.cc:659] num_threads being used: 48
I0000 00:00:1770418582.564697   41305 random_forest.cc:981] Train tree 1/240 [index:2 total:0.36s tree:0.36s]
I0000 00:00:1770418584.255866   41258 random_forest.cc:990] random_forest.cc Training block took: 2.05321 s
I0000 00:00:1770418584.255923   41258 random_forest.cc:1062] After Random Forest Training block. RETURNING EARLY TO SPEED UP XPS!!

Generating trunk synthetic dataset: rows=10000, cols=4096
-1 (automatic) threads requested. 48 threads set.
Configuring oblique splits
Using Dynamic Random Histogram with 256 samples
./bazel-bin/examples/train_oblique_forest --input_mode trunk --rows 100000 --feature_split_type "Oblique" --numerical_split_type "Dynamic Random Histogram" --num_trees=240 --num_threads=-1 --compute_oob_performances=false --histogram_num_bins=256 --dynamic_split_threshold=1350
WARNING: All log messages before absl::InitializeLog() is called are written to STDERR
I0000 00:00:1770418587.707843   41326 abstract_learner.cc:155] No input feature explicitly specified. Using all the available input features.
I0000 00:00:1770418587.707877   41326 abstract_learner.cc:172] The label "y" was removed from the input feature set.
I0000 00:00:1770418587.708455   41326 random_forest.cc:465] Training random forest on 100000 example(s) and 4096 feature(s).
I0000 00:00:1770418587.708618   41326 gpu.cc:93] Cannot initialize GPU: Not compiled with GPU support
I0000 00:00:1770418587.709562   41326 random_forest.cc:659] num_threads being used: 48
I0000 00:00:1770418592.606380   41370 random_forest.cc:981] Train tree 1/240 [index:22 total:4.90s tree:4.89s]
I0000 00:00:1770418612.664634   41379 random_forest.cc:981] Train tree 194/240 [index:193 total:24.96s tree:5.11s]
I0000 00:00:1770418613.531962   41326 random_forest.cc:990] random_forest.cc Training block took: 25.8245 s
I0000 00:00:1770418613.532017   41326 random_forest.cc:1062] After Random Forest Training block. RETURNING EARLY TO SPEED UP XPS!!

Generating trunk synthetic dataset: rows=100000, cols=4096
-1 (automatic) threads requested. 48 threads set.
Configuring oblique splits
Using Dynamic Random Histogram with 256 samples
./bazel-bin/examples/train_oblique_forest --input_mode trunk --rows 1000000 --feature_split_type "Oblique" --numerical_split_type "Dynamic Random Histogram" --num_trees=240 --num_threads=-1 --compute_oob_performances=false --histogram_num_bins=256 --dynamic_split_threshold=1350
WARNING: All log messages before absl::InitializeLog() is called are written to STDERR
I0000 00:00:1770418647.958751   41482 abstract_learner.cc:155] No input feature explicitly specified. Using all the available input features.
I0000 00:00:1770418647.958787   41482 abstract_learner.cc:172] The label "y" was removed from the input feature set.
I0000 00:00:1770418647.959360   41482 random_forest.cc:465] Training random forest on 1000000 example(s) and 4096 feature(s).
I0000 00:00:1770418647.959524   41482 gpu.cc:93] Cannot initialize GPU: Not compiled with GPU support
I0000 00:00:1770418647.960471   41482 random_forest.cc:659] num_threads being used: 48
I0000 00:00:1770418705.607844   41626 random_forest.cc:981] Train tree 1/240 [index:20 total:57.65s tree:57.65s]
I0000 00:00:1770418765.276695   41626 random_forest.cc:981] Train tree 49/240 [index:48 total:1m57.32s tree:59.67s]
I0000 00:00:1770418823.754915   41660 random_forest.cc:981] Train tree 97/240 [index:97 total:2m55.79s tree:58.45s]
I0000 00:00:1770418883.429956   41660 random_forest.cc:981] Train tree 145/240 [index:144 total:3m55.47s tree:59.67s]
I0000 00:00:1770418942.606717   41656 random_forest.cc:981] Train tree 193/240 [index:208 total:4m54.65s tree:55.92s]
I0000 00:00:1770418949.946963   41482 random_forest.cc:990] random_forest.cc Training block took: 301.989 s
I0000 00:00:1770418949.947023   41482 random_forest.cc:1062] After Random Forest Training block. RETURNING EARLY TO SPEED UP XPS!!

Generating trunk synthetic dataset: rows=1000000, cols=4096
-1 (automatic) threads requested. 48 threads set.
Configuring oblique splits
Using Dynamic Random Histogram with 256 samples


======== VECTORIZED EXPERIMENTS [AVX512] (Oblique only) histogram_num_bins=256 ========

USING INSTRUCTION SET: AVX512


======== Running Dynamic Random Histogram [VECTORIZE: AVX512] with 256 bins threshold=500 ========

./bazel-bin/examples/train_oblique_forest --input_mode csv --train_csv "benchmarks/data/HIGGS_with_header.csv" --label_col "class" --numerical_split_type "Dynamic Random Histogram" --num_trees=240 --num_threads=-1 --compute_oob_performances=false --histogram_num_bins=256 --dynamic_split_threshold=500


Inferring DataSpec from CSV: benchmarks/data/HIGGS_with_header.csv


WARNING: All log messages before absl::InitializeLog() is called are written to STDERR
I0000 00:00:1770418988.532575   44453 csv_example_reader.cc:212] 0 row(s) processed
I0000 00:00:1770418988.542384   44453 csv_example_reader.cc:216] Stop scanning the csv file to infer the type. Some records were not considered.
I0000 00:00:1770418988.542401   44453 data_spec_inference.cc:457] 29 column(s) found
I0000 00:00:1770418988.542416   44453 csv_example_reader.cc:303] 0 row(s) processed
I0000 00:00:1770419018.542372   44453 csv_example_reader.cc:303] 8300480 row(s) processed
I0000 00:00:1770419028.255999   44453 data_spec_inference.cc:494] Finalizing [11000000 row(s) found]
I0000 00:00:1770419028.256100   44453 abstract_learner.cc:155] No input feature explicitly specified. Using all the available input features.
I0000 00:00:1770419028.256102   44453 abstract_learner.cc:172] The label "class" was removed from the input feature set.
I0000 00:00:1770419028.256638   44453 vertical_dataset_io.cc:82] 100 examples scanned.
I0000 00:00:1770419058.256871   44453 vertical_dataset_io.cc:82] 7573200 examples scanned.
I0000 00:00:1770419072.590601   44453 vertical_dataset_io.cc:88] 11000000 examples read. Memory: usage:1276MB allocated:1276MB. 0 (0%) examples have been skipped.
I0000 00:00:1770419072.590677   44453 abstract_learner.cc:155] No input feature explicitly specified. Using all the available input features.
I0000 00:00:1770419072.590682   44453 abstract_learner.cc:172] The label "class" was removed from the input feature set.
I0000 00:00:1770419072.590703   44453 random_forest.cc:465] Training random forest on 11000000 example(s) and 28 feature(s).
I0000 00:00:1770419072.590713   44453 gpu.cc:93] Cannot initialize GPU: Not compiled with GPU support
I0000 00:00:1770419072.590963   44453 random_forest.cc:659] num_threads being used: 48
I0000 00:00:1770419138.573653   44804 random_forest.cc:981] Train tree 1/240 [index:34 total:1m5.98s tree:1m5.98s]
I0000 00:00:1770419205.873116   44821 random_forest.cc:981] Train tree 49/240 [index:52 total:2m13.28s tree:1m6.71s]
I0000 00:00:1770419272.733275   44821 random_forest.cc:981] Train tree 97/240 [index:96 total:3m20.14s tree:1m6.86s]
I0000 00:00:1770419339.778572   44821 random_forest.cc:981] Train tree 145/240 [index:144 total:4m27.19s tree:1m7.04s]
I0000 00:00:1770419408.138317   44821 random_forest.cc:981] Train tree 193/240 [index:192 total:5m35.55s tree:1m8.36s]
I0000 00:00:1770419414.935023   44453 random_forest.cc:990] random_forest.cc Training block took: 342.344 s
I0000 00:00:1770419414.935069   44453 random_forest.cc:1062] After Random Forest Training block. RETURNING EARLY TO SPEED UP XPS!!
-1 (automatic) threads requested. 48 threads set.
Configuring oblique splits
Using Dynamic Random Histogram with 256 samples
./bazel-bin/examples/train_oblique_forest --input_mode csv --train_csv "benchmarks/data/SUSY_with_header.csv" --label_col "class" --numerical_split_type "Dynamic Random Histogram" --num_trees=240 --num_threads=-1 --compute_oob_performances=false --histogram_num_bins=256 --dynamic_split_threshold=500


Inferring DataSpec from CSV: benchmarks/data/SUSY_with_header.csv


WARNING: All log messages before absl::InitializeLog() is called are written to STDERR
I0000 00:00:1770419422.604043   46163 csv_example_reader.cc:212] 0 row(s) processed
I0000 00:00:1770419422.609342   46163 csv_example_reader.cc:216] Stop scanning the csv file to infer the type. Some records were not considered.
I0000 00:00:1770419422.609356   46163 data_spec_inference.cc:457] 19 column(s) found
I0000 00:00:1770419422.609367   46163 csv_example_reader.cc:303] 0 row(s) processed
I0000 00:00:1770419434.400776   46163 data_spec_inference.cc:494] Finalizing [5000000 row(s) found]
I0000 00:00:1770419434.400879   46163 abstract_learner.cc:155] No input feature explicitly specified. Using all the available input features.
I0000 00:00:1770419434.400882   46163 abstract_learner.cc:172] The label "class" was removed from the input feature set.
I0000 00:00:1770419434.401276   46163 vertical_dataset_io.cc:82] 100 examples scanned.
I0000 00:00:1770419447.520235   46163 vertical_dataset_io.cc:88] 5000000 examples read. Memory: usage:380MB allocated:380MB. 0 (0%) examples have been skipped.
I0000 00:00:1770419447.520304   46163 abstract_learner.cc:155] No input feature explicitly specified. Using all the available input features.
I0000 00:00:1770419447.520308   46163 abstract_learner.cc:172] The label "class" was removed from the input feature set.
I0000 00:00:1770419447.520326   46163 random_forest.cc:465] Training random forest on 5000000 example(s) and 18 feature(s).
I0000 00:00:1770419447.520336   46163 gpu.cc:93] Cannot initialize GPU: Not compiled with GPU support
I0000 00:00:1770419447.520591   46163 random_forest.cc:659] num_threads being used: 48
I0000 00:00:1770419461.969807   46260 random_forest.cc:981] Train tree 1/240 [index:8 total:14.45s tree:14.45s]
I0000 00:00:1770419485.709559   46260 random_forest.cc:981] Train tree 49/240 [index:48 total:38.19s tree:23.74s]
I0000 00:00:1770419508.558147   46260 random_forest.cc:981] Train tree 98/240 [index:96 total:1m1.04s tree:22.85s]
I0000 00:00:1770419531.912144   46260 random_forest.cc:981] Train tree 146/240 [index:145 total:1m24.39s tree:23.35s]
I0000 00:00:1770419555.002570   46260 random_forest.cc:981] Train tree 194/240 [index:193 total:1m47.48s tree:23.09s]
I0000 00:00:1770419563.729151   46163 random_forest.cc:990] random_forest.cc Training block took: 116.209 s
I0000 00:00:1770419563.729196   46163 random_forest.cc:1062] After Random Forest Training block. RETURNING EARLY TO SPEED UP XPS!!
-1 (automatic) threads requested. 48 threads set.
Configuring oblique splits
Using Dynamic Random Histogram with 256 samples
./bazel-bin/examples/train_oblique_forest --input_mode csv --train_csv "benchmarks/data/epsilon_normalized_train.csv" --label_col "label" --numerical_split_type "Dynamic Random Histogram" --num_trees=240 --num_threads=-1 --compute_oob_performances=false --histogram_num_bins=256 --dynamic_split_threshold=500


Inferring DataSpec from CSV: benchmarks/data/epsilon_normalized_train.csv


WARNING: All log messages before absl::InitializeLog() is called are written to STDERR
I0000 00:00:1770419566.936495   46759 csv_example_reader.cc:212] 0 row(s) processed
I0000 00:00:1770419567.466026   46759 csv_example_reader.cc:216] Stop scanning the csv file to infer the type. Some records were not considered.
I0000 00:00:1770419567.466219   46759 data_spec_inference.cc:457] 2001 column(s) found
I0000 00:00:1770419567.468956   46759 csv_example_reader.cc:303] 0 row(s) processed
I0000 00:00:1770419597.468988   46759 csv_example_reader.cc:303] 127642 row(s) processed
I0000 00:00:1770419627.469133   46759 csv_example_reader.cc:303] 255553 row(s) processed
I0000 00:00:1770419657.469189   46759 csv_example_reader.cc:303] 383425 row(s) processed
I0000 00:00:1770419661.359567   46759 data_spec_inference.cc:494] Finalizing [400000 row(s) found]
I0000 00:00:1770419661.359799   46759 abstract_learner.cc:155] No input feature explicitly specified. Using all the available input features.
I0000 00:00:1770419661.359803   46759 abstract_learner.cc:172] The label "label" was removed from the input feature set.
I0000 00:00:1770419661.389225   46759 vertical_dataset_io.cc:82] 100 examples scanned.
I0000 00:00:1770419691.408955   46759 vertical_dataset_io.cc:82] 103900 examples scanned.
I0000 00:00:1770419721.433860   46759 vertical_dataset_io.cc:82] 198700 examples scanned.
I0000 00:00:1770419751.456428   46759 vertical_dataset_io.cc:82] 291000 examples scanned.
I0000 00:00:1770419781.469000   46759 vertical_dataset_io.cc:82] 385100 examples scanned.
I0000 00:00:1770419787.479257   46759 vertical_dataset_io.cc:88] 400000 examples read. Memory: usage:3201MB allocated:3201MB. 0 (0%) examples have been skipped.
I0000 00:00:1770419787.479732   46759 abstract_learner.cc:155] No input feature explicitly specified. Using all the available input features.
I0000 00:00:1770419787.479780   46759 abstract_learner.cc:172] The label "label" was removed from the input feature set.
I0000 00:00:1770419787.479983   46759 random_forest.cc:465] Training random forest on 400000 example(s) and 2000 feature(s).
I0000 00:00:1770419787.480054   46759 gpu.cc:93] Cannot initialize GPU: Not compiled with GPU support
I0000 00:00:1770419787.480463   46759 random_forest.cc:659] num_threads being used: 48
I0000 00:00:1770419800.726132   47607 random_forest.cc:981] Train tree 1/240 [index:7 total:13.25s tree:13.24s]
I0000 00:00:1770419827.553890   47641 random_forest.cc:981] Train tree 97/240 [index:96 total:40.07s tree:13.42s]
I0000 00:00:1770419854.226293   47638 random_forest.cc:981] Train tree 193/240 [index:192 total:1m6.75s tree:13.38s]
I0000 00:00:1770419855.929831   46759 random_forest.cc:990] random_forest.cc Training block took: 68.4504 s
I0000 00:00:1770419855.929881   46759 random_forest.cc:1062] After Random Forest Training block. RETURNING EARLY TO SPEED UP XPS!!
-1 (automatic) threads requested. 48 threads set.
Configuring oblique splits
Using Dynamic Random Histogram with 256 samples
./bazel-bin/examples/train_oblique_forest --input_mode csv --train_csv "benchmarks/data/cc18_binary_csv/task_14965_bank-marketing/repeat0_fold0_sample0_train.csv" --label_col "Class" --numerical_split_type "Dynamic Random Histogram" --num_trees=240 --num_threads=-1 --compute_oob_performances=false --histogram_num_bins=256 --dynamic_split_threshold=500


Inferring DataSpec from CSV: benchmarks/data/cc18_binary_csv/task_14965_bank-marketing/repeat0_fold0_sample0_train.csv


WARNING: All log messages before absl::InitializeLog() is called are written to STDERR
I0000 00:00:1770419856.313527   47916 csv_example_reader.cc:212] 0 row(s) processed
I0000 00:00:1770419856.315907   47916 csv_example_reader.cc:216] Stop scanning the csv file to infer the type. Some records were not considered.
I0000 00:00:1770419856.315920   47916 data_spec_inference.cc:457] 17 column(s) found
I0000 00:00:1770419856.315928   47916 csv_example_reader.cc:303] 0 row(s) processed
I0000 00:00:1770419856.356938   47916 data_spec_inference.cc:494] Finalizing [40689 row(s) found]
I0000 00:00:1770419856.357016   47916 abstract_learner.cc:155] No input feature explicitly specified. Using all the available input features.
I0000 00:00:1770419856.357019   47916 abstract_learner.cc:172] The label "Class" was removed from the input feature set.
I0000 00:00:1770419856.357321   47916 vertical_dataset_io.cc:82] 100 examples scanned.
I0000 00:00:1770419856.398128   47916 vertical_dataset_io.cc:88] 40689 examples read. Memory: usage:2MB allocated:2MB. 0 (0%) examples have been skipped.
I0000 00:00:1770419856.398160   47916 abstract_learner.cc:155] No input feature explicitly specified. Using all the available input features.
I0000 00:00:1770419856.398164   47916 abstract_learner.cc:172] The label "Class" was removed from the input feature set.
I0000 00:00:1770419856.398181   47916 random_forest.cc:465] Training random forest on 40689 example(s) and 16 feature(s).
I0000 00:00:1770419856.398188   47916 gpu.cc:93] Cannot initialize GPU: Not compiled with GPU support
I0000 00:00:1770419856.398387   47916 random_forest.cc:659] num_threads being used: 48
I0000 00:00:1770419856.452419   47920 random_forest.cc:981] Train tree 1/240 [index:0 total:0.05s tree:0.05s]
I0000 00:00:1770419856.696535   47916 random_forest.cc:990] random_forest.cc Training block took: 0.298399 s
I0000 00:00:1770419856.696578   47916 random_forest.cc:1062] After Random Forest Training block. RETURNING EARLY TO SPEED UP XPS!!
-1 (automatic) threads requested. 48 threads set.
Configuring oblique splits
Using Dynamic Random Histogram with 256 samples
./bazel-bin/examples/train_oblique_forest --input_mode csv --train_csv "benchmarks/data/cc18_binary_csv/task_14952_PhishingWebsites/repeat0_fold0_sample0_train.csv" --label_col "Result" --numerical_split_type "Dynamic Random Histogram" --num_trees=240 --num_threads=-1 --compute_oob_performances=false --histogram_num_bins=256 --dynamic_split_threshold=500


Inferring DataSpec from CSV: benchmarks/data/cc18_binary_csv/task_14952_PhishingWebsites/repeat0_fold0_sample0_train.csv


WARNING: All log messages before absl::InitializeLog() is called are written to STDERR
I0000 00:00:1770419856.731084   47968 csv_example_reader.cc:212] 0 row(s) processed
I0000 00:00:1770419856.734915   47968 csv_example_reader.cc:216] Stop scanning the csv file to infer the type. Some records were not considered.
I0000 00:00:1770419856.734929   47968 data_spec_inference.cc:457] 31 column(s) found
I0000 00:00:1770419856.734940   47968 csv_example_reader.cc:303] 0 row(s) processed
I0000 00:00:1770419856.747871   47968 data_spec_inference.cc:494] Finalizing [9949 row(s) found]
I0000 00:00:1770419856.747939   47968 abstract_learner.cc:155] No input feature explicitly specified. Using all the available input features.
I0000 00:00:1770419856.747941   47968 abstract_learner.cc:172] The label "Result" was removed from the input feature set.
I0000 00:00:1770419856.748262   47968 vertical_dataset_io.cc:82] 100 examples scanned.
I0000 00:00:1770419856.763036   47968 vertical_dataset_io.cc:88] 9949 examples read. Memory: usage:1MB allocated:1MB. 0 (0%) examples have been skipped.
I0000 00:00:1770419856.763069   47968 abstract_learner.cc:155] No input feature explicitly specified. Using all the available input features.
I0000 00:00:1770419856.763072   47968 abstract_learner.cc:172] The label "Result" was removed from the input feature set.
I0000 00:00:1770419856.763086   47968 random_forest.cc:465] Training random forest on 9949 example(s) and 30 feature(s).
I0000 00:00:1770419856.763093   47968 gpu.cc:93] Cannot initialize GPU: Not compiled with GPU support
I0000 00:00:1770419856.763287   47968 random_forest.cc:659] num_threads being used: 48
I0000 00:00:1770419856.776831   47970 random_forest.cc:981] Train tree 1/240 [index:1 total:0.01s tree:0.01s]
I0000 00:00:1770419856.849143   47968 random_forest.cc:990] random_forest.cc Training block took: 0.0860989 s
I0000 00:00:1770419856.849175   47968 random_forest.cc:1062] After Random Forest Training block. RETURNING EARLY TO SPEED UP XPS!!
-1 (automatic) threads requested. 48 threads set.
Configuring oblique splits
Using Dynamic Random Histogram with 256 samples
./bazel-bin/examples/train_oblique_forest --input_mode csv --train_csv "benchmarks/data/cc18_binary_csv/task_29_credit-approval/repeat0_fold0_sample0_train.csv" --label_col "class" --numerical_split_type "Dynamic Random Histogram" --num_trees=240 --num_threads=-1 --compute_oob_performances=false --histogram_num_bins=256 --dynamic_split_threshold=500


Inferring DataSpec from CSV: benchmarks/data/cc18_binary_csv/task_29_credit-approval/repeat0_fold0_sample0_train.csv


WARNING: All log messages before absl::InitializeLog() is called are written to STDERR
I0000 00:00:1770419856.863590   48020 csv_example_reader.cc:212] 0 row(s) processed
I0000 00:00:1770419856.865055   48020 data_spec_inference.cc:457] 16 column(s) found
I0000 00:00:1770419856.865066   48020 csv_example_reader.cc:303] 0 row(s) processed
I0000 00:00:1770419856.865745   48020 data_spec_inference.cc:354] 1 item(s) have been pruned (i.e. they are considered out of dictionary) for the column A4 (2 item(s) left) because min_value_count=5 and max_number_of_unique_values=2000
I0000 00:00:1770419856.865750   48020 data_spec_inference.cc:354] 1 item(s) have been pruned (i.e. they are considered out of dictionary) for the column A5 (2 item(s) left) because min_value_count=5 and max_number_of_unique_values=2000
I0000 00:00:1770419856.865754   48020 data_spec_inference.cc:354] 1 item(s) have been pruned (i.e. they are considered out of dictionary) for the column A6 (13 item(s) left) because min_value_count=5 and max_number_of_unique_values=2000
I0000 00:00:1770419856.865760   48020 data_spec_inference.cc:354] 2 item(s) have been pruned (i.e. they are considered out of dictionary) for the column A7 (7 item(s) left) because min_value_count=5 and max_number_of_unique_values=2000
I0000 00:00:1770419856.865771   48020 data_spec_inference.cc:494] Finalizing [621 row(s) found]
I0000 00:00:1770419856.865833   48020 abstract_learner.cc:155] No input feature explicitly specified. Using all the available input features.
I0000 00:00:1770419856.865836   48020 abstract_learner.cc:172] The label "class" was removed from the input feature set.
I0000 00:00:1770419856.866137   48020 vertical_dataset_io.cc:82] 100 examples scanned.
I0000 00:00:1770419856.866672   48020 vertical_dataset_io.cc:88] 621 examples read. Memory: usage:0MB allocated:0MB. 0 (0%) examples have been skipped.
I0000 00:00:1770419856.866693   48020 abstract_learner.cc:155] No input feature explicitly specified. Using all the available input features.
I0000 00:00:1770419856.866698   48020 abstract_learner.cc:172] The label "class" was removed from the input feature set.
I0000 00:00:1770419856.866710   48020 random_forest.cc:465] Training random forest on 621 example(s) and 15 feature(s).
I0000 00:00:1770419856.866717   48020 gpu.cc:93] Cannot initialize GPU: Not compiled with GPU support
I0000 00:00:1770419856.866930   48020 random_forest.cc:659] num_threads being used: 48
I0000 00:00:1770419856.868870   48069 random_forest.cc:981] Train tree 1/240 [index:0 total:0.00s tree:0.00s]
I0000 00:00:1770419856.874496   48020 random_forest.cc:990] random_forest.cc Training block took: 0.00781658 s
I0000 00:00:1770419856.874519   48020 random_forest.cc:1062] After Random Forest Training block. RETURNING EARLY TO SPEED UP XPS!!
-1 (automatic) threads requested. 48 threads set.
Configuring oblique splits
Using Dynamic Random Histogram with 256 samples
./bazel-bin/examples/train_oblique_forest --input_mode csv --train_csv "benchmarks/data/cc18_binary_csv/task_167125_Internet-Advertisements/repeat0_fold0_sample0_train.csv" --label_col "class" --numerical_split_type "Dynamic Random Histogram" --num_trees=240 --num_threads=-1 --compute_oob_performances=false --histogram_num_bins=256 --dynamic_split_threshold=500


Inferring DataSpec from CSV: benchmarks/data/cc18_binary_csv/task_167125_Internet-Advertisements/repeat0_fold0_sample0_train.csv


WARNING: All log messages before absl::InitializeLog() is called are written to STDERR
I0000 00:00:1770419856.885061   48072 csv_example_reader.cc:212] 0 row(s) processed
I0000 00:00:1770419857.025111   48072 csv_example_reader.cc:216] Stop scanning the csv file to infer the type. Some records were not considered.
I0000 00:00:1770419857.025308   48072 data_spec_inference.cc:457] 1559 column(s) found
I0000 00:00:1770419857.026151   48072 csv_example_reader.cc:303] 0 row(s) processed
I0000 00:00:1770419857.152498   48072 data_spec_inference.cc:494] Finalizing [2951 row(s) found]
I0000 00:00:1770419857.152663   48072 abstract_learner.cc:155] No input feature explicitly specified. Using all the available input features.
I0000 00:00:1770419857.152667   48072 abstract_learner.cc:172] The label "class" was removed from the input feature set.
I0000 00:00:1770419857.159915   48072 vertical_dataset_io.cc:82] 100 examples scanned.
I0000 00:00:1770419857.323532   48072 vertical_dataset_io.cc:88] 2951 examples read. Memory: usage:4MB allocated:4MB. 0 (0%) examples have been skipped.
I0000 00:00:1770419857.323873   48072 abstract_learner.cc:155] No input feature explicitly specified. Using all the available input features.
I0000 00:00:1770419857.323914   48072 abstract_learner.cc:172] The label "class" was removed from the input feature set.
I0000 00:00:1770419857.324061   48072 random_forest.cc:465] Training random forest on 2951 example(s) and 1558 feature(s).
I0000 00:00:1770419857.324107   48072 gpu.cc:93] Cannot initialize GPU: Not compiled with GPU support
I0000 00:00:1770419857.324404   48072 random_forest.cc:659] num_threads being used: 48
I0000 00:00:1770419857.350643   48092 random_forest.cc:981] Train tree 1/240 [index:11 total:0.03s tree:0.03s]
I0000 00:00:1770419857.542773   48072 random_forest.cc:990] random_forest.cc Training block took: 0.219104 s
I0000 00:00:1770419857.542801   48072 random_forest.cc:1062] After Random Forest Training block. RETURNING EARLY TO SPEED UP XPS!!
-1 (automatic) threads requested. 48 threads set.
Configuring oblique splits
Using Dynamic Random Histogram with 256 samples
./bazel-bin/examples/train_oblique_forest --input_mode trunk --rows 10000 --numerical_split_type "Dynamic Random Histogram" --num_trees=240 --num_threads=-1 --compute_oob_performances=false --histogram_num_bins=256 --dynamic_split_threshold=500
WARNING: All log messages before absl::InitializeLog() is called are written to STDERR
I0000 00:00:1770419857.894762   48132 abstract_learner.cc:155] No input feature explicitly specified. Using all the available input features.
I0000 00:00:1770419857.894786   48132 abstract_learner.cc:172] The label "y" was removed from the input feature set.
I0000 00:00:1770419857.895325   48132 random_forest.cc:465] Training random forest on 10000 example(s) and 4096 feature(s).
I0000 00:00:1770419857.895446   48132 gpu.cc:93] Cannot initialize GPU: Not compiled with GPU support
I0000 00:00:1770419857.896321   48132 random_forest.cc:659] num_threads being used: 48
I0000 00:00:1770419858.188715   48170 random_forest.cc:981] Train tree 1/240 [index:9 total:0.29s tree:0.29s]
I0000 00:00:1770419859.695285   48132 random_forest.cc:990] random_forest.cc Training block took: 1.80083 s
I0000 00:00:1770419859.695342   48132 random_forest.cc:1062] After Random Forest Training block. RETURNING EARLY TO SPEED UP XPS!!

Generating trunk synthetic dataset: rows=10000, cols=4096
-1 (automatic) threads requested. 48 threads set.
Configuring oblique splits
Using Dynamic Random Histogram with 256 samples
./bazel-bin/examples/train_oblique_forest --input_mode trunk --rows 100000 --numerical_split_type "Dynamic Random Histogram" --num_trees=240 --num_threads=-1 --compute_oob_performances=false --histogram_num_bins=256 --dynamic_split_threshold=500
WARNING: All log messages before absl::InitializeLog() is called are written to STDERR
I0000 00:00:1770419863.158145   48192 abstract_learner.cc:155] No input feature explicitly specified. Using all the available input features.
I0000 00:00:1770419863.158179   48192 abstract_learner.cc:172] The label "y" was removed from the input feature set.
I0000 00:00:1770419863.158758   48192 random_forest.cc:465] Training random forest on 100000 example(s) and 4096 feature(s).
I0000 00:00:1770419863.158939   48192 gpu.cc:93] Cannot initialize GPU: Not compiled with GPU support
I0000 00:00:1770419863.159889   48192 random_forest.cc:659] num_threads being used: 48
I0000 00:00:1770419867.069534   48234 random_forest.cc:981] Train tree 1/240 [index:37 total:3.91s tree:3.91s]
I0000 00:00:1770419884.375131   48192 random_forest.cc:990] random_forest.cc Training block took: 21.2174 s
I0000 00:00:1770419884.375184   48192 random_forest.cc:1062] After Random Forest Training block. RETURNING EARLY TO SPEED UP XPS!!

Generating trunk synthetic dataset: rows=100000, cols=4096
-1 (automatic) threads requested. 48 threads set.
Configuring oblique splits
Using Dynamic Random Histogram with 256 samples
./bazel-bin/examples/train_oblique_forest --input_mode trunk --rows 1000000 --numerical_split_type "Dynamic Random Histogram" --num_trees=240 --num_threads=-1 --compute_oob_performances=false --histogram_num_bins=256 --dynamic_split_threshold=500
WARNING: All log messages before absl::InitializeLog() is called are written to STDERR
I0000 00:00:1770419918.673975   48332 abstract_learner.cc:155] No input feature explicitly specified. Using all the available input features.
I0000 00:00:1770419918.674010   48332 abstract_learner.cc:172] The label "y" was removed from the input feature set.
I0000 00:00:1770419918.674587   48332 random_forest.cc:465] Training random forest on 1000000 example(s) and 4096 feature(s).
I0000 00:00:1770419918.674760   48332 gpu.cc:93] Cannot initialize GPU: Not compiled with GPU support
I0000 00:00:1770419918.675685   48332 random_forest.cc:659] num_threads being used: 48
I0000 00:00:1770419963.759457   48501 random_forest.cc:981] Train tree 1/240 [index:36 total:45.08s tree:45.08s]
I0000 00:00:1770420011.557437   48501 random_forest.cc:981] Train tree 49/240 [index:48 total:1m32.88s tree:47.80s]
I0000 00:00:1770420057.055836   48481 random_forest.cc:981] Train tree 97/240 [index:99 total:2m18.38s tree:45.01s]
I0000 00:00:1770420105.879921   48481 random_forest.cc:981] Train tree 145/240 [index:144 total:3m7.20s tree:48.82s]
I0000 00:00:1770420152.671469   48517 random_forest.cc:981] Train tree 193/240 [index:208 total:3m54.00s tree:43.50s]
I0000 00:00:1770420161.347703   48332 random_forest.cc:990] random_forest.cc Training block took: 242.674 s
I0000 00:00:1770420161.347761   48332 random_forest.cc:1062] After Random Forest Training block. RETURNING EARLY TO SPEED UP XPS!!

Generating trunk synthetic dataset: rows=1000000, cols=4096
-1 (automatic) threads requested. 48 threads set.
Configuring oblique splits
Using Dynamic Random Histogram with 256 samples
