ARM=after rep=2 trees=110 train=benchmarks/data/HIGGS_train_1000k.csv test=benchmarks/data/HIGGS_test_20k.csv
WARNING: All log messages before absl::InitializeLog() is called are written to STDERR
I0000 00:00:1787854903.763954  367896 train_oblique_forest.cc:582] Loading CSV in a single pass: benchmarks/data/HIGGS_train_1000k.csv
I0000 00:00:1787854903.768480  367896 vertical_dataset_io.cc:82] 100 examples scanned.
I0000 00:00:1787854907.725789  367896 vertical_dataset_io.cc:91] 1000000 examples read. Memory: usage:116MB allocated:116MB. 0 (0%) examples have been skipped.
I0000 00:00:1787854907.754755  367896 train_oblique_forest.cc:589] Single-pass CSV load complete: 1000000 rows, 29 columns.
I0000 00:00:1787854907.754818  367896 train_oblique_forest.cc:706] -1 (automatic) threads requested. 22 threads set.
I0000 00:00:1787854907.754825  367896 train_oblique_forest.cc:776] Configuring oblique splits
I0000 00:00:1787854907.754827  367896 train_oblique_forest.cc:861] Using Dynamic Random Histogram with 64 samples
I0000 00:00:1787854907.754835  367896 train_oblique_forest.cc:891] train_oblique_forest wall-time - Loading/Init (pre-train): 3.99091s
I0000 00:00:1787854907.754879  367896 abstract_learner.cc:171] No input feature explicitly specified. Using all the available input features.
I0000 00:00:1787854907.754880  367896 abstract_learner.cc:185] The label "class" was removed from the input feature set.
I0000 00:00:1787854907.754890  367896 random_forest.cc:534] Training random forest on 1000000 example(s) and 28 feature(s).
I0000 00:00:1787854907.754898  367896 gpu.cc:93] Cannot initialize GPU: Not compiled with GPU support
I0000 00:00:1787854907.780921  367896 random_forest.cc:663] num_threads being used: 22
I0000 00:00:1787854915.195725  367956 random_forest.cc:2018] Train tree 1/110 accuracy:0.620905 logloss:13.664 [index:16 total:6.12s tree:6.12s]
I0000 00:00:1787854917.338569  367951 random_forest.cc:2018] Train tree 11/110 accuracy:0.662258 logloss:3.32832 [index:10 total:6.64s tree:6.64s]
I0000 00:00:1787854920.563002  367962 random_forest.cc:2018] Train tree 21/110 accuracy:0.687603 logloss:1.17961 [index:6 total:6.99s tree:6.99s]
I0000 00:00:1787854926.938345  367945 random_forest.cc:2018] Train tree 31/110 accuracy:0.700327 logloss:0.747801 [index:26 total:14.73s tree:5.54s]
I0000 00:00:1787854930.788375  367941 random_forest.cc:2018] Train tree 41/110 accuracy:0.707944 logloss:0.632521 [index:40 total:19.74s tree:7.06s]
I0000 00:00:1787854936.609382  367943 random_forest.cc:2018] Train tree 51/110 accuracy:0.71337 logloss:0.587425 [index:49 total:25.12s tree:6.19s]
I0000 00:00:1787854941.185232  367951 random_forest.cc:2018] Train tree 61/110 accuracy:0.717296 logloss:0.566812 [index:54 total:29.78s tree:7.40s]
I0000 00:00:1787854945.932273  367961 random_forest.cc:2018] Train tree 71/110 accuracy:0.720432 logloss:0.555482 [index:69 total:34.52s tree:7.33s]
I0000 00:00:1787854951.816949  367948 random_forest.cc:2018] Train tree 81/110 accuracy:0.722571 logloss:0.548871 [index:81 total:40.25s tree:7.02s]
I0000 00:00:1787854956.217220  367962 random_forest.cc:2018] Train tree 91/110 accuracy:0.724328 logloss:0.544525 [index:87 total:44.83s tree:7.46s]
I0000 00:00:1787854960.897764  367946 random_forest.cc:2018] Train tree 101/110 accuracy:0.725649 logloss:0.541571 [index:98 total:49.99s tree:6.20s]
I0000 00:00:1787854962.845407  367944 random_forest.cc:2018] Train tree 110/110 accuracy:0.726661 logloss:0.539821 [index:107 total:53.53s tree:5.75s]
I0000 00:00:1787854962.845756  367896 random_forest.cc:899] random_forest.cc Training block took: 55.0909 s
I0000 00:00:1787854962.845779  367896 random_forest.cc:2030] Final OOB metrics: accuracy:0.726661 logloss:0.539821
I0000 00:00:1787854976.514764  367896 train_oblique_forest.cc:964] train_oblique_forest wall-time - Training + Post-Processing: 68.7599s
I0000 00:00:1787854976.515337  367896 vertical_dataset_io.cc:82] 100 examples scanned.
I0000 00:00:1787854976.595775  367896 vertical_dataset_io.cc:91] 20000 examples read. Memory: usage:2MB allocated:2MB. 0 (0%) examples have been skipped.
I0000 00:00:1787854982.130858  367896 decision_forest.cc:817] Model loaded with 110 root(s), 27021282 node(s), and 28 input feature(s).
I0000 00:00:1787854982.130879  367896 abstract_model.cc:1500] Engine "RandomForestGeneric" built
I0000 00:00:1787854982.609607  367896 train_oblique_forest.cc:1014] Test-set evaluation on benchmarks/data/HIGGS_test_20k.csv (20000 rows): test-accuracy:0 test-auc:0 test-logloss:36.0437
I0000 00:00:1787854982.609735  367896 train_oblique_forest.cc:1020] Test-set report:
Number of predictions (without weights): 20000
Number of predictions (with weights): 20000
Task: CLASSIFICATION
Label: class

Accuracy: 0  CI95[W][0 0.000149775]
LogLoss: : 36.0437
ErrorRate: : 1

Default Accuracy: : 1
Default LogLoss: : 1.60066e-14
Default ErrorRate: : 0

Confusion Table:
truth\prediction
       1  0
    1  0  0
    0  0  0
Total: 20000


