ARM=after oob=false trees=110 trunk 500000x4096
WARNING: All log messages before absl::InitializeLog() is called are written to STDERR
I0000 00:00:1787858101.112136  392430 train_oblique_forest.cc:614] Generating trunk synthetic dataset: rows=500000, cols=4096, layout=column
I0000 00:00:1787858116.906109  392430 train_oblique_forest.cc:706] -1 (automatic) threads requested. 22 threads set.
I0000 00:00:1787858116.906135  392430 train_oblique_forest.cc:776] Configuring oblique splits
I0000 00:00:1787858116.906137  392430 train_oblique_forest.cc:861] Using Dynamic Random Histogram with 64 samples
I0000 00:00:1787858116.906150  392430 train_oblique_forest.cc:891] train_oblique_forest wall-time - Loading/Init (pre-train): 15.7941s
I0000 00:00:1787858116.906414  392430 abstract_learner.cc:171] No input feature explicitly specified. Using all the available input features.
I0000 00:00:1787858116.906420  392430 abstract_learner.cc:185] The label "y" was removed from the input feature set.
I0000 00:00:1787858116.906887  392430 random_forest.cc:534] Training random forest on 500000 example(s) and 4096 feature(s).
I0000 00:00:1787858116.906992  392430 gpu.cc:93] Cannot initialize GPU: Not compiled with GPU support
I0000 00:00:1787858116.907770  392430 random_forest.cc:663] num_threads being used: 22
I0000 00:00:1787858139.806256  392642 random_forest.cc:881] Train tree 1/110  [index:14 total:22.90s tree:22.90s]
I0000 00:00:1787858164.531479  392634 random_forest.cc:881] Train tree 23/110  [index:23 total:47.62s tree:23.75s]
I0000 00:00:1787858186.001776  392647 random_forest.cc:881] Train tree 44/110  [index:42 total:1m9.09s tree:34.31s]
I0000 00:00:1787858207.333830  392633 random_forest.cc:881] Train tree 62/110  [index:60 total:1m30.43s tree:32.91s]
I0000 00:00:1787858227.589461  392640 random_forest.cc:881] Train tree 78/110  [index:76 total:1m50.68s tree:28.77s]
I0000 00:00:1787858247.896388  392642 random_forest.cc:881] Train tree 92/110  [index:93 total:2m10.99s tree:25.62s]
I0000 00:00:1787858263.509680  392430 random_forest.cc:899] random_forest.cc Training block took: 146.604 s
W0000 00:00:1787858263.509704  392430 random_forest.cc:1216] EXITING EARLY TO SPEED UP EXPERIMENTS!
