ARM=after oob=true trees=110 trunk 100000x4096
WARNING: All log messages before absl::InitializeLog() is called are written to STDERR
I0000 00:00:1787856088.849825  380052 train_oblique_forest.cc:614] Generating trunk synthetic dataset: rows=100000, cols=4096, layout=column
I0000 00:00:1787856091.977547  380052 train_oblique_forest.cc:706] -1 (automatic) threads requested. 22 threads set.
I0000 00:00:1787856091.977571  380052 train_oblique_forest.cc:776] Configuring oblique splits
I0000 00:00:1787856091.977574  380052 train_oblique_forest.cc:861] Using Dynamic Random Histogram with 64 samples
I0000 00:00:1787856091.984808  380052 train_oblique_forest.cc:891] train_oblique_forest wall-time - Loading/Init (pre-train): 3.13507s
I0000 00:00:1787856091.986249  380052 abstract_learner.cc:171] No input feature explicitly specified. Using all the available input features.
I0000 00:00:1787856091.986254  380052 abstract_learner.cc:185] The label "y" was removed from the input feature set.
I0000 00:00:1787856091.986717  380052 random_forest.cc:534] Training random forest on 100000 example(s) and 4096 feature(s).
I0000 00:00:1787856091.987055  380052 gpu.cc:93] Cannot initialize GPU: Not compiled with GPU support
I0000 00:00:1787856091.991283  380052 random_forest.cc:663] num_threads being used: 22
I0000 00:00:1787856095.808005  380086 random_forest.cc:2018] Train tree 1/110 accuracy:0.650196 logloss:12.6082 [index:16 total:3.65s tree:3.65s]
I0000 00:00:1787856096.763996  380080 random_forest.cc:2018] Train tree 11/110 accuracy:0.731976 logloss:2.05067 [index:9 total:4.45s tree:4.44s]
I0000 00:00:1787856097.327814  380084 random_forest.cc:2018] Train tree 21/110 accuracy:0.788843 logloss:0.605568 [index:14 total:5.19s tree:5.19s]
I0000 00:00:1787856101.048073  380074 random_forest.cc:2018] Train tree 31/110 accuracy:0.83557 logloss:0.465825 [index:29 total:8.89s tree:4.22s]
I0000 00:00:1787856102.039651  380081 random_forest.cc:2018] Train tree 41/110 accuracy:0.86648 logloss:0.441969 [index:36 total:9.89s tree:4.78s]
I0000 00:00:1787856105.459066  380088 random_forest.cc:2018] Train tree 51/110 accuracy:0.8835 logloss:0.43962 [index:46 total:13.28s tree:4.67s]
I0000 00:00:1787856107.139068  380073 random_forest.cc:2018] Train tree 61/110 accuracy:0.89885 logloss:0.433408 [index:61 total:14.97s tree:4.96s]
I0000 00:00:1787856109.711876  380083 random_forest.cc:2018] Train tree 71/110 accuracy:0.9096 logloss:0.431513 [index:71 total:17.55s tree:4.26s]
I0000 00:00:1787856111.642830  380081 random_forest.cc:2018] Train tree 81/110 accuracy:0.91796 logloss:0.431228 [index:83 total:19.47s tree:4.12s]
I0000 00:00:1787856113.961513  380084 random_forest.cc:2018] Train tree 91/110 accuracy:0.92452 logloss:0.428797 [index:90 total:21.76s tree:4.43s]
I0000 00:00:1787856115.830500  380088 random_forest.cc:2018] Train tree 101/110 accuracy:0.9306 logloss:0.428527 [index:95 total:23.71s tree:4.86s]
I0000 00:00:1787856117.007359  380073 random_forest.cc:2018] Train tree 110/110 accuracy:0.93467 logloss:0.428535 [index:108 total:24.92s tree:3.98s]
I0000 00:00:1787856117.008025  380052 random_forest.cc:899] random_forest.cc Training block took: 25.0225 s
W0000 00:00:1787856117.008054  380052 random_forest.cc:1216] EXITING EARLY TO SPEED UP EXPERIMENTS!
